{
  "lessonId": 45,
  "target": "vocabulary",
  "generatedAt": "2026-08-05T08:46:36.518Z",
  "outputs": {
    "vocabulary": "data/ocr/lesson45-vocabulary-audio.json"
  },
  "summaries": [
    {
      "trackId": "lesson_words",
      "sourceUrl": "https://japaflow-audio-bucket.oss-cn-shanghai.aliyuncs.com/textbook-audio/book1-unit12/lesson45/lesson_words.mp3",
      "duration": 90.19,
      "expectedItems": 46,
      "expectedSpeechUnits": 46,
      "skippedSpeechUnits": 0,
      "detectedSpeechIntervals": 47,
      "mappedSegments": 46,
      "selectedProfile": {
        "noiseDb": -36,
        "minSilence": 0.2
      },
      "warnings": [
        "lesson_words: detected 47 speech interval(s), mapped to 46 speech unit(s).",
        "lesson_words: interval adjustment = merged."
      ]
    }
  ],
  "vocabularyData": {
    "lessonId": "lesson45",
    "sourceImages": [
      {
        "path": "course-assets/by-lesson/lesson45/page243.webp",
        "pageNo": 243
      }
    ],
    "vocabulary": [
      {
        "id": "l45-v001",
        "kana": "しょうしか",
        "writing": "少子化",
        "meaningZh": [
          "孩子减少现象"
        ],
        "partOfSpeech": "名",
        "rawText": "しょうしか（少子化） [名] 孩子减少现象",
        "confidence": "high",
        "audioSegment": {
          "id": "l45-v001",
          "trackId": "lesson_words",
          "sourceUrl": "https://japaflow-audio-bucket.oss-cn-shanghai.aliyuncs.com/textbook-audio/book1-unit12/lesson45/lesson_words.mp3",
          "localAudioPath": "data/ocr/audio-cache/lesson45/lesson_words.mp3",
          "itemIndex": 1,
          "text": "しょうしか",
          "label": "少子化",
          "start": 0.673,
          "end": 1.499,
          "duration": 0.826,
          "speechUnitCount": 1,
          "method": "ffmpeg-silencedetect-order",
          "confidence": "needs-review"
        }
      },
      {
        "id": "l45-v002",
        "kana": "じんこう",
        "writing": "人口",
        "meaningZh": [
          "人口"
        ],
        "partOfSpeech": "名",
        "rawText": "じんこう（人口） [名] 人口",
        "confidence": "high",
        "audioSegment": {
          "id": "l45-v002",
          "trackId": "lesson_words",
          "sourceUrl": "https://japaflow-audio-bucket.oss-cn-shanghai.aliyuncs.com/textbook-audio/book1-unit12/lesson45/lesson_words.mp3",
          "localAudioPath": "data/ocr/audio-cache/lesson45/lesson_words.mp3",
          "itemIndex": 2,
          "text": "じんこう",
          "label": "人口",
          "start": 2.82,
          "end": 3.726,
          "duration": 0.906,
          "speechUnitCount": 1,
          "method": "ffmpeg-silencedetect-order",
          "confidence": "needs-review"
        }
      },
      {
        "id": "l45-v003",
        "kana": "へいきんねんれい",
        "writing": "平均年齢",
        "meaningZh": [
          "平均年龄"
        ],
        "partOfSpeech": "名",
        "rawText": "へいきんねんれい（平均年齢） [名] 平均年龄",
        "confidence": "high",
        "audioSegment": {
          "id": "l45-v003",
          "trackId": "lesson_words",
          "sourceUrl": "https://japaflow-audio-bucket.oss-cn-shanghai.aliyuncs.com/textbook-audio/book1-unit12/lesson45/lesson_words.mp3",
          "localAudioPath": "data/ocr/audio-cache/lesson45/lesson_words.mp3",
          "itemIndex": 3,
          "text": "へいきんねんれい",
          "label": "平均年齢",
          "start": 4.372,
          "end": 5.608,
          "duration": 1.236,
          "speechUnitCount": 1,
          "method": "ffmpeg-silencedetect-order",
          "confidence": "needs-review"
        }
      },
      {
        "id": "l45-v004",
        "kana": "こうつう",
        "writing": "交通",
        "meaningZh": [
          "交通"
        ],
        "partOfSpeech": "名",
        "rawText": "こうつう（交通） [名] 交通",
        "confidence": "high",
        "audioSegment": {
          "id": "l45-v004",
          "trackId": "lesson_words",
          "sourceUrl": "https://japaflow-audio-bucket.oss-cn-shanghai.aliyuncs.com/textbook-audio/book1-unit12/lesson45/lesson_words.mp3",
          "localAudioPath": "data/ocr/audio-cache/lesson45/lesson_words.mp3",
          "itemIndex": 4,
          "text": "こうつう",
          "label": "交通",
          "start": 6.403,
          "end": 7.306,
          "duration": 0.903,
          "speechUnitCount": 1,
          "method": "ffmpeg-silencedetect-order",
          "confidence": "needs-review"
        }
      },
      {
        "id": "l45-v005",
        "kana": "べん",
        "writing": "便",
        "meaningZh": [
          "方便",
          "便利"
        ],
        "partOfSpeech": "名",
        "rawText": "べん（便） [名] 方便，便利",
        "confidence": "high",
        "audioSegment": {
          "id": "l45-v005",
          "trackId": "lesson_words",
          "sourceUrl": "https://japaflow-audio-bucket.oss-cn-shanghai.aliyuncs.com/textbook-audio/book1-unit12/lesson45/lesson_words.mp3",
          "localAudioPath": "data/ocr/audio-cache/lesson45/lesson_words.mp3",
          "itemIndex": 5,
          "text": "べん",
          "label": "便",
          "start": 8.289,
          "end": 8.704,
          "duration": 0.415,
          "speechUnitCount": 1,
          "method": "ffmpeg-silencedetect-order",
          "confidence": "needs-review"
        }
      },
      {
        "id": "l45-v006",
        "kana": "アクセス",
        "writing": "アクセス",
        "meaningZh": [
          "连接",
          "衔接"
        ],
        "partOfSpeech": "名",
        "rawText": "アクセス [名] 连接，衔接",
        "confidence": "high",
        "audioSegment": {
          "id": "l45-v006",
          "trackId": "lesson_words",
          "sourceUrl": "https://japaflow-audio-bucket.oss-cn-shanghai.aliyuncs.com/textbook-audio/book1-unit12/lesson45/lesson_words.mp3",
          "localAudioPath": "data/ocr/audio-cache/lesson45/lesson_words.mp3",
          "itemIndex": 6,
          "text": "アクセス",
          "label": "アクセス",
          "start": 10.046,
          "end": 10.928,
          "duration": 0.882,
          "speechUnitCount": 1,
          "method": "ffmpeg-silencedetect-order",
          "confidence": "needs-review"
        }
      },
      {
        "id": "l45-v007",
        "kana": "リニアモーターカー",
        "writing": "リニアモーターカー",
        "meaningZh": [
          "磁悬浮列车"
        ],
        "partOfSpeech": "名",
        "rawText": "リニアモーターカー [名] 磁悬浮列车",
        "confidence": "high",
        "audioSegment": {
          "id": "l45-v007",
          "trackId": "lesson_words",
          "sourceUrl": "https://japaflow-audio-bucket.oss-cn-shanghai.aliyuncs.com/textbook-audio/book1-unit12/lesson45/lesson_words.mp3",
          "localAudioPath": "data/ocr/audio-cache/lesson45/lesson_words.mp3",
          "itemIndex": 7,
          "text": "リニアモーターカー",
          "label": "リニアモーターカー",
          "start": 11.556,
          "end": 13.151,
          "duration": 1.595,
          "speechUnitCount": 1,
          "method": "ffmpeg-silencedetect-order",
          "confidence": "needs-review"
        }
      },
      {
        "id": "l45-v008",
        "kana": "びん",
        "writing": "便",
        "meaningZh": [
          "航班"
        ],
        "partOfSpeech": "名",
        "rawText": "びん（便） [名] 航班",
        "confidence": "high",
        "audioSegment": {
          "id": "l45-v008",
          "trackId": "lesson_words",
          "sourceUrl": "https://japaflow-audio-bucket.oss-cn-shanghai.aliyuncs.com/textbook-audio/book1-unit12/lesson45/lesson_words.mp3",
          "localAudioPath": "data/ocr/audio-cache/lesson45/lesson_words.mp3",
          "itemIndex": 8,
          "text": "びん",
          "label": "便",
          "start": 14.237,
          "end": 14.791,
          "duration": 0.554,
          "speechUnitCount": 1,
          "method": "ffmpeg-silencedetect-order",
          "confidence": "needs-review"
        }
      },
      {
        "id": "l45-v009",
        "kana": "しない",
        "writing": "市内",
        "meaningZh": [
          "市内"
        ],
        "partOfSpeech": "名",
        "rawText": "しない（市内） [名] 市内",
        "confidence": "high",
        "audioSegment": {
          "id": "l45-v009",
          "trackId": "lesson_words",
          "sourceUrl": "https://japaflow-audio-bucket.oss-cn-shanghai.aliyuncs.com/textbook-audio/book1-unit12/lesson45/lesson_words.mp3",
          "localAudioPath": "data/ocr/audio-cache/lesson45/lesson_words.mp3",
          "itemIndex": 9,
          "text": "しない",
          "label": "市内",
          "start": 15.9,
          "end": 16.47,
          "duration": 0.57,
          "speechUnitCount": 1,
          "method": "ffmpeg-silencedetect-order",
          "confidence": "needs-review"
        }
      },
      {
        "id": "l45-v010",
        "kana": "いなか",
        "writing": "田舎",
        "meaningZh": [
          "乡下",
          "农村"
        ],
        "partOfSpeech": "名",
        "rawText": "いなか（田舎） [名] 乡下，农村",
        "confidence": "high",
        "audioSegment": {
          "id": "l45-v010",
          "trackId": "lesson_words",
          "sourceUrl": "https://japaflow-audio-bucket.oss-cn-shanghai.aliyuncs.com/textbook-audio/book1-unit12/lesson45/lesson_words.mp3",
          "localAudioPath": "data/ocr/audio-cache/lesson45/lesson_words.mp3",
          "itemIndex": 10,
          "text": "いなか",
          "label": "田舎",
          "start": 17.536,
          "end": 18.222,
          "duration": 0.686,
          "speechUnitCount": 1,
          "method": "ffmpeg-silencedetect-order",
          "confidence": "needs-review"
        }
      },
      {
        "id": "l45-v011",
        "kana": "ちゅうしんち",
        "writing": "中心地",
        "meaningZh": [
          "中心地区"
        ],
        "partOfSpeech": "名",
        "rawText": "ちゅうしんち（中心地） [名] 中心地区",
        "confidence": "high",
        "audioSegment": {
          "id": "l45-v011",
          "trackId": "lesson_words",
          "sourceUrl": "https://japaflow-audio-bucket.oss-cn-shanghai.aliyuncs.com/textbook-audio/book1-unit12/lesson45/lesson_words.mp3",
          "localAudioPath": "data/ocr/audio-cache/lesson45/lesson_words.mp3",
          "itemIndex": 11,
          "text": "ちゅうしんち",
          "label": "中心地",
          "start": 18.94,
          "end": 19.845,
          "duration": 0.905,
          "speechUnitCount": 1,
          "method": "ffmpeg-silencedetect-order",
          "confidence": "needs-review"
        }
      },
      {
        "id": "l45-v012",
        "kana": "きんだいか",
        "writing": "近代化",
        "meaningZh": [
          "现代化"
        ],
        "partOfSpeech": "名",
        "rawText": "きんだいか（近代化） [名] 现代化",
        "confidence": "high",
        "audioSegment": {
          "id": "l45-v012",
          "trackId": "lesson_words",
          "sourceUrl": "https://japaflow-audio-bucket.oss-cn-shanghai.aliyuncs.com/textbook-audio/book1-unit12/lesson45/lesson_words.mp3",
          "localAudioPath": "data/ocr/audio-cache/lesson45/lesson_words.mp3",
          "itemIndex": 12,
          "text": "きんだいか",
          "label": "近代化",
          "start": 20.917,
          "end": 21.848,
          "duration": 0.931,
          "speechUnitCount": 1,
          "method": "ffmpeg-silencedetect-order",
          "confidence": "needs-review"
        }
      },
      {
        "id": "l45-v013",
        "kana": "げんだいじん",
        "writing": "現代人",
        "meaningZh": [
          "现代人"
        ],
        "partOfSpeech": "名",
        "rawText": "げんだいじん（現代人） [名] 现代人",
        "confidence": "high",
        "audioSegment": {
          "id": "l45-v013",
          "trackId": "lesson_words",
          "sourceUrl": "https://japaflow-audio-bucket.oss-cn-shanghai.aliyuncs.com/textbook-audio/book1-unit12/lesson45/lesson_words.mp3",
          "localAudioPath": "data/ocr/audio-cache/lesson45/lesson_words.mp3",
          "itemIndex": 13,
          "text": "げんだいじん",
          "label": "現代人",
          "start": 22.715,
          "end": 23.718,
          "duration": 1.003,
          "speechUnitCount": 1,
          "method": "ffmpeg-silencedetect-order",
          "confidence": "needs-review"
        }
      },
      {
        "id": "l45-v014",
        "kana": "じかんたい",
        "writing": "時間帯",
        "meaningZh": [
          "时间段"
        ],
        "partOfSpeech": "名",
        "rawText": "じかんたい（時間帯） [名] 时间段",
        "confidence": "high",
        "audioSegment": {
          "id": "l45-v014",
          "trackId": "lesson_words",
          "sourceUrl": "https://japaflow-audio-bucket.oss-cn-shanghai.aliyuncs.com/textbook-audio/book1-unit12/lesson45/lesson_words.mp3",
          "localAudioPath": "data/ocr/audio-cache/lesson45/lesson_words.mp3",
          "itemIndex": 14,
          "text": "じかんたい",
          "label": "時間帯",
          "start": 25.22,
          "end": 26.305,
          "duration": 1.085,
          "speechUnitCount": 1,
          "method": "ffmpeg-silencedetect-order",
          "confidence": "needs-review"
        }
      },
      {
        "id": "l45-v015",
        "kana": "ちょうし",
        "writing": "調子",
        "meaningZh": [
          "情况",
          "状况",
          "势头"
        ],
        "partOfSpeech": "名",
        "rawText": "ちょうし（調子） [名] 情况，状况；势头",
        "confidence": "high",
        "audioSegment": {
          "id": "l45-v015",
          "trackId": "lesson_words",
          "sourceUrl": "https://japaflow-audio-bucket.oss-cn-shanghai.aliyuncs.com/textbook-audio/book1-unit12/lesson45/lesson_words.mp3",
          "localAudioPath": "data/ocr/audio-cache/lesson45/lesson_words.mp3",
          "itemIndex": 15,
          "text": "ちょうし",
          "label": "調子",
          "start": 26.832,
          "end": 27.525,
          "duration": 0.693,
          "speechUnitCount": 1,
          "method": "ffmpeg-silencedetect-order",
          "confidence": "needs-review"
        }
      },
      {
        "id": "l45-v016",
        "kana": "よさ",
        "writing": "よさ",
        "meaningZh": [
          "长处",
          "好处"
        ],
        "partOfSpeech": "名",
        "rawText": "よさ [名] 长处，好处",
        "confidence": "high",
        "audioSegment": {
          "id": "l45-v016",
          "trackId": "lesson_words",
          "sourceUrl": "https://japaflow-audio-bucket.oss-cn-shanghai.aliyuncs.com/textbook-audio/book1-unit12/lesson45/lesson_words.mp3",
          "localAudioPath": "data/ocr/audio-cache/lesson45/lesson_words.mp3",
          "itemIndex": 16,
          "text": "よさ",
          "label": "よさ",
          "start": 28.507,
          "end": 29.066,
          "duration": 0.558,
          "speechUnitCount": 1,
          "method": "ffmpeg-silencedetect-order",
          "confidence": "needs-review"
        }
      },
      {
        "id": "l45-v017",
        "kana": "へやだい",
        "writing": "部屋代",
        "meaningZh": [
          "房租"
        ],
        "partOfSpeech": "名",
        "rawText": "へやだい（部屋代） [名] 房租",
        "confidence": "high",
        "audioSegment": {
          "id": "l45-v017",
          "trackId": "lesson_words",
          "sourceUrl": "https://japaflow-audio-bucket.oss-cn-shanghai.aliyuncs.com/textbook-audio/book1-unit12/lesson45/lesson_words.mp3",
          "localAudioPath": "data/ocr/audio-cache/lesson45/lesson_words.mp3",
          "itemIndex": 17,
          "text": "へやだい",
          "label": "部屋代",
          "start": 29.956,
          "end": 30.645,
          "duration": 0.689,
          "speechUnitCount": 1,
          "method": "ffmpeg-silencedetect-order",
          "confidence": "needs-review"
        }
      },
      {
        "id": "l45-v018",
        "kana": "しんりん",
        "writing": "森林",
        "meaningZh": [
          "森林"
        ],
        "partOfSpeech": "名",
        "rawText": "しんりん（森林） [名] 森林",
        "confidence": "high",
        "audioSegment": {
          "id": "l45-v018",
          "trackId": "lesson_words",
          "sourceUrl": "https://japaflow-audio-bucket.oss-cn-shanghai.aliyuncs.com/textbook-audio/book1-unit12/lesson45/lesson_words.mp3",
          "localAudioPath": "data/ocr/audio-cache/lesson45/lesson_words.mp3",
          "itemIndex": 18,
          "text": "しんりん",
          "label": "森林",
          "start": 31.598,
          "end": 32.517,
          "duration": 0.919,
          "speechUnitCount": 1,
          "method": "ffmpeg-silencedetect-order",
          "confidence": "needs-review"
        }
      },
      {
        "id": "l45-v019",
        "kana": "ちきゅう",
        "writing": "地球",
        "meaningZh": [
          "地球"
        ],
        "partOfSpeech": "名",
        "rawText": "ちきゅう（地球） [名] 地球",
        "confidence": "high",
        "audioSegment": {
          "id": "l45-v019",
          "trackId": "lesson_words",
          "sourceUrl": "https://japaflow-audio-bucket.oss-cn-shanghai.aliyuncs.com/textbook-audio/book1-unit12/lesson45/lesson_words.mp3",
          "localAudioPath": "data/ocr/audio-cache/lesson45/lesson_words.mp3",
          "itemIndex": 19,
          "text": "ちきゅう",
          "label": "地球",
          "start": 32.968,
          "end": 33.747,
          "duration": 0.779,
          "speechUnitCount": 1,
          "method": "ffmpeg-silencedetect-order",
          "confidence": "needs-review"
        }
      },
      {
        "id": "l45-v020",
        "kana": "へいきんきおん",
        "writing": "平均気温",
        "meaningZh": [
          "平均气温"
        ],
        "partOfSpeech": "名",
        "rawText": "へいきんきおん（平均気温） [名] 平均气温",
        "confidence": "high",
        "audioSegment": {
          "id": "l45-v020",
          "trackId": "lesson_words",
          "sourceUrl": "https://japaflow-audio-bucket.oss-cn-shanghai.aliyuncs.com/textbook-audio/book1-unit12/lesson45/lesson_words.mp3",
          "localAudioPath": "data/ocr/audio-cache/lesson45/lesson_words.mp3",
          "itemIndex": 20,
          "text": "へいきんきおん",
          "label": "平均気温",
          "start": 35.039,
          "end": 36.221,
          "duration": 1.182,
          "speechUnitCount": 1,
          "method": "ffmpeg-silencedetect-order",
          "confidence": "needs-review"
        }
      },
      {
        "id": "l45-v021",
        "kana": "ちきゅうおんだんか",
        "writing": "地球温暖化",
        "meaningZh": [
          "地球变暖现象"
        ],
        "partOfSpeech": "名",
        "rawText": "ちきゅうおんだんか（地球温暖化） [名] 地球变暖现象",
        "confidence": "high",
        "audioSegment": {
          "id": "l45-v021",
          "trackId": "lesson_words",
          "sourceUrl": "https://japaflow-audio-bucket.oss-cn-shanghai.aliyuncs.com/textbook-audio/book1-unit12/lesson45/lesson_words.mp3",
          "localAudioPath": "data/ocr/audio-cache/lesson45/lesson_words.mp3",
          "itemIndex": 21,
          "text": "ちきゅうおんだんか",
          "label": "地球温暖化",
          "start": 36.947,
          "end": 38.459,
          "duration": 1.511,
          "speechUnitCount": 1,
          "method": "ffmpeg-silencedetect-order",
          "confidence": "needs-review"
        }
      },
      {
        "id": "l45-v022",
        "kana": "れいとうしょくひん",
        "writing": "冷凍食品",
        "meaningZh": [
          "冷冻食品"
        ],
        "partOfSpeech": "名",
        "rawText": "れいとうしょくひん（冷凍食品） [名] 冷冻食品",
        "confidence": "high",
        "audioSegment": {
          "id": "l45-v022",
          "trackId": "lesson_words",
          "sourceUrl": "https://japaflow-audio-bucket.oss-cn-shanghai.aliyuncs.com/textbook-audio/book1-unit12/lesson45/lesson_words.mp3",
          "localAudioPath": "data/ocr/audio-cache/lesson45/lesson_words.mp3",
          "itemIndex": 22,
          "text": "れいとうしょくひん",
          "label": "冷凍食品",
          "start": 39.6,
          "end": 41.078,
          "duration": 1.477,
          "speechUnitCount": 1,
          "method": "ffmpeg-silencedetect-order",
          "confidence": "needs-review"
        }
      },
      {
        "id": "l45-v023",
        "kana": "こうれいしゃ",
        "writing": "高齢者",
        "meaningZh": [
          "高龄者"
        ],
        "partOfSpeech": "名",
        "rawText": "こうれいしゃ（高齢者） [名] 高龄者",
        "confidence": "high",
        "audioSegment": {
          "id": "l45-v023",
          "trackId": "lesson_words",
          "sourceUrl": "https://japaflow-audio-bucket.oss-cn-shanghai.aliyuncs.com/textbook-audio/book1-unit12/lesson45/lesson_words.mp3",
          "localAudioPath": "data/ocr/audio-cache/lesson45/lesson_words.mp3",
          "itemIndex": 23,
          "text": "こうれいしゃ",
          "label": "高齢者",
          "start": 41.831,
          "end": 42.685,
          "duration": 0.854,
          "speechUnitCount": 1,
          "method": "ffmpeg-silencedetect-order",
          "confidence": "needs-review"
        }
      },
      {
        "id": "l45-v024",
        "kana": "きつえんしゃ",
        "writing": "喫煙者",
        "meaningZh": [
          "吸烟者"
        ],
        "partOfSpeech": "名",
        "rawText": "きつえんしゃ（喫煙者） [名] 吸烟者",
        "confidence": "high",
        "audioSegment": {
          "id": "l45-v024",
          "trackId": "lesson_words",
          "sourceUrl": "https://japaflow-audio-bucket.oss-cn-shanghai.aliyuncs.com/textbook-audio/book1-unit12/lesson45/lesson_words.mp3",
          "localAudioPath": "data/ocr/audio-cache/lesson45/lesson_words.mp3",
          "itemIndex": 24,
          "text": "きつえんしゃ",
          "label": "喫煙者",
          "start": 44.314,
          "end": 45.234,
          "duration": 0.92,
          "speechUnitCount": 1,
          "method": "ffmpeg-silencedetect-order",
          "confidence": "needs-review"
        }
      },
      {
        "id": "l45-v025",
        "kana": "りょこうしゃ",
        "writing": "旅行者",
        "meaningZh": [
          "旅行者"
        ],
        "partOfSpeech": "名",
        "rawText": "りょこうしゃ（旅行者） [名] 旅行者",
        "confidence": "high",
        "audioSegment": {
          "id": "l45-v025",
          "trackId": "lesson_words",
          "sourceUrl": "https://japaflow-audio-bucket.oss-cn-shanghai.aliyuncs.com/textbook-audio/book1-unit12/lesson45/lesson_words.mp3",
          "localAudioPath": "data/ocr/audio-cache/lesson45/lesson_words.mp3",
          "itemIndex": 25,
          "text": "りょこうしゃ",
          "label": "旅行者",
          "start": 45.979,
          "end": 46.85,
          "duration": 0.872,
          "speechUnitCount": 1,
          "method": "ffmpeg-silencedetect-order",
          "confidence": "needs-review"
        }
      },
      {
        "id": "l45-v026",
        "kana": "りようしゃ",
        "writing": "利用者",
        "meaningZh": [
          "利用者"
        ],
        "partOfSpeech": "名",
        "rawText": "りようしゃ（利用者） [名] 利用者",
        "confidence": "high",
        "audioSegment": {
          "id": "l45-v026",
          "trackId": "lesson_words",
          "sourceUrl": "https://japaflow-audio-bucket.oss-cn-shanghai.aliyuncs.com/textbook-audio/book1-unit12/lesson45/lesson_words.mp3",
          "localAudioPath": "data/ocr/audio-cache/lesson45/lesson_words.mp3",
          "itemIndex": 26,
          "text": "りようしゃ",
          "label": "利用者",
          "start": 48.354,
          "end": 49.133,
          "duration": 0.779,
          "speechUnitCount": 1,
          "method": "ffmpeg-silencedetect-order",
          "confidence": "needs-review"
        }
      },
      {
        "id": "l45-v027",
        "kana": "なやみ",
        "writing": "悩み",
        "meaningZh": [
          "烦恼"
        ],
        "partOfSpeech": "名",
        "rawText": "なやみ（悩み） [名] 烦恼",
        "confidence": "high",
        "audioSegment": {
          "id": "l45-v027",
          "trackId": "lesson_words",
          "sourceUrl": "https://japaflow-audio-bucket.oss-cn-shanghai.aliyuncs.com/textbook-audio/book1-unit12/lesson45/lesson_words.mp3",
          "localAudioPath": "data/ocr/audio-cache/lesson45/lesson_words.mp3",
          "itemIndex": 27,
          "text": "なやみ",
          "label": "悩み",
          "start": 49.885,
          "end": 50.575,
          "duration": 0.69,
          "speechUnitCount": 1,
          "method": "ffmpeg-silencedetect-order",
          "confidence": "needs-review"
        }
      },
      {
        "id": "l45-v028",
        "kana": "まちなみ",
        "writing": "町並み",
        "meaningZh": [
          "市容",
          "街道",
          "街景"
        ],
        "partOfSpeech": "名",
        "rawText": "まちなみ（町並み） [名] 市容，街道，街景",
        "confidence": "high",
        "audioSegment": {
          "id": "l45-v028",
          "trackId": "lesson_words",
          "sourceUrl": "https://japaflow-audio-bucket.oss-cn-shanghai.aliyuncs.com/textbook-audio/book1-unit12/lesson45/lesson_words.mp3",
          "localAudioPath": "data/ocr/audio-cache/lesson45/lesson_words.mp3",
          "itemIndex": 28,
          "text": "まちなみ",
          "label": "町並み",
          "start": 51.605,
          "end": 52.485,
          "duration": 0.881,
          "speechUnitCount": 1,
          "method": "ffmpeg-silencedetect-order",
          "confidence": "needs-review"
        }
      },
      {
        "id": "l45-v029",
        "kana": "うりあげ",
        "writing": "売り上げ",
        "meaningZh": [
          "销售额",
          "营业额"
        ],
        "partOfSpeech": "名",
        "rawText": "うりあげ（売り上げ） [名] 销售额，营业额",
        "confidence": "high",
        "audioSegment": {
          "id": "l45-v029",
          "trackId": "lesson_words",
          "sourceUrl": "https://japaflow-audio-bucket.oss-cn-shanghai.aliyuncs.com/textbook-audio/book1-unit12/lesson45/lesson_words.mp3",
          "localAudioPath": "data/ocr/audio-cache/lesson45/lesson_words.mp3",
          "itemIndex": 29,
          "text": "うりあげ",
          "label": "売り上げ",
          "start": 53.095,
          "end": 53.866,
          "duration": 0.772,
          "speechUnitCount": 1,
          "method": "ffmpeg-silencedetect-order",
          "confidence": "needs-review"
        }
      },
      {
        "id": "l45-v030",
        "kana": "あこがれ",
        "writing": "あこがれ",
        "meaningZh": [
          "憧憬"
        ],
        "partOfSpeech": "名",
        "rawText": "あこがれ [名] 憧憬",
        "confidence": "high",
        "audioSegment": {
          "id": "l45-v030",
          "trackId": "lesson_words",
          "sourceUrl": "https://japaflow-audio-bucket.oss-cn-shanghai.aliyuncs.com/textbook-audio/book1-unit12/lesson45/lesson_words.mp3",
          "localAudioPath": "data/ocr/audio-cache/lesson45/lesson_words.mp3",
          "itemIndex": 30,
          "text": "あこがれ",
          "label": "あこがれ",
          "start": 54.623,
          "end": 55.445,
          "duration": 0.822,
          "speechUnitCount": 1,
          "method": "ffmpeg-silencedetect-order",
          "confidence": "needs-review"
        }
      },
      {
        "id": "l45-v031",
        "kana": "すすみます",
        "writing": "進みます",
        "meaningZh": [
          "加重",
          "前进"
        ],
        "partOfSpeech": "动1",
        "rawText": "すすみます（進みます） [动1] 加重，前进",
        "confidence": "high",
        "audioSegment": {
          "id": "l45-v031",
          "trackId": "lesson_words",
          "sourceUrl": "https://japaflow-audio-bucket.oss-cn-shanghai.aliyuncs.com/textbook-audio/book1-unit12/lesson45/lesson_words.mp3",
          "localAudioPath": "data/ocr/audio-cache/lesson45/lesson_words.mp3",
          "itemIndex": 31,
          "text": "すすみます",
          "label": "進みます",
          "start": 56.334,
          "end": 57.401,
          "duration": 1.067,
          "speechUnitCount": 1,
          "method": "ffmpeg-silencedetect-order",
          "confidence": "needs-review"
        }
      },
      {
        "id": "l45-v032",
        "kana": "みがきます",
        "writing": "磨きます",
        "meaningZh": [
          "刷",
          "擦"
        ],
        "partOfSpeech": "动1",
        "rawText": "みがきます（磨きます） [动1] 刷，擦",
        "confidence": "high",
        "audioSegment": {
          "id": "l45-v032",
          "trackId": "lesson_words",
          "sourceUrl": "https://japaflow-audio-bucket.oss-cn-shanghai.aliyuncs.com/textbook-audio/book1-unit12/lesson45/lesson_words.mp3",
          "localAudioPath": "data/ocr/audio-cache/lesson45/lesson_words.mp3",
          "itemIndex": 32,
          "text": "みがきます",
          "label": "磨きます",
          "start": 57.962,
          "end": 59.012,
          "duration": 1.051,
          "speechUnitCount": 1,
          "method": "ffmpeg-silencedetect-order",
          "confidence": "needs-review"
        }
      },
      {
        "id": "l45-v033",
        "kana": "くもります",
        "writing": "曇ります",
        "meaningZh": [
          "天阴"
        ],
        "partOfSpeech": "动1",
        "rawText": "くもります（曇ります） [动1] 天阴",
        "confidence": "high",
        "audioSegment": {
          "id": "l45-v033",
          "trackId": "lesson_words",
          "sourceUrl": "https://japaflow-audio-bucket.oss-cn-shanghai.aliyuncs.com/textbook-audio/book1-unit12/lesson45/lesson_words.mp3",
          "localAudioPath": "data/ocr/audio-cache/lesson45/lesson_words.mp3",
          "itemIndex": 33,
          "text": "くもります",
          "label": "曇ります",
          "start": 59.485,
          "end": 61.619,
          "duration": 2.134,
          "speechUnitCount": 1,
          "method": "ffmpeg-silencedetect-order",
          "confidence": "needs-review"
        }
      },
      {
        "id": "l45-v034",
        "kana": "にます",
        "writing": "似ます",
        "meaningZh": [
          "像",
          "相似"
        ],
        "partOfSpeech": "动2",
        "rawText": "にます（似ます） [动2] 像，相似",
        "confidence": "high",
        "audioSegment": {
          "id": "l45-v034",
          "trackId": "lesson_words",
          "sourceUrl": "https://japaflow-audio-bucket.oss-cn-shanghai.aliyuncs.com/textbook-audio/book1-unit12/lesson45/lesson_words.mp3",
          "localAudioPath": "data/ocr/audio-cache/lesson45/lesson_words.mp3",
          "itemIndex": 34,
          "text": "にます",
          "label": "似ます",
          "start": 62.39,
          "end": 63.903,
          "duration": 1.513,
          "speechUnitCount": 1,
          "method": "ffmpeg-silencedetect-order",
          "confidence": "needs-review"
        }
      },
      {
        "id": "l45-v035",
        "kana": "ライトアップします",
        "writing": "ライトアップします",
        "meaningZh": [
          "景观照明"
        ],
        "partOfSpeech": "动3",
        "rawText": "ライトアップします [动3] 景观照明",
        "confidence": "high",
        "audioSegment": {
          "id": "l45-v035",
          "trackId": "lesson_words",
          "sourceUrl": "https://japaflow-audio-bucket.oss-cn-shanghai.aliyuncs.com/textbook-audio/book1-unit12/lesson45/lesson_words.mp3",
          "localAudioPath": "data/ocr/audio-cache/lesson45/lesson_words.mp3",
          "itemIndex": 35,
          "text": "ライトアップします",
          "label": "ライトアップします",
          "start": 64.995,
          "end": 66.313,
          "duration": 1.318,
          "speechUnitCount": 1,
          "method": "ffmpeg-silencedetect-order",
          "confidence": "needs-review"
        }
      },
      {
        "id": "l45-v036",
        "kana": "ふきゅうします",
        "writing": "普及します",
        "meaningZh": [
          "普及"
        ],
        "partOfSpeech": "动3",
        "rawText": "ふきゅうします（普及〜） [动3] 普及",
        "confidence": "high",
        "audioSegment": {
          "id": "l45-v036",
          "trackId": "lesson_words",
          "sourceUrl": "https://japaflow-audio-bucket.oss-cn-shanghai.aliyuncs.com/textbook-audio/book1-unit12/lesson45/lesson_words.mp3",
          "localAudioPath": "data/ocr/audio-cache/lesson45/lesson_words.mp3",
          "itemIndex": 36,
          "text": "ふきゅうします",
          "label": "普及します",
          "start": 67.07,
          "end": 68.48,
          "duration": 1.41,
          "speechUnitCount": 1,
          "method": "ffmpeg-silencedetect-order",
          "confidence": "needs-review"
        }
      },
      {
        "id": "l45-v037",
        "kana": "あまやどりします",
        "writing": "雨宿りします",
        "meaningZh": [
          "避雨"
        ],
        "partOfSpeech": "动3",
        "rawText": "あまやどりします（雨宿り〜） [动3] 避雨",
        "confidence": "high",
        "audioSegment": {
          "id": "l45-v037",
          "trackId": "lesson_words",
          "sourceUrl": "https://japaflow-audio-bucket.oss-cn-shanghai.aliyuncs.com/textbook-audio/book1-unit12/lesson45/lesson_words.mp3",
          "localAudioPath": "data/ocr/audio-cache/lesson45/lesson_words.mp3",
          "itemIndex": 37,
          "text": "あまやどりします",
          "label": "雨宿りします",
          "start": 69.269,
          "end": 69.869,
          "duration": 0.601,
          "speechUnitCount": 1,
          "method": "ffmpeg-silencedetect-order",
          "confidence": "needs-review"
        }
      },
      {
        "id": "l45-v038",
        "kana": "ひどい",
        "writing": "ひどい",
        "meaningZh": [
          "残酷",
          "过分",
          "激烈"
        ],
        "partOfSpeech": "形1",
        "rawText": "ひどい [形1] 残酷，过分；激烈",
        "confidence": "high",
        "audioSegment": {
          "id": "l45-v038",
          "trackId": "lesson_words",
          "sourceUrl": "https://japaflow-audio-bucket.oss-cn-shanghai.aliyuncs.com/textbook-audio/book1-unit12/lesson45/lesson_words.mp3",
          "localAudioPath": "data/ocr/audio-cache/lesson45/lesson_words.mp3",
          "itemIndex": 38,
          "text": "ひどい",
          "label": "ひどい",
          "start": 70.702,
          "end": 71.32,
          "duration": 0.618,
          "speechUnitCount": 1,
          "method": "ffmpeg-silencedetect-order",
          "confidence": "needs-review"
        }
      },
      {
        "id": "l45-v039",
        "kana": "てがる",
        "writing": "手軽",
        "meaningZh": [
          "简便",
          "简单",
          "轻便"
        ],
        "partOfSpeech": "形2",
        "rawText": "てがる（手軽） [形2] 简便，简单，轻便",
        "confidence": "high",
        "audioSegment": {
          "id": "l45-v039",
          "trackId": "lesson_words",
          "sourceUrl": "https://japaflow-audio-bucket.oss-cn-shanghai.aliyuncs.com/textbook-audio/book1-unit12/lesson45/lesson_words.mp3",
          "localAudioPath": "data/ocr/audio-cache/lesson45/lesson_words.mp3",
          "itemIndex": 39,
          "text": "てがる",
          "label": "手軽",
          "start": 72.617,
          "end": 73.499,
          "duration": 0.882,
          "speechUnitCount": 1,
          "method": "ffmpeg-silencedetect-order",
          "confidence": "needs-review"
        }
      },
      {
        "id": "l45-v040",
        "kana": "きゅうそく",
        "writing": "急速",
        "meaningZh": [
          "迅速",
          "快速"
        ],
        "partOfSpeech": "形2",
        "rawText": "きゅうそく（急速） [形2] 迅速，快速",
        "confidence": "high",
        "audioSegment": {
          "id": "l45-v040",
          "trackId": "lesson_words",
          "sourceUrl": "https://japaflow-audio-bucket.oss-cn-shanghai.aliyuncs.com/textbook-audio/book1-unit12/lesson45/lesson_words.mp3",
          "localAudioPath": "data/ocr/audio-cache/lesson45/lesson_words.mp3",
          "itemIndex": 40,
          "text": "きゅうそく",
          "label": "急速",
          "start": 74.213,
          "end": 74.77,
          "duration": 0.557,
          "speechUnitCount": 1,
          "method": "ffmpeg-silencedetect-order",
          "confidence": "needs-review"
        }
      },
      {
        "id": "l45-v041",
        "kana": "いぜん",
        "writing": "以前",
        "meaningZh": [
          "以前"
        ],
        "partOfSpeech": "副",
        "rawText": "いぜん（以前） [副] 以前",
        "confidence": "high",
        "audioSegment": {
          "id": "l45-v041",
          "trackId": "lesson_words",
          "sourceUrl": "https://japaflow-audio-bucket.oss-cn-shanghai.aliyuncs.com/textbook-audio/book1-unit12/lesson45/lesson_words.mp3",
          "localAudioPath": "data/ocr/audio-cache/lesson45/lesson_words.mp3",
          "itemIndex": 41,
          "text": "いぜん",
          "label": "以前",
          "start": 75.936,
          "end": 76.73,
          "duration": 0.794,
          "speechUnitCount": 1,
          "method": "ffmpeg-silencedetect-order",
          "confidence": "needs-review"
        }
      },
      {
        "id": "l45-v042",
        "kana": "どんどん",
        "writing": "どんどん",
        "meaningZh": [
          "连接不断地",
          "接二连三地"
        ],
        "partOfSpeech": "副",
        "rawText": "どんどん [副] 连接不断地，接二连三地",
        "confidence": "high",
        "audioSegment": {
          "id": "l45-v042",
          "trackId": "lesson_words",
          "sourceUrl": "https://japaflow-audio-bucket.oss-cn-shanghai.aliyuncs.com/textbook-audio/book1-unit12/lesson45/lesson_words.mp3",
          "localAudioPath": "data/ocr/audio-cache/lesson45/lesson_words.mp3",
          "itemIndex": 42,
          "text": "どんどん",
          "label": "どんどん",
          "start": 77.292,
          "end": 78.144,
          "duration": 0.852,
          "speechUnitCount": 1,
          "method": "ffmpeg-silencedetect-order",
          "confidence": "needs-review"
        }
      },
      {
        "id": "l45-v043",
        "kana": "ますます",
        "writing": "ますます",
        "meaningZh": [
          "越来越",
          "更加"
        ],
        "partOfSpeech": "副",
        "rawText": "ますます [副] 越来越，更加",
        "confidence": "high",
        "audioSegment": {
          "id": "l45-v043",
          "trackId": "lesson_words",
          "sourceUrl": "https://japaflow-audio-bucket.oss-cn-shanghai.aliyuncs.com/textbook-audio/book1-unit12/lesson45/lesson_words.mp3",
          "localAudioPath": "data/ocr/audio-cache/lesson45/lesson_words.mp3",
          "itemIndex": 43,
          "text": "ますます",
          "label": "ますます",
          "start": 79.456,
          "end": 80.057,
          "duration": 0.601,
          "speechUnitCount": 1,
          "method": "ffmpeg-silencedetect-order",
          "confidence": "needs-review"
        }
      },
      {
        "id": "l45-v044",
        "kana": "なんか",
        "writing": "なんか",
        "meaningZh": [
          "有点",
          "总觉得",
          "有些",
          "好像"
        ],
        "partOfSpeech": "副",
        "rawText": "なんか [副] 有点，总觉得，有些，好像",
        "confidence": "high",
        "audioSegment": {
          "id": "l45-v044",
          "trackId": "lesson_words",
          "sourceUrl": "https://japaflow-audio-bucket.oss-cn-shanghai.aliyuncs.com/textbook-audio/book1-unit12/lesson45/lesson_words.mp3",
          "localAudioPath": "data/ocr/audio-cache/lesson45/lesson_words.mp3",
          "itemIndex": 44,
          "text": "なんか",
          "label": "なんか",
          "start": 80.876,
          "end": 81.637,
          "duration": 0.761,
          "speechUnitCount": 1,
          "method": "ffmpeg-silencedetect-order",
          "confidence": "needs-review"
        }
      },
      {
        "id": "l45-v045",
        "kana": "ねんねん",
        "writing": "年々",
        "meaningZh": [
          "逐年",
          "每年"
        ],
        "partOfSpeech": "副",
        "rawText": "ねんねん（年々） [副] 逐年，每年",
        "confidence": "high",
        "audioSegment": {
          "id": "l45-v045",
          "trackId": "lesson_words",
          "sourceUrl": "https://japaflow-audio-bucket.oss-cn-shanghai.aliyuncs.com/textbook-audio/book1-unit12/lesson45/lesson_words.mp3",
          "localAudioPath": "data/ocr/audio-cache/lesson45/lesson_words.mp3",
          "itemIndex": 45,
          "text": "ねんねん",
          "label": "年々",
          "start": 82.997,
          "end": 83.942,
          "duration": 0.945,
          "speechUnitCount": 1,
          "method": "ffmpeg-silencedetect-order",
          "confidence": "needs-review"
        }
      },
      {
        "id": "l45-v046",
        "kana": "かるいもの",
        "writing": "軽い物",
        "meaningZh": [
          "清淡的或少量的食物"
        ],
        "partOfSpeech": "名",
        "rawText": "かるいもの（軽い物） 清淡的或少量的食物",
        "confidence": "high",
        "audioSegment": {
          "id": "l45-v046",
          "trackId": "lesson_words",
          "sourceUrl": "https://japaflow-audio-bucket.oss-cn-shanghai.aliyuncs.com/textbook-audio/book1-unit12/lesson45/lesson_words.mp3",
          "localAudioPath": "data/ocr/audio-cache/lesson45/lesson_words.mp3",
          "itemIndex": 46,
          "text": "かるいもの",
          "label": "軽い物",
          "start": 85.104,
          "end": 85.6,
          "duration": 0.496,
          "speechUnitCount": 1,
          "method": "ffmpeg-silencedetect-order",
          "confidence": "needs-review"
        }
      }
    ],
    "warnings": [
      "词汇页底部还有一行无法可靠判定为完整词条的“〜上”，未纳入 vocabulary。"
    ],
    "audioAlignment": {
      "generatedAt": "2026-08-05T08:46:36.518Z",
      "method": "ffmpeg-silencedetect-order",
      "tracks": {
        "lesson_words": {
          "trackId": "lesson_words",
          "sourceUrl": "https://japaflow-audio-bucket.oss-cn-shanghai.aliyuncs.com/textbook-audio/book1-unit12/lesson45/lesson_words.mp3",
          "localAudioPath": "data/ocr/audio-cache/lesson45/lesson_words.mp3",
          "outputPath": "data/ocr/lesson45-vocabulary-audio.json",
          "duration": 90.19,
          "expectedItems": 46,
          "expectedSpeechUnits": 46,
          "skippedSpeechUnits": 0,
          "detectedSpeechIntervals": 47,
          "mappedSegments": 46,
          "selectedProfile": {
            "noiseDb": -36,
            "minSilence": 0.2
          },
          "warnings": [
            "lesson_words: detected 47 speech interval(s), mapped to 46 speech unit(s).",
            "lesson_words: interval adjustment = merged."
          ],
          "segments": [
            {
              "id": "l45-v001",
              "trackId": "lesson_words",
              "sourceUrl": "https://japaflow-audio-bucket.oss-cn-shanghai.aliyuncs.com/textbook-audio/book1-unit12/lesson45/lesson_words.mp3",
              "localAudioPath": "data/ocr/audio-cache/lesson45/lesson_words.mp3",
              "itemIndex": 1,
              "text": "しょうしか",
              "label": "少子化",
              "start": 0.673,
              "end": 1.499,
              "duration": 0.826,
              "speechUnitCount": 1,
              "method": "ffmpeg-silencedetect-order",
              "confidence": "needs-review"
            },
            {
              "id": "l45-v002",
              "trackId": "lesson_words",
              "sourceUrl": "https://japaflow-audio-bucket.oss-cn-shanghai.aliyuncs.com/textbook-audio/book1-unit12/lesson45/lesson_words.mp3",
              "localAudioPath": "data/ocr/audio-cache/lesson45/lesson_words.mp3",
              "itemIndex": 2,
              "text": "じんこう",
              "label": "人口",
              "start": 2.82,
              "end": 3.726,
              "duration": 0.906,
              "speechUnitCount": 1,
              "method": "ffmpeg-silencedetect-order",
              "confidence": "needs-review"
            },
            {
              "id": "l45-v003",
              "trackId": "lesson_words",
              "sourceUrl": "https://japaflow-audio-bucket.oss-cn-shanghai.aliyuncs.com/textbook-audio/book1-unit12/lesson45/lesson_words.mp3",
              "localAudioPath": "data/ocr/audio-cache/lesson45/lesson_words.mp3",
              "itemIndex": 3,
              "text": "へいきんねんれい",
              "label": "平均年齢",
              "start": 4.372,
              "end": 5.608,
              "duration": 1.236,
              "speechUnitCount": 1,
              "method": "ffmpeg-silencedetect-order",
              "confidence": "needs-review"
            },
            {
              "id": "l45-v004",
              "trackId": "lesson_words",
              "sourceUrl": "https://japaflow-audio-bucket.oss-cn-shanghai.aliyuncs.com/textbook-audio/book1-unit12/lesson45/lesson_words.mp3",
              "localAudioPath": "data/ocr/audio-cache/lesson45/lesson_words.mp3",
              "itemIndex": 4,
              "text": "こうつう",
              "label": "交通",
              "start": 6.403,
              "end": 7.306,
              "duration": 0.903,
              "speechUnitCount": 1,
              "method": "ffmpeg-silencedetect-order",
              "confidence": "needs-review"
            },
            {
              "id": "l45-v005",
              "trackId": "lesson_words",
              "sourceUrl": "https://japaflow-audio-bucket.oss-cn-shanghai.aliyuncs.com/textbook-audio/book1-unit12/lesson45/lesson_words.mp3",
              "localAudioPath": "data/ocr/audio-cache/lesson45/lesson_words.mp3",
              "itemIndex": 5,
              "text": "べん",
              "label": "便",
              "start": 8.289,
              "end": 8.704,
              "duration": 0.415,
              "speechUnitCount": 1,
              "method": "ffmpeg-silencedetect-order",
              "confidence": "needs-review"
            },
            {
              "id": "l45-v006",
              "trackId": "lesson_words",
              "sourceUrl": "https://japaflow-audio-bucket.oss-cn-shanghai.aliyuncs.com/textbook-audio/book1-unit12/lesson45/lesson_words.mp3",
              "localAudioPath": "data/ocr/audio-cache/lesson45/lesson_words.mp3",
              "itemIndex": 6,
              "text": "アクセス",
              "label": "アクセス",
              "start": 10.046,
              "end": 10.928,
              "duration": 0.882,
              "speechUnitCount": 1,
              "method": "ffmpeg-silencedetect-order",
              "confidence": "needs-review"
            },
            {
              "id": "l45-v007",
              "trackId": "lesson_words",
              "sourceUrl": "https://japaflow-audio-bucket.oss-cn-shanghai.aliyuncs.com/textbook-audio/book1-unit12/lesson45/lesson_words.mp3",
              "localAudioPath": "data/ocr/audio-cache/lesson45/lesson_words.mp3",
              "itemIndex": 7,
              "text": "リニアモーターカー",
              "label": "リニアモーターカー",
              "start": 11.556,
              "end": 13.151,
              "duration": 1.595,
              "speechUnitCount": 1,
              "method": "ffmpeg-silencedetect-order",
              "confidence": "needs-review"
            },
            {
              "id": "l45-v008",
              "trackId": "lesson_words",
              "sourceUrl": "https://japaflow-audio-bucket.oss-cn-shanghai.aliyuncs.com/textbook-audio/book1-unit12/lesson45/lesson_words.mp3",
              "localAudioPath": "data/ocr/audio-cache/lesson45/lesson_words.mp3",
              "itemIndex": 8,
              "text": "びん",
              "label": "便",
              "start": 14.237,
              "end": 14.791,
              "duration": 0.554,
              "speechUnitCount": 1,
              "method": "ffmpeg-silencedetect-order",
              "confidence": "needs-review"
            },
            {
              "id": "l45-v009",
              "trackId": "lesson_words",
              "sourceUrl": "https://japaflow-audio-bucket.oss-cn-shanghai.aliyuncs.com/textbook-audio/book1-unit12/lesson45/lesson_words.mp3",
              "localAudioPath": "data/ocr/audio-cache/lesson45/lesson_words.mp3",
              "itemIndex": 9,
              "text": "しない",
              "label": "市内",
              "start": 15.9,
              "end": 16.47,
              "duration": 0.57,
              "speechUnitCount": 1,
              "method": "ffmpeg-silencedetect-order",
              "confidence": "needs-review"
            },
            {
              "id": "l45-v010",
              "trackId": "lesson_words",
              "sourceUrl": "https://japaflow-audio-bucket.oss-cn-shanghai.aliyuncs.com/textbook-audio/book1-unit12/lesson45/lesson_words.mp3",
              "localAudioPath": "data/ocr/audio-cache/lesson45/lesson_words.mp3",
              "itemIndex": 10,
              "text": "いなか",
              "label": "田舎",
              "start": 17.536,
              "end": 18.222,
              "duration": 0.686,
              "speechUnitCount": 1,
              "method": "ffmpeg-silencedetect-order",
              "confidence": "needs-review"
            },
            {
              "id": "l45-v011",
              "trackId": "lesson_words",
              "sourceUrl": "https://japaflow-audio-bucket.oss-cn-shanghai.aliyuncs.com/textbook-audio/book1-unit12/lesson45/lesson_words.mp3",
              "localAudioPath": "data/ocr/audio-cache/lesson45/lesson_words.mp3",
              "itemIndex": 11,
              "text": "ちゅうしんち",
              "label": "中心地",
              "start": 18.94,
              "end": 19.845,
              "duration": 0.905,
              "speechUnitCount": 1,
              "method": "ffmpeg-silencedetect-order",
              "confidence": "needs-review"
            },
            {
              "id": "l45-v012",
              "trackId": "lesson_words",
              "sourceUrl": "https://japaflow-audio-bucket.oss-cn-shanghai.aliyuncs.com/textbook-audio/book1-unit12/lesson45/lesson_words.mp3",
              "localAudioPath": "data/ocr/audio-cache/lesson45/lesson_words.mp3",
              "itemIndex": 12,
              "text": "きんだいか",
              "label": "近代化",
              "start": 20.917,
              "end": 21.848,
              "duration": 0.931,
              "speechUnitCount": 1,
              "method": "ffmpeg-silencedetect-order",
              "confidence": "needs-review"
            },
            {
              "id": "l45-v013",
              "trackId": "lesson_words",
              "sourceUrl": "https://japaflow-audio-bucket.oss-cn-shanghai.aliyuncs.com/textbook-audio/book1-unit12/lesson45/lesson_words.mp3",
              "localAudioPath": "data/ocr/audio-cache/lesson45/lesson_words.mp3",
              "itemIndex": 13,
              "text": "げんだいじん",
              "label": "現代人",
              "start": 22.715,
              "end": 23.718,
              "duration": 1.003,
              "speechUnitCount": 1,
              "method": "ffmpeg-silencedetect-order",
              "confidence": "needs-review"
            },
            {
              "id": "l45-v014",
              "trackId": "lesson_words",
              "sourceUrl": "https://japaflow-audio-bucket.oss-cn-shanghai.aliyuncs.com/textbook-audio/book1-unit12/lesson45/lesson_words.mp3",
              "localAudioPath": "data/ocr/audio-cache/lesson45/lesson_words.mp3",
              "itemIndex": 14,
              "text": "じかんたい",
              "label": "時間帯",
              "start": 25.22,
              "end": 26.305,
              "duration": 1.085,
              "speechUnitCount": 1,
              "method": "ffmpeg-silencedetect-order",
              "confidence": "needs-review"
            },
            {
              "id": "l45-v015",
              "trackId": "lesson_words",
              "sourceUrl": "https://japaflow-audio-bucket.oss-cn-shanghai.aliyuncs.com/textbook-audio/book1-unit12/lesson45/lesson_words.mp3",
              "localAudioPath": "data/ocr/audio-cache/lesson45/lesson_words.mp3",
              "itemIndex": 15,
              "text": "ちょうし",
              "label": "調子",
              "start": 26.832,
              "end": 27.525,
              "duration": 0.693,
              "speechUnitCount": 1,
              "method": "ffmpeg-silencedetect-order",
              "confidence": "needs-review"
            },
            {
              "id": "l45-v016",
              "trackId": "lesson_words",
              "sourceUrl": "https://japaflow-audio-bucket.oss-cn-shanghai.aliyuncs.com/textbook-audio/book1-unit12/lesson45/lesson_words.mp3",
              "localAudioPath": "data/ocr/audio-cache/lesson45/lesson_words.mp3",
              "itemIndex": 16,
              "text": "よさ",
              "label": "よさ",
              "start": 28.507,
              "end": 29.066,
              "duration": 0.558,
              "speechUnitCount": 1,
              "method": "ffmpeg-silencedetect-order",
              "confidence": "needs-review"
            },
            {
              "id": "l45-v017",
              "trackId": "lesson_words",
              "sourceUrl": "https://japaflow-audio-bucket.oss-cn-shanghai.aliyuncs.com/textbook-audio/book1-unit12/lesson45/lesson_words.mp3",
              "localAudioPath": "data/ocr/audio-cache/lesson45/lesson_words.mp3",
              "itemIndex": 17,
              "text": "へやだい",
              "label": "部屋代",
              "start": 29.956,
              "end": 30.645,
              "duration": 0.689,
              "speechUnitCount": 1,
              "method": "ffmpeg-silencedetect-order",
              "confidence": "needs-review"
            },
            {
              "id": "l45-v018",
              "trackId": "lesson_words",
              "sourceUrl": "https://japaflow-audio-bucket.oss-cn-shanghai.aliyuncs.com/textbook-audio/book1-unit12/lesson45/lesson_words.mp3",
              "localAudioPath": "data/ocr/audio-cache/lesson45/lesson_words.mp3",
              "itemIndex": 18,
              "text": "しんりん",
              "label": "森林",
              "start": 31.598,
              "end": 32.517,
              "duration": 0.919,
              "speechUnitCount": 1,
              "method": "ffmpeg-silencedetect-order",
              "confidence": "needs-review"
            },
            {
              "id": "l45-v019",
              "trackId": "lesson_words",
              "sourceUrl": "https://japaflow-audio-bucket.oss-cn-shanghai.aliyuncs.com/textbook-audio/book1-unit12/lesson45/lesson_words.mp3",
              "localAudioPath": "data/ocr/audio-cache/lesson45/lesson_words.mp3",
              "itemIndex": 19,
              "text": "ちきゅう",
              "label": "地球",
              "start": 32.968,
              "end": 33.747,
              "duration": 0.779,
              "speechUnitCount": 1,
              "method": "ffmpeg-silencedetect-order",
              "confidence": "needs-review"
            },
            {
              "id": "l45-v020",
              "trackId": "lesson_words",
              "sourceUrl": "https://japaflow-audio-bucket.oss-cn-shanghai.aliyuncs.com/textbook-audio/book1-unit12/lesson45/lesson_words.mp3",
              "localAudioPath": "data/ocr/audio-cache/lesson45/lesson_words.mp3",
              "itemIndex": 20,
              "text": "へいきんきおん",
              "label": "平均気温",
              "start": 35.039,
              "end": 36.221,
              "duration": 1.182,
              "speechUnitCount": 1,
              "method": "ffmpeg-silencedetect-order",
              "confidence": "needs-review"
            },
            {
              "id": "l45-v021",
              "trackId": "lesson_words",
              "sourceUrl": "https://japaflow-audio-bucket.oss-cn-shanghai.aliyuncs.com/textbook-audio/book1-unit12/lesson45/lesson_words.mp3",
              "localAudioPath": "data/ocr/audio-cache/lesson45/lesson_words.mp3",
              "itemIndex": 21,
              "text": "ちきゅうおんだんか",
              "label": "地球温暖化",
              "start": 36.947,
              "end": 38.459,
              "duration": 1.511,
              "speechUnitCount": 1,
              "method": "ffmpeg-silencedetect-order",
              "confidence": "needs-review"
            },
            {
              "id": "l45-v022",
              "trackId": "lesson_words",
              "sourceUrl": "https://japaflow-audio-bucket.oss-cn-shanghai.aliyuncs.com/textbook-audio/book1-unit12/lesson45/lesson_words.mp3",
              "localAudioPath": "data/ocr/audio-cache/lesson45/lesson_words.mp3",
              "itemIndex": 22,
              "text": "れいとうしょくひん",
              "label": "冷凍食品",
              "start": 39.6,
              "end": 41.078,
              "duration": 1.477,
              "speechUnitCount": 1,
              "method": "ffmpeg-silencedetect-order",
              "confidence": "needs-review"
            },
            {
              "id": "l45-v023",
              "trackId": "lesson_words",
              "sourceUrl": "https://japaflow-audio-bucket.oss-cn-shanghai.aliyuncs.com/textbook-audio/book1-unit12/lesson45/lesson_words.mp3",
              "localAudioPath": "data/ocr/audio-cache/lesson45/lesson_words.mp3",
              "itemIndex": 23,
              "text": "こうれいしゃ",
              "label": "高齢者",
              "start": 41.831,
              "end": 42.685,
              "duration": 0.854,
              "speechUnitCount": 1,
              "method": "ffmpeg-silencedetect-order",
              "confidence": "needs-review"
            },
            {
              "id": "l45-v024",
              "trackId": "lesson_words",
              "sourceUrl": "https://japaflow-audio-bucket.oss-cn-shanghai.aliyuncs.com/textbook-audio/book1-unit12/lesson45/lesson_words.mp3",
              "localAudioPath": "data/ocr/audio-cache/lesson45/lesson_words.mp3",
              "itemIndex": 24,
              "text": "きつえんしゃ",
              "label": "喫煙者",
              "start": 44.314,
              "end": 45.234,
              "duration": 0.92,
              "speechUnitCount": 1,
              "method": "ffmpeg-silencedetect-order",
              "confidence": "needs-review"
            },
            {
              "id": "l45-v025",
              "trackId": "lesson_words",
              "sourceUrl": "https://japaflow-audio-bucket.oss-cn-shanghai.aliyuncs.com/textbook-audio/book1-unit12/lesson45/lesson_words.mp3",
              "localAudioPath": "data/ocr/audio-cache/lesson45/lesson_words.mp3",
              "itemIndex": 25,
              "text": "りょこうしゃ",
              "label": "旅行者",
              "start": 45.979,
              "end": 46.85,
              "duration": 0.872,
              "speechUnitCount": 1,
              "method": "ffmpeg-silencedetect-order",
              "confidence": "needs-review"
            },
            {
              "id": "l45-v026",
              "trackId": "lesson_words",
              "sourceUrl": "https://japaflow-audio-bucket.oss-cn-shanghai.aliyuncs.com/textbook-audio/book1-unit12/lesson45/lesson_words.mp3",
              "localAudioPath": "data/ocr/audio-cache/lesson45/lesson_words.mp3",
              "itemIndex": 26,
              "text": "りようしゃ",
              "label": "利用者",
              "start": 48.354,
              "end": 49.133,
              "duration": 0.779,
              "speechUnitCount": 1,
              "method": "ffmpeg-silencedetect-order",
              "confidence": "needs-review"
            },
            {
              "id": "l45-v027",
              "trackId": "lesson_words",
              "sourceUrl": "https://japaflow-audio-bucket.oss-cn-shanghai.aliyuncs.com/textbook-audio/book1-unit12/lesson45/lesson_words.mp3",
              "localAudioPath": "data/ocr/audio-cache/lesson45/lesson_words.mp3",
              "itemIndex": 27,
              "text": "なやみ",
              "label": "悩み",
              "start": 49.885,
              "end": 50.575,
              "duration": 0.69,
              "speechUnitCount": 1,
              "method": "ffmpeg-silencedetect-order",
              "confidence": "needs-review"
            },
            {
              "id": "l45-v028",
              "trackId": "lesson_words",
              "sourceUrl": "https://japaflow-audio-bucket.oss-cn-shanghai.aliyuncs.com/textbook-audio/book1-unit12/lesson45/lesson_words.mp3",
              "localAudioPath": "data/ocr/audio-cache/lesson45/lesson_words.mp3",
              "itemIndex": 28,
              "text": "まちなみ",
              "label": "町並み",
              "start": 51.605,
              "end": 52.485,
              "duration": 0.881,
              "speechUnitCount": 1,
              "method": "ffmpeg-silencedetect-order",
              "confidence": "needs-review"
            },
            {
              "id": "l45-v029",
              "trackId": "lesson_words",
              "sourceUrl": "https://japaflow-audio-bucket.oss-cn-shanghai.aliyuncs.com/textbook-audio/book1-unit12/lesson45/lesson_words.mp3",
              "localAudioPath": "data/ocr/audio-cache/lesson45/lesson_words.mp3",
              "itemIndex": 29,
              "text": "うりあげ",
              "label": "売り上げ",
              "start": 53.095,
              "end": 53.866,
              "duration": 0.772,
              "speechUnitCount": 1,
              "method": "ffmpeg-silencedetect-order",
              "confidence": "needs-review"
            },
            {
              "id": "l45-v030",
              "trackId": "lesson_words",
              "sourceUrl": "https://japaflow-audio-bucket.oss-cn-shanghai.aliyuncs.com/textbook-audio/book1-unit12/lesson45/lesson_words.mp3",
              "localAudioPath": "data/ocr/audio-cache/lesson45/lesson_words.mp3",
              "itemIndex": 30,
              "text": "あこがれ",
              "label": "あこがれ",
              "start": 54.623,
              "end": 55.445,
              "duration": 0.822,
              "speechUnitCount": 1,
              "method": "ffmpeg-silencedetect-order",
              "confidence": "needs-review"
            },
            {
              "id": "l45-v031",
              "trackId": "lesson_words",
              "sourceUrl": "https://japaflow-audio-bucket.oss-cn-shanghai.aliyuncs.com/textbook-audio/book1-unit12/lesson45/lesson_words.mp3",
              "localAudioPath": "data/ocr/audio-cache/lesson45/lesson_words.mp3",
              "itemIndex": 31,
              "text": "すすみます",
              "label": "進みます",
              "start": 56.334,
              "end": 57.401,
              "duration": 1.067,
              "speechUnitCount": 1,
              "method": "ffmpeg-silencedetect-order",
              "confidence": "needs-review"
            },
            {
              "id": "l45-v032",
              "trackId": "lesson_words",
              "sourceUrl": "https://japaflow-audio-bucket.oss-cn-shanghai.aliyuncs.com/textbook-audio/book1-unit12/lesson45/lesson_words.mp3",
              "localAudioPath": "data/ocr/audio-cache/lesson45/lesson_words.mp3",
              "itemIndex": 32,
              "text": "みがきます",
              "label": "磨きます",
              "start": 57.962,
              "end": 59.012,
              "duration": 1.051,
              "speechUnitCount": 1,
              "method": "ffmpeg-silencedetect-order",
              "confidence": "needs-review"
            },
            {
              "id": "l45-v033",
              "trackId": "lesson_words",
              "sourceUrl": "https://japaflow-audio-bucket.oss-cn-shanghai.aliyuncs.com/textbook-audio/book1-unit12/lesson45/lesson_words.mp3",
              "localAudioPath": "data/ocr/audio-cache/lesson45/lesson_words.mp3",
              "itemIndex": 33,
              "text": "くもります",
              "label": "曇ります",
              "start": 59.485,
              "end": 61.619,
              "duration": 2.134,
              "speechUnitCount": 1,
              "method": "ffmpeg-silencedetect-order",
              "confidence": "needs-review"
            },
            {
              "id": "l45-v034",
              "trackId": "lesson_words",
              "sourceUrl": "https://japaflow-audio-bucket.oss-cn-shanghai.aliyuncs.com/textbook-audio/book1-unit12/lesson45/lesson_words.mp3",
              "localAudioPath": "data/ocr/audio-cache/lesson45/lesson_words.mp3",
              "itemIndex": 34,
              "text": "にます",
              "label": "似ます",
              "start": 62.39,
              "end": 63.903,
              "duration": 1.513,
              "speechUnitCount": 1,
              "method": "ffmpeg-silencedetect-order",
              "confidence": "needs-review"
            },
            {
              "id": "l45-v035",
              "trackId": "lesson_words",
              "sourceUrl": "https://japaflow-audio-bucket.oss-cn-shanghai.aliyuncs.com/textbook-audio/book1-unit12/lesson45/lesson_words.mp3",
              "localAudioPath": "data/ocr/audio-cache/lesson45/lesson_words.mp3",
              "itemIndex": 35,
              "text": "ライトアップします",
              "label": "ライトアップします",
              "start": 64.995,
              "end": 66.313,
              "duration": 1.318,
              "speechUnitCount": 1,
              "method": "ffmpeg-silencedetect-order",
              "confidence": "needs-review"
            },
            {
              "id": "l45-v036",
              "trackId": "lesson_words",
              "sourceUrl": "https://japaflow-audio-bucket.oss-cn-shanghai.aliyuncs.com/textbook-audio/book1-unit12/lesson45/lesson_words.mp3",
              "localAudioPath": "data/ocr/audio-cache/lesson45/lesson_words.mp3",
              "itemIndex": 36,
              "text": "ふきゅうします",
              "label": "普及します",
              "start": 67.07,
              "end": 68.48,
              "duration": 1.41,
              "speechUnitCount": 1,
              "method": "ffmpeg-silencedetect-order",
              "confidence": "needs-review"
            },
            {
              "id": "l45-v037",
              "trackId": "lesson_words",
              "sourceUrl": "https://japaflow-audio-bucket.oss-cn-shanghai.aliyuncs.com/textbook-audio/book1-unit12/lesson45/lesson_words.mp3",
              "localAudioPath": "data/ocr/audio-cache/lesson45/lesson_words.mp3",
              "itemIndex": 37,
              "text": "あまやどりします",
              "label": "雨宿りします",
              "start": 69.269,
              "end": 69.869,
              "duration": 0.601,
              "speechUnitCount": 1,
              "method": "ffmpeg-silencedetect-order",
              "confidence": "needs-review"
            },
            {
              "id": "l45-v038",
              "trackId": "lesson_words",
              "sourceUrl": "https://japaflow-audio-bucket.oss-cn-shanghai.aliyuncs.com/textbook-audio/book1-unit12/lesson45/lesson_words.mp3",
              "localAudioPath": "data/ocr/audio-cache/lesson45/lesson_words.mp3",
              "itemIndex": 38,
              "text": "ひどい",
              "label": "ひどい",
              "start": 70.702,
              "end": 71.32,
              "duration": 0.618,
              "speechUnitCount": 1,
              "method": "ffmpeg-silencedetect-order",
              "confidence": "needs-review"
            },
            {
              "id": "l45-v039",
              "trackId": "lesson_words",
              "sourceUrl": "https://japaflow-audio-bucket.oss-cn-shanghai.aliyuncs.com/textbook-audio/book1-unit12/lesson45/lesson_words.mp3",
              "localAudioPath": "data/ocr/audio-cache/lesson45/lesson_words.mp3",
              "itemIndex": 39,
              "text": "てがる",
              "label": "手軽",
              "start": 72.617,
              "end": 73.499,
              "duration": 0.882,
              "speechUnitCount": 1,
              "method": "ffmpeg-silencedetect-order",
              "confidence": "needs-review"
            },
            {
              "id": "l45-v040",
              "trackId": "lesson_words",
              "sourceUrl": "https://japaflow-audio-bucket.oss-cn-shanghai.aliyuncs.com/textbook-audio/book1-unit12/lesson45/lesson_words.mp3",
              "localAudioPath": "data/ocr/audio-cache/lesson45/lesson_words.mp3",
              "itemIndex": 40,
              "text": "きゅうそく",
              "label": "急速",
              "start": 74.213,
              "end": 74.77,
              "duration": 0.557,
              "speechUnitCount": 1,
              "method": "ffmpeg-silencedetect-order",
              "confidence": "needs-review"
            },
            {
              "id": "l45-v041",
              "trackId": "lesson_words",
              "sourceUrl": "https://japaflow-audio-bucket.oss-cn-shanghai.aliyuncs.com/textbook-audio/book1-unit12/lesson45/lesson_words.mp3",
              "localAudioPath": "data/ocr/audio-cache/lesson45/lesson_words.mp3",
              "itemIndex": 41,
              "text": "いぜん",
              "label": "以前",
              "start": 75.936,
              "end": 76.73,
              "duration": 0.794,
              "speechUnitCount": 1,
              "method": "ffmpeg-silencedetect-order",
              "confidence": "needs-review"
            },
            {
              "id": "l45-v042",
              "trackId": "lesson_words",
              "sourceUrl": "https://japaflow-audio-bucket.oss-cn-shanghai.aliyuncs.com/textbook-audio/book1-unit12/lesson45/lesson_words.mp3",
              "localAudioPath": "data/ocr/audio-cache/lesson45/lesson_words.mp3",
              "itemIndex": 42,
              "text": "どんどん",
              "label": "どんどん",
              "start": 77.292,
              "end": 78.144,
              "duration": 0.852,
              "speechUnitCount": 1,
              "method": "ffmpeg-silencedetect-order",
              "confidence": "needs-review"
            },
            {
              "id": "l45-v043",
              "trackId": "lesson_words",
              "sourceUrl": "https://japaflow-audio-bucket.oss-cn-shanghai.aliyuncs.com/textbook-audio/book1-unit12/lesson45/lesson_words.mp3",
              "localAudioPath": "data/ocr/audio-cache/lesson45/lesson_words.mp3",
              "itemIndex": 43,
              "text": "ますます",
              "label": "ますます",
              "start": 79.456,
              "end": 80.057,
              "duration": 0.601,
              "speechUnitCount": 1,
              "method": "ffmpeg-silencedetect-order",
              "confidence": "needs-review"
            },
            {
              "id": "l45-v044",
              "trackId": "lesson_words",
              "sourceUrl": "https://japaflow-audio-bucket.oss-cn-shanghai.aliyuncs.com/textbook-audio/book1-unit12/lesson45/lesson_words.mp3",
              "localAudioPath": "data/ocr/audio-cache/lesson45/lesson_words.mp3",
              "itemIndex": 44,
              "text": "なんか",
              "label": "なんか",
              "start": 80.876,
              "end": 81.637,
              "duration": 0.761,
              "speechUnitCount": 1,
              "method": "ffmpeg-silencedetect-order",
              "confidence": "needs-review"
            },
            {
              "id": "l45-v045",
              "trackId": "lesson_words",
              "sourceUrl": "https://japaflow-audio-bucket.oss-cn-shanghai.aliyuncs.com/textbook-audio/book1-unit12/lesson45/lesson_words.mp3",
              "localAudioPath": "data/ocr/audio-cache/lesson45/lesson_words.mp3",
              "itemIndex": 45,
              "text": "ねんねん",
              "label": "年々",
              "start": 82.997,
              "end": 83.942,
              "duration": 0.945,
              "speechUnitCount": 1,
              "method": "ffmpeg-silencedetect-order",
              "confidence": "needs-review"
            },
            {
              "id": "l45-v046",
              "trackId": "lesson_words",
              "sourceUrl": "https://japaflow-audio-bucket.oss-cn-shanghai.aliyuncs.com/textbook-audio/book1-unit12/lesson45/lesson_words.mp3",
              "localAudioPath": "data/ocr/audio-cache/lesson45/lesson_words.mp3",
              "itemIndex": 46,
              "text": "かるいもの",
              "label": "軽い物",
              "start": 85.104,
              "end": 85.6,
              "duration": 0.496,
              "speechUnitCount": 1,
              "method": "ffmpeg-silencedetect-order",
              "confidence": "needs-review"
            }
          ]
        }
      }
    }
  }
}
