{
  "lessonId": 34,
  "target": "vocabulary",
  "generatedAt": "2026-08-05T08:46:04.743Z",
  "outputs": {
    "vocabulary": "data/ocr/lesson34-vocabulary-audio.json"
  },
  "summaries": [
    {
      "trackId": "lesson_words",
      "sourceUrl": "https://japaflow-audio-bucket.oss-cn-shanghai.aliyuncs.com/textbook-audio/book1-unit9/lesson34/lesson_words.mp3",
      "duration": 102.41,
      "expectedItems": 54,
      "expectedSpeechUnits": 55,
      "skippedSpeechUnits": 0,
      "detectedSpeechIntervals": 57,
      "mappedSegments": 54,
      "selectedProfile": {
        "noiseDb": -44,
        "minSilence": 0.28
      },
      "warnings": [
        "lesson_words: detected 57 speech interval(s), mapped to 55 speech unit(s).",
        "lesson_words: interval adjustment = merged."
      ]
    }
  ],
  "vocabularyData": {
    "lessonId": "lesson34",
    "sourceImages": [
      {
        "path": "course-assets/by-lesson/lesson34/page115.webp",
        "pageNo": 115
      }
    ],
    "vocabulary": [
      {
        "id": "l34-v001",
        "kana": "カレンダー",
        "writing": "カレンダー",
        "meaningZh": [
          "挂历",
          "日历"
        ],
        "partOfSpeech": "名",
        "rawText": "カレンダー [名] 挂历，日历",
        "confidence": "high",
        "audioSegment": {
          "id": "l34-v001",
          "trackId": "lesson_words",
          "sourceUrl": "https://japaflow-audio-bucket.oss-cn-shanghai.aliyuncs.com/textbook-audio/book1-unit9/lesson34/lesson_words.mp3",
          "localAudioPath": "data/ocr/audio-cache/lesson34/lesson_words.mp3",
          "itemIndex": 1,
          "text": "カレンダー",
          "label": "カレンダー",
          "start": 0.67,
          "end": 1.564,
          "duration": 0.894,
          "speechUnitCount": 1,
          "method": "ffmpeg-silencedetect-order",
          "confidence": "needs-review"
        }
      },
      {
        "id": "l34-v002",
        "kana": "ポスター",
        "writing": "ポスター",
        "meaningZh": [
          "宣传画",
          "海报"
        ],
        "partOfSpeech": "名",
        "rawText": "ポスター [名] 宣传画，海报",
        "confidence": "high",
        "audioSegment": {
          "id": "l34-v002",
          "trackId": "lesson_words",
          "sourceUrl": "https://japaflow-audio-bucket.oss-cn-shanghai.aliyuncs.com/textbook-audio/book1-unit9/lesson34/lesson_words.mp3",
          "localAudioPath": "data/ocr/audio-cache/lesson34/lesson_words.mp3",
          "itemIndex": 2,
          "text": "ポスター",
          "label": "ポスター",
          "start": 2.534,
          "end": 3.35,
          "duration": 0.816,
          "speechUnitCount": 1,
          "method": "ffmpeg-silencedetect-order",
          "confidence": "needs-review"
        }
      },
      {
        "id": "l34-v003",
        "kana": "ハードスケジュール",
        "writing": "ハードスケジュール",
        "meaningZh": [
          "紧张的日程"
        ],
        "partOfSpeech": "名",
        "rawText": "ハードスケジュール [名] 紧张的日程",
        "confidence": "high",
        "audioSegment": {
          "id": "l34-v003",
          "trackId": "lesson_words",
          "sourceUrl": "https://japaflow-audio-bucket.oss-cn-shanghai.aliyuncs.com/textbook-audio/book1-unit9/lesson34/lesson_words.mp3",
          "localAudioPath": "data/ocr/audio-cache/lesson34/lesson_words.mp3",
          "itemIndex": 3,
          "text": "ハードスケジュール",
          "label": "ハードスケジュール",
          "start": 4.04,
          "end": 5.245,
          "duration": 1.205,
          "speechUnitCount": 1,
          "method": "ffmpeg-silencedetect-order",
          "confidence": "needs-review"
        }
      },
      {
        "id": "l34-v004",
        "kana": "カレーライス",
        "writing": "カレーライス",
        "meaningZh": [
          "咖喱饭"
        ],
        "partOfSpeech": "名",
        "rawText": "カレーライス [名] 咖喱饭",
        "confidence": "high",
        "audioSegment": {
          "id": "l34-v004",
          "trackId": "lesson_words",
          "sourceUrl": "https://japaflow-audio-bucket.oss-cn-shanghai.aliyuncs.com/textbook-audio/book1-unit9/lesson34/lesson_words.mp3",
          "localAudioPath": "data/ocr/audio-cache/lesson34/lesson_words.mp3",
          "itemIndex": 4,
          "text": "カレーライス",
          "label": "カレーライス",
          "start": 6.082,
          "end": 7.185,
          "duration": 1.103,
          "speechUnitCount": 1,
          "method": "ffmpeg-silencedetect-order",
          "confidence": "needs-review"
        }
      },
      {
        "id": "l34-v005",
        "kana": "とっておき",
        "writing": "とっておき",
        "meaningZh": [
          "珍藏",
          "私藏"
        ],
        "partOfSpeech": "名",
        "rawText": "とっておき [名] 珍藏，私藏",
        "confidence": "high",
        "audioSegment": {
          "id": "l34-v005",
          "trackId": "lesson_words",
          "sourceUrl": "https://japaflow-audio-bucket.oss-cn-shanghai.aliyuncs.com/textbook-audio/book1-unit9/lesson34/lesson_words.mp3",
          "localAudioPath": "data/ocr/audio-cache/lesson34/lesson_words.mp3",
          "itemIndex": 5,
          "text": "とっておき",
          "label": "とっておき",
          "start": 8.354,
          "end": 9.218,
          "duration": 0.864,
          "speechUnitCount": 1,
          "method": "ffmpeg-silencedetect-order",
          "confidence": "needs-review"
        }
      },
      {
        "id": "l34-v006",
        "kana": "ほんば",
        "writing": "本場",
        "meaningZh": [
          "原产地",
          "发源地"
        ],
        "partOfSpeech": "名",
        "rawText": "ほんば（本場）[名] 原产地，发源地",
        "confidence": "high",
        "audioSegment": {
          "id": "l34-v006",
          "trackId": "lesson_words",
          "sourceUrl": "https://japaflow-audio-bucket.oss-cn-shanghai.aliyuncs.com/textbook-audio/book1-unit9/lesson34/lesson_words.mp3",
          "localAudioPath": "data/ocr/audio-cache/lesson34/lesson_words.mp3",
          "itemIndex": 6,
          "text": "ほんば",
          "label": "本場",
          "start": 10.257,
          "end": 11.021,
          "duration": 0.764,
          "speechUnitCount": 1,
          "method": "ffmpeg-silencedetect-order",
          "confidence": "needs-review"
        }
      },
      {
        "id": "l34-v007",
        "kana": "げんかん",
        "writing": "玄関",
        "meaningZh": [
          "门口",
          "玄关"
        ],
        "partOfSpeech": "名",
        "rawText": "げんかん（玄関）[名] 门口，玄关",
        "confidence": "high",
        "audioSegment": {
          "id": "l34-v007",
          "trackId": "lesson_words",
          "sourceUrl": "https://japaflow-audio-bucket.oss-cn-shanghai.aliyuncs.com/textbook-audio/book1-unit9/lesson34/lesson_words.mp3",
          "localAudioPath": "data/ocr/audio-cache/lesson34/lesson_words.mp3",
          "itemIndex": 7,
          "text": "げんかん",
          "label": "玄関",
          "start": 11.67,
          "end": 12.4,
          "duration": 0.731,
          "speechUnitCount": 1,
          "method": "ffmpeg-silencedetect-order",
          "confidence": "needs-review"
        }
      },
      {
        "id": "l34-v008",
        "kana": "ロッカー",
        "writing": "ロッカー",
        "meaningZh": [
          "橱柜",
          "文件柜"
        ],
        "partOfSpeech": "名",
        "rawText": "ロッカー [名] 橱柜，文件柜",
        "confidence": "high",
        "audioSegment": {
          "id": "l34-v008",
          "trackId": "lesson_words",
          "sourceUrl": "https://japaflow-audio-bucket.oss-cn-shanghai.aliyuncs.com/textbook-audio/book1-unit9/lesson34/lesson_words.mp3",
          "localAudioPath": "data/ocr/audio-cache/lesson34/lesson_words.mp3",
          "itemIndex": 8,
          "text": "ロッカー",
          "label": "ロッカー",
          "start": 13.397,
          "end": 14.373,
          "duration": 0.976,
          "speechUnitCount": 1,
          "method": "ffmpeg-silencedetect-order",
          "confidence": "needs-review"
        }
      },
      {
        "id": "l34-v009",
        "kana": "バッグ",
        "writing": "バッグ",
        "meaningZh": [
          "包",
          "手提包"
        ],
        "partOfSpeech": "名",
        "rawText": "バッグ [名] 包，手提包",
        "confidence": "high",
        "audioSegment": {
          "id": "l34-v009",
          "trackId": "lesson_words",
          "sourceUrl": "https://japaflow-audio-bucket.oss-cn-shanghai.aliyuncs.com/textbook-audio/book1-unit9/lesson34/lesson_words.mp3",
          "localAudioPath": "data/ocr/audio-cache/lesson34/lesson_words.mp3",
          "itemIndex": 9,
          "text": "バッグ",
          "label": "バッグ",
          "start": 14.885,
          "end": 15.484,
          "duration": 0.599,
          "speechUnitCount": 1,
          "method": "ffmpeg-silencedetect-order",
          "confidence": "needs-review"
        }
      },
      {
        "id": "l34-v010",
        "kana": "りょこうしゃ",
        "writing": "旅行社",
        "meaningZh": [
          "旅行社"
        ],
        "partOfSpeech": "名",
        "rawText": "りょこうしゃ（旅行社）[名] 旅行社",
        "confidence": "high",
        "audioSegment": {
          "id": "l34-v010",
          "trackId": "lesson_words",
          "sourceUrl": "https://japaflow-audio-bucket.oss-cn-shanghai.aliyuncs.com/textbook-audio/book1-unit9/lesson34/lesson_words.mp3",
          "localAudioPath": "data/ocr/audio-cache/lesson34/lesson_words.mp3",
          "itemIndex": 10,
          "text": "りょこうしゃ",
          "label": "旅行社",
          "start": 16.536,
          "end": 17.435,
          "duration": 0.899,
          "speechUnitCount": 1,
          "method": "ffmpeg-silencedetect-order",
          "confidence": "needs-review"
        }
      },
      {
        "id": "l34-v011",
        "kana": "しさつだん",
        "writing": "視察団",
        "meaningZh": [
          "视察团"
        ],
        "partOfSpeech": "名",
        "rawText": "しさつだん（視察団）[名] 视察团",
        "confidence": "high",
        "audioSegment": {
          "id": "l34-v011",
          "trackId": "lesson_words",
          "sourceUrl": "https://japaflow-audio-bucket.oss-cn-shanghai.aliyuncs.com/textbook-audio/book1-unit9/lesson34/lesson_words.mp3",
          "localAudioPath": "data/ocr/audio-cache/lesson34/lesson_words.mp3",
          "itemIndex": 11,
          "text": "しさつだん",
          "label": "視察団",
          "start": 18.263,
          "end": 19.109,
          "duration": 0.846,
          "speechUnitCount": 1,
          "method": "ffmpeg-silencedetect-order",
          "confidence": "needs-review"
        }
      },
      {
        "id": "l34-v012",
        "kana": "とうちゃく",
        "writing": "到着",
        "meaningZh": [
          "到达",
          "抵达"
        ],
        "partOfSpeech": "名",
        "rawText": "とうちゃく（到着）[名] 到达，抵达",
        "confidence": "high",
        "audioSegment": {
          "id": "l34-v012",
          "trackId": "lesson_words",
          "sourceUrl": "https://japaflow-audio-bucket.oss-cn-shanghai.aliyuncs.com/textbook-audio/book1-unit9/lesson34/lesson_words.mp3",
          "localAudioPath": "data/ocr/audio-cache/lesson34/lesson_words.mp3",
          "itemIndex": 12,
          "text": "とうちゃく",
          "label": "到着",
          "start": 19.9,
          "end": 20.867,
          "duration": 0.968,
          "speechUnitCount": 1,
          "method": "ffmpeg-silencedetect-order",
          "confidence": "needs-review"
        }
      },
      {
        "id": "l34-v013",
        "kana": "かえり",
        "writing": "帰り",
        "meaningZh": [
          "回程",
          "返回",
          "回家"
        ],
        "partOfSpeech": "名",
        "rawText": "かえり（帰り）[名] 回程，返回，回家",
        "confidence": "high",
        "audioSegment": {
          "id": "l34-v013",
          "trackId": "lesson_words",
          "sourceUrl": "https://japaflow-audio-bucket.oss-cn-shanghai.aliyuncs.com/textbook-audio/book1-unit9/lesson34/lesson_words.mp3",
          "localAudioPath": "data/ocr/audio-cache/lesson34/lesson_words.mp3",
          "itemIndex": 13,
          "text": "かえり",
          "label": "帰り",
          "start": 21.643,
          "end": 22.29,
          "duration": 0.647,
          "speechUnitCount": 1,
          "method": "ffmpeg-silencedetect-order",
          "confidence": "needs-review"
        }
      },
      {
        "id": "l34-v014",
        "kana": "もちかえり",
        "writing": "持ち帰り",
        "meaningZh": [
          "打包",
          "带回"
        ],
        "partOfSpeech": "名",
        "rawText": "もちかえり（持ち帰り）[名] 打包，带回",
        "confidence": "high",
        "audioSegment": {
          "id": "l34-v014",
          "trackId": "lesson_words",
          "sourceUrl": "https://japaflow-audio-bucket.oss-cn-shanghai.aliyuncs.com/textbook-audio/book1-unit9/lesson34/lesson_words.mp3",
          "localAudioPath": "data/ocr/audio-cache/lesson34/lesson_words.mp3",
          "itemIndex": 14,
          "text": "もちかえり",
          "label": "持ち帰り",
          "start": 23.361,
          "end": 24.433,
          "duration": 1.071,
          "speechUnitCount": 1,
          "method": "ffmpeg-silencedetect-order",
          "confidence": "needs-review"
        }
      },
      {
        "id": "l34-v015",
        "kana": "じこ",
        "writing": "事故",
        "meaningZh": [
          "事故"
        ],
        "partOfSpeech": "名",
        "rawText": "じこ（事故）[名] 事故",
        "confidence": "high",
        "audioSegment": {
          "id": "l34-v015",
          "trackId": "lesson_words",
          "sourceUrl": "https://japaflow-audio-bucket.oss-cn-shanghai.aliyuncs.com/textbook-audio/book1-unit9/lesson34/lesson_words.mp3",
          "localAudioPath": "data/ocr/audio-cache/lesson34/lesson_words.mp3",
          "itemIndex": 15,
          "text": "じこ",
          "label": "事故",
          "start": 25.264,
          "end": 25.731,
          "duration": 0.467,
          "speechUnitCount": 1,
          "method": "ffmpeg-silencedetect-order",
          "confidence": "needs-review"
        }
      },
      {
        "id": "l34-v016",
        "kana": "はなたば",
        "writing": "花束",
        "meaningZh": [
          "花束"
        ],
        "partOfSpeech": "名",
        "rawText": "はなたば（花束）[名] 花束",
        "confidence": "high",
        "audioSegment": {
          "id": "l34-v016",
          "trackId": "lesson_words",
          "sourceUrl": "https://japaflow-audio-bucket.oss-cn-shanghai.aliyuncs.com/textbook-audio/book1-unit9/lesson34/lesson_words.mp3",
          "localAudioPath": "data/ocr/audio-cache/lesson34/lesson_words.mp3",
          "itemIndex": 16,
          "text": "はなたば",
          "label": "花束",
          "start": 26.57,
          "end": 27.344,
          "duration": 0.774,
          "speechUnitCount": 1,
          "method": "ffmpeg-silencedetect-order",
          "confidence": "needs-review"
        }
      },
      {
        "id": "l34-v017",
        "kana": "はっぴょうかい",
        "writing": "発表会",
        "meaningZh": [
          "发布会"
        ],
        "partOfSpeech": "名",
        "rawText": "はっぴょうかい（発表会）[名] 发布会",
        "confidence": "high",
        "audioSegment": {
          "id": "l34-v017",
          "trackId": "lesson_words",
          "sourceUrl": "https://japaflow-audio-bucket.oss-cn-shanghai.aliyuncs.com/textbook-audio/book1-unit9/lesson34/lesson_words.mp3",
          "localAudioPath": "data/ocr/audio-cache/lesson34/lesson_words.mp3",
          "itemIndex": 17,
          "text": "はっぴょうかい",
          "label": "発表会",
          "start": 28.252,
          "end": 29.305,
          "duration": 1.053,
          "speechUnitCount": 1,
          "method": "ffmpeg-silencedetect-order",
          "confidence": "needs-review"
        }
      },
      {
        "id": "l34-v018",
        "kana": "ろんぶん",
        "writing": "論文",
        "meaningZh": [
          "论文"
        ],
        "partOfSpeech": "名",
        "rawText": "ろんぶん（論文）[名] 论文",
        "confidence": "high",
        "audioSegment": {
          "id": "l34-v018",
          "trackId": "lesson_words",
          "sourceUrl": "https://japaflow-audio-bucket.oss-cn-shanghai.aliyuncs.com/textbook-audio/book1-unit9/lesson34/lesson_words.mp3",
          "localAudioPath": "data/ocr/audio-cache/lesson34/lesson_words.mp3",
          "itemIndex": 18,
          "text": "ろんぶん",
          "label": "論文",
          "start": 30.007,
          "end": 30.857,
          "duration": 0.85,
          "speechUnitCount": 1,
          "method": "ffmpeg-silencedetect-order",
          "confidence": "needs-review"
        }
      },
      {
        "id": "l34-v019",
        "kana": "ダイエット",
        "writing": "ダイエット",
        "meaningZh": [
          "减肥"
        ],
        "partOfSpeech": "名",
        "rawText": "ダイエット [名] 减肥",
        "confidence": "high",
        "audioSegment": {
          "id": "l34-v019",
          "trackId": "lesson_words",
          "sourceUrl": "https://japaflow-audio-bucket.oss-cn-shanghai.aliyuncs.com/textbook-audio/book1-unit9/lesson34/lesson_words.mp3",
          "localAudioPath": "data/ocr/audio-cache/lesson34/lesson_words.mp3",
          "itemIndex": 19,
          "text": "ダイエット",
          "label": "ダイエット",
          "start": 31.942,
          "end": 32.821,
          "duration": 0.879,
          "speechUnitCount": 1,
          "method": "ffmpeg-silencedetect-order",
          "confidence": "needs-review"
        }
      },
      {
        "id": "l34-v020",
        "kana": "オリンピック",
        "writing": "オリンピック",
        "meaningZh": [
          "奥运会",
          "奥林匹克"
        ],
        "partOfSpeech": "名",
        "rawText": "オリンピック [名] 奥运会，奥林匹克",
        "confidence": "high",
        "audioSegment": {
          "id": "l34-v020",
          "trackId": "lesson_words",
          "sourceUrl": "https://japaflow-audio-bucket.oss-cn-shanghai.aliyuncs.com/textbook-audio/book1-unit9/lesson34/lesson_words.mp3",
          "localAudioPath": "data/ocr/audio-cache/lesson34/lesson_words.mp3",
          "itemIndex": 20,
          "text": "オリンピック",
          "label": "オリンピック",
          "start": 33.834,
          "end": 34.934,
          "duration": 1.1,
          "speechUnitCount": 1,
          "method": "ffmpeg-silencedetect-order",
          "confidence": "needs-review"
        }
      },
      {
        "id": "l34-v021",
        "kana": "あちこち／あっちこっち",
        "writing": "あちこち／あっちこっち",
        "meaningZh": [
          "到处",
          "处处"
        ],
        "partOfSpeech": "代",
        "rawText": "あちこち／あっちこっち [代] 到处，处处",
        "confidence": "high",
        "audioSegment": {
          "id": "l34-v021",
          "trackId": "lesson_words",
          "sourceUrl": "https://japaflow-audio-bucket.oss-cn-shanghai.aliyuncs.com/textbook-audio/book1-unit9/lesson34/lesson_words.mp3",
          "localAudioPath": "data/ocr/audio-cache/lesson34/lesson_words.mp3",
          "itemIndex": 21,
          "text": "あちこち／あっちこっち",
          "label": "あちこち／あっちこっち",
          "start": 36.187,
          "end": 39.396,
          "duration": 3.209,
          "speechUnitCount": 2,
          "method": "ffmpeg-silencedetect-order",
          "confidence": "needs-review"
        }
      },
      {
        "id": "l34-v022",
        "kana": "やきます",
        "writing": "焼きます",
        "meaningZh": [
          "烤",
          "烧",
          "烧毁"
        ],
        "partOfSpeech": "动1",
        "rawText": "やきます（焼きます）[动1] 烤，烧，烧毁",
        "confidence": "high",
        "audioSegment": {
          "id": "l34-v022",
          "trackId": "lesson_words",
          "sourceUrl": "https://japaflow-audio-bucket.oss-cn-shanghai.aliyuncs.com/textbook-audio/book1-unit9/lesson34/lesson_words.mp3",
          "localAudioPath": "data/ocr/audio-cache/lesson34/lesson_words.mp3",
          "itemIndex": 22,
          "text": "やきます",
          "label": "焼きます",
          "start": 40.678,
          "end": 41.572,
          "duration": 0.894,
          "speechUnitCount": 1,
          "method": "ffmpeg-silencedetect-order",
          "confidence": "needs-review"
        }
      },
      {
        "id": "l34-v023",
        "kana": "かせぎます",
        "writing": "稼ぎます",
        "meaningZh": [
          "挣钱",
          "赚钱"
        ],
        "partOfSpeech": "动1",
        "rawText": "かせぎます（稼ぎます）[动1] 挣钱，赚钱",
        "confidence": "high",
        "audioSegment": {
          "id": "l34-v023",
          "trackId": "lesson_words",
          "sourceUrl": "https://japaflow-audio-bucket.oss-cn-shanghai.aliyuncs.com/textbook-audio/book1-unit9/lesson34/lesson_words.mp3",
          "localAudioPath": "data/ocr/audio-cache/lesson34/lesson_words.mp3",
          "itemIndex": 23,
          "text": "かせぎます",
          "label": "稼ぎます",
          "start": 42.438,
          "end": 43.42,
          "duration": 0.982,
          "speechUnitCount": 1,
          "method": "ffmpeg-silencedetect-order",
          "confidence": "needs-review"
        }
      },
      {
        "id": "l34-v024",
        "kana": "のこります",
        "writing": "残ります",
        "meaningZh": [
          "剩余",
          "剩下"
        ],
        "partOfSpeech": "动1",
        "rawText": "のこります（残ります）[动1] 剩余，剩下",
        "confidence": "high",
        "audioSegment": {
          "id": "l34-v024",
          "trackId": "lesson_words",
          "sourceUrl": "https://japaflow-audio-bucket.oss-cn-shanghai.aliyuncs.com/textbook-audio/book1-unit9/lesson34/lesson_words.mp3",
          "localAudioPath": "data/ocr/audio-cache/lesson34/lesson_words.mp3",
          "itemIndex": 24,
          "text": "のこります",
          "label": "残ります",
          "start": 43.934,
          "end": 44.948,
          "duration": 1.014,
          "speechUnitCount": 1,
          "method": "ffmpeg-silencedetect-order",
          "confidence": "needs-review"
        }
      },
      {
        "id": "l34-v025",
        "kana": "つつみます",
        "writing": "包みます",
        "meaningZh": [
          "卷",
          "包裹"
        ],
        "partOfSpeech": "动1",
        "rawText": "つつみます（包みます）[动1] 卷，包裹",
        "confidence": "high",
        "audioSegment": {
          "id": "l34-v025",
          "trackId": "lesson_words",
          "sourceUrl": "https://japaflow-audio-bucket.oss-cn-shanghai.aliyuncs.com/textbook-audio/book1-unit9/lesson34/lesson_words.mp3",
          "localAudioPath": "data/ocr/audio-cache/lesson34/lesson_words.mp3",
          "itemIndex": 25,
          "text": "つつみます",
          "label": "包みます",
          "start": 45.451,
          "end": 46.487,
          "duration": 1.037,
          "speechUnitCount": 1,
          "method": "ffmpeg-silencedetect-order",
          "confidence": "needs-review"
        }
      },
      {
        "id": "l34-v026",
        "kana": "たのみます",
        "writing": "頼みます",
        "meaningZh": [
          "点（菜）",
          "请求",
          "托付"
        ],
        "partOfSpeech": "动1",
        "rawText": "たのみます（頼みます）[动1] 点（菜）；请求；托付",
        "confidence": "high",
        "audioSegment": {
          "id": "l34-v026",
          "trackId": "lesson_words",
          "sourceUrl": "https://japaflow-audio-bucket.oss-cn-shanghai.aliyuncs.com/textbook-audio/book1-unit9/lesson34/lesson_words.mp3",
          "localAudioPath": "data/ocr/audio-cache/lesson34/lesson_words.mp3",
          "itemIndex": 26,
          "text": "たのみます",
          "label": "頼みます",
          "start": 47.146,
          "end": 48.177,
          "duration": 1.032,
          "speechUnitCount": 1,
          "method": "ffmpeg-silencedetect-order",
          "confidence": "needs-review"
        }
      },
      {
        "id": "l34-v027",
        "kana": "はります",
        "writing": "はります",
        "meaningZh": [
          "粘",
          "贴"
        ],
        "partOfSpeech": "动1",
        "rawText": "はります [动1] 粘，贴",
        "confidence": "high",
        "audioSegment": {
          "id": "l34-v027",
          "trackId": "lesson_words",
          "sourceUrl": "https://japaflow-audio-bucket.oss-cn-shanghai.aliyuncs.com/textbook-audio/book1-unit9/lesson34/lesson_words.mp3",
          "localAudioPath": "data/ocr/audio-cache/lesson34/lesson_words.mp3",
          "itemIndex": 27,
          "text": "はります",
          "label": "はります",
          "start": 48.692,
          "end": 49.57,
          "duration": 0.878,
          "speechUnitCount": 1,
          "method": "ffmpeg-silencedetect-order",
          "confidence": "needs-review"
        }
      },
      {
        "id": "l34-v028",
        "kana": "かざります",
        "writing": "飾ります",
        "meaningZh": [
          "装饰"
        ],
        "partOfSpeech": "动1",
        "rawText": "かざります（飾ります）[动1] 装饰",
        "confidence": "high",
        "audioSegment": {
          "id": "l34-v028",
          "trackId": "lesson_words",
          "sourceUrl": "https://japaflow-audio-bucket.oss-cn-shanghai.aliyuncs.com/textbook-audio/book1-unit9/lesson34/lesson_words.mp3",
          "localAudioPath": "data/ocr/audio-cache/lesson34/lesson_words.mp3",
          "itemIndex": 28,
          "text": "かざります",
          "label": "飾ります",
          "start": 50.275,
          "end": 51.269,
          "duration": 0.994,
          "speechUnitCount": 1,
          "method": "ffmpeg-silencedetect-order",
          "confidence": "needs-review"
        }
      },
      {
        "id": "l34-v029",
        "kana": "しまいます",
        "writing": "しまいます",
        "meaningZh": [
          "收拾起来",
          "放到一边"
        ],
        "partOfSpeech": "动1",
        "rawText": "しまいます [动1] 收拾起来，放到一边",
        "confidence": "high",
        "audioSegment": {
          "id": "l34-v029",
          "trackId": "lesson_words",
          "sourceUrl": "https://japaflow-audio-bucket.oss-cn-shanghai.aliyuncs.com/textbook-audio/book1-unit9/lesson34/lesson_words.mp3",
          "localAudioPath": "data/ocr/audio-cache/lesson34/lesson_words.mp3",
          "itemIndex": 29,
          "text": "しまいます",
          "label": "しまいます",
          "start": 51.825,
          "end": 52.902,
          "duration": 1.077,
          "speechUnitCount": 1,
          "method": "ffmpeg-silencedetect-order",
          "confidence": "needs-review"
        }
      },
      {
        "id": "l34-v030",
        "kana": "あいます",
        "writing": "合います",
        "meaningZh": [
          "合适",
          "适合"
        ],
        "partOfSpeech": "动1",
        "rawText": "あいます（合います）[动1] 合适，适合",
        "confidence": "high",
        "audioSegment": {
          "id": "l34-v030",
          "trackId": "lesson_words",
          "sourceUrl": "https://japaflow-audio-bucket.oss-cn-shanghai.aliyuncs.com/textbook-audio/book1-unit9/lesson34/lesson_words.mp3",
          "localAudioPath": "data/ocr/audio-cache/lesson34/lesson_words.mp3",
          "itemIndex": 30,
          "text": "あいます",
          "label": "合います",
          "start": 53.744,
          "end": 54.574,
          "duration": 0.83,
          "speechUnitCount": 1,
          "method": "ffmpeg-silencedetect-order",
          "confidence": "needs-review"
        }
      },
      {
        "id": "l34-v031",
        "kana": "もどします",
        "writing": "戻します",
        "meaningZh": [
          "放回",
          "返还",
          "返回"
        ],
        "partOfSpeech": "动1",
        "rawText": "もどします（戻します）[动1] 放回，返还，返回",
        "confidence": "high",
        "audioSegment": {
          "id": "l34-v031",
          "trackId": "lesson_words",
          "sourceUrl": "https://japaflow-audio-bucket.oss-cn-shanghai.aliyuncs.com/textbook-audio/book1-unit9/lesson34/lesson_words.mp3",
          "localAudioPath": "data/ocr/audio-cache/lesson34/lesson_words.mp3",
          "itemIndex": 31,
          "text": "もどします",
          "label": "戻します",
          "start": 55.35,
          "end": 56.368,
          "duration": 1.017,
          "speechUnitCount": 1,
          "method": "ffmpeg-silencedetect-order",
          "confidence": "needs-review"
        }
      },
      {
        "id": "l34-v032",
        "kana": "ためます",
        "writing": "ためます",
        "meaningZh": [
          "积攒",
          "储存"
        ],
        "partOfSpeech": "动2",
        "rawText": "ためます [动2] 积攒，储存",
        "confidence": "high",
        "audioSegment": {
          "id": "l34-v032",
          "trackId": "lesson_words",
          "sourceUrl": "https://japaflow-audio-bucket.oss-cn-shanghai.aliyuncs.com/textbook-audio/book1-unit9/lesson34/lesson_words.mp3",
          "localAudioPath": "data/ocr/audio-cache/lesson34/lesson_words.mp3",
          "itemIndex": 32,
          "text": "ためます",
          "label": "ためます",
          "start": 56.991,
          "end": 57.848,
          "duration": 0.857,
          "speechUnitCount": 1,
          "method": "ffmpeg-silencedetect-order",
          "confidence": "needs-review"
        }
      },
      {
        "id": "l34-v033",
        "kana": "ならべます",
        "writing": "並べます",
        "meaningZh": [
          "排列"
        ],
        "partOfSpeech": "动2",
        "rawText": "ならべます（並べます）[动2] 排列",
        "confidence": "high",
        "audioSegment": {
          "id": "l34-v033",
          "trackId": "lesson_words",
          "sourceUrl": "https://japaflow-audio-bucket.oss-cn-shanghai.aliyuncs.com/textbook-audio/book1-unit9/lesson34/lesson_words.mp3",
          "localAudioPath": "data/ocr/audio-cache/lesson34/lesson_words.mp3",
          "itemIndex": 33,
          "text": "ならべます",
          "label": "並べます",
          "start": 58.552,
          "end": 59.562,
          "duration": 1.01,
          "speechUnitCount": 1,
          "method": "ffmpeg-silencedetect-order",
          "confidence": "needs-review"
        }
      },
      {
        "id": "l34-v034",
        "kana": "あずけます",
        "writing": "預けます",
        "meaningZh": [
          "寄存",
          "托付"
        ],
        "partOfSpeech": "动2",
        "rawText": "あずけます（預けます）[动2] 寄存，托付",
        "confidence": "high",
        "audioSegment": {
          "id": "l34-v034",
          "trackId": "lesson_words",
          "sourceUrl": "https://japaflow-audio-bucket.oss-cn-shanghai.aliyuncs.com/textbook-audio/book1-unit9/lesson34/lesson_words.mp3",
          "localAudioPath": "data/ocr/audio-cache/lesson34/lesson_words.mp3",
          "itemIndex": 34,
          "text": "あずけます",
          "label": "預けます",
          "start": 60.208,
          "end": 61.24,
          "duration": 1.033,
          "speechUnitCount": 1,
          "method": "ffmpeg-silencedetect-order",
          "confidence": "needs-review"
        }
      },
      {
        "id": "l34-v035",
        "kana": "つづけます",
        "writing": "続けます",
        "meaningZh": [
          "继续",
          "持续"
        ],
        "partOfSpeech": "动2",
        "rawText": "つづけます（続けます）[动2] 继续，持续",
        "confidence": "high",
        "audioSegment": {
          "id": "l34-v035",
          "trackId": "lesson_words",
          "sourceUrl": "https://japaflow-audio-bucket.oss-cn-shanghai.aliyuncs.com/textbook-audio/book1-unit9/lesson34/lesson_words.mp3",
          "localAudioPath": "data/ocr/audio-cache/lesson34/lesson_words.mp3",
          "itemIndex": 35,
          "text": "つづけます",
          "label": "続けます",
          "start": 61.756,
          "end": 62.856,
          "duration": 1.1,
          "speechUnitCount": 1,
          "method": "ffmpeg-silencedetect-order",
          "confidence": "needs-review"
        }
      },
      {
        "id": "l34-v036",
        "kana": "やせます",
        "writing": "やせます",
        "meaningZh": [
          "瘦"
        ],
        "partOfSpeech": "动2",
        "rawText": "やせます [动2] 瘦",
        "confidence": "high",
        "audioSegment": {
          "id": "l34-v036",
          "trackId": "lesson_words",
          "sourceUrl": "https://japaflow-audio-bucket.oss-cn-shanghai.aliyuncs.com/textbook-audio/book1-unit9/lesson34/lesson_words.mp3",
          "localAudioPath": "data/ocr/audio-cache/lesson34/lesson_words.mp3",
          "itemIndex": 36,
          "text": "やせます",
          "label": "やせます",
          "start": 63.499,
          "end": 64.418,
          "duration": 0.919,
          "speechUnitCount": 1,
          "method": "ffmpeg-silencedetect-order",
          "confidence": "needs-review"
        }
      },
      {
        "id": "l34-v037",
        "kana": "ほうもんします",
        "writing": "訪問します",
        "meaningZh": [
          "拜访",
          "访问"
        ],
        "partOfSpeech": "动3",
        "rawText": "ほうもんします（訪問〜）[动3] 拜访，访问",
        "confidence": "high",
        "audioSegment": {
          "id": "l34-v037",
          "trackId": "lesson_words",
          "sourceUrl": "https://japaflow-audio-bucket.oss-cn-shanghai.aliyuncs.com/textbook-audio/book1-unit9/lesson34/lesson_words.mp3",
          "localAudioPath": "data/ocr/audio-cache/lesson34/lesson_words.mp3",
          "itemIndex": 37,
          "text": "ほうもんします",
          "label": "訪問します",
          "start": 65.056,
          "end": 66.38,
          "duration": 1.324,
          "speechUnitCount": 1,
          "method": "ffmpeg-silencedetect-order",
          "confidence": "needs-review"
        }
      },
      {
        "id": "l34-v038",
        "kana": "ちょきんします",
        "writing": "貯金します",
        "meaningZh": [
          "存钱",
          "储蓄"
        ],
        "partOfSpeech": "动3",
        "rawText": "ちょきんします（貯金〜）[动3] 存钱，储蓄",
        "confidence": "high",
        "audioSegment": {
          "id": "l34-v038",
          "trackId": "lesson_words",
          "sourceUrl": "https://japaflow-audio-bucket.oss-cn-shanghai.aliyuncs.com/textbook-audio/book1-unit9/lesson34/lesson_words.mp3",
          "localAudioPath": "data/ocr/audio-cache/lesson34/lesson_words.mp3",
          "itemIndex": 38,
          "text": "ちょきんします",
          "label": "貯金します",
          "start": 67.257,
          "end": 68.636,
          "duration": 1.38,
          "speechUnitCount": 1,
          "method": "ffmpeg-silencedetect-order",
          "confidence": "needs-review"
        }
      },
      {
        "id": "l34-v039",
        "kana": "かんげいします",
        "writing": "歓迎します",
        "meaningZh": [
          "欢迎"
        ],
        "partOfSpeech": "动3",
        "rawText": "かんげいします（歓迎〜）[动3] 欢迎",
        "confidence": "high",
        "audioSegment": {
          "id": "l34-v039",
          "trackId": "lesson_words",
          "sourceUrl": "https://japaflow-audio-bucket.oss-cn-shanghai.aliyuncs.com/textbook-audio/book1-unit9/lesson34/lesson_words.mp3",
          "localAudioPath": "data/ocr/audio-cache/lesson34/lesson_words.mp3",
          "itemIndex": 39,
          "text": "かんげいします",
          "label": "歓迎します",
          "start": 69.259,
          "end": 70.538,
          "duration": 1.279,
          "speechUnitCount": 1,
          "method": "ffmpeg-silencedetect-order",
          "confidence": "needs-review"
        }
      },
      {
        "id": "l34-v040",
        "kana": "よういします",
        "writing": "用意します",
        "meaningZh": [
          "准备"
        ],
        "partOfSpeech": "动3",
        "rawText": "よういします（用意〜）[动3] 准备",
        "confidence": "high",
        "audioSegment": {
          "id": "l34-v040",
          "trackId": "lesson_words",
          "sourceUrl": "https://japaflow-audio-bucket.oss-cn-shanghai.aliyuncs.com/textbook-audio/book1-unit9/lesson34/lesson_words.mp3",
          "localAudioPath": "data/ocr/audio-cache/lesson34/lesson_words.mp3",
          "itemIndex": 40,
          "text": "よういします",
          "label": "用意します",
          "start": 71.451,
          "end": 72.661,
          "duration": 1.21,
          "speechUnitCount": 1,
          "method": "ffmpeg-silencedetect-order",
          "confidence": "needs-review"
        }
      },
      {
        "id": "l34-v041",
        "kana": "おかしい",
        "writing": "おかしい",
        "meaningZh": [
          "奇怪",
          "可笑",
          "不正常"
        ],
        "partOfSpeech": "形1",
        "rawText": "おかしい [形1] 奇怪，可笑，不正常",
        "confidence": "high",
        "audioSegment": {
          "id": "l34-v041",
          "trackId": "lesson_words",
          "sourceUrl": "https://japaflow-audio-bucket.oss-cn-shanghai.aliyuncs.com/textbook-audio/book1-unit9/lesson34/lesson_words.mp3",
          "localAudioPath": "data/ocr/audio-cache/lesson34/lesson_words.mp3",
          "itemIndex": 41,
          "text": "おかしい",
          "label": "おかしい",
          "start": 73.38,
          "end": 74.201,
          "duration": 0.821,
          "speechUnitCount": 1,
          "method": "ffmpeg-silencedetect-order",
          "confidence": "needs-review"
        }
      },
      {
        "id": "l34-v042",
        "kana": "ひどい",
        "writing": "ひどい",
        "meaningZh": [
          "严重",
          "厉害"
        ],
        "partOfSpeech": "形1",
        "rawText": "ひどい [形1] 严重，厉害",
        "confidence": "high",
        "audioSegment": {
          "id": "l34-v042",
          "trackId": "lesson_words",
          "sourceUrl": "https://japaflow-audio-bucket.oss-cn-shanghai.aliyuncs.com/textbook-audio/book1-unit9/lesson34/lesson_words.mp3",
          "localAudioPath": "data/ocr/audio-cache/lesson34/lesson_words.mp3",
          "itemIndex": 42,
          "text": "ひどい",
          "label": "ひどい",
          "start": 75.048,
          "end": 75.717,
          "duration": 0.669,
          "speechUnitCount": 1,
          "method": "ffmpeg-silencedetect-order",
          "confidence": "needs-review"
        }
      },
      {
        "id": "l34-v043",
        "kana": "もったいない",
        "writing": "もったいない",
        "meaningZh": [
          "可惜",
          "浪费",
          "过分"
        ],
        "partOfSpeech": "形1",
        "rawText": "もったいない [形1] 可惜，浪费，过分",
        "confidence": "high",
        "audioSegment": {
          "id": "l34-v043",
          "trackId": "lesson_words",
          "sourceUrl": "https://japaflow-audio-bucket.oss-cn-shanghai.aliyuncs.com/textbook-audio/book1-unit9/lesson34/lesson_words.mp3",
          "localAudioPath": "data/ocr/audio-cache/lesson34/lesson_words.mp3",
          "itemIndex": 43,
          "text": "もったいない",
          "label": "もったいない",
          "start": 76.549,
          "end": 77.58,
          "duration": 1.032,
          "speechUnitCount": 1,
          "method": "ffmpeg-silencedetect-order",
          "confidence": "needs-review"
        }
      },
      {
        "id": "l34-v044",
        "kana": "ゆうしゅう",
        "writing": "優秀",
        "meaningZh": [
          "优秀",
          "优异"
        ],
        "partOfSpeech": "形2",
        "rawText": "ゆうしゅう（優秀）[形2] 优秀，优异",
        "confidence": "high",
        "audioSegment": {
          "id": "l34-v044",
          "trackId": "lesson_words",
          "sourceUrl": "https://japaflow-audio-bucket.oss-cn-shanghai.aliyuncs.com/textbook-audio/book1-unit9/lesson34/lesson_words.mp3",
          "localAudioPath": "data/ocr/audio-cache/lesson34/lesson_words.mp3",
          "itemIndex": 44,
          "text": "ゆうしゅう",
          "label": "優秀",
          "start": 78.496,
          "end": 79.466,
          "duration": 0.97,
          "speechUnitCount": 1,
          "method": "ffmpeg-silencedetect-order",
          "confidence": "needs-review"
        }
      },
      {
        "id": "l34-v045",
        "kana": "さいこう",
        "writing": "最高",
        "meaningZh": [
          "最好",
          "最高"
        ],
        "partOfSpeech": "形2",
        "rawText": "さいこう（最高）[形2] 最好，最高",
        "confidence": "high",
        "audioSegment": {
          "id": "l34-v045",
          "trackId": "lesson_words",
          "sourceUrl": "https://japaflow-audio-bucket.oss-cn-shanghai.aliyuncs.com/textbook-audio/book1-unit9/lesson34/lesson_words.mp3",
          "localAudioPath": "data/ocr/audio-cache/lesson34/lesson_words.mp3",
          "itemIndex": 45,
          "text": "さいこう",
          "label": "最高",
          "start": 80.027,
          "end": 81.061,
          "duration": 1.034,
          "speechUnitCount": 1,
          "method": "ffmpeg-silencedetect-order",
          "confidence": "needs-review"
        }
      },
      {
        "id": "l34-v046",
        "kana": "しっかり",
        "writing": "しっかり",
        "meaningZh": [
          "充分",
          "充足"
        ],
        "partOfSpeech": "副",
        "rawText": "しっかり [副] 充分，充足",
        "confidence": "high",
        "audioSegment": {
          "id": "l34-v046",
          "trackId": "lesson_words",
          "sourceUrl": "https://japaflow-audio-bucket.oss-cn-shanghai.aliyuncs.com/textbook-audio/book1-unit9/lesson34/lesson_words.mp3",
          "localAudioPath": "data/ocr/audio-cache/lesson34/lesson_words.mp3",
          "itemIndex": 46,
          "text": "しっかり",
          "label": "しっかり",
          "start": 81.945,
          "end": 82.814,
          "duration": 0.869,
          "speechUnitCount": 1,
          "method": "ffmpeg-silencedetect-order",
          "confidence": "needs-review"
        }
      },
      {
        "id": "l34-v047",
        "kana": "ひじょうに",
        "writing": "非常に",
        "meaningZh": [
          "非常"
        ],
        "partOfSpeech": "副",
        "rawText": "ひじょうに（非常に）[副] 非常",
        "confidence": "high",
        "audioSegment": {
          "id": "l34-v047",
          "trackId": "lesson_words",
          "sourceUrl": "https://japaflow-audio-bucket.oss-cn-shanghai.aliyuncs.com/textbook-audio/book1-unit9/lesson34/lesson_words.mp3",
          "localAudioPath": "data/ocr/audio-cache/lesson34/lesson_words.mp3",
          "itemIndex": 47,
          "text": "ひじょうに",
          "label": "非常に",
          "start": 83.555,
          "end": 84.418,
          "duration": 0.863,
          "speechUnitCount": 1,
          "method": "ffmpeg-silencedetect-order",
          "confidence": "needs-review"
        }
      },
      {
        "id": "l34-v048",
        "kana": "こんなに",
        "writing": "こんなに",
        "meaningZh": [
          "这么",
          "这样地"
        ],
        "partOfSpeech": "副",
        "rawText": "こんなに [副] 这么，这样地",
        "confidence": "high",
        "audioSegment": {
          "id": "l34-v048",
          "trackId": "lesson_words",
          "sourceUrl": "https://japaflow-audio-bucket.oss-cn-shanghai.aliyuncs.com/textbook-audio/book1-unit9/lesson34/lesson_words.mp3",
          "localAudioPath": "data/ocr/audio-cache/lesson34/lesson_words.mp3",
          "itemIndex": 48,
          "text": "こんなに",
          "label": "こんなに",
          "start": 85.471,
          "end": 86.409,
          "duration": 0.938,
          "speechUnitCount": 1,
          "method": "ffmpeg-silencedetect-order",
          "confidence": "needs-review"
        }
      },
      {
        "id": "l34-v049",
        "kana": "いっしょうけんめい",
        "writing": "一生懸命",
        "meaningZh": [
          "拼命地",
          "努力地"
        ],
        "partOfSpeech": "副",
        "rawText": "いっしょうけんめい（一生懸命）[副] 拼命地，努力地",
        "confidence": "high",
        "audioSegment": {
          "id": "l34-v049",
          "trackId": "lesson_words",
          "sourceUrl": "https://japaflow-audio-bucket.oss-cn-shanghai.aliyuncs.com/textbook-audio/book1-unit9/lesson34/lesson_words.mp3",
          "localAudioPath": "data/ocr/audio-cache/lesson34/lesson_words.mp3",
          "itemIndex": 49,
          "text": "いっしょうけんめい",
          "label": "一生懸命",
          "start": 87.229,
          "end": 88.595,
          "duration": 1.366,
          "speechUnitCount": 1,
          "method": "ffmpeg-silencedetect-order",
          "confidence": "needs-review"
        }
      },
      {
        "id": "l34-v050",
        "kana": "うわあ",
        "writing": "うわあ",
        "meaningZh": [
          "哇"
        ],
        "partOfSpeech": "叹",
        "rawText": "うわあ [叹] 哇",
        "confidence": "high",
        "audioSegment": {
          "id": "l34-v050",
          "trackId": "lesson_words",
          "sourceUrl": "https://japaflow-audio-bucket.oss-cn-shanghai.aliyuncs.com/textbook-audio/book1-unit9/lesson34/lesson_words.mp3",
          "localAudioPath": "data/ocr/audio-cache/lesson34/lesson_words.mp3",
          "itemIndex": 50,
          "text": "うわあ",
          "label": "うわあ",
          "start": 89.931,
          "end": 90.738,
          "duration": 0.807,
          "speechUnitCount": 1,
          "method": "ffmpeg-silencedetect-order",
          "confidence": "needs-review"
        }
      },
      {
        "id": "l34-v051",
        "kana": "このまま",
        "writing": "このまま",
        "meaningZh": [
          "就这样",
          "照这样",
          "如此"
        ],
        "partOfSpeech": null,
        "rawText": "このまま 就这样，照这样，如此",
        "confidence": "high",
        "audioSegment": {
          "id": "l34-v051",
          "trackId": "lesson_words",
          "sourceUrl": "https://japaflow-audio-bucket.oss-cn-shanghai.aliyuncs.com/textbook-audio/book1-unit9/lesson34/lesson_words.mp3",
          "localAudioPath": "data/ocr/audio-cache/lesson34/lesson_words.mp3",
          "itemIndex": 51,
          "text": "このまま",
          "label": "このまま",
          "start": 91.929,
          "end": 92.697,
          "duration": 0.768,
          "speechUnitCount": 1,
          "method": "ffmpeg-silencedetect-order",
          "confidence": "needs-review"
        }
      },
      {
        "id": "l34-v052",
        "kana": "いただきます",
        "writing": "いただきます",
        "meaningZh": [
          "我吃了",
          "（我）开始吃了"
        ],
        "partOfSpeech": null,
        "rawText": "いただきます 我吃了，（我）开始吃了",
        "confidence": "high",
        "audioSegment": {
          "id": "l34-v052",
          "trackId": "lesson_words",
          "sourceUrl": "https://japaflow-audio-bucket.oss-cn-shanghai.aliyuncs.com/textbook-audio/book1-unit9/lesson34/lesson_words.mp3",
          "localAudioPath": "data/ocr/audio-cache/lesson34/lesson_words.mp3",
          "itemIndex": 52,
          "text": "いただきます",
          "label": "いただきます",
          "start": 93.677,
          "end": 94.853,
          "duration": 1.176,
          "speechUnitCount": 1,
          "method": "ffmpeg-silencedetect-order",
          "confidence": "needs-review"
        }
      },
      {
        "id": "l34-v053",
        "kana": "えんりょなく",
        "writing": "遠慮なく",
        "meaningZh": [
          "不客气"
        ],
        "partOfSpeech": null,
        "rawText": "えんりょなく（遠慮なく）不客气",
        "confidence": "high",
        "audioSegment": {
          "id": "l34-v053",
          "trackId": "lesson_words",
          "sourceUrl": "https://japaflow-audio-bucket.oss-cn-shanghai.aliyuncs.com/textbook-audio/book1-unit9/lesson34/lesson_words.mp3",
          "localAudioPath": "data/ocr/audio-cache/lesson34/lesson_words.mp3",
          "itemIndex": 53,
          "text": "えんりょなく",
          "label": "遠慮なく",
          "start": 95.433,
          "end": 96.308,
          "duration": 0.875,
          "speechUnitCount": 1,
          "method": "ffmpeg-silencedetect-order",
          "confidence": "needs-review"
        }
      },
      {
        "id": "l34-v054",
        "kana": "〜ぶ",
        "writing": "〜部",
        "meaningZh": [],
        "partOfSpeech": null,
        "rawText": "〜部",
        "confidence": "high",
        "audioSegment": {
          "id": "l34-v054",
          "trackId": "lesson_words",
          "sourceUrl": "https://japaflow-audio-bucket.oss-cn-shanghai.aliyuncs.com/textbook-audio/book1-unit9/lesson34/lesson_words.mp3",
          "localAudioPath": "data/ocr/audio-cache/lesson34/lesson_words.mp3",
          "itemIndex": 54,
          "text": "〜ぶ",
          "label": "〜部",
          "start": 97.546,
          "end": 97.917,
          "duration": 0.371,
          "speechUnitCount": 1,
          "method": "ffmpeg-silencedetect-order",
          "confidence": "needs-review"
        }
      }
    ],
    "warnings": [
      "词汇表将“〜部”单列但未给出中文释义，已保留且 meaningZh 为空数组。"
    ],
    "audioAlignment": {
      "generatedAt": "2026-08-05T08:46:04.743Z",
      "method": "ffmpeg-silencedetect-order",
      "tracks": {
        "lesson_words": {
          "trackId": "lesson_words",
          "sourceUrl": "https://japaflow-audio-bucket.oss-cn-shanghai.aliyuncs.com/textbook-audio/book1-unit9/lesson34/lesson_words.mp3",
          "localAudioPath": "data/ocr/audio-cache/lesson34/lesson_words.mp3",
          "outputPath": "data/ocr/lesson34-vocabulary-audio.json",
          "duration": 102.41,
          "expectedItems": 54,
          "expectedSpeechUnits": 55,
          "skippedSpeechUnits": 0,
          "detectedSpeechIntervals": 57,
          "mappedSegments": 54,
          "selectedProfile": {
            "noiseDb": -44,
            "minSilence": 0.28
          },
          "warnings": [
            "lesson_words: detected 57 speech interval(s), mapped to 55 speech unit(s).",
            "lesson_words: interval adjustment = merged."
          ],
          "segments": [
            {
              "id": "l34-v001",
              "trackId": "lesson_words",
              "sourceUrl": "https://japaflow-audio-bucket.oss-cn-shanghai.aliyuncs.com/textbook-audio/book1-unit9/lesson34/lesson_words.mp3",
              "localAudioPath": "data/ocr/audio-cache/lesson34/lesson_words.mp3",
              "itemIndex": 1,
              "text": "カレンダー",
              "label": "カレンダー",
              "start": 0.67,
              "end": 1.564,
              "duration": 0.894,
              "speechUnitCount": 1,
              "method": "ffmpeg-silencedetect-order",
              "confidence": "needs-review"
            },
            {
              "id": "l34-v002",
              "trackId": "lesson_words",
              "sourceUrl": "https://japaflow-audio-bucket.oss-cn-shanghai.aliyuncs.com/textbook-audio/book1-unit9/lesson34/lesson_words.mp3",
              "localAudioPath": "data/ocr/audio-cache/lesson34/lesson_words.mp3",
              "itemIndex": 2,
              "text": "ポスター",
              "label": "ポスター",
              "start": 2.534,
              "end": 3.35,
              "duration": 0.816,
              "speechUnitCount": 1,
              "method": "ffmpeg-silencedetect-order",
              "confidence": "needs-review"
            },
            {
              "id": "l34-v003",
              "trackId": "lesson_words",
              "sourceUrl": "https://japaflow-audio-bucket.oss-cn-shanghai.aliyuncs.com/textbook-audio/book1-unit9/lesson34/lesson_words.mp3",
              "localAudioPath": "data/ocr/audio-cache/lesson34/lesson_words.mp3",
              "itemIndex": 3,
              "text": "ハードスケジュール",
              "label": "ハードスケジュール",
              "start": 4.04,
              "end": 5.245,
              "duration": 1.205,
              "speechUnitCount": 1,
              "method": "ffmpeg-silencedetect-order",
              "confidence": "needs-review"
            },
            {
              "id": "l34-v004",
              "trackId": "lesson_words",
              "sourceUrl": "https://japaflow-audio-bucket.oss-cn-shanghai.aliyuncs.com/textbook-audio/book1-unit9/lesson34/lesson_words.mp3",
              "localAudioPath": "data/ocr/audio-cache/lesson34/lesson_words.mp3",
              "itemIndex": 4,
              "text": "カレーライス",
              "label": "カレーライス",
              "start": 6.082,
              "end": 7.185,
              "duration": 1.103,
              "speechUnitCount": 1,
              "method": "ffmpeg-silencedetect-order",
              "confidence": "needs-review"
            },
            {
              "id": "l34-v005",
              "trackId": "lesson_words",
              "sourceUrl": "https://japaflow-audio-bucket.oss-cn-shanghai.aliyuncs.com/textbook-audio/book1-unit9/lesson34/lesson_words.mp3",
              "localAudioPath": "data/ocr/audio-cache/lesson34/lesson_words.mp3",
              "itemIndex": 5,
              "text": "とっておき",
              "label": "とっておき",
              "start": 8.354,
              "end": 9.218,
              "duration": 0.864,
              "speechUnitCount": 1,
              "method": "ffmpeg-silencedetect-order",
              "confidence": "needs-review"
            },
            {
              "id": "l34-v006",
              "trackId": "lesson_words",
              "sourceUrl": "https://japaflow-audio-bucket.oss-cn-shanghai.aliyuncs.com/textbook-audio/book1-unit9/lesson34/lesson_words.mp3",
              "localAudioPath": "data/ocr/audio-cache/lesson34/lesson_words.mp3",
              "itemIndex": 6,
              "text": "ほんば",
              "label": "本場",
              "start": 10.257,
              "end": 11.021,
              "duration": 0.764,
              "speechUnitCount": 1,
              "method": "ffmpeg-silencedetect-order",
              "confidence": "needs-review"
            },
            {
              "id": "l34-v007",
              "trackId": "lesson_words",
              "sourceUrl": "https://japaflow-audio-bucket.oss-cn-shanghai.aliyuncs.com/textbook-audio/book1-unit9/lesson34/lesson_words.mp3",
              "localAudioPath": "data/ocr/audio-cache/lesson34/lesson_words.mp3",
              "itemIndex": 7,
              "text": "げんかん",
              "label": "玄関",
              "start": 11.67,
              "end": 12.4,
              "duration": 0.731,
              "speechUnitCount": 1,
              "method": "ffmpeg-silencedetect-order",
              "confidence": "needs-review"
            },
            {
              "id": "l34-v008",
              "trackId": "lesson_words",
              "sourceUrl": "https://japaflow-audio-bucket.oss-cn-shanghai.aliyuncs.com/textbook-audio/book1-unit9/lesson34/lesson_words.mp3",
              "localAudioPath": "data/ocr/audio-cache/lesson34/lesson_words.mp3",
              "itemIndex": 8,
              "text": "ロッカー",
              "label": "ロッカー",
              "start": 13.397,
              "end": 14.373,
              "duration": 0.976,
              "speechUnitCount": 1,
              "method": "ffmpeg-silencedetect-order",
              "confidence": "needs-review"
            },
            {
              "id": "l34-v009",
              "trackId": "lesson_words",
              "sourceUrl": "https://japaflow-audio-bucket.oss-cn-shanghai.aliyuncs.com/textbook-audio/book1-unit9/lesson34/lesson_words.mp3",
              "localAudioPath": "data/ocr/audio-cache/lesson34/lesson_words.mp3",
              "itemIndex": 9,
              "text": "バッグ",
              "label": "バッグ",
              "start": 14.885,
              "end": 15.484,
              "duration": 0.599,
              "speechUnitCount": 1,
              "method": "ffmpeg-silencedetect-order",
              "confidence": "needs-review"
            },
            {
              "id": "l34-v010",
              "trackId": "lesson_words",
              "sourceUrl": "https://japaflow-audio-bucket.oss-cn-shanghai.aliyuncs.com/textbook-audio/book1-unit9/lesson34/lesson_words.mp3",
              "localAudioPath": "data/ocr/audio-cache/lesson34/lesson_words.mp3",
              "itemIndex": 10,
              "text": "りょこうしゃ",
              "label": "旅行社",
              "start": 16.536,
              "end": 17.435,
              "duration": 0.899,
              "speechUnitCount": 1,
              "method": "ffmpeg-silencedetect-order",
              "confidence": "needs-review"
            },
            {
              "id": "l34-v011",
              "trackId": "lesson_words",
              "sourceUrl": "https://japaflow-audio-bucket.oss-cn-shanghai.aliyuncs.com/textbook-audio/book1-unit9/lesson34/lesson_words.mp3",
              "localAudioPath": "data/ocr/audio-cache/lesson34/lesson_words.mp3",
              "itemIndex": 11,
              "text": "しさつだん",
              "label": "視察団",
              "start": 18.263,
              "end": 19.109,
              "duration": 0.846,
              "speechUnitCount": 1,
              "method": "ffmpeg-silencedetect-order",
              "confidence": "needs-review"
            },
            {
              "id": "l34-v012",
              "trackId": "lesson_words",
              "sourceUrl": "https://japaflow-audio-bucket.oss-cn-shanghai.aliyuncs.com/textbook-audio/book1-unit9/lesson34/lesson_words.mp3",
              "localAudioPath": "data/ocr/audio-cache/lesson34/lesson_words.mp3",
              "itemIndex": 12,
              "text": "とうちゃく",
              "label": "到着",
              "start": 19.9,
              "end": 20.867,
              "duration": 0.968,
              "speechUnitCount": 1,
              "method": "ffmpeg-silencedetect-order",
              "confidence": "needs-review"
            },
            {
              "id": "l34-v013",
              "trackId": "lesson_words",
              "sourceUrl": "https://japaflow-audio-bucket.oss-cn-shanghai.aliyuncs.com/textbook-audio/book1-unit9/lesson34/lesson_words.mp3",
              "localAudioPath": "data/ocr/audio-cache/lesson34/lesson_words.mp3",
              "itemIndex": 13,
              "text": "かえり",
              "label": "帰り",
              "start": 21.643,
              "end": 22.29,
              "duration": 0.647,
              "speechUnitCount": 1,
              "method": "ffmpeg-silencedetect-order",
              "confidence": "needs-review"
            },
            {
              "id": "l34-v014",
              "trackId": "lesson_words",
              "sourceUrl": "https://japaflow-audio-bucket.oss-cn-shanghai.aliyuncs.com/textbook-audio/book1-unit9/lesson34/lesson_words.mp3",
              "localAudioPath": "data/ocr/audio-cache/lesson34/lesson_words.mp3",
              "itemIndex": 14,
              "text": "もちかえり",
              "label": "持ち帰り",
              "start": 23.361,
              "end": 24.433,
              "duration": 1.071,
              "speechUnitCount": 1,
              "method": "ffmpeg-silencedetect-order",
              "confidence": "needs-review"
            },
            {
              "id": "l34-v015",
              "trackId": "lesson_words",
              "sourceUrl": "https://japaflow-audio-bucket.oss-cn-shanghai.aliyuncs.com/textbook-audio/book1-unit9/lesson34/lesson_words.mp3",
              "localAudioPath": "data/ocr/audio-cache/lesson34/lesson_words.mp3",
              "itemIndex": 15,
              "text": "じこ",
              "label": "事故",
              "start": 25.264,
              "end": 25.731,
              "duration": 0.467,
              "speechUnitCount": 1,
              "method": "ffmpeg-silencedetect-order",
              "confidence": "needs-review"
            },
            {
              "id": "l34-v016",
              "trackId": "lesson_words",
              "sourceUrl": "https://japaflow-audio-bucket.oss-cn-shanghai.aliyuncs.com/textbook-audio/book1-unit9/lesson34/lesson_words.mp3",
              "localAudioPath": "data/ocr/audio-cache/lesson34/lesson_words.mp3",
              "itemIndex": 16,
              "text": "はなたば",
              "label": "花束",
              "start": 26.57,
              "end": 27.344,
              "duration": 0.774,
              "speechUnitCount": 1,
              "method": "ffmpeg-silencedetect-order",
              "confidence": "needs-review"
            },
            {
              "id": "l34-v017",
              "trackId": "lesson_words",
              "sourceUrl": "https://japaflow-audio-bucket.oss-cn-shanghai.aliyuncs.com/textbook-audio/book1-unit9/lesson34/lesson_words.mp3",
              "localAudioPath": "data/ocr/audio-cache/lesson34/lesson_words.mp3",
              "itemIndex": 17,
              "text": "はっぴょうかい",
              "label": "発表会",
              "start": 28.252,
              "end": 29.305,
              "duration": 1.053,
              "speechUnitCount": 1,
              "method": "ffmpeg-silencedetect-order",
              "confidence": "needs-review"
            },
            {
              "id": "l34-v018",
              "trackId": "lesson_words",
              "sourceUrl": "https://japaflow-audio-bucket.oss-cn-shanghai.aliyuncs.com/textbook-audio/book1-unit9/lesson34/lesson_words.mp3",
              "localAudioPath": "data/ocr/audio-cache/lesson34/lesson_words.mp3",
              "itemIndex": 18,
              "text": "ろんぶん",
              "label": "論文",
              "start": 30.007,
              "end": 30.857,
              "duration": 0.85,
              "speechUnitCount": 1,
              "method": "ffmpeg-silencedetect-order",
              "confidence": "needs-review"
            },
            {
              "id": "l34-v019",
              "trackId": "lesson_words",
              "sourceUrl": "https://japaflow-audio-bucket.oss-cn-shanghai.aliyuncs.com/textbook-audio/book1-unit9/lesson34/lesson_words.mp3",
              "localAudioPath": "data/ocr/audio-cache/lesson34/lesson_words.mp3",
              "itemIndex": 19,
              "text": "ダイエット",
              "label": "ダイエット",
              "start": 31.942,
              "end": 32.821,
              "duration": 0.879,
              "speechUnitCount": 1,
              "method": "ffmpeg-silencedetect-order",
              "confidence": "needs-review"
            },
            {
              "id": "l34-v020",
              "trackId": "lesson_words",
              "sourceUrl": "https://japaflow-audio-bucket.oss-cn-shanghai.aliyuncs.com/textbook-audio/book1-unit9/lesson34/lesson_words.mp3",
              "localAudioPath": "data/ocr/audio-cache/lesson34/lesson_words.mp3",
              "itemIndex": 20,
              "text": "オリンピック",
              "label": "オリンピック",
              "start": 33.834,
              "end": 34.934,
              "duration": 1.1,
              "speechUnitCount": 1,
              "method": "ffmpeg-silencedetect-order",
              "confidence": "needs-review"
            },
            {
              "id": "l34-v021",
              "trackId": "lesson_words",
              "sourceUrl": "https://japaflow-audio-bucket.oss-cn-shanghai.aliyuncs.com/textbook-audio/book1-unit9/lesson34/lesson_words.mp3",
              "localAudioPath": "data/ocr/audio-cache/lesson34/lesson_words.mp3",
              "itemIndex": 21,
              "text": "あちこち／あっちこっち",
              "label": "あちこち／あっちこっち",
              "start": 36.187,
              "end": 39.396,
              "duration": 3.209,
              "speechUnitCount": 2,
              "method": "ffmpeg-silencedetect-order",
              "confidence": "needs-review"
            },
            {
              "id": "l34-v022",
              "trackId": "lesson_words",
              "sourceUrl": "https://japaflow-audio-bucket.oss-cn-shanghai.aliyuncs.com/textbook-audio/book1-unit9/lesson34/lesson_words.mp3",
              "localAudioPath": "data/ocr/audio-cache/lesson34/lesson_words.mp3",
              "itemIndex": 22,
              "text": "やきます",
              "label": "焼きます",
              "start": 40.678,
              "end": 41.572,
              "duration": 0.894,
              "speechUnitCount": 1,
              "method": "ffmpeg-silencedetect-order",
              "confidence": "needs-review"
            },
            {
              "id": "l34-v023",
              "trackId": "lesson_words",
              "sourceUrl": "https://japaflow-audio-bucket.oss-cn-shanghai.aliyuncs.com/textbook-audio/book1-unit9/lesson34/lesson_words.mp3",
              "localAudioPath": "data/ocr/audio-cache/lesson34/lesson_words.mp3",
              "itemIndex": 23,
              "text": "かせぎます",
              "label": "稼ぎます",
              "start": 42.438,
              "end": 43.42,
              "duration": 0.982,
              "speechUnitCount": 1,
              "method": "ffmpeg-silencedetect-order",
              "confidence": "needs-review"
            },
            {
              "id": "l34-v024",
              "trackId": "lesson_words",
              "sourceUrl": "https://japaflow-audio-bucket.oss-cn-shanghai.aliyuncs.com/textbook-audio/book1-unit9/lesson34/lesson_words.mp3",
              "localAudioPath": "data/ocr/audio-cache/lesson34/lesson_words.mp3",
              "itemIndex": 24,
              "text": "のこります",
              "label": "残ります",
              "start": 43.934,
              "end": 44.948,
              "duration": 1.014,
              "speechUnitCount": 1,
              "method": "ffmpeg-silencedetect-order",
              "confidence": "needs-review"
            },
            {
              "id": "l34-v025",
              "trackId": "lesson_words",
              "sourceUrl": "https://japaflow-audio-bucket.oss-cn-shanghai.aliyuncs.com/textbook-audio/book1-unit9/lesson34/lesson_words.mp3",
              "localAudioPath": "data/ocr/audio-cache/lesson34/lesson_words.mp3",
              "itemIndex": 25,
              "text": "つつみます",
              "label": "包みます",
              "start": 45.451,
              "end": 46.487,
              "duration": 1.037,
              "speechUnitCount": 1,
              "method": "ffmpeg-silencedetect-order",
              "confidence": "needs-review"
            },
            {
              "id": "l34-v026",
              "trackId": "lesson_words",
              "sourceUrl": "https://japaflow-audio-bucket.oss-cn-shanghai.aliyuncs.com/textbook-audio/book1-unit9/lesson34/lesson_words.mp3",
              "localAudioPath": "data/ocr/audio-cache/lesson34/lesson_words.mp3",
              "itemIndex": 26,
              "text": "たのみます",
              "label": "頼みます",
              "start": 47.146,
              "end": 48.177,
              "duration": 1.032,
              "speechUnitCount": 1,
              "method": "ffmpeg-silencedetect-order",
              "confidence": "needs-review"
            },
            {
              "id": "l34-v027",
              "trackId": "lesson_words",
              "sourceUrl": "https://japaflow-audio-bucket.oss-cn-shanghai.aliyuncs.com/textbook-audio/book1-unit9/lesson34/lesson_words.mp3",
              "localAudioPath": "data/ocr/audio-cache/lesson34/lesson_words.mp3",
              "itemIndex": 27,
              "text": "はります",
              "label": "はります",
              "start": 48.692,
              "end": 49.57,
              "duration": 0.878,
              "speechUnitCount": 1,
              "method": "ffmpeg-silencedetect-order",
              "confidence": "needs-review"
            },
            {
              "id": "l34-v028",
              "trackId": "lesson_words",
              "sourceUrl": "https://japaflow-audio-bucket.oss-cn-shanghai.aliyuncs.com/textbook-audio/book1-unit9/lesson34/lesson_words.mp3",
              "localAudioPath": "data/ocr/audio-cache/lesson34/lesson_words.mp3",
              "itemIndex": 28,
              "text": "かざります",
              "label": "飾ります",
              "start": 50.275,
              "end": 51.269,
              "duration": 0.994,
              "speechUnitCount": 1,
              "method": "ffmpeg-silencedetect-order",
              "confidence": "needs-review"
            },
            {
              "id": "l34-v029",
              "trackId": "lesson_words",
              "sourceUrl": "https://japaflow-audio-bucket.oss-cn-shanghai.aliyuncs.com/textbook-audio/book1-unit9/lesson34/lesson_words.mp3",
              "localAudioPath": "data/ocr/audio-cache/lesson34/lesson_words.mp3",
              "itemIndex": 29,
              "text": "しまいます",
              "label": "しまいます",
              "start": 51.825,
              "end": 52.902,
              "duration": 1.077,
              "speechUnitCount": 1,
              "method": "ffmpeg-silencedetect-order",
              "confidence": "needs-review"
            },
            {
              "id": "l34-v030",
              "trackId": "lesson_words",
              "sourceUrl": "https://japaflow-audio-bucket.oss-cn-shanghai.aliyuncs.com/textbook-audio/book1-unit9/lesson34/lesson_words.mp3",
              "localAudioPath": "data/ocr/audio-cache/lesson34/lesson_words.mp3",
              "itemIndex": 30,
              "text": "あいます",
              "label": "合います",
              "start": 53.744,
              "end": 54.574,
              "duration": 0.83,
              "speechUnitCount": 1,
              "method": "ffmpeg-silencedetect-order",
              "confidence": "needs-review"
            },
            {
              "id": "l34-v031",
              "trackId": "lesson_words",
              "sourceUrl": "https://japaflow-audio-bucket.oss-cn-shanghai.aliyuncs.com/textbook-audio/book1-unit9/lesson34/lesson_words.mp3",
              "localAudioPath": "data/ocr/audio-cache/lesson34/lesson_words.mp3",
              "itemIndex": 31,
              "text": "もどします",
              "label": "戻します",
              "start": 55.35,
              "end": 56.368,
              "duration": 1.017,
              "speechUnitCount": 1,
              "method": "ffmpeg-silencedetect-order",
              "confidence": "needs-review"
            },
            {
              "id": "l34-v032",
              "trackId": "lesson_words",
              "sourceUrl": "https://japaflow-audio-bucket.oss-cn-shanghai.aliyuncs.com/textbook-audio/book1-unit9/lesson34/lesson_words.mp3",
              "localAudioPath": "data/ocr/audio-cache/lesson34/lesson_words.mp3",
              "itemIndex": 32,
              "text": "ためます",
              "label": "ためます",
              "start": 56.991,
              "end": 57.848,
              "duration": 0.857,
              "speechUnitCount": 1,
              "method": "ffmpeg-silencedetect-order",
              "confidence": "needs-review"
            },
            {
              "id": "l34-v033",
              "trackId": "lesson_words",
              "sourceUrl": "https://japaflow-audio-bucket.oss-cn-shanghai.aliyuncs.com/textbook-audio/book1-unit9/lesson34/lesson_words.mp3",
              "localAudioPath": "data/ocr/audio-cache/lesson34/lesson_words.mp3",
              "itemIndex": 33,
              "text": "ならべます",
              "label": "並べます",
              "start": 58.552,
              "end": 59.562,
              "duration": 1.01,
              "speechUnitCount": 1,
              "method": "ffmpeg-silencedetect-order",
              "confidence": "needs-review"
            },
            {
              "id": "l34-v034",
              "trackId": "lesson_words",
              "sourceUrl": "https://japaflow-audio-bucket.oss-cn-shanghai.aliyuncs.com/textbook-audio/book1-unit9/lesson34/lesson_words.mp3",
              "localAudioPath": "data/ocr/audio-cache/lesson34/lesson_words.mp3",
              "itemIndex": 34,
              "text": "あずけます",
              "label": "預けます",
              "start": 60.208,
              "end": 61.24,
              "duration": 1.033,
              "speechUnitCount": 1,
              "method": "ffmpeg-silencedetect-order",
              "confidence": "needs-review"
            },
            {
              "id": "l34-v035",
              "trackId": "lesson_words",
              "sourceUrl": "https://japaflow-audio-bucket.oss-cn-shanghai.aliyuncs.com/textbook-audio/book1-unit9/lesson34/lesson_words.mp3",
              "localAudioPath": "data/ocr/audio-cache/lesson34/lesson_words.mp3",
              "itemIndex": 35,
              "text": "つづけます",
              "label": "続けます",
              "start": 61.756,
              "end": 62.856,
              "duration": 1.1,
              "speechUnitCount": 1,
              "method": "ffmpeg-silencedetect-order",
              "confidence": "needs-review"
            },
            {
              "id": "l34-v036",
              "trackId": "lesson_words",
              "sourceUrl": "https://japaflow-audio-bucket.oss-cn-shanghai.aliyuncs.com/textbook-audio/book1-unit9/lesson34/lesson_words.mp3",
              "localAudioPath": "data/ocr/audio-cache/lesson34/lesson_words.mp3",
              "itemIndex": 36,
              "text": "やせます",
              "label": "やせます",
              "start": 63.499,
              "end": 64.418,
              "duration": 0.919,
              "speechUnitCount": 1,
              "method": "ffmpeg-silencedetect-order",
              "confidence": "needs-review"
            },
            {
              "id": "l34-v037",
              "trackId": "lesson_words",
              "sourceUrl": "https://japaflow-audio-bucket.oss-cn-shanghai.aliyuncs.com/textbook-audio/book1-unit9/lesson34/lesson_words.mp3",
              "localAudioPath": "data/ocr/audio-cache/lesson34/lesson_words.mp3",
              "itemIndex": 37,
              "text": "ほうもんします",
              "label": "訪問します",
              "start": 65.056,
              "end": 66.38,
              "duration": 1.324,
              "speechUnitCount": 1,
              "method": "ffmpeg-silencedetect-order",
              "confidence": "needs-review"
            },
            {
              "id": "l34-v038",
              "trackId": "lesson_words",
              "sourceUrl": "https://japaflow-audio-bucket.oss-cn-shanghai.aliyuncs.com/textbook-audio/book1-unit9/lesson34/lesson_words.mp3",
              "localAudioPath": "data/ocr/audio-cache/lesson34/lesson_words.mp3",
              "itemIndex": 38,
              "text": "ちょきんします",
              "label": "貯金します",
              "start": 67.257,
              "end": 68.636,
              "duration": 1.38,
              "speechUnitCount": 1,
              "method": "ffmpeg-silencedetect-order",
              "confidence": "needs-review"
            },
            {
              "id": "l34-v039",
              "trackId": "lesson_words",
              "sourceUrl": "https://japaflow-audio-bucket.oss-cn-shanghai.aliyuncs.com/textbook-audio/book1-unit9/lesson34/lesson_words.mp3",
              "localAudioPath": "data/ocr/audio-cache/lesson34/lesson_words.mp3",
              "itemIndex": 39,
              "text": "かんげいします",
              "label": "歓迎します",
              "start": 69.259,
              "end": 70.538,
              "duration": 1.279,
              "speechUnitCount": 1,
              "method": "ffmpeg-silencedetect-order",
              "confidence": "needs-review"
            },
            {
              "id": "l34-v040",
              "trackId": "lesson_words",
              "sourceUrl": "https://japaflow-audio-bucket.oss-cn-shanghai.aliyuncs.com/textbook-audio/book1-unit9/lesson34/lesson_words.mp3",
              "localAudioPath": "data/ocr/audio-cache/lesson34/lesson_words.mp3",
              "itemIndex": 40,
              "text": "よういします",
              "label": "用意します",
              "start": 71.451,
              "end": 72.661,
              "duration": 1.21,
              "speechUnitCount": 1,
              "method": "ffmpeg-silencedetect-order",
              "confidence": "needs-review"
            },
            {
              "id": "l34-v041",
              "trackId": "lesson_words",
              "sourceUrl": "https://japaflow-audio-bucket.oss-cn-shanghai.aliyuncs.com/textbook-audio/book1-unit9/lesson34/lesson_words.mp3",
              "localAudioPath": "data/ocr/audio-cache/lesson34/lesson_words.mp3",
              "itemIndex": 41,
              "text": "おかしい",
              "label": "おかしい",
              "start": 73.38,
              "end": 74.201,
              "duration": 0.821,
              "speechUnitCount": 1,
              "method": "ffmpeg-silencedetect-order",
              "confidence": "needs-review"
            },
            {
              "id": "l34-v042",
              "trackId": "lesson_words",
              "sourceUrl": "https://japaflow-audio-bucket.oss-cn-shanghai.aliyuncs.com/textbook-audio/book1-unit9/lesson34/lesson_words.mp3",
              "localAudioPath": "data/ocr/audio-cache/lesson34/lesson_words.mp3",
              "itemIndex": 42,
              "text": "ひどい",
              "label": "ひどい",
              "start": 75.048,
              "end": 75.717,
              "duration": 0.669,
              "speechUnitCount": 1,
              "method": "ffmpeg-silencedetect-order",
              "confidence": "needs-review"
            },
            {
              "id": "l34-v043",
              "trackId": "lesson_words",
              "sourceUrl": "https://japaflow-audio-bucket.oss-cn-shanghai.aliyuncs.com/textbook-audio/book1-unit9/lesson34/lesson_words.mp3",
              "localAudioPath": "data/ocr/audio-cache/lesson34/lesson_words.mp3",
              "itemIndex": 43,
              "text": "もったいない",
              "label": "もったいない",
              "start": 76.549,
              "end": 77.58,
              "duration": 1.032,
              "speechUnitCount": 1,
              "method": "ffmpeg-silencedetect-order",
              "confidence": "needs-review"
            },
            {
              "id": "l34-v044",
              "trackId": "lesson_words",
              "sourceUrl": "https://japaflow-audio-bucket.oss-cn-shanghai.aliyuncs.com/textbook-audio/book1-unit9/lesson34/lesson_words.mp3",
              "localAudioPath": "data/ocr/audio-cache/lesson34/lesson_words.mp3",
              "itemIndex": 44,
              "text": "ゆうしゅう",
              "label": "優秀",
              "start": 78.496,
              "end": 79.466,
              "duration": 0.97,
              "speechUnitCount": 1,
              "method": "ffmpeg-silencedetect-order",
              "confidence": "needs-review"
            },
            {
              "id": "l34-v045",
              "trackId": "lesson_words",
              "sourceUrl": "https://japaflow-audio-bucket.oss-cn-shanghai.aliyuncs.com/textbook-audio/book1-unit9/lesson34/lesson_words.mp3",
              "localAudioPath": "data/ocr/audio-cache/lesson34/lesson_words.mp3",
              "itemIndex": 45,
              "text": "さいこう",
              "label": "最高",
              "start": 80.027,
              "end": 81.061,
              "duration": 1.034,
              "speechUnitCount": 1,
              "method": "ffmpeg-silencedetect-order",
              "confidence": "needs-review"
            },
            {
              "id": "l34-v046",
              "trackId": "lesson_words",
              "sourceUrl": "https://japaflow-audio-bucket.oss-cn-shanghai.aliyuncs.com/textbook-audio/book1-unit9/lesson34/lesson_words.mp3",
              "localAudioPath": "data/ocr/audio-cache/lesson34/lesson_words.mp3",
              "itemIndex": 46,
              "text": "しっかり",
              "label": "しっかり",
              "start": 81.945,
              "end": 82.814,
              "duration": 0.869,
              "speechUnitCount": 1,
              "method": "ffmpeg-silencedetect-order",
              "confidence": "needs-review"
            },
            {
              "id": "l34-v047",
              "trackId": "lesson_words",
              "sourceUrl": "https://japaflow-audio-bucket.oss-cn-shanghai.aliyuncs.com/textbook-audio/book1-unit9/lesson34/lesson_words.mp3",
              "localAudioPath": "data/ocr/audio-cache/lesson34/lesson_words.mp3",
              "itemIndex": 47,
              "text": "ひじょうに",
              "label": "非常に",
              "start": 83.555,
              "end": 84.418,
              "duration": 0.863,
              "speechUnitCount": 1,
              "method": "ffmpeg-silencedetect-order",
              "confidence": "needs-review"
            },
            {
              "id": "l34-v048",
              "trackId": "lesson_words",
              "sourceUrl": "https://japaflow-audio-bucket.oss-cn-shanghai.aliyuncs.com/textbook-audio/book1-unit9/lesson34/lesson_words.mp3",
              "localAudioPath": "data/ocr/audio-cache/lesson34/lesson_words.mp3",
              "itemIndex": 48,
              "text": "こんなに",
              "label": "こんなに",
              "start": 85.471,
              "end": 86.409,
              "duration": 0.938,
              "speechUnitCount": 1,
              "method": "ffmpeg-silencedetect-order",
              "confidence": "needs-review"
            },
            {
              "id": "l34-v049",
              "trackId": "lesson_words",
              "sourceUrl": "https://japaflow-audio-bucket.oss-cn-shanghai.aliyuncs.com/textbook-audio/book1-unit9/lesson34/lesson_words.mp3",
              "localAudioPath": "data/ocr/audio-cache/lesson34/lesson_words.mp3",
              "itemIndex": 49,
              "text": "いっしょうけんめい",
              "label": "一生懸命",
              "start": 87.229,
              "end": 88.595,
              "duration": 1.366,
              "speechUnitCount": 1,
              "method": "ffmpeg-silencedetect-order",
              "confidence": "needs-review"
            },
            {
              "id": "l34-v050",
              "trackId": "lesson_words",
              "sourceUrl": "https://japaflow-audio-bucket.oss-cn-shanghai.aliyuncs.com/textbook-audio/book1-unit9/lesson34/lesson_words.mp3",
              "localAudioPath": "data/ocr/audio-cache/lesson34/lesson_words.mp3",
              "itemIndex": 50,
              "text": "うわあ",
              "label": "うわあ",
              "start": 89.931,
              "end": 90.738,
              "duration": 0.807,
              "speechUnitCount": 1,
              "method": "ffmpeg-silencedetect-order",
              "confidence": "needs-review"
            },
            {
              "id": "l34-v051",
              "trackId": "lesson_words",
              "sourceUrl": "https://japaflow-audio-bucket.oss-cn-shanghai.aliyuncs.com/textbook-audio/book1-unit9/lesson34/lesson_words.mp3",
              "localAudioPath": "data/ocr/audio-cache/lesson34/lesson_words.mp3",
              "itemIndex": 51,
              "text": "このまま",
              "label": "このまま",
              "start": 91.929,
              "end": 92.697,
              "duration": 0.768,
              "speechUnitCount": 1,
              "method": "ffmpeg-silencedetect-order",
              "confidence": "needs-review"
            },
            {
              "id": "l34-v052",
              "trackId": "lesson_words",
              "sourceUrl": "https://japaflow-audio-bucket.oss-cn-shanghai.aliyuncs.com/textbook-audio/book1-unit9/lesson34/lesson_words.mp3",
              "localAudioPath": "data/ocr/audio-cache/lesson34/lesson_words.mp3",
              "itemIndex": 52,
              "text": "いただきます",
              "label": "いただきます",
              "start": 93.677,
              "end": 94.853,
              "duration": 1.176,
              "speechUnitCount": 1,
              "method": "ffmpeg-silencedetect-order",
              "confidence": "needs-review"
            },
            {
              "id": "l34-v053",
              "trackId": "lesson_words",
              "sourceUrl": "https://japaflow-audio-bucket.oss-cn-shanghai.aliyuncs.com/textbook-audio/book1-unit9/lesson34/lesson_words.mp3",
              "localAudioPath": "data/ocr/audio-cache/lesson34/lesson_words.mp3",
              "itemIndex": 53,
              "text": "えんりょなく",
              "label": "遠慮なく",
              "start": 95.433,
              "end": 96.308,
              "duration": 0.875,
              "speechUnitCount": 1,
              "method": "ffmpeg-silencedetect-order",
              "confidence": "needs-review"
            },
            {
              "id": "l34-v054",
              "trackId": "lesson_words",
              "sourceUrl": "https://japaflow-audio-bucket.oss-cn-shanghai.aliyuncs.com/textbook-audio/book1-unit9/lesson34/lesson_words.mp3",
              "localAudioPath": "data/ocr/audio-cache/lesson34/lesson_words.mp3",
              "itemIndex": 54,
              "text": "〜ぶ",
              "label": "〜部",
              "start": 97.546,
              "end": 97.917,
              "duration": 0.371,
              "speechUnitCount": 1,
              "method": "ffmpeg-silencedetect-order",
              "confidence": "needs-review"
            }
          ]
        }
      }
    }
  }
}
