{
  "lessonId": 26,
  "target": "vocabulary",
  "generatedAt": "2026-08-05T11:03:15.430Z",
  "outputs": {
    "vocabulary": "data/ocr/lesson26-vocabulary-audio.json"
  },
  "summaries": [
    {
      "trackId": "lesson_words",
      "sourceUrl": "https://japaflow-audio-bucket.oss-cn-shanghai.aliyuncs.com/textbook-audio/book1-unit7/lesson26/lesson_words.mp3",
      "duration": 77.92,
      "expectedItems": 46,
      "expectedSpeechUnits": 46,
      "skippedSpeechUnits": 0,
      "detectedSpeechIntervals": 47,
      "mappedSegments": 46,
      "selectedProfile": {
        "noiseDb": -36,
        "minSilence": 0.2
      },
      "warnings": [
        "lesson_words: detected 47 speech interval(s), mapped to 46 speech unit(s).",
        "lesson_words: interval adjustment = trimmed-tail."
      ]
    }
  ],
  "vocabularyData": {
    "lessonId": "lesson26",
    "sourceImages": [
      {
        "path": "course-assets/by-lesson/lesson26/page23.webp",
        "pageNo": 23
      }
    ],
    "vocabulary": [
      {
        "id": "l26-v001",
        "kana": "おおあめ",
        "writing": "大雨",
        "meaningZh": [
          "大雨"
        ],
        "partOfSpeech": "名",
        "rawText": "おおあめ（大雨）[名] 大雨",
        "confidence": "high",
        "audioSegment": {
          "id": "l26-v001",
          "trackId": "lesson_words",
          "sourceUrl": "https://japaflow-audio-bucket.oss-cn-shanghai.aliyuncs.com/textbook-audio/book1-unit7/lesson26/lesson_words.mp3",
          "localAudioPath": "data/ocr/audio-cache/lesson26/lesson_words.mp3",
          "itemIndex": 1,
          "text": "おおあめ",
          "label": "大雨",
          "start": 0.663,
          "end": 1.403,
          "duration": 0.739,
          "speechUnitCount": 1,
          "method": "ffmpeg-silencedetect-order",
          "confidence": "needs-review"
        }
      },
      {
        "id": "l26-v002",
        "kana": "さくら",
        "writing": "桜",
        "meaningZh": [
          "樱花"
        ],
        "partOfSpeech": "名",
        "rawText": "さくら（桜）[名] 樱花",
        "confidence": "high",
        "audioSegment": {
          "id": "l26-v002",
          "trackId": "lesson_words",
          "sourceUrl": "https://japaflow-audio-bucket.oss-cn-shanghai.aliyuncs.com/textbook-audio/book1-unit7/lesson26/lesson_words.mp3",
          "localAudioPath": "data/ocr/audio-cache/lesson26/lesson_words.mp3",
          "itemIndex": 2,
          "text": "さくら",
          "label": "桜",
          "start": 2.22,
          "end": 3,
          "duration": 0.781,
          "speechUnitCount": 1,
          "method": "ffmpeg-silencedetect-order",
          "confidence": "needs-review"
        }
      },
      {
        "id": "l26-v003",
        "kana": "かぜ",
        "writing": "風",
        "meaningZh": [
          "风"
        ],
        "partOfSpeech": "名",
        "rawText": "かぜ（風）[名] 风",
        "confidence": "high",
        "audioSegment": {
          "id": "l26-v003",
          "trackId": "lesson_words",
          "sourceUrl": "https://japaflow-audio-bucket.oss-cn-shanghai.aliyuncs.com/textbook-audio/book1-unit7/lesson26/lesson_words.mp3",
          "localAudioPath": "data/ocr/audio-cache/lesson26/lesson_words.mp3",
          "itemIndex": 3,
          "text": "かぜ",
          "label": "風",
          "start": 3.646,
          "end": 4.188,
          "duration": 0.542,
          "speechUnitCount": 1,
          "method": "ffmpeg-silencedetect-order",
          "confidence": "needs-review"
        }
      },
      {
        "id": "l26-v004",
        "kana": "つき",
        "writing": "月",
        "meaningZh": [
          "月亮"
        ],
        "partOfSpeech": "名",
        "rawText": "つき（月）[名] 月亮",
        "confidence": "high",
        "audioSegment": {
          "id": "l26-v004",
          "trackId": "lesson_words",
          "sourceUrl": "https://japaflow-audio-bucket.oss-cn-shanghai.aliyuncs.com/textbook-audio/book1-unit7/lesson26/lesson_words.mp3",
          "localAudioPath": "data/ocr/audio-cache/lesson26/lesson_words.mp3",
          "itemIndex": 4,
          "text": "つき",
          "label": "月",
          "start": 4.927,
          "end": 5.496,
          "duration": 0.568,
          "speechUnitCount": 1,
          "method": "ffmpeg-silencedetect-order",
          "confidence": "needs-review"
        }
      },
      {
        "id": "l26-v005",
        "kana": "ひょう",
        "writing": "表",
        "meaningZh": [
          "表"
        ],
        "partOfSpeech": "名",
        "rawText": "ひょう（表）[名] 表",
        "confidence": "high",
        "audioSegment": {
          "id": "l26-v005",
          "trackId": "lesson_words",
          "sourceUrl": "https://japaflow-audio-bucket.oss-cn-shanghai.aliyuncs.com/textbook-audio/book1-unit7/lesson26/lesson_words.mp3",
          "localAudioPath": "data/ocr/audio-cache/lesson26/lesson_words.mp3",
          "itemIndex": 5,
          "text": "ひょう",
          "label": "表",
          "start": 6.251,
          "end": 6.808,
          "duration": 0.557,
          "speechUnitCount": 1,
          "method": "ffmpeg-silencedetect-order",
          "confidence": "needs-review"
        }
      },
      {
        "id": "l26-v006",
        "kana": "あくしゅ",
        "writing": "握手",
        "meaningZh": [
          "握手"
        ],
        "partOfSpeech": "名",
        "rawText": "あくしゅ（握手）[名] 握手",
        "confidence": "high",
        "audioSegment": {
          "id": "l26-v006",
          "trackId": "lesson_words",
          "sourceUrl": "https://japaflow-audio-bucket.oss-cn-shanghai.aliyuncs.com/textbook-audio/book1-unit7/lesson26/lesson_words.mp3",
          "localAudioPath": "data/ocr/audio-cache/lesson26/lesson_words.mp3",
          "itemIndex": 6,
          "text": "あくしゅ",
          "label": "握手",
          "start": 7.86,
          "end": 8.497,
          "duration": 0.638,
          "speechUnitCount": 1,
          "method": "ffmpeg-silencedetect-order",
          "confidence": "needs-review"
        }
      },
      {
        "id": "l26-v007",
        "kana": "しゅうかん",
        "writing": "習慣",
        "meaningZh": [
          "习惯"
        ],
        "partOfSpeech": "名",
        "rawText": "しゅうかん（習慣）[名] 习惯",
        "confidence": "high",
        "audioSegment": {
          "id": "l26-v007",
          "trackId": "lesson_words",
          "sourceUrl": "https://japaflow-audio-bucket.oss-cn-shanghai.aliyuncs.com/textbook-audio/book1-unit7/lesson26/lesson_words.mp3",
          "localAudioPath": "data/ocr/audio-cache/lesson26/lesson_words.mp3",
          "itemIndex": 7,
          "text": "しゅうかん",
          "label": "習慣",
          "start": 9.019,
          "end": 9.91,
          "duration": 0.891,
          "speechUnitCount": 1,
          "method": "ffmpeg-silencedetect-order",
          "confidence": "needs-review"
        }
      },
      {
        "id": "l26-v008",
        "kana": "おじぎ",
        "writing": "お辞儀",
        "meaningZh": [
          "鞠躬"
        ],
        "partOfSpeech": "名",
        "rawText": "おじぎ（お辞儀）[名] 鞠躬",
        "confidence": "high",
        "audioSegment": {
          "id": "l26-v008",
          "trackId": "lesson_words",
          "sourceUrl": "https://japaflow-audio-bucket.oss-cn-shanghai.aliyuncs.com/textbook-audio/book1-unit7/lesson26/lesson_words.mp3",
          "localAudioPath": "data/ocr/audio-cache/lesson26/lesson_words.mp3",
          "itemIndex": 8,
          "text": "おじぎ",
          "label": "お辞儀",
          "start": 10.861,
          "end": 11.519,
          "duration": 0.658,
          "speechUnitCount": 1,
          "method": "ffmpeg-silencedetect-order",
          "confidence": "needs-review"
        }
      },
      {
        "id": "l26-v009",
        "kana": "あいさつ",
        "writing": "あいさつ",
        "meaningZh": [
          "寒暄"
        ],
        "partOfSpeech": "名",
        "rawText": "あいさつ [名] 寒暄",
        "confidence": "high",
        "audioSegment": {
          "id": "l26-v009",
          "trackId": "lesson_words",
          "sourceUrl": "https://japaflow-audio-bucket.oss-cn-shanghai.aliyuncs.com/textbook-audio/book1-unit7/lesson26/lesson_words.mp3",
          "localAudioPath": "data/ocr/audio-cache/lesson26/lesson_words.mp3",
          "itemIndex": 9,
          "text": "あいさつ",
          "label": "あいさつ",
          "start": 12.076,
          "end": 12.828,
          "duration": 0.752,
          "speechUnitCount": 1,
          "method": "ffmpeg-silencedetect-order",
          "confidence": "needs-review"
        }
      },
      {
        "id": "l26-v010",
        "kana": "て",
        "writing": "手",
        "meaningZh": [
          "手"
        ],
        "partOfSpeech": "名",
        "rawText": "て（手）[名] 手",
        "confidence": "high",
        "audioSegment": {
          "id": "l26-v010",
          "trackId": "lesson_words",
          "sourceUrl": "https://japaflow-audio-bucket.oss-cn-shanghai.aliyuncs.com/textbook-audio/book1-unit7/lesson26/lesson_words.mp3",
          "localAudioPath": "data/ocr/audio-cache/lesson26/lesson_words.mp3",
          "itemIndex": 10,
          "text": "て",
          "label": "手",
          "start": 13.783,
          "end": 14.08,
          "duration": 0.298,
          "speechUnitCount": 1,
          "method": "ffmpeg-silencedetect-order",
          "confidence": "needs-review"
        }
      },
      {
        "id": "l26-v011",
        "kana": "おきゃくさん",
        "writing": "お客さん",
        "meaningZh": [
          "顾客",
          "客人"
        ],
        "partOfSpeech": "名",
        "rawText": "おきゃくさん（お客さん）[名] 顾客，客人",
        "confidence": "high",
        "audioSegment": {
          "id": "l26-v011",
          "trackId": "lesson_words",
          "sourceUrl": "https://japaflow-audio-bucket.oss-cn-shanghai.aliyuncs.com/textbook-audio/book1-unit7/lesson26/lesson_words.mp3",
          "localAudioPath": "data/ocr/audio-cache/lesson26/lesson_words.mp3",
          "itemIndex": 11,
          "text": "おきゃくさん",
          "label": "お客さん",
          "start": 14.896,
          "end": 15.761,
          "duration": 0.865,
          "speechUnitCount": 1,
          "method": "ffmpeg-silencedetect-order",
          "confidence": "needs-review"
        }
      },
      {
        "id": "l26-v012",
        "kana": "ふつう",
        "writing": "普通",
        "meaningZh": [
          "一般",
          "普通"
        ],
        "partOfSpeech": "名",
        "rawText": "ふつう（普通）[名] 一般，普通",
        "confidence": "high",
        "audioSegment": {
          "id": "l26-v012",
          "trackId": "lesson_words",
          "sourceUrl": "https://japaflow-audio-bucket.oss-cn-shanghai.aliyuncs.com/textbook-audio/book1-unit7/lesson26/lesson_words.mp3",
          "localAudioPath": "data/ocr/audio-cache/lesson26/lesson_words.mp3",
          "itemIndex": 12,
          "text": "ふつう",
          "label": "普通",
          "start": 16.418,
          "end": 17.198,
          "duration": 0.78,
          "speechUnitCount": 1,
          "method": "ffmpeg-silencedetect-order",
          "confidence": "needs-review"
        }
      },
      {
        "id": "l26-v013",
        "kana": "つぎ",
        "writing": "次",
        "meaningZh": [
          "这回",
          "下面",
          "下回"
        ],
        "partOfSpeech": "名",
        "rawText": "つぎ（次）[名] 这回，下面，下回",
        "confidence": "high",
        "audioSegment": {
          "id": "l26-v013",
          "trackId": "lesson_words",
          "sourceUrl": "https://japaflow-audio-bucket.oss-cn-shanghai.aliyuncs.com/textbook-audio/book1-unit7/lesson26/lesson_words.mp3",
          "localAudioPath": "data/ocr/audio-cache/lesson26/lesson_words.mp3",
          "itemIndex": 13,
          "text": "つぎ",
          "label": "次",
          "start": 17.771,
          "end": 18.334,
          "duration": 0.563,
          "speechUnitCount": 1,
          "method": "ffmpeg-silencedetect-order",
          "confidence": "needs-review"
        }
      },
      {
        "id": "l26-v014",
        "kana": "スーパー",
        "writing": "スーパー",
        "meaningZh": [
          "超市"
        ],
        "partOfSpeech": "名",
        "rawText": "スーパー [名] 超市",
        "confidence": "high",
        "audioSegment": {
          "id": "l26-v014",
          "trackId": "lesson_words",
          "sourceUrl": "https://japaflow-audio-bucket.oss-cn-shanghai.aliyuncs.com/textbook-audio/book1-unit7/lesson26/lesson_words.mp3",
          "localAudioPath": "data/ocr/audio-cache/lesson26/lesson_words.mp3",
          "itemIndex": 14,
          "text": "スーパー",
          "label": "スーパー",
          "start": 19.256,
          "end": 20.202,
          "duration": 0.946,
          "speechUnitCount": 1,
          "method": "ffmpeg-silencedetect-order",
          "confidence": "needs-review"
        }
      },
      {
        "id": "l26-v015",
        "kana": "りょうきん",
        "writing": "料金",
        "meaningZh": [
          "费用"
        ],
        "partOfSpeech": "名",
        "rawText": "りょうきん（料金）[名] 费用",
        "confidence": "high",
        "audioSegment": {
          "id": "l26-v015",
          "trackId": "lesson_words",
          "sourceUrl": "https://japaflow-audio-bucket.oss-cn-shanghai.aliyuncs.com/textbook-audio/book1-unit7/lesson26/lesson_words.mp3",
          "localAudioPath": "data/ocr/audio-cache/lesson26/lesson_words.mp3",
          "itemIndex": 15,
          "text": "りょうきん",
          "label": "料金",
          "start": 20.694,
          "end": 21.434,
          "duration": 0.74,
          "speechUnitCount": 1,
          "method": "ffmpeg-silencedetect-order",
          "confidence": "needs-review"
        }
      },
      {
        "id": "l26-v016",
        "kana": "かいひ",
        "writing": "会費",
        "meaningZh": [
          "会费"
        ],
        "partOfSpeech": "名",
        "rawText": "かいひ（会費）[名] 会费",
        "confidence": "high",
        "audioSegment": {
          "id": "l26-v016",
          "trackId": "lesson_words",
          "sourceUrl": "https://japaflow-audio-bucket.oss-cn-shanghai.aliyuncs.com/textbook-audio/book1-unit7/lesson26/lesson_words.mp3",
          "localAudioPath": "data/ocr/audio-cache/lesson26/lesson_words.mp3",
          "itemIndex": 16,
          "text": "かいひ",
          "label": "会費",
          "start": 22.697,
          "end": 23.431,
          "duration": 0.734,
          "speechUnitCount": 1,
          "method": "ffmpeg-silencedetect-order",
          "confidence": "needs-review"
        }
      },
      {
        "id": "l26-v017",
        "kana": "バーゲン",
        "writing": "バーゲン",
        "meaningZh": [
          "降价出售"
        ],
        "partOfSpeech": "名",
        "rawText": "バーゲン [名] 降价出售",
        "confidence": "high",
        "audioSegment": {
          "id": "l26-v017",
          "trackId": "lesson_words",
          "sourceUrl": "https://japaflow-audio-bucket.oss-cn-shanghai.aliyuncs.com/textbook-audio/book1-unit7/lesson26/lesson_words.mp3",
          "localAudioPath": "data/ocr/audio-cache/lesson26/lesson_words.mp3",
          "itemIndex": 17,
          "text": "バーゲン",
          "label": "バーゲン",
          "start": 24.09,
          "end": 24.841,
          "duration": 0.751,
          "speechUnitCount": 1,
          "method": "ffmpeg-silencedetect-order",
          "confidence": "needs-review"
        }
      },
      {
        "id": "l26-v018",
        "kana": "クレジットカード",
        "writing": "クレジットカード",
        "meaningZh": [
          "信用卡"
        ],
        "partOfSpeech": "名",
        "rawText": "クレジットカード [名] 信用卡",
        "confidence": "high",
        "audioSegment": {
          "id": "l26-v018",
          "trackId": "lesson_words",
          "sourceUrl": "https://japaflow-audio-bucket.oss-cn-shanghai.aliyuncs.com/textbook-audio/book1-unit7/lesson26/lesson_words.mp3",
          "localAudioPath": "data/ocr/audio-cache/lesson26/lesson_words.mp3",
          "itemIndex": 18,
          "text": "クレジットカード",
          "label": "クレジットカード",
          "start": 25.85,
          "end": 27.248,
          "duration": 1.399,
          "speechUnitCount": 1,
          "method": "ffmpeg-silencedetect-order",
          "confidence": "needs-review"
        }
      },
      {
        "id": "l26-v019",
        "kana": "いろえんぴつ",
        "writing": "色鉛筆",
        "meaningZh": [
          "彩色铅笔"
        ],
        "partOfSpeech": "名",
        "rawText": "いろえんぴつ（色鉛筆）[名] 彩色铅笔",
        "confidence": "high",
        "audioSegment": {
          "id": "l26-v019",
          "trackId": "lesson_words",
          "sourceUrl": "https://japaflow-audio-bucket.oss-cn-shanghai.aliyuncs.com/textbook-audio/book1-unit7/lesson26/lesson_words.mp3",
          "localAudioPath": "data/ocr/audio-cache/lesson26/lesson_words.mp3",
          "itemIndex": 19,
          "text": "いろえんぴつ",
          "label": "色鉛筆",
          "start": 27.801,
          "end": 28.809,
          "duration": 1.008,
          "speechUnitCount": 1,
          "method": "ffmpeg-silencedetect-order",
          "confidence": "needs-review"
        }
      },
      {
        "id": "l26-v020",
        "kana": "ほうさく",
        "writing": "豊作",
        "meaningZh": [
          "丰收"
        ],
        "partOfSpeech": "名",
        "rawText": "ほうさく（豊作）[名] 丰收",
        "confidence": "high",
        "audioSegment": {
          "id": "l26-v020",
          "trackId": "lesson_words",
          "sourceUrl": "https://japaflow-audio-bucket.oss-cn-shanghai.aliyuncs.com/textbook-audio/book1-unit7/lesson26/lesson_words.mp3",
          "localAudioPath": "data/ocr/audio-cache/lesson26/lesson_words.mp3",
          "itemIndex": 20,
          "text": "ほうさく",
          "label": "豊作",
          "start": 30.073,
          "end": 30.941,
          "duration": 0.868,
          "speechUnitCount": 1,
          "method": "ffmpeg-silencedetect-order",
          "confidence": "needs-review"
        }
      },
      {
        "id": "l26-v021",
        "kana": "なか",
        "writing": "仲",
        "meaningZh": [
          "关系",
          "友情",
          "友谊"
        ],
        "partOfSpeech": "名",
        "rawText": "なか（仲）[名] 关系，友情，友谊",
        "confidence": "high",
        "audioSegment": {
          "id": "l26-v021",
          "trackId": "lesson_words",
          "sourceUrl": "https://japaflow-audio-bucket.oss-cn-shanghai.aliyuncs.com/textbook-audio/book1-unit7/lesson26/lesson_words.mp3",
          "localAudioPath": "data/ocr/audio-cache/lesson26/lesson_words.mp3",
          "itemIndex": 21,
          "text": "なか",
          "label": "仲",
          "start": 31.561,
          "end": 32.105,
          "duration": 0.545,
          "speechUnitCount": 1,
          "method": "ffmpeg-silencedetect-order",
          "confidence": "needs-review"
        }
      },
      {
        "id": "l26-v022",
        "kana": "わすれもの",
        "writing": "忘れ物",
        "meaningZh": [
          "忘记的东西",
          "遗忘的物品"
        ],
        "partOfSpeech": "名",
        "rawText": "わすれもの（忘れ物）[名] 忘记的东西，遗忘的物品",
        "confidence": "high",
        "audioSegment": {
          "id": "l26-v022",
          "trackId": "lesson_words",
          "sourceUrl": "https://japaflow-audio-bucket.oss-cn-shanghai.aliyuncs.com/textbook-audio/book1-unit7/lesson26/lesson_words.mp3",
          "localAudioPath": "data/ocr/audio-cache/lesson26/lesson_words.mp3",
          "itemIndex": 22,
          "text": "わすれもの",
          "label": "忘れ物",
          "start": 33.221,
          "end": 34.236,
          "duration": 1.015,
          "speechUnitCount": 1,
          "method": "ffmpeg-silencedetect-order",
          "confidence": "needs-review"
        }
      },
      {
        "id": "l26-v023",
        "kana": "ふせぎます",
        "writing": "防ぎます",
        "meaningZh": [
          "防御",
          "防备",
          "防守"
        ],
        "partOfSpeech": "动1",
        "rawText": "ふせぎます（防ぎます）[动1] 防御，防备，防守",
        "confidence": "high",
        "audioSegment": {
          "id": "l26-v023",
          "trackId": "lesson_words",
          "sourceUrl": "https://japaflow-audio-bucket.oss-cn-shanghai.aliyuncs.com/textbook-audio/book1-unit7/lesson26/lesson_words.mp3",
          "localAudioPath": "data/ocr/audio-cache/lesson26/lesson_words.mp3",
          "itemIndex": 23,
          "text": "ふせぎます",
          "label": "防ぎます",
          "start": 34.732,
          "end": 35.663,
          "duration": 0.931,
          "speechUnitCount": 1,
          "method": "ffmpeg-silencedetect-order",
          "confidence": "needs-review"
        }
      },
      {
        "id": "l26-v024",
        "kana": "まわります",
        "writing": "回ります",
        "meaningZh": [
          "走访",
          "转",
          "绕弯"
        ],
        "partOfSpeech": "动1",
        "rawText": "まわります（回ります）[动1] 走访；转；绕弯",
        "confidence": "high",
        "audioSegment": {
          "id": "l26-v024",
          "trackId": "lesson_words",
          "sourceUrl": "https://japaflow-audio-bucket.oss-cn-shanghai.aliyuncs.com/textbook-audio/book1-unit7/lesson26/lesson_words.mp3",
          "localAudioPath": "data/ocr/audio-cache/lesson26/lesson_words.mp3",
          "itemIndex": 24,
          "text": "まわります",
          "label": "回ります",
          "start": 36.53,
          "end": 37.619,
          "duration": 1.088,
          "speechUnitCount": 1,
          "method": "ffmpeg-silencedetect-order",
          "confidence": "needs-review"
        }
      },
      {
        "id": "l26-v025",
        "kana": "はしります",
        "writing": "走ります",
        "meaningZh": [
          "跑",
          "奔跑"
        ],
        "partOfSpeech": "动1",
        "rawText": "はしります（走ります）[动1] 跑，奔跑",
        "confidence": "high",
        "audioSegment": {
          "id": "l26-v025",
          "trackId": "lesson_words",
          "sourceUrl": "https://japaflow-audio-bucket.oss-cn-shanghai.aliyuncs.com/textbook-audio/book1-unit7/lesson26/lesson_words.mp3",
          "localAudioPath": "data/ocr/audio-cache/lesson26/lesson_words.mp3",
          "itemIndex": 25,
          "text": "はしります",
          "label": "走ります",
          "start": 37.995,
          "end": 38.952,
          "duration": 0.958,
          "speechUnitCount": 1,
          "method": "ffmpeg-silencedetect-order",
          "confidence": "needs-review"
        }
      },
      {
        "id": "l26-v026",
        "kana": "ふきます",
        "writing": "吹きます",
        "meaningZh": [
          "吹"
        ],
        "partOfSpeech": "动1",
        "rawText": "ふきます（吹きます）[动1] 吹",
        "confidence": "high",
        "audioSegment": {
          "id": "l26-v026",
          "trackId": "lesson_words",
          "sourceUrl": "https://japaflow-audio-bucket.oss-cn-shanghai.aliyuncs.com/textbook-audio/book1-unit7/lesson26/lesson_words.mp3",
          "localAudioPath": "data/ocr/audio-cache/lesson26/lesson_words.mp3",
          "itemIndex": 26,
          "text": "ふきます",
          "label": "吹きます",
          "start": 39.863,
          "end": 40.778,
          "duration": 0.915,
          "speechUnitCount": 1,
          "method": "ffmpeg-silencedetect-order",
          "confidence": "needs-review"
        }
      },
      {
        "id": "l26-v027",
        "kana": "あげます",
        "writing": "挙げます",
        "meaningZh": [
          "举",
          "举起"
        ],
        "partOfSpeech": "动2",
        "rawText": "あげます（挙げます）[动2] 举，举起",
        "confidence": "high",
        "audioSegment": {
          "id": "l26-v027",
          "trackId": "lesson_words",
          "sourceUrl": "https://japaflow-audio-bucket.oss-cn-shanghai.aliyuncs.com/textbook-audio/book1-unit7/lesson26/lesson_words.mp3",
          "localAudioPath": "data/ocr/audio-cache/lesson26/lesson_words.mp3",
          "itemIndex": 27,
          "text": "あげます",
          "label": "挙げます",
          "start": 41.369,
          "end": 42.225,
          "duration": 0.856,
          "speechUnitCount": 1,
          "method": "ffmpeg-silencedetect-order",
          "confidence": "needs-review"
        }
      },
      {
        "id": "l26-v028",
        "kana": "たります",
        "writing": "足ります",
        "meaningZh": [
          "足",
          "够"
        ],
        "partOfSpeech": "动2",
        "rawText": "たります（足ります）[动2] 足，够",
        "confidence": "high",
        "audioSegment": {
          "id": "l26-v028",
          "trackId": "lesson_words",
          "sourceUrl": "https://japaflow-audio-bucket.oss-cn-shanghai.aliyuncs.com/textbook-audio/book1-unit7/lesson26/lesson_words.mp3",
          "localAudioPath": "data/ocr/audio-cache/lesson26/lesson_words.mp3",
          "itemIndex": 28,
          "text": "たります",
          "label": "足ります",
          "start": 43.004,
          "end": 43.921,
          "duration": 0.917,
          "speechUnitCount": 1,
          "method": "ffmpeg-silencedetect-order",
          "confidence": "needs-review"
        }
      },
      {
        "id": "l26-v029",
        "kana": "スケッチします",
        "writing": "スケッチします",
        "meaningZh": [
          "素描",
          "写生"
        ],
        "partOfSpeech": "动3",
        "rawText": "スケッチします [动3] 素描，写生",
        "confidence": "high",
        "audioSegment": {
          "id": "l26-v029",
          "trackId": "lesson_words",
          "sourceUrl": "https://japaflow-audio-bucket.oss-cn-shanghai.aliyuncs.com/textbook-audio/book1-unit7/lesson26/lesson_words.mp3",
          "localAudioPath": "data/ocr/audio-cache/lesson26/lesson_words.mp3",
          "itemIndex": 29,
          "text": "スケッチします",
          "label": "スケッチします",
          "start": 44.634,
          "end": 45.942,
          "duration": 1.308,
          "speechUnitCount": 1,
          "method": "ffmpeg-silencedetect-order",
          "confidence": "needs-review"
        }
      },
      {
        "id": "l26-v030",
        "kana": "はつげんします",
        "writing": "発言します",
        "meaningZh": [
          "发言"
        ],
        "partOfSpeech": "动3",
        "rawText": "はつげんします（発言〜）[动3] 发言",
        "confidence": "high",
        "audioSegment": {
          "id": "l26-v030",
          "trackId": "lesson_words",
          "sourceUrl": "https://japaflow-audio-bucket.oss-cn-shanghai.aliyuncs.com/textbook-audio/book1-unit7/lesson26/lesson_words.mp3",
          "localAudioPath": "data/ocr/audio-cache/lesson26/lesson_words.mp3",
          "itemIndex": 30,
          "text": "はつげんします",
          "label": "発言します",
          "start": 47.179,
          "end": 48.579,
          "duration": 1.399,
          "speechUnitCount": 1,
          "method": "ffmpeg-silencedetect-order",
          "confidence": "needs-review"
        }
      },
      {
        "id": "l26-v031",
        "kana": "ゆうしょうします",
        "writing": "優勝します",
        "meaningZh": [
          "得冠军"
        ],
        "partOfSpeech": "动3",
        "rawText": "ゆうしょうします（優勝〜）[动3] 得冠军",
        "confidence": "high",
        "audioSegment": {
          "id": "l26-v031",
          "trackId": "lesson_words",
          "sourceUrl": "https://japaflow-audio-bucket.oss-cn-shanghai.aliyuncs.com/textbook-audio/book1-unit7/lesson26/lesson_words.mp3",
          "localAudioPath": "data/ocr/audio-cache/lesson26/lesson_words.mp3",
          "itemIndex": 31,
          "text": "ゆうしょうします",
          "label": "優勝します",
          "start": 49.15,
          "end": 50.388,
          "duration": 1.238,
          "speechUnitCount": 1,
          "method": "ffmpeg-silencedetect-order",
          "confidence": "needs-review"
        }
      },
      {
        "id": "l26-v032",
        "kana": "ごうかくします",
        "writing": "合格します",
        "meaningZh": [
          "及格",
          "合格"
        ],
        "partOfSpeech": "动3",
        "rawText": "ごうかくします（合格〜）[动3] 及格，合格",
        "confidence": "high",
        "audioSegment": {
          "id": "l26-v032",
          "trackId": "lesson_words",
          "sourceUrl": "https://japaflow-audio-bucket.oss-cn-shanghai.aliyuncs.com/textbook-audio/book1-unit7/lesson26/lesson_words.mp3",
          "localAudioPath": "data/ocr/audio-cache/lesson26/lesson_words.mp3",
          "itemIndex": 32,
          "text": "ごうかくします",
          "label": "合格します",
          "start": 50.984,
          "end": 52.4,
          "duration": 1.416,
          "speechUnitCount": 1,
          "method": "ffmpeg-silencedetect-order",
          "confidence": "needs-review"
        }
      },
      {
        "id": "l26-v033",
        "kana": "やくそくします",
        "writing": "約束します",
        "meaningZh": [
          "约定"
        ],
        "partOfSpeech": "动3",
        "rawText": "やくそくします（約束〜）[动3] 约定",
        "confidence": "high",
        "audioSegment": {
          "id": "l26-v033",
          "trackId": "lesson_words",
          "sourceUrl": "https://japaflow-audio-bucket.oss-cn-shanghai.aliyuncs.com/textbook-audio/book1-unit7/lesson26/lesson_words.mp3",
          "localAudioPath": "data/ocr/audio-cache/lesson26/lesson_words.mp3",
          "itemIndex": 33,
          "text": "やくそくします",
          "label": "約束します",
          "start": 52.763,
          "end": 53.993,
          "duration": 1.23,
          "speechUnitCount": 1,
          "method": "ffmpeg-silencedetect-order",
          "confidence": "needs-review"
        }
      },
      {
        "id": "l26-v034",
        "kana": "もしかしたら",
        "writing": "もしかしたら",
        "meaningZh": [
          "也许"
        ],
        "partOfSpeech": "副",
        "rawText": "もしかしたら [副] 也许",
        "confidence": "high",
        "audioSegment": {
          "id": "l26-v034",
          "trackId": "lesson_words",
          "sourceUrl": "https://japaflow-audio-bucket.oss-cn-shanghai.aliyuncs.com/textbook-audio/book1-unit7/lesson26/lesson_words.mp3",
          "localAudioPath": "data/ocr/audio-cache/lesson26/lesson_words.mp3",
          "itemIndex": 34,
          "text": "もしかしたら",
          "label": "もしかしたら",
          "start": 54.697,
          "end": 55.642,
          "duration": 0.945,
          "speechUnitCount": 1,
          "method": "ffmpeg-silencedetect-order",
          "confidence": "needs-review"
        }
      },
      {
        "id": "l26-v035",
        "kana": "つい",
        "writing": "つい",
        "meaningZh": [
          "不知不觉地",
          "无意中"
        ],
        "partOfSpeech": "副",
        "rawText": "つい [副] 不知不觉地，无意中",
        "confidence": "high",
        "audioSegment": {
          "id": "l26-v035",
          "trackId": "lesson_words",
          "sourceUrl": "https://japaflow-audio-bucket.oss-cn-shanghai.aliyuncs.com/textbook-audio/book1-unit7/lesson26/lesson_words.mp3",
          "localAudioPath": "data/ocr/audio-cache/lesson26/lesson_words.mp3",
          "itemIndex": 35,
          "text": "つい",
          "label": "つい",
          "start": 56.274,
          "end": 56.662,
          "duration": 0.388,
          "speechUnitCount": 1,
          "method": "ffmpeg-silencedetect-order",
          "confidence": "needs-review"
        }
      },
      {
        "id": "l26-v036",
        "kana": "すぐに",
        "writing": "すぐに",
        "meaningZh": [
          "就要",
          "立刻",
          "马上"
        ],
        "partOfSpeech": "副",
        "rawText": "すぐに [副] 就要，立刻，马上",
        "confidence": "high",
        "audioSegment": {
          "id": "l26-v036",
          "trackId": "lesson_words",
          "sourceUrl": "https://japaflow-audio-bucket.oss-cn-shanghai.aliyuncs.com/textbook-audio/book1-unit7/lesson26/lesson_words.mp3",
          "localAudioPath": "data/ocr/audio-cache/lesson26/lesson_words.mp3",
          "itemIndex": 36,
          "text": "すぐに",
          "label": "すぐに",
          "start": 57.713,
          "end": 58.38,
          "duration": 0.667,
          "speechUnitCount": 1,
          "method": "ffmpeg-silencedetect-order",
          "confidence": "needs-review"
        }
      },
      {
        "id": "l26-v037",
        "kana": "ほとんど",
        "writing": "ほとんど",
        "meaningZh": [
          "大部分",
          "几乎"
        ],
        "partOfSpeech": "副",
        "rawText": "ほとんど [副] 大部分，几乎",
        "confidence": "high",
        "audioSegment": {
          "id": "l26-v037",
          "trackId": "lesson_words",
          "sourceUrl": "https://japaflow-audio-bucket.oss-cn-shanghai.aliyuncs.com/textbook-audio/book1-unit7/lesson26/lesson_words.mp3",
          "localAudioPath": "data/ocr/audio-cache/lesson26/lesson_words.mp3",
          "itemIndex": 37,
          "text": "ほとんど",
          "label": "ほとんど",
          "start": 59.118,
          "end": 59.813,
          "duration": 0.695,
          "speechUnitCount": 1,
          "method": "ffmpeg-silencedetect-order",
          "confidence": "needs-review"
        }
      },
      {
        "id": "l26-v038",
        "kana": "それで",
        "writing": "それで",
        "meaningZh": [
          "因此"
        ],
        "partOfSpeech": "连",
        "rawText": "それで [连] 因此",
        "confidence": "high",
        "audioSegment": {
          "id": "l26-v038",
          "trackId": "lesson_words",
          "sourceUrl": "https://japaflow-audio-bucket.oss-cn-shanghai.aliyuncs.com/textbook-audio/book1-unit7/lesson26/lesson_words.mp3",
          "localAudioPath": "data/ocr/audio-cache/lesson26/lesson_words.mp3",
          "itemIndex": 38,
          "text": "それで",
          "label": "それで",
          "start": 60.516,
          "end": 61.282,
          "duration": 0.766,
          "speechUnitCount": 1,
          "method": "ffmpeg-silencedetect-order",
          "confidence": "needs-review"
        }
      },
      {
        "id": "l26-v039",
        "kana": "すずき",
        "writing": "鈴木",
        "meaningZh": [
          "铃木"
        ],
        "partOfSpeech": "专",
        "rawText": "すずき（鈴木）[专] 铃木",
        "confidence": "high",
        "audioSegment": {
          "id": "l26-v039",
          "trackId": "lesson_words",
          "sourceUrl": "https://japaflow-audio-bucket.oss-cn-shanghai.aliyuncs.com/textbook-audio/book1-unit7/lesson26/lesson_words.mp3",
          "localAudioPath": "data/ocr/audio-cache/lesson26/lesson_words.mp3",
          "itemIndex": 39,
          "text": "すずき",
          "label": "鈴木",
          "start": 62.025,
          "end": 62.814,
          "duration": 0.79,
          "speechUnitCount": 1,
          "method": "ffmpeg-silencedetect-order",
          "confidence": "needs-review"
        }
      },
      {
        "id": "l26-v040",
        "kana": "よう",
        "writing": "楊",
        "meaningZh": [
          "杨"
        ],
        "partOfSpeech": "专",
        "rawText": "よう（楊）[专] 杨",
        "confidence": "high",
        "audioSegment": {
          "id": "l26-v040",
          "trackId": "lesson_words",
          "sourceUrl": "https://japaflow-audio-bucket.oss-cn-shanghai.aliyuncs.com/textbook-audio/book1-unit7/lesson26/lesson_words.mp3",
          "localAudioPath": "data/ocr/audio-cache/lesson26/lesson_words.mp3",
          "itemIndex": 40,
          "text": "よう",
          "label": "楊",
          "start": 63.523,
          "end": 64.141,
          "duration": 0.619,
          "speechUnitCount": 1,
          "method": "ffmpeg-silencedetect-order",
          "confidence": "needs-review"
        }
      },
      {
        "id": "l26-v041",
        "kana": "かとう",
        "writing": "加藤",
        "meaningZh": [
          "加藤"
        ],
        "partOfSpeech": "专",
        "rawText": "かとう（加藤）[专] 加藤",
        "confidence": "high",
        "audioSegment": {
          "id": "l26-v041",
          "trackId": "lesson_words",
          "sourceUrl": "https://japaflow-audio-bucket.oss-cn-shanghai.aliyuncs.com/textbook-audio/book1-unit7/lesson26/lesson_words.mp3",
          "localAudioPath": "data/ocr/audio-cache/lesson26/lesson_words.mp3",
          "itemIndex": 41,
          "text": "かとう",
          "label": "加藤",
          "start": 64.81,
          "end": 65.515,
          "duration": 0.705,
          "speechUnitCount": 1,
          "method": "ffmpeg-silencedetect-order",
          "confidence": "needs-review"
        }
      },
      {
        "id": "l26-v042",
        "kana": "ようこ",
        "writing": "葉子",
        "meaningZh": [
          "叶子"
        ],
        "partOfSpeech": "专",
        "rawText": "ようこ（葉子）[专] 叶子",
        "confidence": "high",
        "audioSegment": {
          "id": "l26-v042",
          "trackId": "lesson_words",
          "sourceUrl": "https://japaflow-audio-bucket.oss-cn-shanghai.aliyuncs.com/textbook-audio/book1-unit7/lesson26/lesson_words.mp3",
          "localAudioPath": "data/ocr/audio-cache/lesson26/lesson_words.mp3",
          "itemIndex": 42,
          "text": "ようこ",
          "label": "葉子",
          "start": 66.588,
          "end": 67.274,
          "duration": 0.686,
          "speechUnitCount": 1,
          "method": "ffmpeg-silencedetect-order",
          "confidence": "needs-review"
        }
      },
      {
        "id": "l26-v043",
        "kana": "ひかりデパート",
        "writing": "光デパート",
        "meaningZh": [
          "阳光百货商店"
        ],
        "partOfSpeech": "专",
        "rawText": "ひかりデパート（光〜）[专] 阳光百货商店",
        "confidence": "high",
        "audioSegment": {
          "id": "l26-v043",
          "trackId": "lesson_words",
          "sourceUrl": "https://japaflow-audio-bucket.oss-cn-shanghai.aliyuncs.com/textbook-audio/book1-unit7/lesson26/lesson_words.mp3",
          "localAudioPath": "data/ocr/audio-cache/lesson26/lesson_words.mp3",
          "itemIndex": 43,
          "text": "ひかりデパート",
          "label": "光デパート",
          "start": 68.155,
          "end": 69.289,
          "duration": 1.133,
          "speechUnitCount": 1,
          "method": "ffmpeg-silencedetect-order",
          "confidence": "needs-review"
        }
      },
      {
        "id": "l26-v044",
        "kana": "ペキンタイガース",
        "writing": "北京タイガース",
        "meaningZh": [
          "北京猛虎队〈棒球队名〉"
        ],
        "partOfSpeech": "专",
        "rawText": "ペキンタイガース（北京〜）[专] 北京猛虎队〈棒球队名〉",
        "confidence": "high",
        "audioSegment": {
          "id": "l26-v044",
          "trackId": "lesson_words",
          "sourceUrl": "https://japaflow-audio-bucket.oss-cn-shanghai.aliyuncs.com/textbook-audio/book1-unit7/lesson26/lesson_words.mp3",
          "localAudioPath": "data/ocr/audio-cache/lesson26/lesson_words.mp3",
          "itemIndex": 44,
          "text": "ペキンタイガース",
          "label": "北京タイガース",
          "start": 70.341,
          "end": 71.728,
          "duration": 1.387,
          "speechUnitCount": 1,
          "method": "ffmpeg-silencedetect-order",
          "confidence": "needs-review"
        }
      },
      {
        "id": "l26-v045",
        "kana": "あいさつまわり",
        "writing": "あいさつ回り",
        "meaningZh": [
          "寒暄拜访"
        ],
        "partOfSpeech": null,
        "rawText": "あいさつまわり（あいさつ回り） 寒暄拜访",
        "confidence": "high",
        "audioSegment": {
          "id": "l26-v045",
          "trackId": "lesson_words",
          "sourceUrl": "https://japaflow-audio-bucket.oss-cn-shanghai.aliyuncs.com/textbook-audio/book1-unit7/lesson26/lesson_words.mp3",
          "localAudioPath": "data/ocr/audio-cache/lesson26/lesson_words.mp3",
          "itemIndex": 45,
          "text": "あいさつまわり",
          "label": "あいさつ回り",
          "start": 72.541,
          "end": 73.589,
          "duration": 1.048,
          "speechUnitCount": 1,
          "method": "ffmpeg-silencedetect-order",
          "confidence": "needs-review"
        }
      },
      {
        "id": "l26-v046",
        "kana": "いけない",
        "writing": "いけない",
        "meaningZh": [
          "不行",
          "不好",
          "不可以"
        ],
        "partOfSpeech": null,
        "rawText": "いけない 不行，不好，不可以",
        "confidence": "high",
        "audioSegment": {
          "id": "l26-v046",
          "trackId": "lesson_words",
          "sourceUrl": "https://japaflow-audio-bucket.oss-cn-shanghai.aliyuncs.com/textbook-audio/book1-unit7/lesson26/lesson_words.mp3",
          "localAudioPath": "data/ocr/audio-cache/lesson26/lesson_words.mp3",
          "itemIndex": 46,
          "text": "いけない",
          "label": "いけない",
          "start": 74.439,
          "end": 75.326,
          "duration": 0.887,
          "speechUnitCount": 1,
          "method": "ffmpeg-silencedetect-order",
          "confidence": "needs-review"
        }
      }
    ],
    "warnings": [
      "词汇页末尾的“〜社（〜公司）”未标注完整读音，按规则未输出。"
    ],
    "audioAlignment": {
      "generatedAt": "2026-08-05T11:03:15.430Z",
      "method": "ffmpeg-silencedetect-order",
      "tracks": {
        "lesson_words": {
          "trackId": "lesson_words",
          "sourceUrl": "https://japaflow-audio-bucket.oss-cn-shanghai.aliyuncs.com/textbook-audio/book1-unit7/lesson26/lesson_words.mp3",
          "localAudioPath": "data/ocr/audio-cache/lesson26/lesson_words.mp3",
          "outputPath": "data/ocr/lesson26-vocabulary-audio.json",
          "duration": 77.92,
          "expectedItems": 46,
          "expectedSpeechUnits": 46,
          "skippedSpeechUnits": 0,
          "detectedSpeechIntervals": 47,
          "mappedSegments": 46,
          "selectedProfile": {
            "noiseDb": -36,
            "minSilence": 0.2
          },
          "warnings": [
            "lesson_words: detected 47 speech interval(s), mapped to 46 speech unit(s).",
            "lesson_words: interval adjustment = trimmed-tail."
          ],
          "segments": [
            {
              "id": "l26-v001",
              "trackId": "lesson_words",
              "sourceUrl": "https://japaflow-audio-bucket.oss-cn-shanghai.aliyuncs.com/textbook-audio/book1-unit7/lesson26/lesson_words.mp3",
              "localAudioPath": "data/ocr/audio-cache/lesson26/lesson_words.mp3",
              "itemIndex": 1,
              "text": "おおあめ",
              "label": "大雨",
              "start": 0.663,
              "end": 1.403,
              "duration": 0.739,
              "speechUnitCount": 1,
              "method": "ffmpeg-silencedetect-order",
              "confidence": "needs-review"
            },
            {
              "id": "l26-v002",
              "trackId": "lesson_words",
              "sourceUrl": "https://japaflow-audio-bucket.oss-cn-shanghai.aliyuncs.com/textbook-audio/book1-unit7/lesson26/lesson_words.mp3",
              "localAudioPath": "data/ocr/audio-cache/lesson26/lesson_words.mp3",
              "itemIndex": 2,
              "text": "さくら",
              "label": "桜",
              "start": 2.22,
              "end": 3,
              "duration": 0.781,
              "speechUnitCount": 1,
              "method": "ffmpeg-silencedetect-order",
              "confidence": "needs-review"
            },
            {
              "id": "l26-v003",
              "trackId": "lesson_words",
              "sourceUrl": "https://japaflow-audio-bucket.oss-cn-shanghai.aliyuncs.com/textbook-audio/book1-unit7/lesson26/lesson_words.mp3",
              "localAudioPath": "data/ocr/audio-cache/lesson26/lesson_words.mp3",
              "itemIndex": 3,
              "text": "かぜ",
              "label": "風",
              "start": 3.646,
              "end": 4.188,
              "duration": 0.542,
              "speechUnitCount": 1,
              "method": "ffmpeg-silencedetect-order",
              "confidence": "needs-review"
            },
            {
              "id": "l26-v004",
              "trackId": "lesson_words",
              "sourceUrl": "https://japaflow-audio-bucket.oss-cn-shanghai.aliyuncs.com/textbook-audio/book1-unit7/lesson26/lesson_words.mp3",
              "localAudioPath": "data/ocr/audio-cache/lesson26/lesson_words.mp3",
              "itemIndex": 4,
              "text": "つき",
              "label": "月",
              "start": 4.927,
              "end": 5.496,
              "duration": 0.568,
              "speechUnitCount": 1,
              "method": "ffmpeg-silencedetect-order",
              "confidence": "needs-review"
            },
            {
              "id": "l26-v005",
              "trackId": "lesson_words",
              "sourceUrl": "https://japaflow-audio-bucket.oss-cn-shanghai.aliyuncs.com/textbook-audio/book1-unit7/lesson26/lesson_words.mp3",
              "localAudioPath": "data/ocr/audio-cache/lesson26/lesson_words.mp3",
              "itemIndex": 5,
              "text": "ひょう",
              "label": "表",
              "start": 6.251,
              "end": 6.808,
              "duration": 0.557,
              "speechUnitCount": 1,
              "method": "ffmpeg-silencedetect-order",
              "confidence": "needs-review"
            },
            {
              "id": "l26-v006",
              "trackId": "lesson_words",
              "sourceUrl": "https://japaflow-audio-bucket.oss-cn-shanghai.aliyuncs.com/textbook-audio/book1-unit7/lesson26/lesson_words.mp3",
              "localAudioPath": "data/ocr/audio-cache/lesson26/lesson_words.mp3",
              "itemIndex": 6,
              "text": "あくしゅ",
              "label": "握手",
              "start": 7.86,
              "end": 8.497,
              "duration": 0.638,
              "speechUnitCount": 1,
              "method": "ffmpeg-silencedetect-order",
              "confidence": "needs-review"
            },
            {
              "id": "l26-v007",
              "trackId": "lesson_words",
              "sourceUrl": "https://japaflow-audio-bucket.oss-cn-shanghai.aliyuncs.com/textbook-audio/book1-unit7/lesson26/lesson_words.mp3",
              "localAudioPath": "data/ocr/audio-cache/lesson26/lesson_words.mp3",
              "itemIndex": 7,
              "text": "しゅうかん",
              "label": "習慣",
              "start": 9.019,
              "end": 9.91,
              "duration": 0.891,
              "speechUnitCount": 1,
              "method": "ffmpeg-silencedetect-order",
              "confidence": "needs-review"
            },
            {
              "id": "l26-v008",
              "trackId": "lesson_words",
              "sourceUrl": "https://japaflow-audio-bucket.oss-cn-shanghai.aliyuncs.com/textbook-audio/book1-unit7/lesson26/lesson_words.mp3",
              "localAudioPath": "data/ocr/audio-cache/lesson26/lesson_words.mp3",
              "itemIndex": 8,
              "text": "おじぎ",
              "label": "お辞儀",
              "start": 10.861,
              "end": 11.519,
              "duration": 0.658,
              "speechUnitCount": 1,
              "method": "ffmpeg-silencedetect-order",
              "confidence": "needs-review"
            },
            {
              "id": "l26-v009",
              "trackId": "lesson_words",
              "sourceUrl": "https://japaflow-audio-bucket.oss-cn-shanghai.aliyuncs.com/textbook-audio/book1-unit7/lesson26/lesson_words.mp3",
              "localAudioPath": "data/ocr/audio-cache/lesson26/lesson_words.mp3",
              "itemIndex": 9,
              "text": "あいさつ",
              "label": "あいさつ",
              "start": 12.076,
              "end": 12.828,
              "duration": 0.752,
              "speechUnitCount": 1,
              "method": "ffmpeg-silencedetect-order",
              "confidence": "needs-review"
            },
            {
              "id": "l26-v010",
              "trackId": "lesson_words",
              "sourceUrl": "https://japaflow-audio-bucket.oss-cn-shanghai.aliyuncs.com/textbook-audio/book1-unit7/lesson26/lesson_words.mp3",
              "localAudioPath": "data/ocr/audio-cache/lesson26/lesson_words.mp3",
              "itemIndex": 10,
              "text": "て",
              "label": "手",
              "start": 13.783,
              "end": 14.08,
              "duration": 0.298,
              "speechUnitCount": 1,
              "method": "ffmpeg-silencedetect-order",
              "confidence": "needs-review"
            },
            {
              "id": "l26-v011",
              "trackId": "lesson_words",
              "sourceUrl": "https://japaflow-audio-bucket.oss-cn-shanghai.aliyuncs.com/textbook-audio/book1-unit7/lesson26/lesson_words.mp3",
              "localAudioPath": "data/ocr/audio-cache/lesson26/lesson_words.mp3",
              "itemIndex": 11,
              "text": "おきゃくさん",
              "label": "お客さん",
              "start": 14.896,
              "end": 15.761,
              "duration": 0.865,
              "speechUnitCount": 1,
              "method": "ffmpeg-silencedetect-order",
              "confidence": "needs-review"
            },
            {
              "id": "l26-v012",
              "trackId": "lesson_words",
              "sourceUrl": "https://japaflow-audio-bucket.oss-cn-shanghai.aliyuncs.com/textbook-audio/book1-unit7/lesson26/lesson_words.mp3",
              "localAudioPath": "data/ocr/audio-cache/lesson26/lesson_words.mp3",
              "itemIndex": 12,
              "text": "ふつう",
              "label": "普通",
              "start": 16.418,
              "end": 17.198,
              "duration": 0.78,
              "speechUnitCount": 1,
              "method": "ffmpeg-silencedetect-order",
              "confidence": "needs-review"
            },
            {
              "id": "l26-v013",
              "trackId": "lesson_words",
              "sourceUrl": "https://japaflow-audio-bucket.oss-cn-shanghai.aliyuncs.com/textbook-audio/book1-unit7/lesson26/lesson_words.mp3",
              "localAudioPath": "data/ocr/audio-cache/lesson26/lesson_words.mp3",
              "itemIndex": 13,
              "text": "つぎ",
              "label": "次",
              "start": 17.771,
              "end": 18.334,
              "duration": 0.563,
              "speechUnitCount": 1,
              "method": "ffmpeg-silencedetect-order",
              "confidence": "needs-review"
            },
            {
              "id": "l26-v014",
              "trackId": "lesson_words",
              "sourceUrl": "https://japaflow-audio-bucket.oss-cn-shanghai.aliyuncs.com/textbook-audio/book1-unit7/lesson26/lesson_words.mp3",
              "localAudioPath": "data/ocr/audio-cache/lesson26/lesson_words.mp3",
              "itemIndex": 14,
              "text": "スーパー",
              "label": "スーパー",
              "start": 19.256,
              "end": 20.202,
              "duration": 0.946,
              "speechUnitCount": 1,
              "method": "ffmpeg-silencedetect-order",
              "confidence": "needs-review"
            },
            {
              "id": "l26-v015",
              "trackId": "lesson_words",
              "sourceUrl": "https://japaflow-audio-bucket.oss-cn-shanghai.aliyuncs.com/textbook-audio/book1-unit7/lesson26/lesson_words.mp3",
              "localAudioPath": "data/ocr/audio-cache/lesson26/lesson_words.mp3",
              "itemIndex": 15,
              "text": "りょうきん",
              "label": "料金",
              "start": 20.694,
              "end": 21.434,
              "duration": 0.74,
              "speechUnitCount": 1,
              "method": "ffmpeg-silencedetect-order",
              "confidence": "needs-review"
            },
            {
              "id": "l26-v016",
              "trackId": "lesson_words",
              "sourceUrl": "https://japaflow-audio-bucket.oss-cn-shanghai.aliyuncs.com/textbook-audio/book1-unit7/lesson26/lesson_words.mp3",
              "localAudioPath": "data/ocr/audio-cache/lesson26/lesson_words.mp3",
              "itemIndex": 16,
              "text": "かいひ",
              "label": "会費",
              "start": 22.697,
              "end": 23.431,
              "duration": 0.734,
              "speechUnitCount": 1,
              "method": "ffmpeg-silencedetect-order",
              "confidence": "needs-review"
            },
            {
              "id": "l26-v017",
              "trackId": "lesson_words",
              "sourceUrl": "https://japaflow-audio-bucket.oss-cn-shanghai.aliyuncs.com/textbook-audio/book1-unit7/lesson26/lesson_words.mp3",
              "localAudioPath": "data/ocr/audio-cache/lesson26/lesson_words.mp3",
              "itemIndex": 17,
              "text": "バーゲン",
              "label": "バーゲン",
              "start": 24.09,
              "end": 24.841,
              "duration": 0.751,
              "speechUnitCount": 1,
              "method": "ffmpeg-silencedetect-order",
              "confidence": "needs-review"
            },
            {
              "id": "l26-v018",
              "trackId": "lesson_words",
              "sourceUrl": "https://japaflow-audio-bucket.oss-cn-shanghai.aliyuncs.com/textbook-audio/book1-unit7/lesson26/lesson_words.mp3",
              "localAudioPath": "data/ocr/audio-cache/lesson26/lesson_words.mp3",
              "itemIndex": 18,
              "text": "クレジットカード",
              "label": "クレジットカード",
              "start": 25.85,
              "end": 27.248,
              "duration": 1.399,
              "speechUnitCount": 1,
              "method": "ffmpeg-silencedetect-order",
              "confidence": "needs-review"
            },
            {
              "id": "l26-v019",
              "trackId": "lesson_words",
              "sourceUrl": "https://japaflow-audio-bucket.oss-cn-shanghai.aliyuncs.com/textbook-audio/book1-unit7/lesson26/lesson_words.mp3",
              "localAudioPath": "data/ocr/audio-cache/lesson26/lesson_words.mp3",
              "itemIndex": 19,
              "text": "いろえんぴつ",
              "label": "色鉛筆",
              "start": 27.801,
              "end": 28.809,
              "duration": 1.008,
              "speechUnitCount": 1,
              "method": "ffmpeg-silencedetect-order",
              "confidence": "needs-review"
            },
            {
              "id": "l26-v020",
              "trackId": "lesson_words",
              "sourceUrl": "https://japaflow-audio-bucket.oss-cn-shanghai.aliyuncs.com/textbook-audio/book1-unit7/lesson26/lesson_words.mp3",
              "localAudioPath": "data/ocr/audio-cache/lesson26/lesson_words.mp3",
              "itemIndex": 20,
              "text": "ほうさく",
              "label": "豊作",
              "start": 30.073,
              "end": 30.941,
              "duration": 0.868,
              "speechUnitCount": 1,
              "method": "ffmpeg-silencedetect-order",
              "confidence": "needs-review"
            },
            {
              "id": "l26-v021",
              "trackId": "lesson_words",
              "sourceUrl": "https://japaflow-audio-bucket.oss-cn-shanghai.aliyuncs.com/textbook-audio/book1-unit7/lesson26/lesson_words.mp3",
              "localAudioPath": "data/ocr/audio-cache/lesson26/lesson_words.mp3",
              "itemIndex": 21,
              "text": "なか",
              "label": "仲",
              "start": 31.561,
              "end": 32.105,
              "duration": 0.545,
              "speechUnitCount": 1,
              "method": "ffmpeg-silencedetect-order",
              "confidence": "needs-review"
            },
            {
              "id": "l26-v022",
              "trackId": "lesson_words",
              "sourceUrl": "https://japaflow-audio-bucket.oss-cn-shanghai.aliyuncs.com/textbook-audio/book1-unit7/lesson26/lesson_words.mp3",
              "localAudioPath": "data/ocr/audio-cache/lesson26/lesson_words.mp3",
              "itemIndex": 22,
              "text": "わすれもの",
              "label": "忘れ物",
              "start": 33.221,
              "end": 34.236,
              "duration": 1.015,
              "speechUnitCount": 1,
              "method": "ffmpeg-silencedetect-order",
              "confidence": "needs-review"
            },
            {
              "id": "l26-v023",
              "trackId": "lesson_words",
              "sourceUrl": "https://japaflow-audio-bucket.oss-cn-shanghai.aliyuncs.com/textbook-audio/book1-unit7/lesson26/lesson_words.mp3",
              "localAudioPath": "data/ocr/audio-cache/lesson26/lesson_words.mp3",
              "itemIndex": 23,
              "text": "ふせぎます",
              "label": "防ぎます",
              "start": 34.732,
              "end": 35.663,
              "duration": 0.931,
              "speechUnitCount": 1,
              "method": "ffmpeg-silencedetect-order",
              "confidence": "needs-review"
            },
            {
              "id": "l26-v024",
              "trackId": "lesson_words",
              "sourceUrl": "https://japaflow-audio-bucket.oss-cn-shanghai.aliyuncs.com/textbook-audio/book1-unit7/lesson26/lesson_words.mp3",
              "localAudioPath": "data/ocr/audio-cache/lesson26/lesson_words.mp3",
              "itemIndex": 24,
              "text": "まわります",
              "label": "回ります",
              "start": 36.53,
              "end": 37.619,
              "duration": 1.088,
              "speechUnitCount": 1,
              "method": "ffmpeg-silencedetect-order",
              "confidence": "needs-review"
            },
            {
              "id": "l26-v025",
              "trackId": "lesson_words",
              "sourceUrl": "https://japaflow-audio-bucket.oss-cn-shanghai.aliyuncs.com/textbook-audio/book1-unit7/lesson26/lesson_words.mp3",
              "localAudioPath": "data/ocr/audio-cache/lesson26/lesson_words.mp3",
              "itemIndex": 25,
              "text": "はしります",
              "label": "走ります",
              "start": 37.995,
              "end": 38.952,
              "duration": 0.958,
              "speechUnitCount": 1,
              "method": "ffmpeg-silencedetect-order",
              "confidence": "needs-review"
            },
            {
              "id": "l26-v026",
              "trackId": "lesson_words",
              "sourceUrl": "https://japaflow-audio-bucket.oss-cn-shanghai.aliyuncs.com/textbook-audio/book1-unit7/lesson26/lesson_words.mp3",
              "localAudioPath": "data/ocr/audio-cache/lesson26/lesson_words.mp3",
              "itemIndex": 26,
              "text": "ふきます",
              "label": "吹きます",
              "start": 39.863,
              "end": 40.778,
              "duration": 0.915,
              "speechUnitCount": 1,
              "method": "ffmpeg-silencedetect-order",
              "confidence": "needs-review"
            },
            {
              "id": "l26-v027",
              "trackId": "lesson_words",
              "sourceUrl": "https://japaflow-audio-bucket.oss-cn-shanghai.aliyuncs.com/textbook-audio/book1-unit7/lesson26/lesson_words.mp3",
              "localAudioPath": "data/ocr/audio-cache/lesson26/lesson_words.mp3",
              "itemIndex": 27,
              "text": "あげます",
              "label": "挙げます",
              "start": 41.369,
              "end": 42.225,
              "duration": 0.856,
              "speechUnitCount": 1,
              "method": "ffmpeg-silencedetect-order",
              "confidence": "needs-review"
            },
            {
              "id": "l26-v028",
              "trackId": "lesson_words",
              "sourceUrl": "https://japaflow-audio-bucket.oss-cn-shanghai.aliyuncs.com/textbook-audio/book1-unit7/lesson26/lesson_words.mp3",
              "localAudioPath": "data/ocr/audio-cache/lesson26/lesson_words.mp3",
              "itemIndex": 28,
              "text": "たります",
              "label": "足ります",
              "start": 43.004,
              "end": 43.921,
              "duration": 0.917,
              "speechUnitCount": 1,
              "method": "ffmpeg-silencedetect-order",
              "confidence": "needs-review"
            },
            {
              "id": "l26-v029",
              "trackId": "lesson_words",
              "sourceUrl": "https://japaflow-audio-bucket.oss-cn-shanghai.aliyuncs.com/textbook-audio/book1-unit7/lesson26/lesson_words.mp3",
              "localAudioPath": "data/ocr/audio-cache/lesson26/lesson_words.mp3",
              "itemIndex": 29,
              "text": "スケッチします",
              "label": "スケッチします",
              "start": 44.634,
              "end": 45.942,
              "duration": 1.308,
              "speechUnitCount": 1,
              "method": "ffmpeg-silencedetect-order",
              "confidence": "needs-review"
            },
            {
              "id": "l26-v030",
              "trackId": "lesson_words",
              "sourceUrl": "https://japaflow-audio-bucket.oss-cn-shanghai.aliyuncs.com/textbook-audio/book1-unit7/lesson26/lesson_words.mp3",
              "localAudioPath": "data/ocr/audio-cache/lesson26/lesson_words.mp3",
              "itemIndex": 30,
              "text": "はつげんします",
              "label": "発言します",
              "start": 47.179,
              "end": 48.579,
              "duration": 1.399,
              "speechUnitCount": 1,
              "method": "ffmpeg-silencedetect-order",
              "confidence": "needs-review"
            },
            {
              "id": "l26-v031",
              "trackId": "lesson_words",
              "sourceUrl": "https://japaflow-audio-bucket.oss-cn-shanghai.aliyuncs.com/textbook-audio/book1-unit7/lesson26/lesson_words.mp3",
              "localAudioPath": "data/ocr/audio-cache/lesson26/lesson_words.mp3",
              "itemIndex": 31,
              "text": "ゆうしょうします",
              "label": "優勝します",
              "start": 49.15,
              "end": 50.388,
              "duration": 1.238,
              "speechUnitCount": 1,
              "method": "ffmpeg-silencedetect-order",
              "confidence": "needs-review"
            },
            {
              "id": "l26-v032",
              "trackId": "lesson_words",
              "sourceUrl": "https://japaflow-audio-bucket.oss-cn-shanghai.aliyuncs.com/textbook-audio/book1-unit7/lesson26/lesson_words.mp3",
              "localAudioPath": "data/ocr/audio-cache/lesson26/lesson_words.mp3",
              "itemIndex": 32,
              "text": "ごうかくします",
              "label": "合格します",
              "start": 50.984,
              "end": 52.4,
              "duration": 1.416,
              "speechUnitCount": 1,
              "method": "ffmpeg-silencedetect-order",
              "confidence": "needs-review"
            },
            {
              "id": "l26-v033",
              "trackId": "lesson_words",
              "sourceUrl": "https://japaflow-audio-bucket.oss-cn-shanghai.aliyuncs.com/textbook-audio/book1-unit7/lesson26/lesson_words.mp3",
              "localAudioPath": "data/ocr/audio-cache/lesson26/lesson_words.mp3",
              "itemIndex": 33,
              "text": "やくそくします",
              "label": "約束します",
              "start": 52.763,
              "end": 53.993,
              "duration": 1.23,
              "speechUnitCount": 1,
              "method": "ffmpeg-silencedetect-order",
              "confidence": "needs-review"
            },
            {
              "id": "l26-v034",
              "trackId": "lesson_words",
              "sourceUrl": "https://japaflow-audio-bucket.oss-cn-shanghai.aliyuncs.com/textbook-audio/book1-unit7/lesson26/lesson_words.mp3",
              "localAudioPath": "data/ocr/audio-cache/lesson26/lesson_words.mp3",
              "itemIndex": 34,
              "text": "もしかしたら",
              "label": "もしかしたら",
              "start": 54.697,
              "end": 55.642,
              "duration": 0.945,
              "speechUnitCount": 1,
              "method": "ffmpeg-silencedetect-order",
              "confidence": "needs-review"
            },
            {
              "id": "l26-v035",
              "trackId": "lesson_words",
              "sourceUrl": "https://japaflow-audio-bucket.oss-cn-shanghai.aliyuncs.com/textbook-audio/book1-unit7/lesson26/lesson_words.mp3",
              "localAudioPath": "data/ocr/audio-cache/lesson26/lesson_words.mp3",
              "itemIndex": 35,
              "text": "つい",
              "label": "つい",
              "start": 56.274,
              "end": 56.662,
              "duration": 0.388,
              "speechUnitCount": 1,
              "method": "ffmpeg-silencedetect-order",
              "confidence": "needs-review"
            },
            {
              "id": "l26-v036",
              "trackId": "lesson_words",
              "sourceUrl": "https://japaflow-audio-bucket.oss-cn-shanghai.aliyuncs.com/textbook-audio/book1-unit7/lesson26/lesson_words.mp3",
              "localAudioPath": "data/ocr/audio-cache/lesson26/lesson_words.mp3",
              "itemIndex": 36,
              "text": "すぐに",
              "label": "すぐに",
              "start": 57.713,
              "end": 58.38,
              "duration": 0.667,
              "speechUnitCount": 1,
              "method": "ffmpeg-silencedetect-order",
              "confidence": "needs-review"
            },
            {
              "id": "l26-v037",
              "trackId": "lesson_words",
              "sourceUrl": "https://japaflow-audio-bucket.oss-cn-shanghai.aliyuncs.com/textbook-audio/book1-unit7/lesson26/lesson_words.mp3",
              "localAudioPath": "data/ocr/audio-cache/lesson26/lesson_words.mp3",
              "itemIndex": 37,
              "text": "ほとんど",
              "label": "ほとんど",
              "start": 59.118,
              "end": 59.813,
              "duration": 0.695,
              "speechUnitCount": 1,
              "method": "ffmpeg-silencedetect-order",
              "confidence": "needs-review"
            },
            {
              "id": "l26-v038",
              "trackId": "lesson_words",
              "sourceUrl": "https://japaflow-audio-bucket.oss-cn-shanghai.aliyuncs.com/textbook-audio/book1-unit7/lesson26/lesson_words.mp3",
              "localAudioPath": "data/ocr/audio-cache/lesson26/lesson_words.mp3",
              "itemIndex": 38,
              "text": "それで",
              "label": "それで",
              "start": 60.516,
              "end": 61.282,
              "duration": 0.766,
              "speechUnitCount": 1,
              "method": "ffmpeg-silencedetect-order",
              "confidence": "needs-review"
            },
            {
              "id": "l26-v039",
              "trackId": "lesson_words",
              "sourceUrl": "https://japaflow-audio-bucket.oss-cn-shanghai.aliyuncs.com/textbook-audio/book1-unit7/lesson26/lesson_words.mp3",
              "localAudioPath": "data/ocr/audio-cache/lesson26/lesson_words.mp3",
              "itemIndex": 39,
              "text": "すずき",
              "label": "鈴木",
              "start": 62.025,
              "end": 62.814,
              "duration": 0.79,
              "speechUnitCount": 1,
              "method": "ffmpeg-silencedetect-order",
              "confidence": "needs-review"
            },
            {
              "id": "l26-v040",
              "trackId": "lesson_words",
              "sourceUrl": "https://japaflow-audio-bucket.oss-cn-shanghai.aliyuncs.com/textbook-audio/book1-unit7/lesson26/lesson_words.mp3",
              "localAudioPath": "data/ocr/audio-cache/lesson26/lesson_words.mp3",
              "itemIndex": 40,
              "text": "よう",
              "label": "楊",
              "start": 63.523,
              "end": 64.141,
              "duration": 0.619,
              "speechUnitCount": 1,
              "method": "ffmpeg-silencedetect-order",
              "confidence": "needs-review"
            },
            {
              "id": "l26-v041",
              "trackId": "lesson_words",
              "sourceUrl": "https://japaflow-audio-bucket.oss-cn-shanghai.aliyuncs.com/textbook-audio/book1-unit7/lesson26/lesson_words.mp3",
              "localAudioPath": "data/ocr/audio-cache/lesson26/lesson_words.mp3",
              "itemIndex": 41,
              "text": "かとう",
              "label": "加藤",
              "start": 64.81,
              "end": 65.515,
              "duration": 0.705,
              "speechUnitCount": 1,
              "method": "ffmpeg-silencedetect-order",
              "confidence": "needs-review"
            },
            {
              "id": "l26-v042",
              "trackId": "lesson_words",
              "sourceUrl": "https://japaflow-audio-bucket.oss-cn-shanghai.aliyuncs.com/textbook-audio/book1-unit7/lesson26/lesson_words.mp3",
              "localAudioPath": "data/ocr/audio-cache/lesson26/lesson_words.mp3",
              "itemIndex": 42,
              "text": "ようこ",
              "label": "葉子",
              "start": 66.588,
              "end": 67.274,
              "duration": 0.686,
              "speechUnitCount": 1,
              "method": "ffmpeg-silencedetect-order",
              "confidence": "needs-review"
            },
            {
              "id": "l26-v043",
              "trackId": "lesson_words",
              "sourceUrl": "https://japaflow-audio-bucket.oss-cn-shanghai.aliyuncs.com/textbook-audio/book1-unit7/lesson26/lesson_words.mp3",
              "localAudioPath": "data/ocr/audio-cache/lesson26/lesson_words.mp3",
              "itemIndex": 43,
              "text": "ひかりデパート",
              "label": "光デパート",
              "start": 68.155,
              "end": 69.289,
              "duration": 1.133,
              "speechUnitCount": 1,
              "method": "ffmpeg-silencedetect-order",
              "confidence": "needs-review"
            },
            {
              "id": "l26-v044",
              "trackId": "lesson_words",
              "sourceUrl": "https://japaflow-audio-bucket.oss-cn-shanghai.aliyuncs.com/textbook-audio/book1-unit7/lesson26/lesson_words.mp3",
              "localAudioPath": "data/ocr/audio-cache/lesson26/lesson_words.mp3",
              "itemIndex": 44,
              "text": "ペキンタイガース",
              "label": "北京タイガース",
              "start": 70.341,
              "end": 71.728,
              "duration": 1.387,
              "speechUnitCount": 1,
              "method": "ffmpeg-silencedetect-order",
              "confidence": "needs-review"
            },
            {
              "id": "l26-v045",
              "trackId": "lesson_words",
              "sourceUrl": "https://japaflow-audio-bucket.oss-cn-shanghai.aliyuncs.com/textbook-audio/book1-unit7/lesson26/lesson_words.mp3",
              "localAudioPath": "data/ocr/audio-cache/lesson26/lesson_words.mp3",
              "itemIndex": 45,
              "text": "あいさつまわり",
              "label": "あいさつ回り",
              "start": 72.541,
              "end": 73.589,
              "duration": 1.048,
              "speechUnitCount": 1,
              "method": "ffmpeg-silencedetect-order",
              "confidence": "needs-review"
            },
            {
              "id": "l26-v046",
              "trackId": "lesson_words",
              "sourceUrl": "https://japaflow-audio-bucket.oss-cn-shanghai.aliyuncs.com/textbook-audio/book1-unit7/lesson26/lesson_words.mp3",
              "localAudioPath": "data/ocr/audio-cache/lesson26/lesson_words.mp3",
              "itemIndex": 46,
              "text": "いけない",
              "label": "いけない",
              "start": 74.439,
              "end": 75.326,
              "duration": 0.887,
              "speechUnitCount": 1,
              "method": "ffmpeg-silencedetect-order",
              "confidence": "needs-review"
            }
          ]
        }
      }
    }
  }
}
