{
  "lessonId": 37,
  "target": "vocabulary",
  "generatedAt": "2026-08-05T08:46:12.750Z",
  "outputs": {
    "vocabulary": "data/ocr/lesson37-vocabulary-audio.json"
  },
  "summaries": [
    {
      "trackId": "lesson_words",
      "sourceUrl": "https://japaflow-audio-bucket.oss-cn-shanghai.aliyuncs.com/textbook-audio/book1-unit10/lesson37/lesson_words.mp3",
      "duration": 78.23,
      "expectedItems": 36,
      "expectedSpeechUnits": 36,
      "skippedSpeechUnits": 0,
      "detectedSpeechIntervals": 40,
      "mappedSegments": 36,
      "selectedProfile": {
        "noiseDb": -44,
        "minSilence": 0.28
      },
      "warnings": [
        "lesson_words: detected 40 speech interval(s), mapped to 36 speech unit(s).",
        "lesson_words: interval adjustment = merged."
      ]
    }
  ],
  "vocabularyData": {
    "lessonId": "lesson37",
    "sourceImages": [
      {
        "path": "course-assets/by-lesson/lesson37/page151.webp",
        "pageNo": 151
      }
    ],
    "vocabulary": [
      {
        "id": "l37-v001",
        "kana": "ようじ",
        "writing": "用事",
        "meaningZh": [
          "事情"
        ],
        "partOfSpeech": "名",
        "rawText": "ようじ（用事） [名] 事情",
        "confidence": "high",
        "audioSegment": {
          "id": "l37-v001",
          "trackId": "lesson_words",
          "sourceUrl": "https://japaflow-audio-bucket.oss-cn-shanghai.aliyuncs.com/textbook-audio/book1-unit10/lesson37/lesson_words.mp3",
          "localAudioPath": "data/ocr/audio-cache/lesson37/lesson_words.mp3",
          "itemIndex": 1,
          "text": "ようじ",
          "label": "用事",
          "start": 0.97,
          "end": 1.655,
          "duration": 0.684,
          "speechUnitCount": 1,
          "method": "ffmpeg-silencedetect-order",
          "confidence": "needs-review"
        }
      },
      {
        "id": "l37-v002",
        "kana": "たいかい",
        "writing": "大会",
        "meaningZh": [
          "大会"
        ],
        "partOfSpeech": "名",
        "rawText": "たいかい（大会） [名] 大会",
        "confidence": "high",
        "audioSegment": {
          "id": "l37-v002",
          "trackId": "lesson_words",
          "sourceUrl": "https://japaflow-audio-bucket.oss-cn-shanghai.aliyuncs.com/textbook-audio/book1-unit10/lesson37/lesson_words.mp3",
          "localAudioPath": "data/ocr/audio-cache/lesson37/lesson_words.mp3",
          "itemIndex": 2,
          "text": "たいかい",
          "label": "大会",
          "start": 2.727,
          "end": 3.533,
          "duration": 0.806,
          "speechUnitCount": 1,
          "method": "ffmpeg-silencedetect-order",
          "confidence": "needs-review"
        }
      },
      {
        "id": "l37-v003",
        "kana": "きぼ",
        "writing": "規模",
        "meaningZh": [
          "规模"
        ],
        "partOfSpeech": "名",
        "rawText": "きぼ（規模） [名] 规模",
        "confidence": "high",
        "audioSegment": {
          "id": "l37-v003",
          "trackId": "lesson_words",
          "sourceUrl": "https://japaflow-audio-bucket.oss-cn-shanghai.aliyuncs.com/textbook-audio/book1-unit10/lesson37/lesson_words.mp3",
          "localAudioPath": "data/ocr/audio-cache/lesson37/lesson_words.mp3",
          "itemIndex": 3,
          "text": "きぼ",
          "label": "規模",
          "start": 4.135,
          "end": 4.609,
          "duration": 0.474,
          "speechUnitCount": 1,
          "method": "ffmpeg-silencedetect-order",
          "confidence": "needs-review"
        }
      },
      {
        "id": "l37-v004",
        "kana": "けいかく",
        "writing": "計画",
        "meaningZh": [
          "计划"
        ],
        "partOfSpeech": "名",
        "rawText": "けいかく（計画） [名] 计划",
        "confidence": "high",
        "audioSegment": {
          "id": "l37-v004",
          "trackId": "lesson_words",
          "sourceUrl": "https://japaflow-audio-bucket.oss-cn-shanghai.aliyuncs.com/textbook-audio/book1-unit10/lesson37/lesson_words.mp3",
          "localAudioPath": "data/ocr/audio-cache/lesson37/lesson_words.mp3",
          "itemIndex": 4,
          "text": "けいかく",
          "label": "計画",
          "start": 5.757,
          "end": 6.614,
          "duration": 0.857,
          "speechUnitCount": 1,
          "method": "ffmpeg-silencedetect-order",
          "confidence": "needs-review"
        }
      },
      {
        "id": "l37-v005",
        "kana": "きそく",
        "writing": "規則",
        "meaningZh": [
          "规则"
        ],
        "partOfSpeech": "名",
        "rawText": "きそく（規則） [名] 规则",
        "confidence": "high",
        "audioSegment": {
          "id": "l37-v005",
          "trackId": "lesson_words",
          "sourceUrl": "https://japaflow-audio-bucket.oss-cn-shanghai.aliyuncs.com/textbook-audio/book1-unit10/lesson37/lesson_words.mp3",
          "localAudioPath": "data/ocr/audio-cache/lesson37/lesson_words.mp3",
          "itemIndex": 5,
          "text": "きそく",
          "label": "規則",
          "start": 7.329,
          "end": 7.924,
          "duration": 0.595,
          "speechUnitCount": 1,
          "method": "ffmpeg-silencedetect-order",
          "confidence": "needs-review"
        }
      },
      {
        "id": "l37-v006",
        "kana": "ひよう",
        "writing": "費用",
        "meaningZh": [
          "费用"
        ],
        "partOfSpeech": "名",
        "rawText": "ひよう（費用） [名] 费用",
        "confidence": "high",
        "audioSegment": {
          "id": "l37-v006",
          "trackId": "lesson_words",
          "sourceUrl": "https://japaflow-audio-bucket.oss-cn-shanghai.aliyuncs.com/textbook-audio/book1-unit10/lesson37/lesson_words.mp3",
          "localAudioPath": "data/ocr/audio-cache/lesson37/lesson_words.mp3",
          "itemIndex": 6,
          "text": "ひよう",
          "label": "費用",
          "start": 9.541,
          "end": 10.23,
          "duration": 0.689,
          "speechUnitCount": 1,
          "method": "ffmpeg-silencedetect-order",
          "confidence": "needs-review"
        }
      },
      {
        "id": "l37-v007",
        "kana": "しお",
        "writing": "塩",
        "meaningZh": [
          "盐",
          "食盐"
        ],
        "partOfSpeech": "名",
        "rawText": "しお（塩） [名] 盐，食盐",
        "confidence": "high",
        "audioSegment": {
          "id": "l37-v007",
          "trackId": "lesson_words",
          "sourceUrl": "https://japaflow-audio-bucket.oss-cn-shanghai.aliyuncs.com/textbook-audio/book1-unit10/lesson37/lesson_words.mp3",
          "localAudioPath": "data/ocr/audio-cache/lesson37/lesson_words.mp3",
          "itemIndex": 7,
          "text": "しお",
          "label": "塩",
          "start": 10.805,
          "end": 11.353,
          "duration": 0.548,
          "speechUnitCount": 1,
          "method": "ffmpeg-silencedetect-order",
          "confidence": "needs-review"
        }
      },
      {
        "id": "l37-v008",
        "kana": "メダル",
        "writing": "メダル",
        "meaningZh": [
          "纪念章",
          "奖牌"
        ],
        "partOfSpeech": "名",
        "rawText": "メダル [名] 纪念章，奖牌",
        "confidence": "high",
        "audioSegment": {
          "id": "l37-v008",
          "trackId": "lesson_words",
          "sourceUrl": "https://japaflow-audio-bucket.oss-cn-shanghai.aliyuncs.com/textbook-audio/book1-unit10/lesson37/lesson_words.mp3",
          "localAudioPath": "data/ocr/audio-cache/lesson37/lesson_words.mp3",
          "itemIndex": 8,
          "text": "メダル",
          "label": "メダル",
          "start": 12.382,
          "end": 13.091,
          "duration": 0.709,
          "speechUnitCount": 1,
          "method": "ffmpeg-silencedetect-order",
          "confidence": "needs-review"
        }
      },
      {
        "id": "l37-v009",
        "kana": "ソフト",
        "writing": "ソフト",
        "meaningZh": [
          "软件"
        ],
        "partOfSpeech": "名",
        "rawText": "ソフト [名] 软件",
        "confidence": "high",
        "audioSegment": {
          "id": "l37-v009",
          "trackId": "lesson_words",
          "sourceUrl": "https://japaflow-audio-bucket.oss-cn-shanghai.aliyuncs.com/textbook-audio/book1-unit10/lesson37/lesson_words.mp3",
          "localAudioPath": "data/ocr/audio-cache/lesson37/lesson_words.mp3",
          "itemIndex": 9,
          "text": "ソフト",
          "label": "ソフト",
          "start": 13.985,
          "end": 14.625,
          "duration": 0.641,
          "speechUnitCount": 1,
          "method": "ffmpeg-silencedetect-order",
          "confidence": "needs-review"
        }
      },
      {
        "id": "l37-v010",
        "kana": "はんにん",
        "writing": "犯人",
        "meaningZh": [
          "犯人",
          "罪犯"
        ],
        "partOfSpeech": "名",
        "rawText": "はんにん（犯人） [名] 犯人，罪犯",
        "confidence": "high",
        "audioSegment": {
          "id": "l37-v010",
          "trackId": "lesson_words",
          "sourceUrl": "https://japaflow-audio-bucket.oss-cn-shanghai.aliyuncs.com/textbook-audio/book1-unit10/lesson37/lesson_words.mp3",
          "localAudioPath": "data/ocr/audio-cache/lesson37/lesson_words.mp3",
          "itemIndex": 10,
          "text": "はんにん",
          "label": "犯人",
          "start": 15.655,
          "end": 17.583,
          "duration": 1.929,
          "speechUnitCount": 1,
          "method": "ffmpeg-silencedetect-order",
          "confidence": "needs-review"
        }
      },
      {
        "id": "l37-v011",
        "kana": "かわ",
        "writing": "川",
        "meaningZh": [
          "河",
          "河流"
        ],
        "partOfSpeech": "名",
        "rawText": "かわ（川） [名] 河，河流",
        "confidence": "high",
        "audioSegment": {
          "id": "l37-v011",
          "trackId": "lesson_words",
          "sourceUrl": "https://japaflow-audio-bucket.oss-cn-shanghai.aliyuncs.com/textbook-audio/book1-unit10/lesson37/lesson_words.mp3",
          "localAudioPath": "data/ocr/audio-cache/lesson37/lesson_words.mp3",
          "itemIndex": 11,
          "text": "かわ",
          "label": "川",
          "start": 18.741,
          "end": 19.687,
          "duration": 0.947,
          "speechUnitCount": 1,
          "method": "ffmpeg-silencedetect-order",
          "confidence": "needs-review"
        }
      },
      {
        "id": "l37-v012",
        "kana": "てつどう",
        "writing": "鉄道",
        "meaningZh": [
          "火车",
          "铁路",
          "铁道"
        ],
        "partOfSpeech": "名",
        "rawText": "てつどう（鉄道） [名] 火车，铁路，铁道",
        "confidence": "high",
        "audioSegment": {
          "id": "l37-v012",
          "trackId": "lesson_words",
          "sourceUrl": "https://japaflow-audio-bucket.oss-cn-shanghai.aliyuncs.com/textbook-audio/book1-unit10/lesson37/lesson_words.mp3",
          "localAudioPath": "data/ocr/audio-cache/lesson37/lesson_words.mp3",
          "itemIndex": 12,
          "text": "てつどう",
          "label": "鉄道",
          "start": 20.311,
          "end": 21.325,
          "duration": 1.014,
          "speechUnitCount": 1,
          "method": "ffmpeg-silencedetect-order",
          "confidence": "needs-review"
        }
      },
      {
        "id": "l37-v013",
        "kana": "ぜんちょう",
        "writing": "全長",
        "meaningZh": [
          "全长"
        ],
        "partOfSpeech": "名",
        "rawText": "ぜんちょう（全長） [名] 全长",
        "confidence": "high",
        "audioSegment": {
          "id": "l37-v013",
          "trackId": "lesson_words",
          "sourceUrl": "https://japaflow-audio-bucket.oss-cn-shanghai.aliyuncs.com/textbook-audio/book1-unit10/lesson37/lesson_words.mp3",
          "localAudioPath": "data/ocr/audio-cache/lesson37/lesson_words.mp3",
          "itemIndex": 13,
          "text": "ぜんちょう",
          "label": "全長",
          "start": 22.22,
          "end": 24.359,
          "duration": 2.14,
          "speechUnitCount": 1,
          "method": "ffmpeg-silencedetect-order",
          "confidence": "needs-review"
        }
      },
      {
        "id": "l37-v014",
        "kana": "ばんごう",
        "writing": "番号",
        "meaningZh": [
          "号码",
          "番号"
        ],
        "partOfSpeech": "名",
        "rawText": "ばんごう（番号） [名] 号码，番号",
        "confidence": "high",
        "audioSegment": {
          "id": "l37-v014",
          "trackId": "lesson_words",
          "sourceUrl": "https://japaflow-audio-bucket.oss-cn-shanghai.aliyuncs.com/textbook-audio/book1-unit10/lesson37/lesson_words.mp3",
          "localAudioPath": "data/ocr/audio-cache/lesson37/lesson_words.mp3",
          "itemIndex": 14,
          "text": "ばんごう",
          "label": "番号",
          "start": 25.491,
          "end": 26.266,
          "duration": 0.775,
          "speechUnitCount": 1,
          "method": "ffmpeg-silencedetect-order",
          "confidence": "needs-review"
        }
      },
      {
        "id": "l37-v015",
        "kana": "たんい",
        "writing": "単位",
        "meaningZh": [
          "计量单位"
        ],
        "partOfSpeech": "名",
        "rawText": "たんい（単位） [名] 计量单位",
        "confidence": "high",
        "audioSegment": {
          "id": "l37-v015",
          "trackId": "lesson_words",
          "sourceUrl": "https://japaflow-audio-bucket.oss-cn-shanghai.aliyuncs.com/textbook-audio/book1-unit10/lesson37/lesson_words.mp3",
          "localAudioPath": "data/ocr/audio-cache/lesson37/lesson_words.mp3",
          "itemIndex": 15,
          "text": "たんい",
          "label": "単位",
          "start": 26.966,
          "end": 27.856,
          "duration": 0.891,
          "speechUnitCount": 1,
          "method": "ffmpeg-silencedetect-order",
          "confidence": "needs-review"
        }
      },
      {
        "id": "l37-v016",
        "kana": "こさじ",
        "writing": "小さじ",
        "meaningZh": [
          "小匙",
          "小勺"
        ],
        "partOfSpeech": "名",
        "rawText": "こさじ（小さじ） [名] 小匙，小勺",
        "confidence": "high",
        "audioSegment": {
          "id": "l37-v016",
          "trackId": "lesson_words",
          "sourceUrl": "https://japaflow-audio-bucket.oss-cn-shanghai.aliyuncs.com/textbook-audio/book1-unit10/lesson37/lesson_words.mp3",
          "localAudioPath": "data/ocr/audio-cache/lesson37/lesson_words.mp3",
          "itemIndex": 16,
          "text": "こさじ",
          "label": "小さじ",
          "start": 29.08,
          "end": 30.464,
          "duration": 1.383,
          "speechUnitCount": 1,
          "method": "ffmpeg-silencedetect-order",
          "confidence": "needs-review"
        }
      },
      {
        "id": "l37-v017",
        "kana": "ボリューム",
        "writing": "ボリューム",
        "meaningZh": [
          "音量"
        ],
        "partOfSpeech": "名",
        "rawText": "ボリューム [名] 音量",
        "confidence": "high",
        "audioSegment": {
          "id": "l37-v017",
          "trackId": "lesson_words",
          "sourceUrl": "https://japaflow-audio-bucket.oss-cn-shanghai.aliyuncs.com/textbook-audio/book1-unit10/lesson37/lesson_words.mp3",
          "localAudioPath": "data/ocr/audio-cache/lesson37/lesson_words.mp3",
          "itemIndex": 17,
          "text": "ボリューム",
          "label": "ボリューム",
          "start": 31.207,
          "end": 32.35,
          "duration": 1.143,
          "speechUnitCount": 1,
          "method": "ffmpeg-silencedetect-order",
          "confidence": "needs-review"
        }
      },
      {
        "id": "l37-v018",
        "kana": "ちょくつうれっしゃ",
        "writing": "直通列車",
        "meaningZh": [
          "直达列车"
        ],
        "partOfSpeech": "名",
        "rawText": "ちょくつうれっしゃ（直通列車） [名] 直达列车",
        "confidence": "high",
        "audioSegment": {
          "id": "l37-v018",
          "trackId": "lesson_words",
          "sourceUrl": "https://japaflow-audio-bucket.oss-cn-shanghai.aliyuncs.com/textbook-audio/book1-unit10/lesson37/lesson_words.mp3",
          "localAudioPath": "data/ocr/audio-cache/lesson37/lesson_words.mp3",
          "itemIndex": 18,
          "text": "ちょくつうれっしゃ",
          "label": "直通列車",
          "start": 33.703,
          "end": 35.172,
          "duration": 1.468,
          "speechUnitCount": 1,
          "method": "ffmpeg-silencedetect-order",
          "confidence": "needs-review"
        }
      },
      {
        "id": "l37-v019",
        "kana": "せかいいさん",
        "writing": "世界遺産",
        "meaningZh": [
          "世界遗产"
        ],
        "partOfSpeech": "名",
        "rawText": "せかいいさん（世界遺産） [名] 世界遗产",
        "confidence": "high",
        "audioSegment": {
          "id": "l37-v019",
          "trackId": "lesson_words",
          "sourceUrl": "https://japaflow-audio-bucket.oss-cn-shanghai.aliyuncs.com/textbook-audio/book1-unit10/lesson37/lesson_words.mp3",
          "localAudioPath": "data/ocr/audio-cache/lesson37/lesson_words.mp3",
          "itemIndex": 19,
          "text": "せかいいさん",
          "label": "世界遺産",
          "start": 35.876,
          "end": 36.773,
          "duration": 0.897,
          "speechUnitCount": 1,
          "method": "ffmpeg-silencedetect-order",
          "confidence": "needs-review"
        }
      },
      {
        "id": "l37-v020",
        "kana": "かんこうスポット",
        "writing": "観光スポット",
        "meaningZh": [
          "旅游点"
        ],
        "partOfSpeech": "名",
        "rawText": "かんこうスポット（観光〜） [名] 旅游点",
        "confidence": "high",
        "audioSegment": {
          "id": "l37-v020",
          "trackId": "lesson_words",
          "sourceUrl": "https://japaflow-audio-bucket.oss-cn-shanghai.aliyuncs.com/textbook-audio/book1-unit10/lesson37/lesson_words.mp3",
          "localAudioPath": "data/ocr/audio-cache/lesson37/lesson_words.mp3",
          "itemIndex": 20,
          "text": "かんこうスポット",
          "label": "観光スポット",
          "start": 38.297,
          "end": 39.75,
          "duration": 1.453,
          "speechUnitCount": 1,
          "method": "ffmpeg-silencedetect-order",
          "confidence": "needs-review"
        }
      },
      {
        "id": "l37-v021",
        "kana": "こえます",
        "writing": "超えます",
        "meaningZh": [
          "超过"
        ],
        "partOfSpeech": "动2",
        "rawText": "こえます（超えます） [动2] 超过",
        "confidence": "high",
        "audioSegment": {
          "id": "l37-v021",
          "trackId": "lesson_words",
          "sourceUrl": "https://japaflow-audio-bucket.oss-cn-shanghai.aliyuncs.com/textbook-audio/book1-unit10/lesson37/lesson_words.mp3",
          "localAudioPath": "data/ocr/audio-cache/lesson37/lesson_words.mp3",
          "itemIndex": 21,
          "text": "こえます",
          "label": "超えます",
          "start": 40.324,
          "end": 41.644,
          "duration": 1.32,
          "speechUnitCount": 1,
          "method": "ffmpeg-silencedetect-order",
          "confidence": "needs-review"
        }
      },
      {
        "id": "l37-v022",
        "kana": "しゅつじょうします",
        "writing": "出場します",
        "meaningZh": [
          "参加",
          "出场"
        ],
        "partOfSpeech": "动3",
        "rawText": "しゅつじょうします（出場〜） [动3] 参加，出场",
        "confidence": "high",
        "audioSegment": {
          "id": "l37-v022",
          "trackId": "lesson_words",
          "sourceUrl": "https://japaflow-audio-bucket.oss-cn-shanghai.aliyuncs.com/textbook-audio/book1-unit10/lesson37/lesson_words.mp3",
          "localAudioPath": "data/ocr/audio-cache/lesson37/lesson_words.mp3",
          "itemIndex": 22,
          "text": "しゅつじょうします",
          "label": "出場します",
          "start": 42.899,
          "end": 44.464,
          "duration": 1.565,
          "speechUnitCount": 1,
          "method": "ffmpeg-silencedetect-order",
          "confidence": "needs-review"
        }
      },
      {
        "id": "l37-v023",
        "kana": "しゃくほうします",
        "writing": "釈放します",
        "meaningZh": [
          "释放"
        ],
        "partOfSpeech": "动3",
        "rawText": "しゃくほうします（釈放〜） [动3] 释放",
        "confidence": "high",
        "audioSegment": {
          "id": "l37-v023",
          "trackId": "lesson_words",
          "sourceUrl": "https://japaflow-audio-bucket.oss-cn-shanghai.aliyuncs.com/textbook-audio/book1-unit10/lesson37/lesson_words.mp3",
          "localAudioPath": "data/ocr/audio-cache/lesson37/lesson_words.mp3",
          "itemIndex": 23,
          "text": "しゃくほうします",
          "label": "釈放します",
          "start": 45.313,
          "end": 46.539,
          "duration": 1.226,
          "speechUnitCount": 1,
          "method": "ffmpeg-silencedetect-order",
          "confidence": "needs-review"
        }
      },
      {
        "id": "l37-v024",
        "kana": "つまみぐいします",
        "writing": "つまみ食いします",
        "meaningZh": [
          "偷吃"
        ],
        "partOfSpeech": "动3",
        "rawText": "つまみぐいします（つまみ食い〜） [动3] 偷吃",
        "confidence": "high",
        "audioSegment": {
          "id": "l37-v024",
          "trackId": "lesson_words",
          "sourceUrl": "https://japaflow-audio-bucket.oss-cn-shanghai.aliyuncs.com/textbook-audio/book1-unit10/lesson37/lesson_words.mp3",
          "localAudioPath": "data/ocr/audio-cache/lesson37/lesson_words.mp3",
          "itemIndex": 24,
          "text": "つまみぐいします",
          "label": "つまみ食いします",
          "start": 47.296,
          "end": 50.484,
          "duration": 3.188,
          "speechUnitCount": 1,
          "method": "ffmpeg-silencedetect-order",
          "confidence": "needs-review"
        }
      },
      {
        "id": "l37-v025",
        "kana": "かんさんします",
        "writing": "換算します",
        "meaningZh": [
          "换算"
        ],
        "partOfSpeech": "动3",
        "rawText": "かんさんします（換算〜） [动3] 换算",
        "confidence": "high",
        "audioSegment": {
          "id": "l37-v025",
          "trackId": "lesson_words",
          "sourceUrl": "https://japaflow-audio-bucket.oss-cn-shanghai.aliyuncs.com/textbook-audio/book1-unit10/lesson37/lesson_words.mp3",
          "localAudioPath": "data/ocr/audio-cache/lesson37/lesson_words.mp3",
          "itemIndex": 25,
          "text": "かんさんします",
          "label": "換算します",
          "start": 51.187,
          "end": 53.338,
          "duration": 2.15,
          "speechUnitCount": 1,
          "method": "ffmpeg-silencedetect-order",
          "confidence": "needs-review"
        }
      },
      {
        "id": "l37-v026",
        "kana": "ふくしゅうします",
        "writing": "復習します",
        "meaningZh": [
          "复习"
        ],
        "partOfSpeech": "动3",
        "rawText": "ふくしゅうします（復習〜） [动3] 复习",
        "confidence": "high",
        "audioSegment": {
          "id": "l37-v026",
          "trackId": "lesson_words",
          "sourceUrl": "https://japaflow-audio-bucket.oss-cn-shanghai.aliyuncs.com/textbook-audio/book1-unit10/lesson37/lesson_words.mp3",
          "localAudioPath": "data/ocr/audio-cache/lesson37/lesson_words.mp3",
          "itemIndex": 26,
          "text": "ふくしゅうします",
          "label": "復習します",
          "start": 54.2,
          "end": 55.014,
          "duration": 0.814,
          "speechUnitCount": 1,
          "method": "ffmpeg-silencedetect-order",
          "confidence": "needs-review"
        }
      },
      {
        "id": "l37-v027",
        "kana": "せいこうします",
        "writing": "成功します",
        "meaningZh": [
          "成功"
        ],
        "partOfSpeech": "动3",
        "rawText": "せいこうします（成功〜） [动3] 成功",
        "confidence": "high",
        "audioSegment": {
          "id": "l37-v027",
          "trackId": "lesson_words",
          "sourceUrl": "https://japaflow-audio-bucket.oss-cn-shanghai.aliyuncs.com/textbook-audio/book1-unit10/lesson37/lesson_words.mp3",
          "localAudioPath": "data/ocr/audio-cache/lesson37/lesson_words.mp3",
          "itemIndex": 27,
          "text": "せいこうします",
          "label": "成功します",
          "start": 55.692,
          "end": 56.363,
          "duration": 0.671,
          "speechUnitCount": 1,
          "method": "ffmpeg-silencedetect-order",
          "confidence": "needs-review"
        }
      },
      {
        "id": "l37-v028",
        "kana": "よわい",
        "writing": "弱い",
        "meaningZh": [
          "弱",
          "脆弱",
          "柔弱"
        ],
        "partOfSpeech": "形1",
        "rawText": "よわい（弱い） [形1] 弱，脆弱，柔弱",
        "confidence": "high",
        "audioSegment": {
          "id": "l37-v028",
          "trackId": "lesson_words",
          "sourceUrl": "https://japaflow-audio-bucket.oss-cn-shanghai.aliyuncs.com/textbook-audio/book1-unit10/lesson37/lesson_words.mp3",
          "localAudioPath": "data/ocr/audio-cache/lesson37/lesson_words.mp3",
          "itemIndex": 28,
          "text": "よわい",
          "label": "弱い",
          "start": 57.447,
          "end": 58.272,
          "duration": 0.825,
          "speechUnitCount": 1,
          "method": "ffmpeg-silencedetect-order",
          "confidence": "needs-review"
        }
      },
      {
        "id": "l37-v029",
        "kana": "きびしい",
        "writing": "厳しい",
        "meaningZh": [
          "严厉",
          "严格"
        ],
        "partOfSpeech": "形1",
        "rawText": "きびしい（厳しい） [形1] 严厉，严格",
        "confidence": "high",
        "audioSegment": {
          "id": "l37-v029",
          "trackId": "lesson_words",
          "sourceUrl": "https://japaflow-audio-bucket.oss-cn-shanghai.aliyuncs.com/textbook-audio/book1-unit10/lesson37/lesson_words.mp3",
          "localAudioPath": "data/ocr/audio-cache/lesson37/lesson_words.mp3",
          "itemIndex": 29,
          "text": "きびしい",
          "label": "厳しい",
          "start": 59.041,
          "end": 60.063,
          "duration": 1.022,
          "speechUnitCount": 1,
          "method": "ffmpeg-silencedetect-order",
          "confidence": "needs-review"
        }
      },
      {
        "id": "l37-v030",
        "kana": "ぜいたく",
        "writing": "ぜいたく",
        "meaningZh": [
          "奢望",
          "奢侈",
          "过分"
        ],
        "partOfSpeech": "形2",
        "rawText": "ぜいたく [形2] 奢望，奢侈，过分",
        "confidence": "high",
        "audioSegment": {
          "id": "l37-v030",
          "trackId": "lesson_words",
          "sourceUrl": "https://japaflow-audio-bucket.oss-cn-shanghai.aliyuncs.com/textbook-audio/book1-unit10/lesson37/lesson_words.mp3",
          "localAudioPath": "data/ocr/audio-cache/lesson37/lesson_words.mp3",
          "itemIndex": 30,
          "text": "ぜいたく",
          "label": "ぜいたく",
          "start": 61.102,
          "end": 61.977,
          "duration": 0.874,
          "speechUnitCount": 1,
          "method": "ffmpeg-silencedetect-order",
          "confidence": "needs-review"
        }
      },
      {
        "id": "l37-v031",
        "kana": "こっそり",
        "writing": "こっそり",
        "meaningZh": [
          "偷偷地",
          "悄悄地"
        ],
        "partOfSpeech": "副",
        "rawText": "こっそり [副] 偷偷地，悄悄地",
        "confidence": "high",
        "audioSegment": {
          "id": "l37-v031",
          "trackId": "lesson_words",
          "sourceUrl": "https://japaflow-audio-bucket.oss-cn-shanghai.aliyuncs.com/textbook-audio/book1-unit10/lesson37/lesson_words.mp3",
          "localAudioPath": "data/ocr/audio-cache/lesson37/lesson_words.mp3",
          "itemIndex": 31,
          "text": "こっそり",
          "label": "こっそり",
          "start": 62.96,
          "end": 64.004,
          "duration": 1.044,
          "speechUnitCount": 1,
          "method": "ffmpeg-silencedetect-order",
          "confidence": "needs-review"
        }
      },
      {
        "id": "l37-v032",
        "kana": "さすが",
        "writing": "さすが",
        "meaningZh": [
          "不愧是",
          "果然"
        ],
        "partOfSpeech": "副",
        "rawText": "さすが [副] 不愧是，果然",
        "confidence": "high",
        "audioSegment": {
          "id": "l37-v032",
          "trackId": "lesson_words",
          "sourceUrl": "https://japaflow-audio-bucket.oss-cn-shanghai.aliyuncs.com/textbook-audio/book1-unit10/lesson37/lesson_words.mp3",
          "localAudioPath": "data/ocr/audio-cache/lesson37/lesson_words.mp3",
          "itemIndex": 32,
          "text": "さすが",
          "label": "さすが",
          "start": 65.379,
          "end": 66.726,
          "duration": 1.347,
          "speechUnitCount": 1,
          "method": "ffmpeg-silencedetect-order",
          "confidence": "needs-review"
        }
      },
      {
        "id": "l37-v033",
        "kana": "じっさいに",
        "writing": "実際に",
        "meaningZh": [
          "实地",
          "实际上"
        ],
        "partOfSpeech": "副",
        "rawText": "じっさいに（実際に） [副] 实地，实际上",
        "confidence": "high",
        "audioSegment": {
          "id": "l37-v033",
          "trackId": "lesson_words",
          "sourceUrl": "https://japaflow-audio-bucket.oss-cn-shanghai.aliyuncs.com/textbook-audio/book1-unit10/lesson37/lesson_words.mp3",
          "localAudioPath": "data/ocr/audio-cache/lesson37/lesson_words.mp3",
          "itemIndex": 33,
          "text": "じっさいに",
          "label": "実際に",
          "start": 68.612,
          "end": 69.178,
          "duration": 0.566,
          "speechUnitCount": 1,
          "method": "ffmpeg-silencedetect-order",
          "confidence": "needs-review"
        }
      },
      {
        "id": "l37-v034",
        "kana": "とうだい",
        "writing": "東大",
        "meaningZh": [
          "东大",
          "东京大学"
        ],
        "partOfSpeech": "专",
        "rawText": "とうだい（東大） [专] 东大，东京大学",
        "confidence": "high",
        "audioSegment": {
          "id": "l37-v034",
          "trackId": "lesson_words",
          "sourceUrl": "https://japaflow-audio-bucket.oss-cn-shanghai.aliyuncs.com/textbook-audio/book1-unit10/lesson37/lesson_words.mp3",
          "localAudioPath": "data/ocr/audio-cache/lesson37/lesson_words.mp3",
          "itemIndex": 34,
          "text": "とうだい",
          "label": "東大",
          "start": 70.617,
          "end": 71.316,
          "duration": 0.699,
          "speechUnitCount": 1,
          "method": "ffmpeg-silencedetect-order",
          "confidence": "needs-review"
        }
      },
      {
        "id": "l37-v035",
        "kana": "はったつれい",
        "writing": "八達嶺",
        "meaningZh": [
          "八达岭"
        ],
        "partOfSpeech": "专",
        "rawText": "はったつれい（八達嶺） [专] 八达岭",
        "confidence": "high",
        "audioSegment": {
          "id": "l37-v035",
          "trackId": "lesson_words",
          "sourceUrl": "https://japaflow-audio-bucket.oss-cn-shanghai.aliyuncs.com/textbook-audio/book1-unit10/lesson37/lesson_words.mp3",
          "localAudioPath": "data/ocr/audio-cache/lesson37/lesson_words.mp3",
          "itemIndex": 35,
          "text": "はったつれい",
          "label": "八達嶺",
          "start": 72.173,
          "end": 72.489,
          "duration": 0.317,
          "speechUnitCount": 1,
          "method": "ffmpeg-silencedetect-order",
          "confidence": "needs-review"
        }
      },
      {
        "id": "l37-v036",
        "kana": "ペキンきたえき",
        "writing": "北京北駅",
        "meaningZh": [
          "北京北站"
        ],
        "partOfSpeech": "专",
        "rawText": "ペキンきたえき（北京北駅） [专] 北京北站",
        "confidence": "high",
        "audioSegment": {
          "id": "l37-v036",
          "trackId": "lesson_words",
          "sourceUrl": "https://japaflow-audio-bucket.oss-cn-shanghai.aliyuncs.com/textbook-audio/book1-unit10/lesson37/lesson_words.mp3",
          "localAudioPath": "data/ocr/audio-cache/lesson37/lesson_words.mp3",
          "itemIndex": 36,
          "text": "ペキンきたえき",
          "label": "北京北駅",
          "start": 73.853,
          "end": 74.52,
          "duration": 0.667,
          "speechUnitCount": 1,
          "method": "ffmpeg-silencedetect-order",
          "confidence": "needs-review"
        }
      }
    ],
    "warnings": [],
    "audioAlignment": {
      "generatedAt": "2026-08-05T08:46:12.750Z",
      "method": "ffmpeg-silencedetect-order",
      "tracks": {
        "lesson_words": {
          "trackId": "lesson_words",
          "sourceUrl": "https://japaflow-audio-bucket.oss-cn-shanghai.aliyuncs.com/textbook-audio/book1-unit10/lesson37/lesson_words.mp3",
          "localAudioPath": "data/ocr/audio-cache/lesson37/lesson_words.mp3",
          "outputPath": "data/ocr/lesson37-vocabulary-audio.json",
          "duration": 78.23,
          "expectedItems": 36,
          "expectedSpeechUnits": 36,
          "skippedSpeechUnits": 0,
          "detectedSpeechIntervals": 40,
          "mappedSegments": 36,
          "selectedProfile": {
            "noiseDb": -44,
            "minSilence": 0.28
          },
          "warnings": [
            "lesson_words: detected 40 speech interval(s), mapped to 36 speech unit(s).",
            "lesson_words: interval adjustment = merged."
          ],
          "segments": [
            {
              "id": "l37-v001",
              "trackId": "lesson_words",
              "sourceUrl": "https://japaflow-audio-bucket.oss-cn-shanghai.aliyuncs.com/textbook-audio/book1-unit10/lesson37/lesson_words.mp3",
              "localAudioPath": "data/ocr/audio-cache/lesson37/lesson_words.mp3",
              "itemIndex": 1,
              "text": "ようじ",
              "label": "用事",
              "start": 0.97,
              "end": 1.655,
              "duration": 0.684,
              "speechUnitCount": 1,
              "method": "ffmpeg-silencedetect-order",
              "confidence": "needs-review"
            },
            {
              "id": "l37-v002",
              "trackId": "lesson_words",
              "sourceUrl": "https://japaflow-audio-bucket.oss-cn-shanghai.aliyuncs.com/textbook-audio/book1-unit10/lesson37/lesson_words.mp3",
              "localAudioPath": "data/ocr/audio-cache/lesson37/lesson_words.mp3",
              "itemIndex": 2,
              "text": "たいかい",
              "label": "大会",
              "start": 2.727,
              "end": 3.533,
              "duration": 0.806,
              "speechUnitCount": 1,
              "method": "ffmpeg-silencedetect-order",
              "confidence": "needs-review"
            },
            {
              "id": "l37-v003",
              "trackId": "lesson_words",
              "sourceUrl": "https://japaflow-audio-bucket.oss-cn-shanghai.aliyuncs.com/textbook-audio/book1-unit10/lesson37/lesson_words.mp3",
              "localAudioPath": "data/ocr/audio-cache/lesson37/lesson_words.mp3",
              "itemIndex": 3,
              "text": "きぼ",
              "label": "規模",
              "start": 4.135,
              "end": 4.609,
              "duration": 0.474,
              "speechUnitCount": 1,
              "method": "ffmpeg-silencedetect-order",
              "confidence": "needs-review"
            },
            {
              "id": "l37-v004",
              "trackId": "lesson_words",
              "sourceUrl": "https://japaflow-audio-bucket.oss-cn-shanghai.aliyuncs.com/textbook-audio/book1-unit10/lesson37/lesson_words.mp3",
              "localAudioPath": "data/ocr/audio-cache/lesson37/lesson_words.mp3",
              "itemIndex": 4,
              "text": "けいかく",
              "label": "計画",
              "start": 5.757,
              "end": 6.614,
              "duration": 0.857,
              "speechUnitCount": 1,
              "method": "ffmpeg-silencedetect-order",
              "confidence": "needs-review"
            },
            {
              "id": "l37-v005",
              "trackId": "lesson_words",
              "sourceUrl": "https://japaflow-audio-bucket.oss-cn-shanghai.aliyuncs.com/textbook-audio/book1-unit10/lesson37/lesson_words.mp3",
              "localAudioPath": "data/ocr/audio-cache/lesson37/lesson_words.mp3",
              "itemIndex": 5,
              "text": "きそく",
              "label": "規則",
              "start": 7.329,
              "end": 7.924,
              "duration": 0.595,
              "speechUnitCount": 1,
              "method": "ffmpeg-silencedetect-order",
              "confidence": "needs-review"
            },
            {
              "id": "l37-v006",
              "trackId": "lesson_words",
              "sourceUrl": "https://japaflow-audio-bucket.oss-cn-shanghai.aliyuncs.com/textbook-audio/book1-unit10/lesson37/lesson_words.mp3",
              "localAudioPath": "data/ocr/audio-cache/lesson37/lesson_words.mp3",
              "itemIndex": 6,
              "text": "ひよう",
              "label": "費用",
              "start": 9.541,
              "end": 10.23,
              "duration": 0.689,
              "speechUnitCount": 1,
              "method": "ffmpeg-silencedetect-order",
              "confidence": "needs-review"
            },
            {
              "id": "l37-v007",
              "trackId": "lesson_words",
              "sourceUrl": "https://japaflow-audio-bucket.oss-cn-shanghai.aliyuncs.com/textbook-audio/book1-unit10/lesson37/lesson_words.mp3",
              "localAudioPath": "data/ocr/audio-cache/lesson37/lesson_words.mp3",
              "itemIndex": 7,
              "text": "しお",
              "label": "塩",
              "start": 10.805,
              "end": 11.353,
              "duration": 0.548,
              "speechUnitCount": 1,
              "method": "ffmpeg-silencedetect-order",
              "confidence": "needs-review"
            },
            {
              "id": "l37-v008",
              "trackId": "lesson_words",
              "sourceUrl": "https://japaflow-audio-bucket.oss-cn-shanghai.aliyuncs.com/textbook-audio/book1-unit10/lesson37/lesson_words.mp3",
              "localAudioPath": "data/ocr/audio-cache/lesson37/lesson_words.mp3",
              "itemIndex": 8,
              "text": "メダル",
              "label": "メダル",
              "start": 12.382,
              "end": 13.091,
              "duration": 0.709,
              "speechUnitCount": 1,
              "method": "ffmpeg-silencedetect-order",
              "confidence": "needs-review"
            },
            {
              "id": "l37-v009",
              "trackId": "lesson_words",
              "sourceUrl": "https://japaflow-audio-bucket.oss-cn-shanghai.aliyuncs.com/textbook-audio/book1-unit10/lesson37/lesson_words.mp3",
              "localAudioPath": "data/ocr/audio-cache/lesson37/lesson_words.mp3",
              "itemIndex": 9,
              "text": "ソフト",
              "label": "ソフト",
              "start": 13.985,
              "end": 14.625,
              "duration": 0.641,
              "speechUnitCount": 1,
              "method": "ffmpeg-silencedetect-order",
              "confidence": "needs-review"
            },
            {
              "id": "l37-v010",
              "trackId": "lesson_words",
              "sourceUrl": "https://japaflow-audio-bucket.oss-cn-shanghai.aliyuncs.com/textbook-audio/book1-unit10/lesson37/lesson_words.mp3",
              "localAudioPath": "data/ocr/audio-cache/lesson37/lesson_words.mp3",
              "itemIndex": 10,
              "text": "はんにん",
              "label": "犯人",
              "start": 15.655,
              "end": 17.583,
              "duration": 1.929,
              "speechUnitCount": 1,
              "method": "ffmpeg-silencedetect-order",
              "confidence": "needs-review"
            },
            {
              "id": "l37-v011",
              "trackId": "lesson_words",
              "sourceUrl": "https://japaflow-audio-bucket.oss-cn-shanghai.aliyuncs.com/textbook-audio/book1-unit10/lesson37/lesson_words.mp3",
              "localAudioPath": "data/ocr/audio-cache/lesson37/lesson_words.mp3",
              "itemIndex": 11,
              "text": "かわ",
              "label": "川",
              "start": 18.741,
              "end": 19.687,
              "duration": 0.947,
              "speechUnitCount": 1,
              "method": "ffmpeg-silencedetect-order",
              "confidence": "needs-review"
            },
            {
              "id": "l37-v012",
              "trackId": "lesson_words",
              "sourceUrl": "https://japaflow-audio-bucket.oss-cn-shanghai.aliyuncs.com/textbook-audio/book1-unit10/lesson37/lesson_words.mp3",
              "localAudioPath": "data/ocr/audio-cache/lesson37/lesson_words.mp3",
              "itemIndex": 12,
              "text": "てつどう",
              "label": "鉄道",
              "start": 20.311,
              "end": 21.325,
              "duration": 1.014,
              "speechUnitCount": 1,
              "method": "ffmpeg-silencedetect-order",
              "confidence": "needs-review"
            },
            {
              "id": "l37-v013",
              "trackId": "lesson_words",
              "sourceUrl": "https://japaflow-audio-bucket.oss-cn-shanghai.aliyuncs.com/textbook-audio/book1-unit10/lesson37/lesson_words.mp3",
              "localAudioPath": "data/ocr/audio-cache/lesson37/lesson_words.mp3",
              "itemIndex": 13,
              "text": "ぜんちょう",
              "label": "全長",
              "start": 22.22,
              "end": 24.359,
              "duration": 2.14,
              "speechUnitCount": 1,
              "method": "ffmpeg-silencedetect-order",
              "confidence": "needs-review"
            },
            {
              "id": "l37-v014",
              "trackId": "lesson_words",
              "sourceUrl": "https://japaflow-audio-bucket.oss-cn-shanghai.aliyuncs.com/textbook-audio/book1-unit10/lesson37/lesson_words.mp3",
              "localAudioPath": "data/ocr/audio-cache/lesson37/lesson_words.mp3",
              "itemIndex": 14,
              "text": "ばんごう",
              "label": "番号",
              "start": 25.491,
              "end": 26.266,
              "duration": 0.775,
              "speechUnitCount": 1,
              "method": "ffmpeg-silencedetect-order",
              "confidence": "needs-review"
            },
            {
              "id": "l37-v015",
              "trackId": "lesson_words",
              "sourceUrl": "https://japaflow-audio-bucket.oss-cn-shanghai.aliyuncs.com/textbook-audio/book1-unit10/lesson37/lesson_words.mp3",
              "localAudioPath": "data/ocr/audio-cache/lesson37/lesson_words.mp3",
              "itemIndex": 15,
              "text": "たんい",
              "label": "単位",
              "start": 26.966,
              "end": 27.856,
              "duration": 0.891,
              "speechUnitCount": 1,
              "method": "ffmpeg-silencedetect-order",
              "confidence": "needs-review"
            },
            {
              "id": "l37-v016",
              "trackId": "lesson_words",
              "sourceUrl": "https://japaflow-audio-bucket.oss-cn-shanghai.aliyuncs.com/textbook-audio/book1-unit10/lesson37/lesson_words.mp3",
              "localAudioPath": "data/ocr/audio-cache/lesson37/lesson_words.mp3",
              "itemIndex": 16,
              "text": "こさじ",
              "label": "小さじ",
              "start": 29.08,
              "end": 30.464,
              "duration": 1.383,
              "speechUnitCount": 1,
              "method": "ffmpeg-silencedetect-order",
              "confidence": "needs-review"
            },
            {
              "id": "l37-v017",
              "trackId": "lesson_words",
              "sourceUrl": "https://japaflow-audio-bucket.oss-cn-shanghai.aliyuncs.com/textbook-audio/book1-unit10/lesson37/lesson_words.mp3",
              "localAudioPath": "data/ocr/audio-cache/lesson37/lesson_words.mp3",
              "itemIndex": 17,
              "text": "ボリューム",
              "label": "ボリューム",
              "start": 31.207,
              "end": 32.35,
              "duration": 1.143,
              "speechUnitCount": 1,
              "method": "ffmpeg-silencedetect-order",
              "confidence": "needs-review"
            },
            {
              "id": "l37-v018",
              "trackId": "lesson_words",
              "sourceUrl": "https://japaflow-audio-bucket.oss-cn-shanghai.aliyuncs.com/textbook-audio/book1-unit10/lesson37/lesson_words.mp3",
              "localAudioPath": "data/ocr/audio-cache/lesson37/lesson_words.mp3",
              "itemIndex": 18,
              "text": "ちょくつうれっしゃ",
              "label": "直通列車",
              "start": 33.703,
              "end": 35.172,
              "duration": 1.468,
              "speechUnitCount": 1,
              "method": "ffmpeg-silencedetect-order",
              "confidence": "needs-review"
            },
            {
              "id": "l37-v019",
              "trackId": "lesson_words",
              "sourceUrl": "https://japaflow-audio-bucket.oss-cn-shanghai.aliyuncs.com/textbook-audio/book1-unit10/lesson37/lesson_words.mp3",
              "localAudioPath": "data/ocr/audio-cache/lesson37/lesson_words.mp3",
              "itemIndex": 19,
              "text": "せかいいさん",
              "label": "世界遺産",
              "start": 35.876,
              "end": 36.773,
              "duration": 0.897,
              "speechUnitCount": 1,
              "method": "ffmpeg-silencedetect-order",
              "confidence": "needs-review"
            },
            {
              "id": "l37-v020",
              "trackId": "lesson_words",
              "sourceUrl": "https://japaflow-audio-bucket.oss-cn-shanghai.aliyuncs.com/textbook-audio/book1-unit10/lesson37/lesson_words.mp3",
              "localAudioPath": "data/ocr/audio-cache/lesson37/lesson_words.mp3",
              "itemIndex": 20,
              "text": "かんこうスポット",
              "label": "観光スポット",
              "start": 38.297,
              "end": 39.75,
              "duration": 1.453,
              "speechUnitCount": 1,
              "method": "ffmpeg-silencedetect-order",
              "confidence": "needs-review"
            },
            {
              "id": "l37-v021",
              "trackId": "lesson_words",
              "sourceUrl": "https://japaflow-audio-bucket.oss-cn-shanghai.aliyuncs.com/textbook-audio/book1-unit10/lesson37/lesson_words.mp3",
              "localAudioPath": "data/ocr/audio-cache/lesson37/lesson_words.mp3",
              "itemIndex": 21,
              "text": "こえます",
              "label": "超えます",
              "start": 40.324,
              "end": 41.644,
              "duration": 1.32,
              "speechUnitCount": 1,
              "method": "ffmpeg-silencedetect-order",
              "confidence": "needs-review"
            },
            {
              "id": "l37-v022",
              "trackId": "lesson_words",
              "sourceUrl": "https://japaflow-audio-bucket.oss-cn-shanghai.aliyuncs.com/textbook-audio/book1-unit10/lesson37/lesson_words.mp3",
              "localAudioPath": "data/ocr/audio-cache/lesson37/lesson_words.mp3",
              "itemIndex": 22,
              "text": "しゅつじょうします",
              "label": "出場します",
              "start": 42.899,
              "end": 44.464,
              "duration": 1.565,
              "speechUnitCount": 1,
              "method": "ffmpeg-silencedetect-order",
              "confidence": "needs-review"
            },
            {
              "id": "l37-v023",
              "trackId": "lesson_words",
              "sourceUrl": "https://japaflow-audio-bucket.oss-cn-shanghai.aliyuncs.com/textbook-audio/book1-unit10/lesson37/lesson_words.mp3",
              "localAudioPath": "data/ocr/audio-cache/lesson37/lesson_words.mp3",
              "itemIndex": 23,
              "text": "しゃくほうします",
              "label": "釈放します",
              "start": 45.313,
              "end": 46.539,
              "duration": 1.226,
              "speechUnitCount": 1,
              "method": "ffmpeg-silencedetect-order",
              "confidence": "needs-review"
            },
            {
              "id": "l37-v024",
              "trackId": "lesson_words",
              "sourceUrl": "https://japaflow-audio-bucket.oss-cn-shanghai.aliyuncs.com/textbook-audio/book1-unit10/lesson37/lesson_words.mp3",
              "localAudioPath": "data/ocr/audio-cache/lesson37/lesson_words.mp3",
              "itemIndex": 24,
              "text": "つまみぐいします",
              "label": "つまみ食いします",
              "start": 47.296,
              "end": 50.484,
              "duration": 3.188,
              "speechUnitCount": 1,
              "method": "ffmpeg-silencedetect-order",
              "confidence": "needs-review"
            },
            {
              "id": "l37-v025",
              "trackId": "lesson_words",
              "sourceUrl": "https://japaflow-audio-bucket.oss-cn-shanghai.aliyuncs.com/textbook-audio/book1-unit10/lesson37/lesson_words.mp3",
              "localAudioPath": "data/ocr/audio-cache/lesson37/lesson_words.mp3",
              "itemIndex": 25,
              "text": "かんさんします",
              "label": "換算します",
              "start": 51.187,
              "end": 53.338,
              "duration": 2.15,
              "speechUnitCount": 1,
              "method": "ffmpeg-silencedetect-order",
              "confidence": "needs-review"
            },
            {
              "id": "l37-v026",
              "trackId": "lesson_words",
              "sourceUrl": "https://japaflow-audio-bucket.oss-cn-shanghai.aliyuncs.com/textbook-audio/book1-unit10/lesson37/lesson_words.mp3",
              "localAudioPath": "data/ocr/audio-cache/lesson37/lesson_words.mp3",
              "itemIndex": 26,
              "text": "ふくしゅうします",
              "label": "復習します",
              "start": 54.2,
              "end": 55.014,
              "duration": 0.814,
              "speechUnitCount": 1,
              "method": "ffmpeg-silencedetect-order",
              "confidence": "needs-review"
            },
            {
              "id": "l37-v027",
              "trackId": "lesson_words",
              "sourceUrl": "https://japaflow-audio-bucket.oss-cn-shanghai.aliyuncs.com/textbook-audio/book1-unit10/lesson37/lesson_words.mp3",
              "localAudioPath": "data/ocr/audio-cache/lesson37/lesson_words.mp3",
              "itemIndex": 27,
              "text": "せいこうします",
              "label": "成功します",
              "start": 55.692,
              "end": 56.363,
              "duration": 0.671,
              "speechUnitCount": 1,
              "method": "ffmpeg-silencedetect-order",
              "confidence": "needs-review"
            },
            {
              "id": "l37-v028",
              "trackId": "lesson_words",
              "sourceUrl": "https://japaflow-audio-bucket.oss-cn-shanghai.aliyuncs.com/textbook-audio/book1-unit10/lesson37/lesson_words.mp3",
              "localAudioPath": "data/ocr/audio-cache/lesson37/lesson_words.mp3",
              "itemIndex": 28,
              "text": "よわい",
              "label": "弱い",
              "start": 57.447,
              "end": 58.272,
              "duration": 0.825,
              "speechUnitCount": 1,
              "method": "ffmpeg-silencedetect-order",
              "confidence": "needs-review"
            },
            {
              "id": "l37-v029",
              "trackId": "lesson_words",
              "sourceUrl": "https://japaflow-audio-bucket.oss-cn-shanghai.aliyuncs.com/textbook-audio/book1-unit10/lesson37/lesson_words.mp3",
              "localAudioPath": "data/ocr/audio-cache/lesson37/lesson_words.mp3",
              "itemIndex": 29,
              "text": "きびしい",
              "label": "厳しい",
              "start": 59.041,
              "end": 60.063,
              "duration": 1.022,
              "speechUnitCount": 1,
              "method": "ffmpeg-silencedetect-order",
              "confidence": "needs-review"
            },
            {
              "id": "l37-v030",
              "trackId": "lesson_words",
              "sourceUrl": "https://japaflow-audio-bucket.oss-cn-shanghai.aliyuncs.com/textbook-audio/book1-unit10/lesson37/lesson_words.mp3",
              "localAudioPath": "data/ocr/audio-cache/lesson37/lesson_words.mp3",
              "itemIndex": 30,
              "text": "ぜいたく",
              "label": "ぜいたく",
              "start": 61.102,
              "end": 61.977,
              "duration": 0.874,
              "speechUnitCount": 1,
              "method": "ffmpeg-silencedetect-order",
              "confidence": "needs-review"
            },
            {
              "id": "l37-v031",
              "trackId": "lesson_words",
              "sourceUrl": "https://japaflow-audio-bucket.oss-cn-shanghai.aliyuncs.com/textbook-audio/book1-unit10/lesson37/lesson_words.mp3",
              "localAudioPath": "data/ocr/audio-cache/lesson37/lesson_words.mp3",
              "itemIndex": 31,
              "text": "こっそり",
              "label": "こっそり",
              "start": 62.96,
              "end": 64.004,
              "duration": 1.044,
              "speechUnitCount": 1,
              "method": "ffmpeg-silencedetect-order",
              "confidence": "needs-review"
            },
            {
              "id": "l37-v032",
              "trackId": "lesson_words",
              "sourceUrl": "https://japaflow-audio-bucket.oss-cn-shanghai.aliyuncs.com/textbook-audio/book1-unit10/lesson37/lesson_words.mp3",
              "localAudioPath": "data/ocr/audio-cache/lesson37/lesson_words.mp3",
              "itemIndex": 32,
              "text": "さすが",
              "label": "さすが",
              "start": 65.379,
              "end": 66.726,
              "duration": 1.347,
              "speechUnitCount": 1,
              "method": "ffmpeg-silencedetect-order",
              "confidence": "needs-review"
            },
            {
              "id": "l37-v033",
              "trackId": "lesson_words",
              "sourceUrl": "https://japaflow-audio-bucket.oss-cn-shanghai.aliyuncs.com/textbook-audio/book1-unit10/lesson37/lesson_words.mp3",
              "localAudioPath": "data/ocr/audio-cache/lesson37/lesson_words.mp3",
              "itemIndex": 33,
              "text": "じっさいに",
              "label": "実際に",
              "start": 68.612,
              "end": 69.178,
              "duration": 0.566,
              "speechUnitCount": 1,
              "method": "ffmpeg-silencedetect-order",
              "confidence": "needs-review"
            },
            {
              "id": "l37-v034",
              "trackId": "lesson_words",
              "sourceUrl": "https://japaflow-audio-bucket.oss-cn-shanghai.aliyuncs.com/textbook-audio/book1-unit10/lesson37/lesson_words.mp3",
              "localAudioPath": "data/ocr/audio-cache/lesson37/lesson_words.mp3",
              "itemIndex": 34,
              "text": "とうだい",
              "label": "東大",
              "start": 70.617,
              "end": 71.316,
              "duration": 0.699,
              "speechUnitCount": 1,
              "method": "ffmpeg-silencedetect-order",
              "confidence": "needs-review"
            },
            {
              "id": "l37-v035",
              "trackId": "lesson_words",
              "sourceUrl": "https://japaflow-audio-bucket.oss-cn-shanghai.aliyuncs.com/textbook-audio/book1-unit10/lesson37/lesson_words.mp3",
              "localAudioPath": "data/ocr/audio-cache/lesson37/lesson_words.mp3",
              "itemIndex": 35,
              "text": "はったつれい",
              "label": "八達嶺",
              "start": 72.173,
              "end": 72.489,
              "duration": 0.317,
              "speechUnitCount": 1,
              "method": "ffmpeg-silencedetect-order",
              "confidence": "needs-review"
            },
            {
              "id": "l37-v036",
              "trackId": "lesson_words",
              "sourceUrl": "https://japaflow-audio-bucket.oss-cn-shanghai.aliyuncs.com/textbook-audio/book1-unit10/lesson37/lesson_words.mp3",
              "localAudioPath": "data/ocr/audio-cache/lesson37/lesson_words.mp3",
              "itemIndex": 36,
              "text": "ペキンきたえき",
              "label": "北京北駅",
              "start": 73.853,
              "end": 74.52,
              "duration": 0.667,
              "speechUnitCount": 1,
              "method": "ffmpeg-silencedetect-order",
              "confidence": "needs-review"
            }
          ]
        }
      }
    }
  }
}
