{
  "lessonId": 30,
  "target": "vocabulary",
  "generatedAt": "2026-08-05T08:45:55.020Z",
  "outputs": {
    "vocabulary": "data/ocr/lesson30-vocabulary-audio.json"
  },
  "summaries": [
    {
      "trackId": "lesson_words",
      "sourceUrl": "https://japaflow-audio-bucket.oss-cn-shanghai.aliyuncs.com/textbook-audio/book1-unit8/lesson30/lesson_words.mp3",
      "duration": 66.17,
      "expectedItems": 35,
      "expectedSpeechUnits": 36,
      "skippedSpeechUnits": 0,
      "detectedSpeechIntervals": 36,
      "mappedSegments": 35,
      "selectedProfile": {
        "noiseDb": -44,
        "minSilence": 0.28
      },
      "warnings": []
    }
  ],
  "vocabularyData": {
    "lessonId": "lesson30",
    "sourceImages": [
      {
        "path": "course-assets/by-lesson/lesson30/page69.webp",
        "pageNo": 69
      }
    ],
    "vocabulary": [
      {
        "id": "l30-v001",
        "kana": "たくはいびん",
        "writing": "宅配便",
        "meaningZh": [
          "送货上门服务"
        ],
        "partOfSpeech": "名",
        "rawText": "たくはいびん（宅配便）[名] 送货上门服务",
        "confidence": "high",
        "audioSegment": {
          "id": "l30-v001",
          "trackId": "lesson_words",
          "sourceUrl": "https://japaflow-audio-bucket.oss-cn-shanghai.aliyuncs.com/textbook-audio/book1-unit8/lesson30/lesson_words.mp3",
          "localAudioPath": "data/ocr/audio-cache/lesson30/lesson_words.mp3",
          "itemIndex": 1,
          "text": "たくはいびん",
          "label": "宅配便",
          "start": 0.748,
          "end": 1.753,
          "duration": 1.005,
          "speechUnitCount": 1,
          "method": "ffmpeg-silencedetect-order",
          "confidence": "high"
        }
      },
      {
        "id": "l30-v002",
        "kana": "ほうこくしょ",
        "writing": "報告書",
        "meaningZh": [
          "报告书"
        ],
        "partOfSpeech": "名",
        "rawText": "ほうこくしょ（報告書）[名] 报告书",
        "confidence": "high",
        "audioSegment": {
          "id": "l30-v002",
          "trackId": "lesson_words",
          "sourceUrl": "https://japaflow-audio-bucket.oss-cn-shanghai.aliyuncs.com/textbook-audio/book1-unit8/lesson30/lesson_words.mp3",
          "localAudioPath": "data/ocr/audio-cache/lesson30/lesson_words.mp3",
          "itemIndex": 2,
          "text": "ほうこくしょ",
          "label": "報告書",
          "start": 2.823,
          "end": 3.804,
          "duration": 0.981,
          "speechUnitCount": 1,
          "method": "ffmpeg-silencedetect-order",
          "confidence": "high"
        }
      },
      {
        "id": "l30-v003",
        "kana": "つゆ",
        "writing": "梅雨",
        "meaningZh": [
          "梅雨"
        ],
        "partOfSpeech": "名",
        "rawText": "つゆ（梅雨）[名] 梅雨",
        "confidence": "high",
        "audioSegment": {
          "id": "l30-v003",
          "trackId": "lesson_words",
          "sourceUrl": "https://japaflow-audio-bucket.oss-cn-shanghai.aliyuncs.com/textbook-audio/book1-unit8/lesson30/lesson_words.mp3",
          "localAudioPath": "data/ocr/audio-cache/lesson30/lesson_words.mp3",
          "itemIndex": 3,
          "text": "つゆ",
          "label": "梅雨",
          "start": 4.565,
          "end": 5.126,
          "duration": 0.56,
          "speechUnitCount": 1,
          "method": "ffmpeg-silencedetect-order",
          "confidence": "high"
        }
      },
      {
        "id": "l30-v004",
        "kana": "あき",
        "writing": "秋",
        "meaningZh": [
          "秋天",
          "秋季"
        ],
        "partOfSpeech": "名",
        "rawText": "あき（秋）[名] 秋天，秋季",
        "confidence": "high",
        "audioSegment": {
          "id": "l30-v004",
          "trackId": "lesson_words",
          "sourceUrl": "https://japaflow-audio-bucket.oss-cn-shanghai.aliyuncs.com/textbook-audio/book1-unit8/lesson30/lesson_words.mp3",
          "localAudioPath": "data/ocr/audio-cache/lesson30/lesson_words.mp3",
          "itemIndex": 4,
          "text": "あき",
          "label": "秋",
          "start": 5.837,
          "end": 6.367,
          "duration": 0.53,
          "speechUnitCount": 1,
          "method": "ffmpeg-silencedetect-order",
          "confidence": "high"
        }
      },
      {
        "id": "l30-v005",
        "kana": "ピクニック",
        "writing": "ピクニック",
        "meaningZh": [
          "郊游"
        ],
        "partOfSpeech": "名",
        "rawText": "ピクニック [名] 郊游",
        "confidence": "high",
        "audioSegment": {
          "id": "l30-v005",
          "trackId": "lesson_words",
          "sourceUrl": "https://japaflow-audio-bucket.oss-cn-shanghai.aliyuncs.com/textbook-audio/book1-unit8/lesson30/lesson_words.mp3",
          "localAudioPath": "data/ocr/audio-cache/lesson30/lesson_words.mp3",
          "itemIndex": 5,
          "text": "ピクニック",
          "label": "ピクニック",
          "start": 7.171,
          "end": 8.019,
          "duration": 0.849,
          "speechUnitCount": 1,
          "method": "ffmpeg-silencedetect-order",
          "confidence": "high"
        }
      },
      {
        "id": "l30-v006",
        "kana": "こうらくち",
        "writing": "行楽地",
        "meaningZh": [
          "景点",
          "游览地"
        ],
        "partOfSpeech": "名",
        "rawText": "こうらくち（行楽地）[名] 景点，游览地",
        "confidence": "high",
        "audioSegment": {
          "id": "l30-v006",
          "trackId": "lesson_words",
          "sourceUrl": "https://japaflow-audio-bucket.oss-cn-shanghai.aliyuncs.com/textbook-audio/book1-unit8/lesson30/lesson_words.mp3",
          "localAudioPath": "data/ocr/audio-cache/lesson30/lesson_words.mp3",
          "itemIndex": 6,
          "text": "こうらくち",
          "label": "行楽地",
          "start": 9.425,
          "end": 10.373,
          "duration": 0.948,
          "speechUnitCount": 1,
          "method": "ffmpeg-silencedetect-order",
          "confidence": "high"
        }
      },
      {
        "id": "l30-v007",
        "kana": "ピザ",
        "writing": "ピザ",
        "meaningZh": [
          "比萨饼"
        ],
        "partOfSpeech": "名",
        "rawText": "ピザ [名] 比萨饼",
        "confidence": "high",
        "audioSegment": {
          "id": "l30-v007",
          "trackId": "lesson_words",
          "sourceUrl": "https://japaflow-audio-bucket.oss-cn-shanghai.aliyuncs.com/textbook-audio/book1-unit8/lesson30/lesson_words.mp3",
          "localAudioPath": "data/ocr/audio-cache/lesson30/lesson_words.mp3",
          "itemIndex": 7,
          "text": "ピザ",
          "label": "ピザ",
          "start": 11.301,
          "end": 11.741,
          "duration": 0.44,
          "speechUnitCount": 1,
          "method": "ffmpeg-silencedetect-order",
          "confidence": "high"
        }
      },
      {
        "id": "l30-v008",
        "kana": "しゅうでん",
        "writing": "終電",
        "meaningZh": [
          "末班电车"
        ],
        "partOfSpeech": "名",
        "rawText": "しゅうでん（終電）[名] 末班电车",
        "confidence": "high",
        "audioSegment": {
          "id": "l30-v008",
          "trackId": "lesson_words",
          "sourceUrl": "https://japaflow-audio-bucket.oss-cn-shanghai.aliyuncs.com/textbook-audio/book1-unit8/lesson30/lesson_words.mp3",
          "localAudioPath": "data/ocr/audio-cache/lesson30/lesson_words.mp3",
          "itemIndex": 8,
          "text": "しゅうでん",
          "label": "終電",
          "start": 12.683,
          "end": 13.636,
          "duration": 0.954,
          "speechUnitCount": 1,
          "method": "ffmpeg-silencedetect-order",
          "confidence": "high"
        }
      },
      {
        "id": "l30-v009",
        "kana": "まちあいしつ",
        "writing": "待合室",
        "meaningZh": [
          "候诊室",
          "等候室"
        ],
        "partOfSpeech": "名",
        "rawText": "まちあいしつ（待合室）[名] 候诊室，等候室",
        "confidence": "high",
        "audioSegment": {
          "id": "l30-v009",
          "trackId": "lesson_words",
          "sourceUrl": "https://japaflow-audio-bucket.oss-cn-shanghai.aliyuncs.com/textbook-audio/book1-unit8/lesson30/lesson_words.mp3",
          "localAudioPath": "data/ocr/audio-cache/lesson30/lesson_words.mp3",
          "itemIndex": 9,
          "text": "まちあいしつ",
          "label": "待合室",
          "start": 14.168,
          "end": 15.205,
          "duration": 1.037,
          "speechUnitCount": 1,
          "method": "ffmpeg-silencedetect-order",
          "confidence": "high"
        }
      },
      {
        "id": "l30-v010",
        "kana": "かんじゃ",
        "writing": "患者",
        "meaningZh": [
          "病人",
          "患者"
        ],
        "partOfSpeech": "名",
        "rawText": "かんじゃ（患者）[名] 病人，患者",
        "confidence": "high",
        "audioSegment": {
          "id": "l30-v010",
          "trackId": "lesson_words",
          "sourceUrl": "https://japaflow-audio-bucket.oss-cn-shanghai.aliyuncs.com/textbook-audio/book1-unit8/lesson30/lesson_words.mp3",
          "localAudioPath": "data/ocr/audio-cache/lesson30/lesson_words.mp3",
          "itemIndex": 10,
          "text": "かんじゃ",
          "label": "患者",
          "start": 16.863,
          "end": 17.61,
          "duration": 0.747,
          "speechUnitCount": 1,
          "method": "ffmpeg-silencedetect-order",
          "confidence": "high"
        }
      },
      {
        "id": "l30-v011",
        "kana": "はいざら",
        "writing": "灰皿",
        "meaningZh": [
          "烟灰缸"
        ],
        "partOfSpeech": "名",
        "rawText": "はいざら（灰皿）[名] 烟灰缸",
        "confidence": "high",
        "audioSegment": {
          "id": "l30-v011",
          "trackId": "lesson_words",
          "sourceUrl": "https://japaflow-audio-bucket.oss-cn-shanghai.aliyuncs.com/textbook-audio/book1-unit8/lesson30/lesson_words.mp3",
          "localAudioPath": "data/ocr/audio-cache/lesson30/lesson_words.mp3",
          "itemIndex": 11,
          "text": "はいざら",
          "label": "灰皿",
          "start": 18.592,
          "end": 19.361,
          "duration": 0.768,
          "speechUnitCount": 1,
          "method": "ffmpeg-silencedetect-order",
          "confidence": "high"
        }
      },
      {
        "id": "l30-v012",
        "kana": "すいがら",
        "writing": "吸殻",
        "meaningZh": [
          "烟头",
          "烟灰",
          "烟蒂"
        ],
        "partOfSpeech": "名",
        "rawText": "すいがら（吸殻）[名] 烟头，烟灰，烟蒂",
        "confidence": "high",
        "audioSegment": {
          "id": "l30-v012",
          "trackId": "lesson_words",
          "sourceUrl": "https://japaflow-audio-bucket.oss-cn-shanghai.aliyuncs.com/textbook-audio/book1-unit8/lesson30/lesson_words.mp3",
          "localAudioPath": "data/ocr/audio-cache/lesson30/lesson_words.mp3",
          "itemIndex": 12,
          "text": "すいがら",
          "label": "吸殻",
          "start": 20.285,
          "end": 21.194,
          "duration": 0.909,
          "speechUnitCount": 1,
          "method": "ffmpeg-silencedetect-order",
          "confidence": "high"
        }
      },
      {
        "id": "l30-v013",
        "kana": "は",
        "writing": "歯",
        "meaningZh": [
          "牙齿"
        ],
        "partOfSpeech": "名",
        "rawText": "は（歯）[名] 牙齿",
        "confidence": "high",
        "audioSegment": {
          "id": "l30-v013",
          "trackId": "lesson_words",
          "sourceUrl": "https://japaflow-audio-bucket.oss-cn-shanghai.aliyuncs.com/textbook-audio/book1-unit8/lesson30/lesson_words.mp3",
          "localAudioPath": "data/ocr/audio-cache/lesson30/lesson_words.mp3",
          "itemIndex": 13,
          "text": "は",
          "label": "歯",
          "start": 21.981,
          "end": 22.325,
          "duration": 0.344,
          "speechUnitCount": 1,
          "method": "ffmpeg-silencedetect-order",
          "confidence": "high"
        }
      },
      {
        "id": "l30-v014",
        "kana": "かれ",
        "writing": "彼",
        "meaningZh": [
          "他"
        ],
        "partOfSpeech": "代",
        "rawText": "かれ（彼）[代] 他",
        "confidence": "high",
        "audioSegment": {
          "id": "l30-v014",
          "trackId": "lesson_words",
          "sourceUrl": "https://japaflow-audio-bucket.oss-cn-shanghai.aliyuncs.com/textbook-audio/book1-unit8/lesson30/lesson_words.mp3",
          "localAudioPath": "data/ocr/audio-cache/lesson30/lesson_words.mp3",
          "itemIndex": 14,
          "text": "かれ",
          "label": "彼",
          "start": 23.208,
          "end": 23.655,
          "duration": 0.447,
          "speechUnitCount": 1,
          "method": "ffmpeg-silencedetect-order",
          "confidence": "high"
        }
      },
      {
        "id": "l30-v015",
        "kana": "そろいます",
        "writing": "そろいます",
        "meaningZh": [
          "到齐",
          "齐全"
        ],
        "partOfSpeech": "动1",
        "rawText": "そろいます [动1] 到齐，齐全",
        "confidence": "high",
        "audioSegment": {
          "id": "l30-v015",
          "trackId": "lesson_words",
          "sourceUrl": "https://japaflow-audio-bucket.oss-cn-shanghai.aliyuncs.com/textbook-audio/book1-unit8/lesson30/lesson_words.mp3",
          "localAudioPath": "data/ocr/audio-cache/lesson30/lesson_words.mp3",
          "itemIndex": 15,
          "text": "そろいます",
          "label": "そろいます",
          "start": 24.449,
          "end": 25.473,
          "duration": 1.023,
          "speechUnitCount": 1,
          "method": "ffmpeg-silencedetect-order",
          "confidence": "high"
        }
      },
      {
        "id": "l30-v016",
        "kana": "よります",
        "writing": "寄ります",
        "meaningZh": [
          "顺便去",
          "靠近"
        ],
        "partOfSpeech": "动1",
        "rawText": "よります（寄ります）[动1] 顺便去；靠近",
        "confidence": "high",
        "audioSegment": {
          "id": "l30-v016",
          "trackId": "lesson_words",
          "sourceUrl": "https://japaflow-audio-bucket.oss-cn-shanghai.aliyuncs.com/textbook-audio/book1-unit8/lesson30/lesson_words.mp3",
          "localAudioPath": "data/ocr/audio-cache/lesson30/lesson_words.mp3",
          "itemIndex": 16,
          "text": "よります",
          "label": "寄ります",
          "start": 26.225,
          "end": 27.119,
          "duration": 0.893,
          "speechUnitCount": 1,
          "method": "ffmpeg-silencedetect-order",
          "confidence": "high"
        }
      },
      {
        "id": "l30-v017",
        "kana": "ひらきます",
        "writing": "開きます",
        "meaningZh": [
          "开",
          "开张"
        ],
        "partOfSpeech": "动1",
        "rawText": "ひらきます（開きます）[动1] 开，开张",
        "confidence": "high",
        "audioSegment": {
          "id": "l30-v017",
          "trackId": "lesson_words",
          "sourceUrl": "https://japaflow-audio-bucket.oss-cn-shanghai.aliyuncs.com/textbook-audio/book1-unit8/lesson30/lesson_words.mp3",
          "localAudioPath": "data/ocr/audio-cache/lesson30/lesson_words.mp3",
          "itemIndex": 17,
          "text": "ひらきます",
          "label": "開きます",
          "start": 27.661,
          "end": 28.635,
          "duration": 0.973,
          "speechUnitCount": 1,
          "method": "ffmpeg-silencedetect-order",
          "confidence": "high"
        }
      },
      {
        "id": "l30-v018",
        "kana": "ひっこします",
        "writing": "引っ越します",
        "meaningZh": [
          "搬迁",
          "搬家"
        ],
        "partOfSpeech": "动1",
        "rawText": "ひっこします（引っ越します）[动1] 搬迁，搬家",
        "confidence": "high",
        "audioSegment": {
          "id": "l30-v018",
          "trackId": "lesson_words",
          "sourceUrl": "https://japaflow-audio-bucket.oss-cn-shanghai.aliyuncs.com/textbook-audio/book1-unit8/lesson30/lesson_words.mp3",
          "localAudioPath": "data/ocr/audio-cache/lesson30/lesson_words.mp3",
          "itemIndex": 18,
          "text": "ひっこします",
          "label": "引っ越します",
          "start": 29.701,
          "end": 30.925,
          "duration": 1.223,
          "speechUnitCount": 1,
          "method": "ffmpeg-silencedetect-order",
          "confidence": "high"
        }
      },
      {
        "id": "l30-v019",
        "kana": "むかえます",
        "writing": "迎えます",
        "meaningZh": [
          "迎接"
        ],
        "partOfSpeech": "动2",
        "rawText": "むかえます（迎えます）[动2] 迎接",
        "confidence": "high",
        "audioSegment": {
          "id": "l30-v019",
          "trackId": "lesson_words",
          "sourceUrl": "https://japaflow-audio-bucket.oss-cn-shanghai.aliyuncs.com/textbook-audio/book1-unit8/lesson30/lesson_words.mp3",
          "localAudioPath": "data/ocr/audio-cache/lesson30/lesson_words.mp3",
          "itemIndex": 19,
          "text": "むかえます",
          "label": "迎えます",
          "start": 31.682,
          "end": 32.76,
          "duration": 1.078,
          "speechUnitCount": 1,
          "method": "ffmpeg-silencedetect-order",
          "confidence": "high"
        }
      },
      {
        "id": "l30-v020",
        "kana": "こわれます",
        "writing": "壊れます",
        "meaningZh": [
          "出故障",
          "坏"
        ],
        "partOfSpeech": "动2",
        "rawText": "こわれます（壊れます）[动2] 出故障，坏",
        "confidence": "high",
        "audioSegment": {
          "id": "l30-v020",
          "trackId": "lesson_words",
          "sourceUrl": "https://japaflow-audio-bucket.oss-cn-shanghai.aliyuncs.com/textbook-audio/book1-unit8/lesson30/lesson_words.mp3",
          "localAudioPath": "data/ocr/audio-cache/lesson30/lesson_words.mp3",
          "itemIndex": 20,
          "text": "こわれます",
          "label": "壊れます",
          "start": 33.614,
          "end": 34.601,
          "duration": 0.987,
          "speechUnitCount": 1,
          "method": "ffmpeg-silencedetect-order",
          "confidence": "high"
        }
      },
      {
        "id": "l30-v021",
        "kana": "まちがえます",
        "writing": "間違えます",
        "meaningZh": [
          "搞错"
        ],
        "partOfSpeech": "动2",
        "rawText": "まちがえます（間違えます）[动2] 搞错",
        "confidence": "high",
        "audioSegment": {
          "id": "l30-v021",
          "trackId": "lesson_words",
          "sourceUrl": "https://japaflow-audio-bucket.oss-cn-shanghai.aliyuncs.com/textbook-audio/book1-unit8/lesson30/lesson_words.mp3",
          "localAudioPath": "data/ocr/audio-cache/lesson30/lesson_words.mp3",
          "itemIndex": 21,
          "text": "まちがえます",
          "label": "間違えます",
          "start": 35.197,
          "end": 36.436,
          "duration": 1.239,
          "speechUnitCount": 1,
          "method": "ffmpeg-silencedetect-order",
          "confidence": "high"
        }
      },
      {
        "id": "l30-v022",
        "kana": "しゅっぱつします",
        "writing": "出発します",
        "meaningZh": [
          "出发"
        ],
        "partOfSpeech": "动3",
        "rawText": "しゅっぱつします（出発〜）[动3] 出发",
        "confidence": "high",
        "audioSegment": {
          "id": "l30-v022",
          "trackId": "lesson_words",
          "sourceUrl": "https://japaflow-audio-bucket.oss-cn-shanghai.aliyuncs.com/textbook-audio/book1-unit8/lesson30/lesson_words.mp3",
          "localAudioPath": "data/ocr/audio-cache/lesson30/lesson_words.mp3",
          "itemIndex": 22,
          "text": "しゅっぱつします",
          "label": "出発します",
          "start": 37.119,
          "end": 38.614,
          "duration": 1.495,
          "speechUnitCount": 1,
          "method": "ffmpeg-silencedetect-order",
          "confidence": "high"
        }
      },
      {
        "id": "l30-v023",
        "kana": "てんしょくします",
        "writing": "転職します",
        "meaningZh": [
          "换工作"
        ],
        "partOfSpeech": "动3",
        "rawText": "てんしょくします（転職〜）[动3] 换工作",
        "confidence": "high",
        "audioSegment": {
          "id": "l30-v023",
          "trackId": "lesson_words",
          "sourceUrl": "https://japaflow-audio-bucket.oss-cn-shanghai.aliyuncs.com/textbook-audio/book1-unit8/lesson30/lesson_words.mp3",
          "localAudioPath": "data/ocr/audio-cache/lesson30/lesson_words.mp3",
          "itemIndex": 23,
          "text": "てんしょくします",
          "label": "転職します",
          "start": 39.071,
          "end": 40.316,
          "duration": 1.245,
          "speechUnitCount": 1,
          "method": "ffmpeg-silencedetect-order",
          "confidence": "high"
        }
      },
      {
        "id": "l30-v024",
        "kana": "パンクします",
        "writing": "パンクします",
        "meaningZh": [
          "轮胎爆裂",
          "撑破"
        ],
        "partOfSpeech": "动3",
        "rawText": "パンクします [动3] 轮胎爆裂，撑破",
        "confidence": "high",
        "audioSegment": {
          "id": "l30-v024",
          "trackId": "lesson_words",
          "sourceUrl": "https://japaflow-audio-bucket.oss-cn-shanghai.aliyuncs.com/textbook-audio/book1-unit8/lesson30/lesson_words.mp3",
          "localAudioPath": "data/ocr/audio-cache/lesson30/lesson_words.mp3",
          "itemIndex": 24,
          "text": "パンクします",
          "label": "パンクします",
          "start": 41.271,
          "end": 42.472,
          "duration": 1.201,
          "speechUnitCount": 1,
          "method": "ffmpeg-silencedetect-order",
          "confidence": "high"
        }
      },
      {
        "id": "l30-v025",
        "kana": "さびしい",
        "writing": "寂しい",
        "meaningZh": [
          "寂寞"
        ],
        "partOfSpeech": "形1",
        "rawText": "さびしい（寂しい）[形1] 寂寞",
        "confidence": "high",
        "audioSegment": {
          "id": "l30-v025",
          "trackId": "lesson_words",
          "sourceUrl": "https://japaflow-audio-bucket.oss-cn-shanghai.aliyuncs.com/textbook-audio/book1-unit8/lesson30/lesson_words.mp3",
          "localAudioPath": "data/ocr/audio-cache/lesson30/lesson_words.mp3",
          "itemIndex": 25,
          "text": "さびしい",
          "label": "寂しい",
          "start": 43.158,
          "end": 44.041,
          "duration": 0.883,
          "speechUnitCount": 1,
          "method": "ffmpeg-silencedetect-order",
          "confidence": "high"
        }
      },
      {
        "id": "l30-v026",
        "kana": "たのしみ",
        "writing": "楽しみ",
        "meaningZh": [
          "愉快",
          "期待"
        ],
        "partOfSpeech": "形2",
        "rawText": "たのしみ（楽しみ）[形2] 愉快，期待",
        "confidence": "high",
        "audioSegment": {
          "id": "l30-v026",
          "trackId": "lesson_words",
          "sourceUrl": "https://japaflow-audio-bucket.oss-cn-shanghai.aliyuncs.com/textbook-audio/book1-unit8/lesson30/lesson_words.mp3",
          "localAudioPath": "data/ocr/audio-cache/lesson30/lesson_words.mp3",
          "itemIndex": 26,
          "text": "たのしみ",
          "label": "楽しみ",
          "start": 45.283,
          "end": 46.085,
          "duration": 0.801,
          "speechUnitCount": 1,
          "method": "ffmpeg-silencedetect-order",
          "confidence": "high"
        }
      },
      {
        "id": "l30-v027",
        "kana": "とくべつ",
        "writing": "特別",
        "meaningZh": [
          "特别"
        ],
        "partOfSpeech": "形2",
        "rawText": "とくべつ（特別）[形2] 特别",
        "confidence": "high",
        "audioSegment": {
          "id": "l30-v027",
          "trackId": "lesson_words",
          "sourceUrl": "https://japaflow-audio-bucket.oss-cn-shanghai.aliyuncs.com/textbook-audio/book1-unit8/lesson30/lesson_words.mp3",
          "localAudioPath": "data/ocr/audio-cache/lesson30/lesson_words.mp3",
          "itemIndex": 27,
          "text": "とくべつ",
          "label": "特別",
          "start": 46.934,
          "end": 47.827,
          "duration": 0.894,
          "speechUnitCount": 1,
          "method": "ffmpeg-silencedetect-order",
          "confidence": "high"
        }
      },
      {
        "id": "l30-v028",
        "kana": "それでは／それじゃ",
        "writing": "それでは／それじゃ",
        "meaningZh": [
          "那么"
        ],
        "partOfSpeech": "连",
        "rawText": "それでは／それじゃ [连] 那么",
        "confidence": "high",
        "audioSegment": {
          "id": "l30-v028",
          "trackId": "lesson_words",
          "sourceUrl": "https://japaflow-audio-bucket.oss-cn-shanghai.aliyuncs.com/textbook-audio/book1-unit8/lesson30/lesson_words.mp3",
          "localAudioPath": "data/ocr/audio-cache/lesson30/lesson_words.mp3",
          "itemIndex": 28,
          "text": "それでは／それじゃ",
          "label": "それでは／それじゃ",
          "start": 48.896,
          "end": 51.521,
          "duration": 2.625,
          "speechUnitCount": 2,
          "method": "ffmpeg-silencedetect-order",
          "confidence": "high"
        }
      },
      {
        "id": "l30-v029",
        "kana": "そうか",
        "writing": "そうか",
        "meaningZh": [
          "是吗"
        ],
        "partOfSpeech": "叹",
        "rawText": "そうか [叹] 是吗",
        "confidence": "high",
        "audioSegment": {
          "id": "l30-v029",
          "trackId": "lesson_words",
          "sourceUrl": "https://japaflow-audio-bucket.oss-cn-shanghai.aliyuncs.com/textbook-audio/book1-unit8/lesson30/lesson_words.mp3",
          "localAudioPath": "data/ocr/audio-cache/lesson30/lesson_words.mp3",
          "itemIndex": 29,
          "text": "そうか",
          "label": "そうか",
          "start": 52.603,
          "end": 53.27,
          "duration": 0.667,
          "speechUnitCount": 1,
          "method": "ffmpeg-silencedetect-order",
          "confidence": "high"
        }
      },
      {
        "id": "l30-v030",
        "kana": "まあ",
        "writing": "まあ",
        "meaningZh": [
          "嗯",
          "嘿",
          "哎哟"
        ],
        "partOfSpeech": "叹",
        "rawText": "まあ [叹] 嗯，嘿，哎哟",
        "confidence": "high",
        "audioSegment": {
          "id": "l30-v030",
          "trackId": "lesson_words",
          "sourceUrl": "https://japaflow-audio-bucket.oss-cn-shanghai.aliyuncs.com/textbook-audio/book1-unit8/lesson30/lesson_words.mp3",
          "localAudioPath": "data/ocr/audio-cache/lesson30/lesson_words.mp3",
          "itemIndex": 30,
          "text": "まあ",
          "label": "まあ",
          "start": 54.007,
          "end": 54.462,
          "duration": 0.455,
          "speechUnitCount": 1,
          "method": "ffmpeg-silencedetect-order",
          "confidence": "high"
        }
      },
      {
        "id": "l30-v031",
        "kana": "パク",
        "writing": "パク",
        "meaningZh": [
          "朴"
        ],
        "partOfSpeech": "专",
        "rawText": "パク [专] 朴",
        "confidence": "high",
        "audioSegment": {
          "id": "l30-v031",
          "trackId": "lesson_words",
          "sourceUrl": "https://japaflow-audio-bucket.oss-cn-shanghai.aliyuncs.com/textbook-audio/book1-unit8/lesson30/lesson_words.mp3",
          "localAudioPath": "data/ocr/audio-cache/lesson30/lesson_words.mp3",
          "itemIndex": 31,
          "text": "パク",
          "label": "パク",
          "start": 55.372,
          "end": 55.811,
          "duration": 0.439,
          "speechUnitCount": 1,
          "method": "ffmpeg-silencedetect-order",
          "confidence": "high"
        }
      },
      {
        "id": "l30-v032",
        "kana": "ちょうこうくだり",
        "writing": "長江下り",
        "meaningZh": [
          "坐船游览长江两岸风光"
        ],
        "partOfSpeech": "专",
        "rawText": "ちょうこうくだり（長江下り）[专] 坐船游览长江两岸风光",
        "confidence": "high",
        "audioSegment": {
          "id": "l30-v032",
          "trackId": "lesson_words",
          "sourceUrl": "https://japaflow-audio-bucket.oss-cn-shanghai.aliyuncs.com/textbook-audio/book1-unit8/lesson30/lesson_words.mp3",
          "localAudioPath": "data/ocr/audio-cache/lesson30/lesson_words.mp3",
          "itemIndex": 32,
          "text": "ちょうこうくだり",
          "label": "長江下り",
          "start": 57.406,
          "end": 58.689,
          "duration": 1.283,
          "speechUnitCount": 1,
          "method": "ffmpeg-silencedetect-order",
          "confidence": "high"
        }
      },
      {
        "id": "l30-v033",
        "kana": "こうざん",
        "writing": "香山",
        "meaningZh": [
          "香山"
        ],
        "partOfSpeech": "专",
        "rawText": "こうざん（香山）[专] 香山",
        "confidence": "high",
        "audioSegment": {
          "id": "l30-v033",
          "trackId": "lesson_words",
          "sourceUrl": "https://japaflow-audio-bucket.oss-cn-shanghai.aliyuncs.com/textbook-audio/book1-unit8/lesson30/lesson_words.mp3",
          "localAudioPath": "data/ocr/audio-cache/lesson30/lesson_words.mp3",
          "itemIndex": 33,
          "text": "こうざん",
          "label": "香山",
          "start": 59.622,
          "end": 60.277,
          "duration": 0.655,
          "speechUnitCount": 1,
          "method": "ffmpeg-silencedetect-order",
          "confidence": "high"
        }
      },
      {
        "id": "l30-v034",
        "kana": "ペキンしょくぶつえん",
        "writing": "北京植物園",
        "meaningZh": [
          "北京植物园"
        ],
        "partOfSpeech": "专",
        "rawText": "ペキンしょくぶつえん（北京植物園）[专] 北京植物园",
        "confidence": "high",
        "audioSegment": {
          "id": "l30-v034",
          "trackId": "lesson_words",
          "sourceUrl": "https://japaflow-audio-bucket.oss-cn-shanghai.aliyuncs.com/textbook-audio/book1-unit8/lesson30/lesson_words.mp3",
          "localAudioPath": "data/ocr/audio-cache/lesson30/lesson_words.mp3",
          "itemIndex": 34,
          "text": "ペキンしょくぶつえん",
          "label": "北京植物園",
          "start": 61.504,
          "end": 63.182,
          "duration": 1.678,
          "speechUnitCount": 1,
          "method": "ffmpeg-silencedetect-order",
          "confidence": "high"
        }
      },
      {
        "id": "l30-v035",
        "kana": "しかたない",
        "writing": "仕方ない",
        "meaningZh": [
          "没有办法"
        ],
        "partOfSpeech": null,
        "rawText": "しかたない（仕方ない） 没有办法",
        "confidence": "high",
        "audioSegment": {
          "id": "l30-v035",
          "trackId": "lesson_words",
          "sourceUrl": "https://japaflow-audio-bucket.oss-cn-shanghai.aliyuncs.com/textbook-audio/book1-unit8/lesson30/lesson_words.mp3",
          "localAudioPath": "data/ocr/audio-cache/lesson30/lesson_words.mp3",
          "itemIndex": 35,
          "text": "しかたない",
          "label": "仕方ない",
          "start": 64.219,
          "end": 65.023,
          "duration": 0.805,
          "speechUnitCount": 1,
          "method": "ffmpeg-silencedetect-order",
          "confidence": "high"
        }
      }
    ],
    "warnings": [],
    "audioAlignment": {
      "generatedAt": "2026-08-05T08:45:55.020Z",
      "method": "ffmpeg-silencedetect-order",
      "tracks": {
        "lesson_words": {
          "trackId": "lesson_words",
          "sourceUrl": "https://japaflow-audio-bucket.oss-cn-shanghai.aliyuncs.com/textbook-audio/book1-unit8/lesson30/lesson_words.mp3",
          "localAudioPath": "data/ocr/audio-cache/lesson30/lesson_words.mp3",
          "outputPath": "data/ocr/lesson30-vocabulary-audio.json",
          "duration": 66.17,
          "expectedItems": 35,
          "expectedSpeechUnits": 36,
          "skippedSpeechUnits": 0,
          "detectedSpeechIntervals": 36,
          "mappedSegments": 35,
          "selectedProfile": {
            "noiseDb": -44,
            "minSilence": 0.28
          },
          "warnings": [],
          "segments": [
            {
              "id": "l30-v001",
              "trackId": "lesson_words",
              "sourceUrl": "https://japaflow-audio-bucket.oss-cn-shanghai.aliyuncs.com/textbook-audio/book1-unit8/lesson30/lesson_words.mp3",
              "localAudioPath": "data/ocr/audio-cache/lesson30/lesson_words.mp3",
              "itemIndex": 1,
              "text": "たくはいびん",
              "label": "宅配便",
              "start": 0.748,
              "end": 1.753,
              "duration": 1.005,
              "speechUnitCount": 1,
              "method": "ffmpeg-silencedetect-order",
              "confidence": "high"
            },
            {
              "id": "l30-v002",
              "trackId": "lesson_words",
              "sourceUrl": "https://japaflow-audio-bucket.oss-cn-shanghai.aliyuncs.com/textbook-audio/book1-unit8/lesson30/lesson_words.mp3",
              "localAudioPath": "data/ocr/audio-cache/lesson30/lesson_words.mp3",
              "itemIndex": 2,
              "text": "ほうこくしょ",
              "label": "報告書",
              "start": 2.823,
              "end": 3.804,
              "duration": 0.981,
              "speechUnitCount": 1,
              "method": "ffmpeg-silencedetect-order",
              "confidence": "high"
            },
            {
              "id": "l30-v003",
              "trackId": "lesson_words",
              "sourceUrl": "https://japaflow-audio-bucket.oss-cn-shanghai.aliyuncs.com/textbook-audio/book1-unit8/lesson30/lesson_words.mp3",
              "localAudioPath": "data/ocr/audio-cache/lesson30/lesson_words.mp3",
              "itemIndex": 3,
              "text": "つゆ",
              "label": "梅雨",
              "start": 4.565,
              "end": 5.126,
              "duration": 0.56,
              "speechUnitCount": 1,
              "method": "ffmpeg-silencedetect-order",
              "confidence": "high"
            },
            {
              "id": "l30-v004",
              "trackId": "lesson_words",
              "sourceUrl": "https://japaflow-audio-bucket.oss-cn-shanghai.aliyuncs.com/textbook-audio/book1-unit8/lesson30/lesson_words.mp3",
              "localAudioPath": "data/ocr/audio-cache/lesson30/lesson_words.mp3",
              "itemIndex": 4,
              "text": "あき",
              "label": "秋",
              "start": 5.837,
              "end": 6.367,
              "duration": 0.53,
              "speechUnitCount": 1,
              "method": "ffmpeg-silencedetect-order",
              "confidence": "high"
            },
            {
              "id": "l30-v005",
              "trackId": "lesson_words",
              "sourceUrl": "https://japaflow-audio-bucket.oss-cn-shanghai.aliyuncs.com/textbook-audio/book1-unit8/lesson30/lesson_words.mp3",
              "localAudioPath": "data/ocr/audio-cache/lesson30/lesson_words.mp3",
              "itemIndex": 5,
              "text": "ピクニック",
              "label": "ピクニック",
              "start": 7.171,
              "end": 8.019,
              "duration": 0.849,
              "speechUnitCount": 1,
              "method": "ffmpeg-silencedetect-order",
              "confidence": "high"
            },
            {
              "id": "l30-v006",
              "trackId": "lesson_words",
              "sourceUrl": "https://japaflow-audio-bucket.oss-cn-shanghai.aliyuncs.com/textbook-audio/book1-unit8/lesson30/lesson_words.mp3",
              "localAudioPath": "data/ocr/audio-cache/lesson30/lesson_words.mp3",
              "itemIndex": 6,
              "text": "こうらくち",
              "label": "行楽地",
              "start": 9.425,
              "end": 10.373,
              "duration": 0.948,
              "speechUnitCount": 1,
              "method": "ffmpeg-silencedetect-order",
              "confidence": "high"
            },
            {
              "id": "l30-v007",
              "trackId": "lesson_words",
              "sourceUrl": "https://japaflow-audio-bucket.oss-cn-shanghai.aliyuncs.com/textbook-audio/book1-unit8/lesson30/lesson_words.mp3",
              "localAudioPath": "data/ocr/audio-cache/lesson30/lesson_words.mp3",
              "itemIndex": 7,
              "text": "ピザ",
              "label": "ピザ",
              "start": 11.301,
              "end": 11.741,
              "duration": 0.44,
              "speechUnitCount": 1,
              "method": "ffmpeg-silencedetect-order",
              "confidence": "high"
            },
            {
              "id": "l30-v008",
              "trackId": "lesson_words",
              "sourceUrl": "https://japaflow-audio-bucket.oss-cn-shanghai.aliyuncs.com/textbook-audio/book1-unit8/lesson30/lesson_words.mp3",
              "localAudioPath": "data/ocr/audio-cache/lesson30/lesson_words.mp3",
              "itemIndex": 8,
              "text": "しゅうでん",
              "label": "終電",
              "start": 12.683,
              "end": 13.636,
              "duration": 0.954,
              "speechUnitCount": 1,
              "method": "ffmpeg-silencedetect-order",
              "confidence": "high"
            },
            {
              "id": "l30-v009",
              "trackId": "lesson_words",
              "sourceUrl": "https://japaflow-audio-bucket.oss-cn-shanghai.aliyuncs.com/textbook-audio/book1-unit8/lesson30/lesson_words.mp3",
              "localAudioPath": "data/ocr/audio-cache/lesson30/lesson_words.mp3",
              "itemIndex": 9,
              "text": "まちあいしつ",
              "label": "待合室",
              "start": 14.168,
              "end": 15.205,
              "duration": 1.037,
              "speechUnitCount": 1,
              "method": "ffmpeg-silencedetect-order",
              "confidence": "high"
            },
            {
              "id": "l30-v010",
              "trackId": "lesson_words",
              "sourceUrl": "https://japaflow-audio-bucket.oss-cn-shanghai.aliyuncs.com/textbook-audio/book1-unit8/lesson30/lesson_words.mp3",
              "localAudioPath": "data/ocr/audio-cache/lesson30/lesson_words.mp3",
              "itemIndex": 10,
              "text": "かんじゃ",
              "label": "患者",
              "start": 16.863,
              "end": 17.61,
              "duration": 0.747,
              "speechUnitCount": 1,
              "method": "ffmpeg-silencedetect-order",
              "confidence": "high"
            },
            {
              "id": "l30-v011",
              "trackId": "lesson_words",
              "sourceUrl": "https://japaflow-audio-bucket.oss-cn-shanghai.aliyuncs.com/textbook-audio/book1-unit8/lesson30/lesson_words.mp3",
              "localAudioPath": "data/ocr/audio-cache/lesson30/lesson_words.mp3",
              "itemIndex": 11,
              "text": "はいざら",
              "label": "灰皿",
              "start": 18.592,
              "end": 19.361,
              "duration": 0.768,
              "speechUnitCount": 1,
              "method": "ffmpeg-silencedetect-order",
              "confidence": "high"
            },
            {
              "id": "l30-v012",
              "trackId": "lesson_words",
              "sourceUrl": "https://japaflow-audio-bucket.oss-cn-shanghai.aliyuncs.com/textbook-audio/book1-unit8/lesson30/lesson_words.mp3",
              "localAudioPath": "data/ocr/audio-cache/lesson30/lesson_words.mp3",
              "itemIndex": 12,
              "text": "すいがら",
              "label": "吸殻",
              "start": 20.285,
              "end": 21.194,
              "duration": 0.909,
              "speechUnitCount": 1,
              "method": "ffmpeg-silencedetect-order",
              "confidence": "high"
            },
            {
              "id": "l30-v013",
              "trackId": "lesson_words",
              "sourceUrl": "https://japaflow-audio-bucket.oss-cn-shanghai.aliyuncs.com/textbook-audio/book1-unit8/lesson30/lesson_words.mp3",
              "localAudioPath": "data/ocr/audio-cache/lesson30/lesson_words.mp3",
              "itemIndex": 13,
              "text": "は",
              "label": "歯",
              "start": 21.981,
              "end": 22.325,
              "duration": 0.344,
              "speechUnitCount": 1,
              "method": "ffmpeg-silencedetect-order",
              "confidence": "high"
            },
            {
              "id": "l30-v014",
              "trackId": "lesson_words",
              "sourceUrl": "https://japaflow-audio-bucket.oss-cn-shanghai.aliyuncs.com/textbook-audio/book1-unit8/lesson30/lesson_words.mp3",
              "localAudioPath": "data/ocr/audio-cache/lesson30/lesson_words.mp3",
              "itemIndex": 14,
              "text": "かれ",
              "label": "彼",
              "start": 23.208,
              "end": 23.655,
              "duration": 0.447,
              "speechUnitCount": 1,
              "method": "ffmpeg-silencedetect-order",
              "confidence": "high"
            },
            {
              "id": "l30-v015",
              "trackId": "lesson_words",
              "sourceUrl": "https://japaflow-audio-bucket.oss-cn-shanghai.aliyuncs.com/textbook-audio/book1-unit8/lesson30/lesson_words.mp3",
              "localAudioPath": "data/ocr/audio-cache/lesson30/lesson_words.mp3",
              "itemIndex": 15,
              "text": "そろいます",
              "label": "そろいます",
              "start": 24.449,
              "end": 25.473,
              "duration": 1.023,
              "speechUnitCount": 1,
              "method": "ffmpeg-silencedetect-order",
              "confidence": "high"
            },
            {
              "id": "l30-v016",
              "trackId": "lesson_words",
              "sourceUrl": "https://japaflow-audio-bucket.oss-cn-shanghai.aliyuncs.com/textbook-audio/book1-unit8/lesson30/lesson_words.mp3",
              "localAudioPath": "data/ocr/audio-cache/lesson30/lesson_words.mp3",
              "itemIndex": 16,
              "text": "よります",
              "label": "寄ります",
              "start": 26.225,
              "end": 27.119,
              "duration": 0.893,
              "speechUnitCount": 1,
              "method": "ffmpeg-silencedetect-order",
              "confidence": "high"
            },
            {
              "id": "l30-v017",
              "trackId": "lesson_words",
              "sourceUrl": "https://japaflow-audio-bucket.oss-cn-shanghai.aliyuncs.com/textbook-audio/book1-unit8/lesson30/lesson_words.mp3",
              "localAudioPath": "data/ocr/audio-cache/lesson30/lesson_words.mp3",
              "itemIndex": 17,
              "text": "ひらきます",
              "label": "開きます",
              "start": 27.661,
              "end": 28.635,
              "duration": 0.973,
              "speechUnitCount": 1,
              "method": "ffmpeg-silencedetect-order",
              "confidence": "high"
            },
            {
              "id": "l30-v018",
              "trackId": "lesson_words",
              "sourceUrl": "https://japaflow-audio-bucket.oss-cn-shanghai.aliyuncs.com/textbook-audio/book1-unit8/lesson30/lesson_words.mp3",
              "localAudioPath": "data/ocr/audio-cache/lesson30/lesson_words.mp3",
              "itemIndex": 18,
              "text": "ひっこします",
              "label": "引っ越します",
              "start": 29.701,
              "end": 30.925,
              "duration": 1.223,
              "speechUnitCount": 1,
              "method": "ffmpeg-silencedetect-order",
              "confidence": "high"
            },
            {
              "id": "l30-v019",
              "trackId": "lesson_words",
              "sourceUrl": "https://japaflow-audio-bucket.oss-cn-shanghai.aliyuncs.com/textbook-audio/book1-unit8/lesson30/lesson_words.mp3",
              "localAudioPath": "data/ocr/audio-cache/lesson30/lesson_words.mp3",
              "itemIndex": 19,
              "text": "むかえます",
              "label": "迎えます",
              "start": 31.682,
              "end": 32.76,
              "duration": 1.078,
              "speechUnitCount": 1,
              "method": "ffmpeg-silencedetect-order",
              "confidence": "high"
            },
            {
              "id": "l30-v020",
              "trackId": "lesson_words",
              "sourceUrl": "https://japaflow-audio-bucket.oss-cn-shanghai.aliyuncs.com/textbook-audio/book1-unit8/lesson30/lesson_words.mp3",
              "localAudioPath": "data/ocr/audio-cache/lesson30/lesson_words.mp3",
              "itemIndex": 20,
              "text": "こわれます",
              "label": "壊れます",
              "start": 33.614,
              "end": 34.601,
              "duration": 0.987,
              "speechUnitCount": 1,
              "method": "ffmpeg-silencedetect-order",
              "confidence": "high"
            },
            {
              "id": "l30-v021",
              "trackId": "lesson_words",
              "sourceUrl": "https://japaflow-audio-bucket.oss-cn-shanghai.aliyuncs.com/textbook-audio/book1-unit8/lesson30/lesson_words.mp3",
              "localAudioPath": "data/ocr/audio-cache/lesson30/lesson_words.mp3",
              "itemIndex": 21,
              "text": "まちがえます",
              "label": "間違えます",
              "start": 35.197,
              "end": 36.436,
              "duration": 1.239,
              "speechUnitCount": 1,
              "method": "ffmpeg-silencedetect-order",
              "confidence": "high"
            },
            {
              "id": "l30-v022",
              "trackId": "lesson_words",
              "sourceUrl": "https://japaflow-audio-bucket.oss-cn-shanghai.aliyuncs.com/textbook-audio/book1-unit8/lesson30/lesson_words.mp3",
              "localAudioPath": "data/ocr/audio-cache/lesson30/lesson_words.mp3",
              "itemIndex": 22,
              "text": "しゅっぱつします",
              "label": "出発します",
              "start": 37.119,
              "end": 38.614,
              "duration": 1.495,
              "speechUnitCount": 1,
              "method": "ffmpeg-silencedetect-order",
              "confidence": "high"
            },
            {
              "id": "l30-v023",
              "trackId": "lesson_words",
              "sourceUrl": "https://japaflow-audio-bucket.oss-cn-shanghai.aliyuncs.com/textbook-audio/book1-unit8/lesson30/lesson_words.mp3",
              "localAudioPath": "data/ocr/audio-cache/lesson30/lesson_words.mp3",
              "itemIndex": 23,
              "text": "てんしょくします",
              "label": "転職します",
              "start": 39.071,
              "end": 40.316,
              "duration": 1.245,
              "speechUnitCount": 1,
              "method": "ffmpeg-silencedetect-order",
              "confidence": "high"
            },
            {
              "id": "l30-v024",
              "trackId": "lesson_words",
              "sourceUrl": "https://japaflow-audio-bucket.oss-cn-shanghai.aliyuncs.com/textbook-audio/book1-unit8/lesson30/lesson_words.mp3",
              "localAudioPath": "data/ocr/audio-cache/lesson30/lesson_words.mp3",
              "itemIndex": 24,
              "text": "パンクします",
              "label": "パンクします",
              "start": 41.271,
              "end": 42.472,
              "duration": 1.201,
              "speechUnitCount": 1,
              "method": "ffmpeg-silencedetect-order",
              "confidence": "high"
            },
            {
              "id": "l30-v025",
              "trackId": "lesson_words",
              "sourceUrl": "https://japaflow-audio-bucket.oss-cn-shanghai.aliyuncs.com/textbook-audio/book1-unit8/lesson30/lesson_words.mp3",
              "localAudioPath": "data/ocr/audio-cache/lesson30/lesson_words.mp3",
              "itemIndex": 25,
              "text": "さびしい",
              "label": "寂しい",
              "start": 43.158,
              "end": 44.041,
              "duration": 0.883,
              "speechUnitCount": 1,
              "method": "ffmpeg-silencedetect-order",
              "confidence": "high"
            },
            {
              "id": "l30-v026",
              "trackId": "lesson_words",
              "sourceUrl": "https://japaflow-audio-bucket.oss-cn-shanghai.aliyuncs.com/textbook-audio/book1-unit8/lesson30/lesson_words.mp3",
              "localAudioPath": "data/ocr/audio-cache/lesson30/lesson_words.mp3",
              "itemIndex": 26,
              "text": "たのしみ",
              "label": "楽しみ",
              "start": 45.283,
              "end": 46.085,
              "duration": 0.801,
              "speechUnitCount": 1,
              "method": "ffmpeg-silencedetect-order",
              "confidence": "high"
            },
            {
              "id": "l30-v027",
              "trackId": "lesson_words",
              "sourceUrl": "https://japaflow-audio-bucket.oss-cn-shanghai.aliyuncs.com/textbook-audio/book1-unit8/lesson30/lesson_words.mp3",
              "localAudioPath": "data/ocr/audio-cache/lesson30/lesson_words.mp3",
              "itemIndex": 27,
              "text": "とくべつ",
              "label": "特別",
              "start": 46.934,
              "end": 47.827,
              "duration": 0.894,
              "speechUnitCount": 1,
              "method": "ffmpeg-silencedetect-order",
              "confidence": "high"
            },
            {
              "id": "l30-v028",
              "trackId": "lesson_words",
              "sourceUrl": "https://japaflow-audio-bucket.oss-cn-shanghai.aliyuncs.com/textbook-audio/book1-unit8/lesson30/lesson_words.mp3",
              "localAudioPath": "data/ocr/audio-cache/lesson30/lesson_words.mp3",
              "itemIndex": 28,
              "text": "それでは／それじゃ",
              "label": "それでは／それじゃ",
              "start": 48.896,
              "end": 51.521,
              "duration": 2.625,
              "speechUnitCount": 2,
              "method": "ffmpeg-silencedetect-order",
              "confidence": "high"
            },
            {
              "id": "l30-v029",
              "trackId": "lesson_words",
              "sourceUrl": "https://japaflow-audio-bucket.oss-cn-shanghai.aliyuncs.com/textbook-audio/book1-unit8/lesson30/lesson_words.mp3",
              "localAudioPath": "data/ocr/audio-cache/lesson30/lesson_words.mp3",
              "itemIndex": 29,
              "text": "そうか",
              "label": "そうか",
              "start": 52.603,
              "end": 53.27,
              "duration": 0.667,
              "speechUnitCount": 1,
              "method": "ffmpeg-silencedetect-order",
              "confidence": "high"
            },
            {
              "id": "l30-v030",
              "trackId": "lesson_words",
              "sourceUrl": "https://japaflow-audio-bucket.oss-cn-shanghai.aliyuncs.com/textbook-audio/book1-unit8/lesson30/lesson_words.mp3",
              "localAudioPath": "data/ocr/audio-cache/lesson30/lesson_words.mp3",
              "itemIndex": 30,
              "text": "まあ",
              "label": "まあ",
              "start": 54.007,
              "end": 54.462,
              "duration": 0.455,
              "speechUnitCount": 1,
              "method": "ffmpeg-silencedetect-order",
              "confidence": "high"
            },
            {
              "id": "l30-v031",
              "trackId": "lesson_words",
              "sourceUrl": "https://japaflow-audio-bucket.oss-cn-shanghai.aliyuncs.com/textbook-audio/book1-unit8/lesson30/lesson_words.mp3",
              "localAudioPath": "data/ocr/audio-cache/lesson30/lesson_words.mp3",
              "itemIndex": 31,
              "text": "パク",
              "label": "パク",
              "start": 55.372,
              "end": 55.811,
              "duration": 0.439,
              "speechUnitCount": 1,
              "method": "ffmpeg-silencedetect-order",
              "confidence": "high"
            },
            {
              "id": "l30-v032",
              "trackId": "lesson_words",
              "sourceUrl": "https://japaflow-audio-bucket.oss-cn-shanghai.aliyuncs.com/textbook-audio/book1-unit8/lesson30/lesson_words.mp3",
              "localAudioPath": "data/ocr/audio-cache/lesson30/lesson_words.mp3",
              "itemIndex": 32,
              "text": "ちょうこうくだり",
              "label": "長江下り",
              "start": 57.406,
              "end": 58.689,
              "duration": 1.283,
              "speechUnitCount": 1,
              "method": "ffmpeg-silencedetect-order",
              "confidence": "high"
            },
            {
              "id": "l30-v033",
              "trackId": "lesson_words",
              "sourceUrl": "https://japaflow-audio-bucket.oss-cn-shanghai.aliyuncs.com/textbook-audio/book1-unit8/lesson30/lesson_words.mp3",
              "localAudioPath": "data/ocr/audio-cache/lesson30/lesson_words.mp3",
              "itemIndex": 33,
              "text": "こうざん",
              "label": "香山",
              "start": 59.622,
              "end": 60.277,
              "duration": 0.655,
              "speechUnitCount": 1,
              "method": "ffmpeg-silencedetect-order",
              "confidence": "high"
            },
            {
              "id": "l30-v034",
              "trackId": "lesson_words",
              "sourceUrl": "https://japaflow-audio-bucket.oss-cn-shanghai.aliyuncs.com/textbook-audio/book1-unit8/lesson30/lesson_words.mp3",
              "localAudioPath": "data/ocr/audio-cache/lesson30/lesson_words.mp3",
              "itemIndex": 34,
              "text": "ペキンしょくぶつえん",
              "label": "北京植物園",
              "start": 61.504,
              "end": 63.182,
              "duration": 1.678,
              "speechUnitCount": 1,
              "method": "ffmpeg-silencedetect-order",
              "confidence": "high"
            },
            {
              "id": "l30-v035",
              "trackId": "lesson_words",
              "sourceUrl": "https://japaflow-audio-bucket.oss-cn-shanghai.aliyuncs.com/textbook-audio/book1-unit8/lesson30/lesson_words.mp3",
              "localAudioPath": "data/ocr/audio-cache/lesson30/lesson_words.mp3",
              "itemIndex": 35,
              "text": "しかたない",
              "label": "仕方ない",
              "start": 64.219,
              "end": 65.023,
              "duration": 0.805,
              "speechUnitCount": 1,
              "method": "ffmpeg-silencedetect-order",
              "confidence": "high"
            }
          ]
        }
      }
    }
  }
}
