{
  "lessonId": 3,
  "target": "vocabulary",
  "generatedAt": "2026-08-05T11:00:15.745Z",
  "outputs": {
    "vocabulary": "data/ocr/lesson3-vocabulary-audio.json"
  },
  "summaries": [
    {
      "trackId": "lesson_words",
      "sourceUrl": "https://japaflow-audio-bucket.oss-cn-shanghai.aliyuncs.com/textbook-audio/book1-unit1/lesson3/lesson_words.mp3",
      "duration": 82.71,
      "expectedItems": 44,
      "expectedSpeechUnits": 47,
      "skippedSpeechUnits": 0,
      "detectedSpeechIntervals": 47,
      "mappedSegments": 44,
      "selectedProfile": {
        "noiseDb": -34,
        "minSilence": 0.18
      },
      "warnings": []
    }
  ],
  "vocabularyData": {
    "lessonId": "lesson3",
    "sourceImages": [
      {
        "path": "course-assets/by-lesson/lesson3/page51.webp",
        "pageNo": 51
      }
    ],
    "vocabulary": [
      {
        "id": "l3-v001",
        "kana": "デパート",
        "writing": "デパート",
        "meaningZh": [
          "百货商店"
        ],
        "partOfSpeech": "名",
        "rawText": "デパート [名] 百货商店",
        "confidence": "high",
        "audioSegment": {
          "id": "l3-v001",
          "trackId": "lesson_words",
          "sourceUrl": "https://japaflow-audio-bucket.oss-cn-shanghai.aliyuncs.com/textbook-audio/book1-unit1/lesson3/lesson_words.mp3",
          "localAudioPath": "data/ocr/audio-cache/lesson3/lesson_words.mp3",
          "itemIndex": 1,
          "text": "デパート",
          "label": "デパート",
          "start": 0.547,
          "end": 1.379,
          "duration": 0.832,
          "speechUnitCount": 1,
          "method": "ffmpeg-silencedetect-order",
          "confidence": "high"
        }
      },
      {
        "id": "l3-v002",
        "kana": "しょくどう",
        "writing": "食堂",
        "meaningZh": [
          "食堂"
        ],
        "partOfSpeech": "名",
        "rawText": "しょくどう（食堂）[名] 食堂",
        "confidence": "high",
        "audioSegment": {
          "id": "l3-v002",
          "trackId": "lesson_words",
          "sourceUrl": "https://japaflow-audio-bucket.oss-cn-shanghai.aliyuncs.com/textbook-audio/book1-unit1/lesson3/lesson_words.mp3",
          "localAudioPath": "data/ocr/audio-cache/lesson3/lesson_words.mp3",
          "itemIndex": 2,
          "text": "しょくどう",
          "label": "食堂",
          "start": 3.217,
          "end": 4.098,
          "duration": 0.882,
          "speechUnitCount": 1,
          "method": "ffmpeg-silencedetect-order",
          "confidence": "high"
        }
      },
      {
        "id": "l3-v003",
        "kana": "ゆうびんきょく",
        "writing": "郵便局",
        "meaningZh": [
          "邮局"
        ],
        "partOfSpeech": "名",
        "rawText": "ゆうびんきょく（郵便局）[名] 邮局",
        "confidence": "high",
        "audioSegment": {
          "id": "l3-v003",
          "trackId": "lesson_words",
          "sourceUrl": "https://japaflow-audio-bucket.oss-cn-shanghai.aliyuncs.com/textbook-audio/book1-unit1/lesson3/lesson_words.mp3",
          "localAudioPath": "data/ocr/audio-cache/lesson3/lesson_words.mp3",
          "itemIndex": 3,
          "text": "ゆうびんきょく",
          "label": "郵便局",
          "start": 4.864,
          "end": 5.946,
          "duration": 1.082,
          "speechUnitCount": 1,
          "method": "ffmpeg-silencedetect-order",
          "confidence": "high"
        }
      },
      {
        "id": "l3-v004",
        "kana": "ぎんこう",
        "writing": "銀行",
        "meaningZh": [
          "银行"
        ],
        "partOfSpeech": "名",
        "rawText": "ぎんこう（銀行）[名] 银行",
        "confidence": "high",
        "audioSegment": {
          "id": "l3-v004",
          "trackId": "lesson_words",
          "sourceUrl": "https://japaflow-audio-bucket.oss-cn-shanghai.aliyuncs.com/textbook-audio/book1-unit1/lesson3/lesson_words.mp3",
          "localAudioPath": "data/ocr/audio-cache/lesson3/lesson_words.mp3",
          "itemIndex": 4,
          "text": "ぎんこう",
          "label": "銀行",
          "start": 6.79,
          "end": 7.697,
          "duration": 0.907,
          "speechUnitCount": 1,
          "method": "ffmpeg-silencedetect-order",
          "confidence": "high"
        }
      },
      {
        "id": "l3-v005",
        "kana": "としょかん",
        "writing": "図書館",
        "meaningZh": [
          "图书馆"
        ],
        "partOfSpeech": "名",
        "rawText": "としょかん（図書館）[名] 图书馆",
        "confidence": "high",
        "audioSegment": {
          "id": "l3-v005",
          "trackId": "lesson_words",
          "sourceUrl": "https://japaflow-audio-bucket.oss-cn-shanghai.aliyuncs.com/textbook-audio/book1-unit1/lesson3/lesson_words.mp3",
          "localAudioPath": "data/ocr/audio-cache/lesson3/lesson_words.mp3",
          "itemIndex": 5,
          "text": "としょかん",
          "label": "図書館",
          "start": 8.299,
          "end": 8.963,
          "duration": 0.664,
          "speechUnitCount": 1,
          "method": "ffmpeg-silencedetect-order",
          "confidence": "high"
        }
      },
      {
        "id": "l3-v006",
        "kana": "マンション",
        "writing": "マンション",
        "meaningZh": [
          "（高级）公寓"
        ],
        "partOfSpeech": "名",
        "rawText": "マンション [名] （高级）公寓",
        "confidence": "high",
        "audioSegment": {
          "id": "l3-v006",
          "trackId": "lesson_words",
          "sourceUrl": "https://japaflow-audio-bucket.oss-cn-shanghai.aliyuncs.com/textbook-audio/book1-unit1/lesson3/lesson_words.mp3",
          "localAudioPath": "data/ocr/audio-cache/lesson3/lesson_words.mp3",
          "itemIndex": 6,
          "text": "マンション",
          "label": "マンション",
          "start": 9.841,
          "end": 10.644,
          "duration": 0.804,
          "speechUnitCount": 1,
          "method": "ffmpeg-silencedetect-order",
          "confidence": "high"
        }
      },
      {
        "id": "l3-v007",
        "kana": "ホテル",
        "writing": "ホテル",
        "meaningZh": [
          "宾馆"
        ],
        "partOfSpeech": "名",
        "rawText": "ホテル [名] 宾馆",
        "confidence": "high",
        "audioSegment": {
          "id": "l3-v007",
          "trackId": "lesson_words",
          "sourceUrl": "https://japaflow-audio-bucket.oss-cn-shanghai.aliyuncs.com/textbook-audio/book1-unit1/lesson3/lesson_words.mp3",
          "localAudioPath": "data/ocr/audio-cache/lesson3/lesson_words.mp3",
          "itemIndex": 7,
          "text": "ホテル",
          "label": "ホテル",
          "start": 11.386,
          "end": 11.873,
          "duration": 0.486,
          "speechUnitCount": 1,
          "method": "ffmpeg-silencedetect-order",
          "confidence": "high"
        }
      },
      {
        "id": "l3-v008",
        "kana": "コンビニ",
        "writing": "コンビニ",
        "meaningZh": [
          "便利店"
        ],
        "partOfSpeech": "名",
        "rawText": "コンビニ [名] 便利店",
        "confidence": "high",
        "audioSegment": {
          "id": "l3-v008",
          "trackId": "lesson_words",
          "sourceUrl": "https://japaflow-audio-bucket.oss-cn-shanghai.aliyuncs.com/textbook-audio/book1-unit1/lesson3/lesson_words.mp3",
          "localAudioPath": "data/ocr/audio-cache/lesson3/lesson_words.mp3",
          "itemIndex": 8,
          "text": "コンビニ",
          "label": "コンビニ",
          "start": 13.097,
          "end": 13.915,
          "duration": 0.818,
          "speechUnitCount": 1,
          "method": "ffmpeg-silencedetect-order",
          "confidence": "high"
        }
      },
      {
        "id": "l3-v009",
        "kana": "きっさてん",
        "writing": "喫茶店",
        "meaningZh": [
          "咖啡馆"
        ],
        "partOfSpeech": "名",
        "rawText": "きっさてん（喫茶店）[名] 咖啡馆",
        "confidence": "high",
        "audioSegment": {
          "id": "l3-v009",
          "trackId": "lesson_words",
          "sourceUrl": "https://japaflow-audio-bucket.oss-cn-shanghai.aliyuncs.com/textbook-audio/book1-unit1/lesson3/lesson_words.mp3",
          "localAudioPath": "data/ocr/audio-cache/lesson3/lesson_words.mp3",
          "itemIndex": 9,
          "text": "きっさてん",
          "label": "喫茶店",
          "start": 14.933,
          "end": 15.785,
          "duration": 0.852,
          "speechUnitCount": 1,
          "method": "ffmpeg-silencedetect-order",
          "confidence": "high"
        }
      },
      {
        "id": "l3-v010",
        "kana": "びょういん",
        "writing": "病院",
        "meaningZh": [
          "医院"
        ],
        "partOfSpeech": "名",
        "rawText": "びょういん（病院）[名] 医院",
        "confidence": "high",
        "audioSegment": {
          "id": "l3-v010",
          "trackId": "lesson_words",
          "sourceUrl": "https://japaflow-audio-bucket.oss-cn-shanghai.aliyuncs.com/textbook-audio/book1-unit1/lesson3/lesson_words.mp3",
          "localAudioPath": "data/ocr/audio-cache/lesson3/lesson_words.mp3",
          "itemIndex": 10,
          "text": "びょういん",
          "label": "病院",
          "start": 16.81,
          "end": 17.662,
          "duration": 0.852,
          "speechUnitCount": 1,
          "method": "ffmpeg-silencedetect-order",
          "confidence": "high"
        }
      },
      {
        "id": "l3-v011",
        "kana": "ほんや",
        "writing": "本屋",
        "meaningZh": [
          "书店"
        ],
        "partOfSpeech": "名",
        "rawText": "ほんや（本屋）[名] 书店",
        "confidence": "high",
        "audioSegment": {
          "id": "l3-v011",
          "trackId": "lesson_words",
          "sourceUrl": "https://japaflow-audio-bucket.oss-cn-shanghai.aliyuncs.com/textbook-audio/book1-unit1/lesson3/lesson_words.mp3",
          "localAudioPath": "data/ocr/audio-cache/lesson3/lesson_words.mp3",
          "itemIndex": 11,
          "text": "ほんや",
          "label": "本屋",
          "start": 18.399,
          "end": 18.985,
          "duration": 0.585,
          "speechUnitCount": 1,
          "method": "ffmpeg-silencedetect-order",
          "confidence": "high"
        }
      },
      {
        "id": "l3-v012",
        "kana": "レストラン",
        "writing": "レストラン",
        "meaningZh": [
          "餐馆",
          "西餐馆"
        ],
        "partOfSpeech": "名",
        "rawText": "レストラン [名] 餐馆，西餐馆",
        "confidence": "high",
        "audioSegment": {
          "id": "l3-v012",
          "trackId": "lesson_words",
          "sourceUrl": "https://japaflow-audio-bucket.oss-cn-shanghai.aliyuncs.com/textbook-audio/book1-unit1/lesson3/lesson_words.mp3",
          "localAudioPath": "data/ocr/audio-cache/lesson3/lesson_words.mp3",
          "itemIndex": 12,
          "text": "レストラン",
          "label": "レストラン",
          "start": 19.981,
          "end": 20.708,
          "duration": 0.727,
          "speechUnitCount": 1,
          "method": "ffmpeg-silencedetect-order",
          "confidence": "high"
        }
      },
      {
        "id": "l3-v013",
        "kana": "ビル",
        "writing": "ビル",
        "meaningZh": [
          "大楼",
          "大厦"
        ],
        "partOfSpeech": "名",
        "rawText": "ビル [名] 大楼，大厦",
        "confidence": "high",
        "audioSegment": {
          "id": "l3-v013",
          "trackId": "lesson_words",
          "sourceUrl": "https://japaflow-audio-bucket.oss-cn-shanghai.aliyuncs.com/textbook-audio/book1-unit1/lesson3/lesson_words.mp3",
          "localAudioPath": "data/ocr/audio-cache/lesson3/lesson_words.mp3",
          "itemIndex": 13,
          "text": "ビル",
          "label": "ビル",
          "start": 21.623,
          "end": 22.043,
          "duration": 0.419,
          "speechUnitCount": 1,
          "method": "ffmpeg-silencedetect-order",
          "confidence": "high"
        }
      },
      {
        "id": "l3-v014",
        "kana": "たてもの",
        "writing": "建物",
        "meaningZh": [
          "大楼",
          "建筑物"
        ],
        "partOfSpeech": "名",
        "rawText": "たてもの（建物）[名] 大楼，建筑物",
        "confidence": "high",
        "audioSegment": {
          "id": "l3-v014",
          "trackId": "lesson_words",
          "sourceUrl": "https://japaflow-audio-bucket.oss-cn-shanghai.aliyuncs.com/textbook-audio/book1-unit1/lesson3/lesson_words.mp3",
          "localAudioPath": "data/ocr/audio-cache/lesson3/lesson_words.mp3",
          "itemIndex": 14,
          "text": "たてもの",
          "label": "建物",
          "start": 23.112,
          "end": 23.888,
          "duration": 0.776,
          "speechUnitCount": 1,
          "method": "ffmpeg-silencedetect-order",
          "confidence": "high"
        }
      },
      {
        "id": "l3-v015",
        "kana": "うりば",
        "writing": "売り場",
        "meaningZh": [
          "柜台",
          "出售处"
        ],
        "partOfSpeech": "名",
        "rawText": "うりば（売り場）[名] 柜台，出售处",
        "confidence": "high",
        "audioSegment": {
          "id": "l3-v015",
          "trackId": "lesson_words",
          "sourceUrl": "https://japaflow-audio-bucket.oss-cn-shanghai.aliyuncs.com/textbook-audio/book1-unit1/lesson3/lesson_words.mp3",
          "localAudioPath": "data/ocr/audio-cache/lesson3/lesson_words.mp3",
          "itemIndex": 15,
          "text": "うりば",
          "label": "売り場",
          "start": 24.665,
          "end": 25.247,
          "duration": 0.582,
          "speechUnitCount": 1,
          "method": "ffmpeg-silencedetect-order",
          "confidence": "high"
        }
      },
      {
        "id": "l3-v016",
        "kana": "トイレ",
        "writing": "トイレ",
        "meaningZh": [
          "厕所",
          "盥洗室"
        ],
        "partOfSpeech": "名",
        "rawText": "トイレ [名] 厕所，盥洗室",
        "confidence": "high",
        "audioSegment": {
          "id": "l3-v016",
          "trackId": "lesson_words",
          "sourceUrl": "https://japaflow-audio-bucket.oss-cn-shanghai.aliyuncs.com/textbook-audio/book1-unit1/lesson3/lesson_words.mp3",
          "localAudioPath": "data/ocr/audio-cache/lesson3/lesson_words.mp3",
          "itemIndex": 16,
          "text": "トイレ",
          "label": "トイレ",
          "start": 26.267,
          "end": 26.865,
          "duration": 0.598,
          "speechUnitCount": 1,
          "method": "ffmpeg-silencedetect-order",
          "confidence": "high"
        }
      },
      {
        "id": "l3-v017",
        "kana": "いりぐち",
        "writing": "入り口",
        "meaningZh": [
          "入口"
        ],
        "partOfSpeech": "名",
        "rawText": "いりぐち（入り口）[名] 入口",
        "confidence": "high",
        "audioSegment": {
          "id": "l3-v017",
          "trackId": "lesson_words",
          "sourceUrl": "https://japaflow-audio-bucket.oss-cn-shanghai.aliyuncs.com/textbook-audio/book1-unit1/lesson3/lesson_words.mp3",
          "localAudioPath": "data/ocr/audio-cache/lesson3/lesson_words.mp3",
          "itemIndex": 17,
          "text": "いりぐち",
          "label": "入り口",
          "start": 27.758,
          "end": 28.568,
          "duration": 0.81,
          "speechUnitCount": 1,
          "method": "ffmpeg-silencedetect-order",
          "confidence": "high"
        }
      },
      {
        "id": "l3-v018",
        "kana": "じむしょ",
        "writing": "事務所",
        "meaningZh": [
          "事务所",
          "办事处"
        ],
        "partOfSpeech": "名",
        "rawText": "じむしょ（事務所）[名] 事务所，办事处",
        "confidence": "high",
        "audioSegment": {
          "id": "l3-v018",
          "trackId": "lesson_words",
          "sourceUrl": "https://japaflow-audio-bucket.oss-cn-shanghai.aliyuncs.com/textbook-audio/book1-unit1/lesson3/lesson_words.mp3",
          "localAudioPath": "data/ocr/audio-cache/lesson3/lesson_words.mp3",
          "itemIndex": 18,
          "text": "じむしょ",
          "label": "事務所",
          "start": 29.481,
          "end": 30.137,
          "duration": 0.657,
          "speechUnitCount": 1,
          "method": "ffmpeg-silencedetect-order",
          "confidence": "high"
        }
      },
      {
        "id": "l3-v019",
        "kana": "うけつけ",
        "writing": "受付",
        "meaningZh": [
          "接待处"
        ],
        "partOfSpeech": "名",
        "rawText": "うけつけ（受付）[名] 接待处",
        "confidence": "high",
        "audioSegment": {
          "id": "l3-v019",
          "trackId": "lesson_words",
          "sourceUrl": "https://japaflow-audio-bucket.oss-cn-shanghai.aliyuncs.com/textbook-audio/book1-unit1/lesson3/lesson_words.mp3",
          "localAudioPath": "data/ocr/audio-cache/lesson3/lesson_words.mp3",
          "itemIndex": 19,
          "text": "うけつけ",
          "label": "受付",
          "start": 31.162,
          "end": 31.936,
          "duration": 0.774,
          "speechUnitCount": 1,
          "method": "ffmpeg-silencedetect-order",
          "confidence": "high"
        }
      },
      {
        "id": "l3-v020",
        "kana": "バーゲンかいじょう",
        "writing": "バーゲン会場",
        "meaningZh": [
          "降价处理大卖场"
        ],
        "partOfSpeech": "名",
        "rawText": "バーゲンかいじょう（〜会場）[名] 降价处理大卖场",
        "confidence": "high",
        "audioSegment": {
          "id": "l3-v020",
          "trackId": "lesson_words",
          "sourceUrl": "https://japaflow-audio-bucket.oss-cn-shanghai.aliyuncs.com/textbook-audio/book1-unit1/lesson3/lesson_words.mp3",
          "localAudioPath": "data/ocr/audio-cache/lesson3/lesson_words.mp3",
          "itemIndex": 20,
          "text": "バーゲンかいじょう",
          "label": "バーゲン会場",
          "start": 33.152,
          "end": 34.656,
          "duration": 1.505,
          "speechUnitCount": 1,
          "method": "ffmpeg-silencedetect-order",
          "confidence": "high"
        }
      },
      {
        "id": "l3-v021",
        "kana": "エスカレーター",
        "writing": "エスカレーター",
        "meaningZh": [
          "自动扶梯"
        ],
        "partOfSpeech": "名",
        "rawText": "エスカレーター [名] 自动扶梯",
        "confidence": "high",
        "audioSegment": {
          "id": "l3-v021",
          "trackId": "lesson_words",
          "sourceUrl": "https://japaflow-audio-bucket.oss-cn-shanghai.aliyuncs.com/textbook-audio/book1-unit1/lesson3/lesson_words.mp3",
          "localAudioPath": "data/ocr/audio-cache/lesson3/lesson_words.mp3",
          "itemIndex": 21,
          "text": "エスカレーター",
          "label": "エスカレーター",
          "start": 35.557,
          "end": 36.737,
          "duration": 1.179,
          "speechUnitCount": 1,
          "method": "ffmpeg-silencedetect-order",
          "confidence": "high"
        }
      },
      {
        "id": "l3-v022",
        "kana": "ふく",
        "writing": "服",
        "meaningZh": [
          "衣服"
        ],
        "partOfSpeech": "名",
        "rawText": "ふく（服）[名] 衣服",
        "confidence": "high",
        "audioSegment": {
          "id": "l3-v022",
          "trackId": "lesson_words",
          "sourceUrl": "https://japaflow-audio-bucket.oss-cn-shanghai.aliyuncs.com/textbook-audio/book1-unit1/lesson3/lesson_words.mp3",
          "localAudioPath": "data/ocr/audio-cache/lesson3/lesson_words.mp3",
          "itemIndex": 22,
          "text": "ふく",
          "label": "服",
          "start": 37.534,
          "end": 37.994,
          "duration": 0.46,
          "speechUnitCount": 1,
          "method": "ffmpeg-silencedetect-order",
          "confidence": "high"
        }
      },
      {
        "id": "l3-v023",
        "kana": "コート",
        "writing": "コート",
        "meaningZh": [
          "风衣",
          "大衣"
        ],
        "partOfSpeech": "名",
        "rawText": "コート [名] 风衣，大衣",
        "confidence": "high",
        "audioSegment": {
          "id": "l3-v023",
          "trackId": "lesson_words",
          "sourceUrl": "https://japaflow-audio-bucket.oss-cn-shanghai.aliyuncs.com/textbook-audio/book1-unit1/lesson3/lesson_words.mp3",
          "localAudioPath": "data/ocr/audio-cache/lesson3/lesson_words.mp3",
          "itemIndex": 23,
          "text": "コート",
          "label": "コート",
          "start": 39.022,
          "end": 39.653,
          "duration": 0.63,
          "speechUnitCount": 1,
          "method": "ffmpeg-silencedetect-order",
          "confidence": "high"
        }
      },
      {
        "id": "l3-v024",
        "kana": "デジカメ",
        "writing": "デジカメ",
        "meaningZh": [
          "数码相机"
        ],
        "partOfSpeech": "名",
        "rawText": "デジカメ [名] 数码相机",
        "confidence": "high",
        "audioSegment": {
          "id": "l3-v024",
          "trackId": "lesson_words",
          "sourceUrl": "https://japaflow-audio-bucket.oss-cn-shanghai.aliyuncs.com/textbook-audio/book1-unit1/lesson3/lesson_words.mp3",
          "localAudioPath": "data/ocr/audio-cache/lesson3/lesson_words.mp3",
          "itemIndex": 24,
          "text": "デジカメ",
          "label": "デジカメ",
          "start": 40.698,
          "end": 41.617,
          "duration": 0.919,
          "speechUnitCount": 1,
          "method": "ffmpeg-silencedetect-order",
          "confidence": "high"
        }
      },
      {
        "id": "l3-v025",
        "kana": "くに",
        "writing": "国",
        "meaningZh": [
          "国",
          "国家"
        ],
        "partOfSpeech": "名",
        "rawText": "くに（国）[名] 国，国家",
        "confidence": "high",
        "audioSegment": {
          "id": "l3-v025",
          "trackId": "lesson_words",
          "sourceUrl": "https://japaflow-audio-bucket.oss-cn-shanghai.aliyuncs.com/textbook-audio/book1-unit1/lesson3/lesson_words.mp3",
          "localAudioPath": "data/ocr/audio-cache/lesson3/lesson_words.mp3",
          "itemIndex": 25,
          "text": "くに",
          "label": "国",
          "start": 42.329,
          "end": 42.839,
          "duration": 0.51,
          "speechUnitCount": 1,
          "method": "ffmpeg-silencedetect-order",
          "confidence": "high"
        }
      },
      {
        "id": "l3-v026",
        "kana": "ちず",
        "writing": "地図",
        "meaningZh": [
          "地图"
        ],
        "partOfSpeech": "名",
        "rawText": "ちず（地図）[名] 地图",
        "confidence": "high",
        "audioSegment": {
          "id": "l3-v026",
          "trackId": "lesson_words",
          "sourceUrl": "https://japaflow-audio-bucket.oss-cn-shanghai.aliyuncs.com/textbook-audio/book1-unit1/lesson3/lesson_words.mp3",
          "localAudioPath": "data/ocr/audio-cache/lesson3/lesson_words.mp3",
          "itemIndex": 26,
          "text": "ちず",
          "label": "地図",
          "start": 43.82,
          "end": 44.364,
          "duration": 0.544,
          "speechUnitCount": 1,
          "method": "ffmpeg-silencedetect-order",
          "confidence": "high"
        }
      },
      {
        "id": "l3-v027",
        "kana": "となり",
        "writing": "隣",
        "meaningZh": [
          "旁边"
        ],
        "partOfSpeech": "名",
        "rawText": "となり（隣）[名] 旁边",
        "confidence": "high",
        "audioSegment": {
          "id": "l3-v027",
          "trackId": "lesson_words",
          "sourceUrl": "https://japaflow-audio-bucket.oss-cn-shanghai.aliyuncs.com/textbook-audio/book1-unit1/lesson3/lesson_words.mp3",
          "localAudioPath": "data/ocr/audio-cache/lesson3/lesson_words.mp3",
          "itemIndex": 27,
          "text": "となり",
          "label": "隣",
          "start": 45.372,
          "end": 45.974,
          "duration": 0.602,
          "speechUnitCount": 1,
          "method": "ffmpeg-silencedetect-order",
          "confidence": "high"
        }
      },
      {
        "id": "l3-v028",
        "kana": "しゅうへん",
        "writing": "周辺",
        "meaningZh": [
          "附近",
          "周边"
        ],
        "partOfSpeech": "名",
        "rawText": "しゅうへん（周辺）[名] 附近，周边",
        "confidence": "high",
        "audioSegment": {
          "id": "l3-v028",
          "trackId": "lesson_words",
          "sourceUrl": "https://japaflow-audio-bucket.oss-cn-shanghai.aliyuncs.com/textbook-audio/book1-unit1/lesson3/lesson_words.mp3",
          "localAudioPath": "data/ocr/audio-cache/lesson3/lesson_words.mp3",
          "itemIndex": 28,
          "text": "しゅうへん",
          "label": "周辺",
          "start": 46.896,
          "end": 47.898,
          "duration": 1.003,
          "speechUnitCount": 1,
          "method": "ffmpeg-silencedetect-order",
          "confidence": "high"
        }
      },
      {
        "id": "l3-v029",
        "kana": "きょう",
        "writing": "今日",
        "meaningZh": [
          "今天"
        ],
        "partOfSpeech": "名",
        "rawText": "きょう（今日）[名] 今天",
        "confidence": "high",
        "audioSegment": {
          "id": "l3-v029",
          "trackId": "lesson_words",
          "sourceUrl": "https://japaflow-audio-bucket.oss-cn-shanghai.aliyuncs.com/textbook-audio/book1-unit1/lesson3/lesson_words.mp3",
          "localAudioPath": "data/ocr/audio-cache/lesson3/lesson_words.mp3",
          "itemIndex": 29,
          "text": "きょう",
          "label": "今日",
          "start": 48.583,
          "end": 49.099,
          "duration": 0.516,
          "speechUnitCount": 1,
          "method": "ffmpeg-silencedetect-order",
          "confidence": "high"
        }
      },
      {
        "id": "l3-v030",
        "kana": "すいようび",
        "writing": "水曜日",
        "meaningZh": [
          "星期三"
        ],
        "partOfSpeech": "名",
        "rawText": "すいようび（水曜日）[名] 星期三",
        "confidence": "high",
        "audioSegment": {
          "id": "l3-v030",
          "trackId": "lesson_words",
          "sourceUrl": "https://japaflow-audio-bucket.oss-cn-shanghai.aliyuncs.com/textbook-audio/book1-unit1/lesson3/lesson_words.mp3",
          "localAudioPath": "data/ocr/audio-cache/lesson3/lesson_words.mp3",
          "itemIndex": 30,
          "text": "すいようび",
          "label": "水曜日",
          "start": 50.241,
          "end": 51.279,
          "duration": 1.037,
          "speechUnitCount": 1,
          "method": "ffmpeg-silencedetect-order",
          "confidence": "high"
        }
      },
      {
        "id": "l3-v031",
        "kana": "もくようび",
        "writing": "木曜日",
        "meaningZh": [
          "星期四"
        ],
        "partOfSpeech": "名",
        "rawText": "もくようび（木曜日）[名] 星期四",
        "confidence": "high",
        "audioSegment": {
          "id": "l3-v031",
          "trackId": "lesson_words",
          "sourceUrl": "https://japaflow-audio-bucket.oss-cn-shanghai.aliyuncs.com/textbook-audio/book1-unit1/lesson3/lesson_words.mp3",
          "localAudioPath": "data/ocr/audio-cache/lesson3/lesson_words.mp3",
          "itemIndex": 31,
          "text": "もくようび",
          "label": "木曜日",
          "start": 52.161,
          "end": 53.119,
          "duration": 0.958,
          "speechUnitCount": 1,
          "method": "ffmpeg-silencedetect-order",
          "confidence": "high"
        }
      },
      {
        "id": "l3-v032",
        "kana": "ここ",
        "writing": "ここ",
        "meaningZh": [
          "这里",
          "这儿"
        ],
        "partOfSpeech": "代",
        "rawText": "ここ [代] 这里，这儿",
        "confidence": "high",
        "audioSegment": {
          "id": "l3-v032",
          "trackId": "lesson_words",
          "sourceUrl": "https://japaflow-audio-bucket.oss-cn-shanghai.aliyuncs.com/textbook-audio/book1-unit1/lesson3/lesson_words.mp3",
          "localAudioPath": "data/ocr/audio-cache/lesson3/lesson_words.mp3",
          "itemIndex": 32,
          "text": "ここ",
          "label": "ここ",
          "start": 54.048,
          "end": 54.57,
          "duration": 0.522,
          "speechUnitCount": 1,
          "method": "ffmpeg-silencedetect-order",
          "confidence": "high"
        }
      },
      {
        "id": "l3-v033",
        "kana": "そこ",
        "writing": "そこ",
        "meaningZh": [
          "那里",
          "那儿"
        ],
        "partOfSpeech": "代",
        "rawText": "そこ [代] 那里，那儿",
        "confidence": "high",
        "audioSegment": {
          "id": "l3-v033",
          "trackId": "lesson_words",
          "sourceUrl": "https://japaflow-audio-bucket.oss-cn-shanghai.aliyuncs.com/textbook-audio/book1-unit1/lesson3/lesson_words.mp3",
          "localAudioPath": "data/ocr/audio-cache/lesson3/lesson_words.mp3",
          "itemIndex": 33,
          "text": "そこ",
          "label": "そこ",
          "start": 55.508,
          "end": 56.141,
          "duration": 0.633,
          "speechUnitCount": 1,
          "method": "ffmpeg-silencedetect-order",
          "confidence": "high"
        }
      },
      {
        "id": "l3-v034",
        "kana": "あそこ",
        "writing": "あそこ",
        "meaningZh": [
          "那里",
          "那儿"
        ],
        "partOfSpeech": "代",
        "rawText": "あそこ [代] 那里，那儿",
        "confidence": "high",
        "audioSegment": {
          "id": "l3-v034",
          "trackId": "lesson_words",
          "sourceUrl": "https://japaflow-audio-bucket.oss-cn-shanghai.aliyuncs.com/textbook-audio/book1-unit1/lesson3/lesson_words.mp3",
          "localAudioPath": "data/ocr/audio-cache/lesson3/lesson_words.mp3",
          "itemIndex": 34,
          "text": "あそこ",
          "label": "あそこ",
          "start": 57.076,
          "end": 57.835,
          "duration": 0.759,
          "speechUnitCount": 1,
          "method": "ffmpeg-silencedetect-order",
          "confidence": "high"
        }
      },
      {
        "id": "l3-v035",
        "kana": "こちら",
        "writing": "こちら",
        "meaningZh": [
          "这儿",
          "这边"
        ],
        "partOfSpeech": "代",
        "rawText": "こちら [代] 这儿，这边",
        "confidence": "high",
        "audioSegment": {
          "id": "l3-v035",
          "trackId": "lesson_words",
          "sourceUrl": "https://japaflow-audio-bucket.oss-cn-shanghai.aliyuncs.com/textbook-audio/book1-unit1/lesson3/lesson_words.mp3",
          "localAudioPath": "data/ocr/audio-cache/lesson3/lesson_words.mp3",
          "itemIndex": 35,
          "text": "こちら",
          "label": "こちら",
          "start": 58.62,
          "end": 59.288,
          "duration": 0.668,
          "speechUnitCount": 1,
          "method": "ffmpeg-silencedetect-order",
          "confidence": "high"
        }
      },
      {
        "id": "l3-v036",
        "kana": "そちら",
        "writing": "そちら",
        "meaningZh": [
          "那儿",
          "那边"
        ],
        "partOfSpeech": "代",
        "rawText": "そちら [代] 那儿，那边",
        "confidence": "high",
        "audioSegment": {
          "id": "l3-v036",
          "trackId": "lesson_words",
          "sourceUrl": "https://japaflow-audio-bucket.oss-cn-shanghai.aliyuncs.com/textbook-audio/book1-unit1/lesson3/lesson_words.mp3",
          "localAudioPath": "data/ocr/audio-cache/lesson3/lesson_words.mp3",
          "itemIndex": 36,
          "text": "そちら",
          "label": "そちら",
          "start": 60.307,
          "end": 61.139,
          "duration": 0.832,
          "speechUnitCount": 1,
          "method": "ffmpeg-silencedetect-order",
          "confidence": "high"
        }
      },
      {
        "id": "l3-v037",
        "kana": "あちら",
        "writing": "あちら",
        "meaningZh": [
          "那儿",
          "那边"
        ],
        "partOfSpeech": "代",
        "rawText": "あちら [代] 那儿，那边",
        "confidence": "high",
        "audioSegment": {
          "id": "l3-v037",
          "trackId": "lesson_words",
          "sourceUrl": "https://japaflow-audio-bucket.oss-cn-shanghai.aliyuncs.com/textbook-audio/book1-unit1/lesson3/lesson_words.mp3",
          "localAudioPath": "data/ocr/audio-cache/lesson3/lesson_words.mp3",
          "itemIndex": 37,
          "text": "あちら",
          "label": "あちら",
          "start": 62.041,
          "end": 62.709,
          "duration": 0.669,
          "speechUnitCount": 1,
          "method": "ffmpeg-silencedetect-order",
          "confidence": "high"
        }
      },
      {
        "id": "l3-v038",
        "kana": "どこ",
        "writing": "どこ",
        "meaningZh": [
          "哪里",
          "哪儿"
        ],
        "partOfSpeech": "疑",
        "rawText": "どこ [疑] 哪里，哪儿",
        "confidence": "high",
        "audioSegment": {
          "id": "l3-v038",
          "trackId": "lesson_words",
          "sourceUrl": "https://japaflow-audio-bucket.oss-cn-shanghai.aliyuncs.com/textbook-audio/book1-unit1/lesson3/lesson_words.mp3",
          "localAudioPath": "data/ocr/audio-cache/lesson3/lesson_words.mp3",
          "itemIndex": 38,
          "text": "どこ",
          "label": "どこ",
          "start": 63.574,
          "end": 64.139,
          "duration": 0.565,
          "speechUnitCount": 1,
          "method": "ffmpeg-silencedetect-order",
          "confidence": "high"
        }
      },
      {
        "id": "l3-v039",
        "kana": "どちら",
        "writing": "どちら",
        "meaningZh": [
          "哪儿",
          "哪边"
        ],
        "partOfSpeech": "疑",
        "rawText": "どちら [疑] 哪儿，哪边",
        "confidence": "high",
        "audioSegment": {
          "id": "l3-v039",
          "trackId": "lesson_words",
          "sourceUrl": "https://japaflow-audio-bucket.oss-cn-shanghai.aliyuncs.com/textbook-audio/book1-unit1/lesson3/lesson_words.mp3",
          "localAudioPath": "data/ocr/audio-cache/lesson3/lesson_words.mp3",
          "itemIndex": 39,
          "text": "どちら",
          "label": "どちら",
          "start": 65.21,
          "end": 65.824,
          "duration": 0.614,
          "speechUnitCount": 1,
          "method": "ffmpeg-silencedetect-order",
          "confidence": "high"
        }
      },
      {
        "id": "l3-v040",
        "kana": "あのう",
        "writing": "あのう",
        "meaningZh": [
          "请问",
          "对不起"
        ],
        "partOfSpeech": "叹",
        "rawText": "あのう [叹] 请问，对不起",
        "confidence": "high",
        "audioSegment": {
          "id": "l3-v040",
          "trackId": "lesson_words",
          "sourceUrl": "https://japaflow-audio-bucket.oss-cn-shanghai.aliyuncs.com/textbook-audio/book1-unit1/lesson3/lesson_words.mp3",
          "localAudioPath": "data/ocr/audio-cache/lesson3/lesson_words.mp3",
          "itemIndex": 40,
          "text": "あのう",
          "label": "あのう",
          "start": 66.933,
          "end": 67.68,
          "duration": 0.747,
          "speechUnitCount": 1,
          "method": "ffmpeg-silencedetect-order",
          "confidence": "high"
        }
      },
      {
        "id": "l3-v041",
        "kana": "シャンハイ",
        "writing": "上海",
        "meaningZh": [
          "上海"
        ],
        "partOfSpeech": "专",
        "rawText": "シャンハイ（上海）[专] 上海",
        "confidence": "high",
        "audioSegment": {
          "id": "l3-v041",
          "trackId": "lesson_words",
          "sourceUrl": "https://japaflow-audio-bucket.oss-cn-shanghai.aliyuncs.com/textbook-audio/book1-unit1/lesson3/lesson_words.mp3",
          "localAudioPath": "data/ocr/audio-cache/lesson3/lesson_words.mp3",
          "itemIndex": 41,
          "text": "シャンハイ",
          "label": "上海",
          "start": 68.684,
          "end": 69.455,
          "duration": 0.77,
          "speechUnitCount": 1,
          "method": "ffmpeg-silencedetect-order",
          "confidence": "high"
        }
      },
      {
        "id": "l3-v042",
        "kana": "とうきょう",
        "writing": "東京",
        "meaningZh": [
          "东京"
        ],
        "partOfSpeech": "专",
        "rawText": "とうきょう（東京）[专] 东京",
        "confidence": "high",
        "audioSegment": {
          "id": "l3-v042",
          "trackId": "lesson_words",
          "sourceUrl": "https://japaflow-audio-bucket.oss-cn-shanghai.aliyuncs.com/textbook-audio/book1-unit1/lesson3/lesson_words.mp3",
          "localAudioPath": "data/ocr/audio-cache/lesson3/lesson_words.mp3",
          "itemIndex": 42,
          "text": "とうきょう",
          "label": "東京",
          "start": 70.469,
          "end": 71.435,
          "duration": 0.966,
          "speechUnitCount": 1,
          "method": "ffmpeg-silencedetect-order",
          "confidence": "high"
        }
      },
      {
        "id": "l3-v043",
        "kana": "いくら",
        "writing": "いくら",
        "meaningZh": [
          "多少钱"
        ],
        "partOfSpeech": null,
        "rawText": "いくら 多少钱",
        "confidence": "high",
        "audioSegment": {
          "id": "l3-v043",
          "trackId": "lesson_words",
          "sourceUrl": "https://japaflow-audio-bucket.oss-cn-shanghai.aliyuncs.com/textbook-audio/book1-unit1/lesson3/lesson_words.mp3",
          "localAudioPath": "data/ocr/audio-cache/lesson3/lesson_words.mp3",
          "itemIndex": 43,
          "text": "いくら",
          "label": "いくら",
          "start": 72.754,
          "end": 73.287,
          "duration": 0.533,
          "speechUnitCount": 1,
          "method": "ffmpeg-silencedetect-order",
          "confidence": "high"
        }
      },
      {
        "id": "l3-v044",
        "kana": "お〜／〜かい／〜えん／〜ようび",
        "writing": "お〜／〜階／〜円／〜曜日",
        "meaningZh": [],
        "partOfSpeech": null,
        "rawText": "お〜／〜階／〜円／〜曜日",
        "confidence": "high",
        "audioSegment": {
          "id": "l3-v044",
          "trackId": "lesson_words",
          "sourceUrl": "https://japaflow-audio-bucket.oss-cn-shanghai.aliyuncs.com/textbook-audio/book1-unit1/lesson3/lesson_words.mp3",
          "localAudioPath": "data/ocr/audio-cache/lesson3/lesson_words.mp3",
          "itemIndex": 44,
          "text": "お〜／〜かい／〜えん／〜ようび",
          "label": "お〜／〜階／〜円／〜曜日",
          "start": 74.9,
          "end": 81.106,
          "duration": 6.207,
          "speechUnitCount": 4,
          "method": "ffmpeg-silencedetect-order",
          "confidence": "high"
        }
      }
    ],
    "warnings": [],
    "audioAlignment": {
      "generatedAt": "2026-08-05T11:00:15.745Z",
      "method": "ffmpeg-silencedetect-order",
      "tracks": {
        "lesson_words": {
          "trackId": "lesson_words",
          "sourceUrl": "https://japaflow-audio-bucket.oss-cn-shanghai.aliyuncs.com/textbook-audio/book1-unit1/lesson3/lesson_words.mp3",
          "localAudioPath": "data/ocr/audio-cache/lesson3/lesson_words.mp3",
          "outputPath": "data/ocr/lesson3-vocabulary-audio.json",
          "duration": 82.71,
          "expectedItems": 44,
          "expectedSpeechUnits": 47,
          "skippedSpeechUnits": 0,
          "detectedSpeechIntervals": 47,
          "mappedSegments": 44,
          "selectedProfile": {
            "noiseDb": -34,
            "minSilence": 0.18
          },
          "warnings": [],
          "segments": [
            {
              "id": "l3-v001",
              "trackId": "lesson_words",
              "sourceUrl": "https://japaflow-audio-bucket.oss-cn-shanghai.aliyuncs.com/textbook-audio/book1-unit1/lesson3/lesson_words.mp3",
              "localAudioPath": "data/ocr/audio-cache/lesson3/lesson_words.mp3",
              "itemIndex": 1,
              "text": "デパート",
              "label": "デパート",
              "start": 0.547,
              "end": 1.379,
              "duration": 0.832,
              "speechUnitCount": 1,
              "method": "ffmpeg-silencedetect-order",
              "confidence": "high"
            },
            {
              "id": "l3-v002",
              "trackId": "lesson_words",
              "sourceUrl": "https://japaflow-audio-bucket.oss-cn-shanghai.aliyuncs.com/textbook-audio/book1-unit1/lesson3/lesson_words.mp3",
              "localAudioPath": "data/ocr/audio-cache/lesson3/lesson_words.mp3",
              "itemIndex": 2,
              "text": "しょくどう",
              "label": "食堂",
              "start": 3.217,
              "end": 4.098,
              "duration": 0.882,
              "speechUnitCount": 1,
              "method": "ffmpeg-silencedetect-order",
              "confidence": "high"
            },
            {
              "id": "l3-v003",
              "trackId": "lesson_words",
              "sourceUrl": "https://japaflow-audio-bucket.oss-cn-shanghai.aliyuncs.com/textbook-audio/book1-unit1/lesson3/lesson_words.mp3",
              "localAudioPath": "data/ocr/audio-cache/lesson3/lesson_words.mp3",
              "itemIndex": 3,
              "text": "ゆうびんきょく",
              "label": "郵便局",
              "start": 4.864,
              "end": 5.946,
              "duration": 1.082,
              "speechUnitCount": 1,
              "method": "ffmpeg-silencedetect-order",
              "confidence": "high"
            },
            {
              "id": "l3-v004",
              "trackId": "lesson_words",
              "sourceUrl": "https://japaflow-audio-bucket.oss-cn-shanghai.aliyuncs.com/textbook-audio/book1-unit1/lesson3/lesson_words.mp3",
              "localAudioPath": "data/ocr/audio-cache/lesson3/lesson_words.mp3",
              "itemIndex": 4,
              "text": "ぎんこう",
              "label": "銀行",
              "start": 6.79,
              "end": 7.697,
              "duration": 0.907,
              "speechUnitCount": 1,
              "method": "ffmpeg-silencedetect-order",
              "confidence": "high"
            },
            {
              "id": "l3-v005",
              "trackId": "lesson_words",
              "sourceUrl": "https://japaflow-audio-bucket.oss-cn-shanghai.aliyuncs.com/textbook-audio/book1-unit1/lesson3/lesson_words.mp3",
              "localAudioPath": "data/ocr/audio-cache/lesson3/lesson_words.mp3",
              "itemIndex": 5,
              "text": "としょかん",
              "label": "図書館",
              "start": 8.299,
              "end": 8.963,
              "duration": 0.664,
              "speechUnitCount": 1,
              "method": "ffmpeg-silencedetect-order",
              "confidence": "high"
            },
            {
              "id": "l3-v006",
              "trackId": "lesson_words",
              "sourceUrl": "https://japaflow-audio-bucket.oss-cn-shanghai.aliyuncs.com/textbook-audio/book1-unit1/lesson3/lesson_words.mp3",
              "localAudioPath": "data/ocr/audio-cache/lesson3/lesson_words.mp3",
              "itemIndex": 6,
              "text": "マンション",
              "label": "マンション",
              "start": 9.841,
              "end": 10.644,
              "duration": 0.804,
              "speechUnitCount": 1,
              "method": "ffmpeg-silencedetect-order",
              "confidence": "high"
            },
            {
              "id": "l3-v007",
              "trackId": "lesson_words",
              "sourceUrl": "https://japaflow-audio-bucket.oss-cn-shanghai.aliyuncs.com/textbook-audio/book1-unit1/lesson3/lesson_words.mp3",
              "localAudioPath": "data/ocr/audio-cache/lesson3/lesson_words.mp3",
              "itemIndex": 7,
              "text": "ホテル",
              "label": "ホテル",
              "start": 11.386,
              "end": 11.873,
              "duration": 0.486,
              "speechUnitCount": 1,
              "method": "ffmpeg-silencedetect-order",
              "confidence": "high"
            },
            {
              "id": "l3-v008",
              "trackId": "lesson_words",
              "sourceUrl": "https://japaflow-audio-bucket.oss-cn-shanghai.aliyuncs.com/textbook-audio/book1-unit1/lesson3/lesson_words.mp3",
              "localAudioPath": "data/ocr/audio-cache/lesson3/lesson_words.mp3",
              "itemIndex": 8,
              "text": "コンビニ",
              "label": "コンビニ",
              "start": 13.097,
              "end": 13.915,
              "duration": 0.818,
              "speechUnitCount": 1,
              "method": "ffmpeg-silencedetect-order",
              "confidence": "high"
            },
            {
              "id": "l3-v009",
              "trackId": "lesson_words",
              "sourceUrl": "https://japaflow-audio-bucket.oss-cn-shanghai.aliyuncs.com/textbook-audio/book1-unit1/lesson3/lesson_words.mp3",
              "localAudioPath": "data/ocr/audio-cache/lesson3/lesson_words.mp3",
              "itemIndex": 9,
              "text": "きっさてん",
              "label": "喫茶店",
              "start": 14.933,
              "end": 15.785,
              "duration": 0.852,
              "speechUnitCount": 1,
              "method": "ffmpeg-silencedetect-order",
              "confidence": "high"
            },
            {
              "id": "l3-v010",
              "trackId": "lesson_words",
              "sourceUrl": "https://japaflow-audio-bucket.oss-cn-shanghai.aliyuncs.com/textbook-audio/book1-unit1/lesson3/lesson_words.mp3",
              "localAudioPath": "data/ocr/audio-cache/lesson3/lesson_words.mp3",
              "itemIndex": 10,
              "text": "びょういん",
              "label": "病院",
              "start": 16.81,
              "end": 17.662,
              "duration": 0.852,
              "speechUnitCount": 1,
              "method": "ffmpeg-silencedetect-order",
              "confidence": "high"
            },
            {
              "id": "l3-v011",
              "trackId": "lesson_words",
              "sourceUrl": "https://japaflow-audio-bucket.oss-cn-shanghai.aliyuncs.com/textbook-audio/book1-unit1/lesson3/lesson_words.mp3",
              "localAudioPath": "data/ocr/audio-cache/lesson3/lesson_words.mp3",
              "itemIndex": 11,
              "text": "ほんや",
              "label": "本屋",
              "start": 18.399,
              "end": 18.985,
              "duration": 0.585,
              "speechUnitCount": 1,
              "method": "ffmpeg-silencedetect-order",
              "confidence": "high"
            },
            {
              "id": "l3-v012",
              "trackId": "lesson_words",
              "sourceUrl": "https://japaflow-audio-bucket.oss-cn-shanghai.aliyuncs.com/textbook-audio/book1-unit1/lesson3/lesson_words.mp3",
              "localAudioPath": "data/ocr/audio-cache/lesson3/lesson_words.mp3",
              "itemIndex": 12,
              "text": "レストラン",
              "label": "レストラン",
              "start": 19.981,
              "end": 20.708,
              "duration": 0.727,
              "speechUnitCount": 1,
              "method": "ffmpeg-silencedetect-order",
              "confidence": "high"
            },
            {
              "id": "l3-v013",
              "trackId": "lesson_words",
              "sourceUrl": "https://japaflow-audio-bucket.oss-cn-shanghai.aliyuncs.com/textbook-audio/book1-unit1/lesson3/lesson_words.mp3",
              "localAudioPath": "data/ocr/audio-cache/lesson3/lesson_words.mp3",
              "itemIndex": 13,
              "text": "ビル",
              "label": "ビル",
              "start": 21.623,
              "end": 22.043,
              "duration": 0.419,
              "speechUnitCount": 1,
              "method": "ffmpeg-silencedetect-order",
              "confidence": "high"
            },
            {
              "id": "l3-v014",
              "trackId": "lesson_words",
              "sourceUrl": "https://japaflow-audio-bucket.oss-cn-shanghai.aliyuncs.com/textbook-audio/book1-unit1/lesson3/lesson_words.mp3",
              "localAudioPath": "data/ocr/audio-cache/lesson3/lesson_words.mp3",
              "itemIndex": 14,
              "text": "たてもの",
              "label": "建物",
              "start": 23.112,
              "end": 23.888,
              "duration": 0.776,
              "speechUnitCount": 1,
              "method": "ffmpeg-silencedetect-order",
              "confidence": "high"
            },
            {
              "id": "l3-v015",
              "trackId": "lesson_words",
              "sourceUrl": "https://japaflow-audio-bucket.oss-cn-shanghai.aliyuncs.com/textbook-audio/book1-unit1/lesson3/lesson_words.mp3",
              "localAudioPath": "data/ocr/audio-cache/lesson3/lesson_words.mp3",
              "itemIndex": 15,
              "text": "うりば",
              "label": "売り場",
              "start": 24.665,
              "end": 25.247,
              "duration": 0.582,
              "speechUnitCount": 1,
              "method": "ffmpeg-silencedetect-order",
              "confidence": "high"
            },
            {
              "id": "l3-v016",
              "trackId": "lesson_words",
              "sourceUrl": "https://japaflow-audio-bucket.oss-cn-shanghai.aliyuncs.com/textbook-audio/book1-unit1/lesson3/lesson_words.mp3",
              "localAudioPath": "data/ocr/audio-cache/lesson3/lesson_words.mp3",
              "itemIndex": 16,
              "text": "トイレ",
              "label": "トイレ",
              "start": 26.267,
              "end": 26.865,
              "duration": 0.598,
              "speechUnitCount": 1,
              "method": "ffmpeg-silencedetect-order",
              "confidence": "high"
            },
            {
              "id": "l3-v017",
              "trackId": "lesson_words",
              "sourceUrl": "https://japaflow-audio-bucket.oss-cn-shanghai.aliyuncs.com/textbook-audio/book1-unit1/lesson3/lesson_words.mp3",
              "localAudioPath": "data/ocr/audio-cache/lesson3/lesson_words.mp3",
              "itemIndex": 17,
              "text": "いりぐち",
              "label": "入り口",
              "start": 27.758,
              "end": 28.568,
              "duration": 0.81,
              "speechUnitCount": 1,
              "method": "ffmpeg-silencedetect-order",
              "confidence": "high"
            },
            {
              "id": "l3-v018",
              "trackId": "lesson_words",
              "sourceUrl": "https://japaflow-audio-bucket.oss-cn-shanghai.aliyuncs.com/textbook-audio/book1-unit1/lesson3/lesson_words.mp3",
              "localAudioPath": "data/ocr/audio-cache/lesson3/lesson_words.mp3",
              "itemIndex": 18,
              "text": "じむしょ",
              "label": "事務所",
              "start": 29.481,
              "end": 30.137,
              "duration": 0.657,
              "speechUnitCount": 1,
              "method": "ffmpeg-silencedetect-order",
              "confidence": "high"
            },
            {
              "id": "l3-v019",
              "trackId": "lesson_words",
              "sourceUrl": "https://japaflow-audio-bucket.oss-cn-shanghai.aliyuncs.com/textbook-audio/book1-unit1/lesson3/lesson_words.mp3",
              "localAudioPath": "data/ocr/audio-cache/lesson3/lesson_words.mp3",
              "itemIndex": 19,
              "text": "うけつけ",
              "label": "受付",
              "start": 31.162,
              "end": 31.936,
              "duration": 0.774,
              "speechUnitCount": 1,
              "method": "ffmpeg-silencedetect-order",
              "confidence": "high"
            },
            {
              "id": "l3-v020",
              "trackId": "lesson_words",
              "sourceUrl": "https://japaflow-audio-bucket.oss-cn-shanghai.aliyuncs.com/textbook-audio/book1-unit1/lesson3/lesson_words.mp3",
              "localAudioPath": "data/ocr/audio-cache/lesson3/lesson_words.mp3",
              "itemIndex": 20,
              "text": "バーゲンかいじょう",
              "label": "バーゲン会場",
              "start": 33.152,
              "end": 34.656,
              "duration": 1.505,
              "speechUnitCount": 1,
              "method": "ffmpeg-silencedetect-order",
              "confidence": "high"
            },
            {
              "id": "l3-v021",
              "trackId": "lesson_words",
              "sourceUrl": "https://japaflow-audio-bucket.oss-cn-shanghai.aliyuncs.com/textbook-audio/book1-unit1/lesson3/lesson_words.mp3",
              "localAudioPath": "data/ocr/audio-cache/lesson3/lesson_words.mp3",
              "itemIndex": 21,
              "text": "エスカレーター",
              "label": "エスカレーター",
              "start": 35.557,
              "end": 36.737,
              "duration": 1.179,
              "speechUnitCount": 1,
              "method": "ffmpeg-silencedetect-order",
              "confidence": "high"
            },
            {
              "id": "l3-v022",
              "trackId": "lesson_words",
              "sourceUrl": "https://japaflow-audio-bucket.oss-cn-shanghai.aliyuncs.com/textbook-audio/book1-unit1/lesson3/lesson_words.mp3",
              "localAudioPath": "data/ocr/audio-cache/lesson3/lesson_words.mp3",
              "itemIndex": 22,
              "text": "ふく",
              "label": "服",
              "start": 37.534,
              "end": 37.994,
              "duration": 0.46,
              "speechUnitCount": 1,
              "method": "ffmpeg-silencedetect-order",
              "confidence": "high"
            },
            {
              "id": "l3-v023",
              "trackId": "lesson_words",
              "sourceUrl": "https://japaflow-audio-bucket.oss-cn-shanghai.aliyuncs.com/textbook-audio/book1-unit1/lesson3/lesson_words.mp3",
              "localAudioPath": "data/ocr/audio-cache/lesson3/lesson_words.mp3",
              "itemIndex": 23,
              "text": "コート",
              "label": "コート",
              "start": 39.022,
              "end": 39.653,
              "duration": 0.63,
              "speechUnitCount": 1,
              "method": "ffmpeg-silencedetect-order",
              "confidence": "high"
            },
            {
              "id": "l3-v024",
              "trackId": "lesson_words",
              "sourceUrl": "https://japaflow-audio-bucket.oss-cn-shanghai.aliyuncs.com/textbook-audio/book1-unit1/lesson3/lesson_words.mp3",
              "localAudioPath": "data/ocr/audio-cache/lesson3/lesson_words.mp3",
              "itemIndex": 24,
              "text": "デジカメ",
              "label": "デジカメ",
              "start": 40.698,
              "end": 41.617,
              "duration": 0.919,
              "speechUnitCount": 1,
              "method": "ffmpeg-silencedetect-order",
              "confidence": "high"
            },
            {
              "id": "l3-v025",
              "trackId": "lesson_words",
              "sourceUrl": "https://japaflow-audio-bucket.oss-cn-shanghai.aliyuncs.com/textbook-audio/book1-unit1/lesson3/lesson_words.mp3",
              "localAudioPath": "data/ocr/audio-cache/lesson3/lesson_words.mp3",
              "itemIndex": 25,
              "text": "くに",
              "label": "国",
              "start": 42.329,
              "end": 42.839,
              "duration": 0.51,
              "speechUnitCount": 1,
              "method": "ffmpeg-silencedetect-order",
              "confidence": "high"
            },
            {
              "id": "l3-v026",
              "trackId": "lesson_words",
              "sourceUrl": "https://japaflow-audio-bucket.oss-cn-shanghai.aliyuncs.com/textbook-audio/book1-unit1/lesson3/lesson_words.mp3",
              "localAudioPath": "data/ocr/audio-cache/lesson3/lesson_words.mp3",
              "itemIndex": 26,
              "text": "ちず",
              "label": "地図",
              "start": 43.82,
              "end": 44.364,
              "duration": 0.544,
              "speechUnitCount": 1,
              "method": "ffmpeg-silencedetect-order",
              "confidence": "high"
            },
            {
              "id": "l3-v027",
              "trackId": "lesson_words",
              "sourceUrl": "https://japaflow-audio-bucket.oss-cn-shanghai.aliyuncs.com/textbook-audio/book1-unit1/lesson3/lesson_words.mp3",
              "localAudioPath": "data/ocr/audio-cache/lesson3/lesson_words.mp3",
              "itemIndex": 27,
              "text": "となり",
              "label": "隣",
              "start": 45.372,
              "end": 45.974,
              "duration": 0.602,
              "speechUnitCount": 1,
              "method": "ffmpeg-silencedetect-order",
              "confidence": "high"
            },
            {
              "id": "l3-v028",
              "trackId": "lesson_words",
              "sourceUrl": "https://japaflow-audio-bucket.oss-cn-shanghai.aliyuncs.com/textbook-audio/book1-unit1/lesson3/lesson_words.mp3",
              "localAudioPath": "data/ocr/audio-cache/lesson3/lesson_words.mp3",
              "itemIndex": 28,
              "text": "しゅうへん",
              "label": "周辺",
              "start": 46.896,
              "end": 47.898,
              "duration": 1.003,
              "speechUnitCount": 1,
              "method": "ffmpeg-silencedetect-order",
              "confidence": "high"
            },
            {
              "id": "l3-v029",
              "trackId": "lesson_words",
              "sourceUrl": "https://japaflow-audio-bucket.oss-cn-shanghai.aliyuncs.com/textbook-audio/book1-unit1/lesson3/lesson_words.mp3",
              "localAudioPath": "data/ocr/audio-cache/lesson3/lesson_words.mp3",
              "itemIndex": 29,
              "text": "きょう",
              "label": "今日",
              "start": 48.583,
              "end": 49.099,
              "duration": 0.516,
              "speechUnitCount": 1,
              "method": "ffmpeg-silencedetect-order",
              "confidence": "high"
            },
            {
              "id": "l3-v030",
              "trackId": "lesson_words",
              "sourceUrl": "https://japaflow-audio-bucket.oss-cn-shanghai.aliyuncs.com/textbook-audio/book1-unit1/lesson3/lesson_words.mp3",
              "localAudioPath": "data/ocr/audio-cache/lesson3/lesson_words.mp3",
              "itemIndex": 30,
              "text": "すいようび",
              "label": "水曜日",
              "start": 50.241,
              "end": 51.279,
              "duration": 1.037,
              "speechUnitCount": 1,
              "method": "ffmpeg-silencedetect-order",
              "confidence": "high"
            },
            {
              "id": "l3-v031",
              "trackId": "lesson_words",
              "sourceUrl": "https://japaflow-audio-bucket.oss-cn-shanghai.aliyuncs.com/textbook-audio/book1-unit1/lesson3/lesson_words.mp3",
              "localAudioPath": "data/ocr/audio-cache/lesson3/lesson_words.mp3",
              "itemIndex": 31,
              "text": "もくようび",
              "label": "木曜日",
              "start": 52.161,
              "end": 53.119,
              "duration": 0.958,
              "speechUnitCount": 1,
              "method": "ffmpeg-silencedetect-order",
              "confidence": "high"
            },
            {
              "id": "l3-v032",
              "trackId": "lesson_words",
              "sourceUrl": "https://japaflow-audio-bucket.oss-cn-shanghai.aliyuncs.com/textbook-audio/book1-unit1/lesson3/lesson_words.mp3",
              "localAudioPath": "data/ocr/audio-cache/lesson3/lesson_words.mp3",
              "itemIndex": 32,
              "text": "ここ",
              "label": "ここ",
              "start": 54.048,
              "end": 54.57,
              "duration": 0.522,
              "speechUnitCount": 1,
              "method": "ffmpeg-silencedetect-order",
              "confidence": "high"
            },
            {
              "id": "l3-v033",
              "trackId": "lesson_words",
              "sourceUrl": "https://japaflow-audio-bucket.oss-cn-shanghai.aliyuncs.com/textbook-audio/book1-unit1/lesson3/lesson_words.mp3",
              "localAudioPath": "data/ocr/audio-cache/lesson3/lesson_words.mp3",
              "itemIndex": 33,
              "text": "そこ",
              "label": "そこ",
              "start": 55.508,
              "end": 56.141,
              "duration": 0.633,
              "speechUnitCount": 1,
              "method": "ffmpeg-silencedetect-order",
              "confidence": "high"
            },
            {
              "id": "l3-v034",
              "trackId": "lesson_words",
              "sourceUrl": "https://japaflow-audio-bucket.oss-cn-shanghai.aliyuncs.com/textbook-audio/book1-unit1/lesson3/lesson_words.mp3",
              "localAudioPath": "data/ocr/audio-cache/lesson3/lesson_words.mp3",
              "itemIndex": 34,
              "text": "あそこ",
              "label": "あそこ",
              "start": 57.076,
              "end": 57.835,
              "duration": 0.759,
              "speechUnitCount": 1,
              "method": "ffmpeg-silencedetect-order",
              "confidence": "high"
            },
            {
              "id": "l3-v035",
              "trackId": "lesson_words",
              "sourceUrl": "https://japaflow-audio-bucket.oss-cn-shanghai.aliyuncs.com/textbook-audio/book1-unit1/lesson3/lesson_words.mp3",
              "localAudioPath": "data/ocr/audio-cache/lesson3/lesson_words.mp3",
              "itemIndex": 35,
              "text": "こちら",
              "label": "こちら",
              "start": 58.62,
              "end": 59.288,
              "duration": 0.668,
              "speechUnitCount": 1,
              "method": "ffmpeg-silencedetect-order",
              "confidence": "high"
            },
            {
              "id": "l3-v036",
              "trackId": "lesson_words",
              "sourceUrl": "https://japaflow-audio-bucket.oss-cn-shanghai.aliyuncs.com/textbook-audio/book1-unit1/lesson3/lesson_words.mp3",
              "localAudioPath": "data/ocr/audio-cache/lesson3/lesson_words.mp3",
              "itemIndex": 36,
              "text": "そちら",
              "label": "そちら",
              "start": 60.307,
              "end": 61.139,
              "duration": 0.832,
              "speechUnitCount": 1,
              "method": "ffmpeg-silencedetect-order",
              "confidence": "high"
            },
            {
              "id": "l3-v037",
              "trackId": "lesson_words",
              "sourceUrl": "https://japaflow-audio-bucket.oss-cn-shanghai.aliyuncs.com/textbook-audio/book1-unit1/lesson3/lesson_words.mp3",
              "localAudioPath": "data/ocr/audio-cache/lesson3/lesson_words.mp3",
              "itemIndex": 37,
              "text": "あちら",
              "label": "あちら",
              "start": 62.041,
              "end": 62.709,
              "duration": 0.669,
              "speechUnitCount": 1,
              "method": "ffmpeg-silencedetect-order",
              "confidence": "high"
            },
            {
              "id": "l3-v038",
              "trackId": "lesson_words",
              "sourceUrl": "https://japaflow-audio-bucket.oss-cn-shanghai.aliyuncs.com/textbook-audio/book1-unit1/lesson3/lesson_words.mp3",
              "localAudioPath": "data/ocr/audio-cache/lesson3/lesson_words.mp3",
              "itemIndex": 38,
              "text": "どこ",
              "label": "どこ",
              "start": 63.574,
              "end": 64.139,
              "duration": 0.565,
              "speechUnitCount": 1,
              "method": "ffmpeg-silencedetect-order",
              "confidence": "high"
            },
            {
              "id": "l3-v039",
              "trackId": "lesson_words",
              "sourceUrl": "https://japaflow-audio-bucket.oss-cn-shanghai.aliyuncs.com/textbook-audio/book1-unit1/lesson3/lesson_words.mp3",
              "localAudioPath": "data/ocr/audio-cache/lesson3/lesson_words.mp3",
              "itemIndex": 39,
              "text": "どちら",
              "label": "どちら",
              "start": 65.21,
              "end": 65.824,
              "duration": 0.614,
              "speechUnitCount": 1,
              "method": "ffmpeg-silencedetect-order",
              "confidence": "high"
            },
            {
              "id": "l3-v040",
              "trackId": "lesson_words",
              "sourceUrl": "https://japaflow-audio-bucket.oss-cn-shanghai.aliyuncs.com/textbook-audio/book1-unit1/lesson3/lesson_words.mp3",
              "localAudioPath": "data/ocr/audio-cache/lesson3/lesson_words.mp3",
              "itemIndex": 40,
              "text": "あのう",
              "label": "あのう",
              "start": 66.933,
              "end": 67.68,
              "duration": 0.747,
              "speechUnitCount": 1,
              "method": "ffmpeg-silencedetect-order",
              "confidence": "high"
            },
            {
              "id": "l3-v041",
              "trackId": "lesson_words",
              "sourceUrl": "https://japaflow-audio-bucket.oss-cn-shanghai.aliyuncs.com/textbook-audio/book1-unit1/lesson3/lesson_words.mp3",
              "localAudioPath": "data/ocr/audio-cache/lesson3/lesson_words.mp3",
              "itemIndex": 41,
              "text": "シャンハイ",
              "label": "上海",
              "start": 68.684,
              "end": 69.455,
              "duration": 0.77,
              "speechUnitCount": 1,
              "method": "ffmpeg-silencedetect-order",
              "confidence": "high"
            },
            {
              "id": "l3-v042",
              "trackId": "lesson_words",
              "sourceUrl": "https://japaflow-audio-bucket.oss-cn-shanghai.aliyuncs.com/textbook-audio/book1-unit1/lesson3/lesson_words.mp3",
              "localAudioPath": "data/ocr/audio-cache/lesson3/lesson_words.mp3",
              "itemIndex": 42,
              "text": "とうきょう",
              "label": "東京",
              "start": 70.469,
              "end": 71.435,
              "duration": 0.966,
              "speechUnitCount": 1,
              "method": "ffmpeg-silencedetect-order",
              "confidence": "high"
            },
            {
              "id": "l3-v043",
              "trackId": "lesson_words",
              "sourceUrl": "https://japaflow-audio-bucket.oss-cn-shanghai.aliyuncs.com/textbook-audio/book1-unit1/lesson3/lesson_words.mp3",
              "localAudioPath": "data/ocr/audio-cache/lesson3/lesson_words.mp3",
              "itemIndex": 43,
              "text": "いくら",
              "label": "いくら",
              "start": 72.754,
              "end": 73.287,
              "duration": 0.533,
              "speechUnitCount": 1,
              "method": "ffmpeg-silencedetect-order",
              "confidence": "high"
            },
            {
              "id": "l3-v044",
              "trackId": "lesson_words",
              "sourceUrl": "https://japaflow-audio-bucket.oss-cn-shanghai.aliyuncs.com/textbook-audio/book1-unit1/lesson3/lesson_words.mp3",
              "localAudioPath": "data/ocr/audio-cache/lesson3/lesson_words.mp3",
              "itemIndex": 44,
              "text": "お〜／〜かい／〜えん／〜ようび",
              "label": "お〜／〜階／〜円／〜曜日",
              "start": 74.9,
              "end": 81.106,
              "duration": 6.207,
              "speechUnitCount": 4,
              "method": "ffmpeg-silencedetect-order",
              "confidence": "high"
            }
          ]
        }
      }
    }
  }
}
