{
  "lessonId": 7,
  "target": "vocabulary",
  "generatedAt": "2026-08-05T08:45:14.733Z",
  "outputs": {
    "vocabulary": "data/ocr/lesson7-vocabulary-audio.json"
  },
  "summaries": [
    {
      "trackId": "lesson_words",
      "sourceUrl": "https://japaflow-audio-bucket.oss-cn-shanghai.aliyuncs.com/textbook-audio/book1-unit2/lesson7/lesson_words.mp3",
      "duration": 95.5,
      "expectedItems": 53,
      "expectedSpeechUnits": 54,
      "skippedSpeechUnits": 0,
      "detectedSpeechIntervals": 54,
      "mappedSegments": 53,
      "selectedProfile": {
        "noiseDb": -40,
        "minSilence": 0.24
      },
      "warnings": []
    }
  ],
  "vocabularyData": {
    "lessonId": "lesson7",
    "sourceImages": [
      {
        "path": "course-assets/by-lesson/lesson7/page97.webp",
        "pageNo": 97
      }
    ],
    "vocabulary": [
      {
        "id": "l7-v001",
        "kana": "コーヒー",
        "writing": "コーヒー",
        "meaningZh": [
          "咖啡"
        ],
        "partOfSpeech": "名",
        "rawText": "コーヒー [名] 咖啡",
        "confidence": "high",
        "audioSegment": {
          "id": "l7-v001",
          "trackId": "lesson_words",
          "sourceUrl": "https://japaflow-audio-bucket.oss-cn-shanghai.aliyuncs.com/textbook-audio/book1-unit2/lesson7/lesson_words.mp3",
          "localAudioPath": "data/ocr/audio-cache/lesson7/lesson_words.mp3",
          "itemIndex": 1,
          "text": "コーヒー",
          "label": "コーヒー",
          "start": 0.782,
          "end": 1.538,
          "duration": 0.756,
          "speechUnitCount": 1,
          "method": "ffmpeg-silencedetect-order",
          "confidence": "high"
        }
      },
      {
        "id": "l7-v002",
        "kana": "コーラ",
        "writing": "コーラ",
        "meaningZh": [
          "可乐"
        ],
        "partOfSpeech": "名",
        "rawText": "コーラ [名] 可乐",
        "confidence": "high",
        "audioSegment": {
          "id": "l7-v002",
          "trackId": "lesson_words",
          "sourceUrl": "https://japaflow-audio-bucket.oss-cn-shanghai.aliyuncs.com/textbook-audio/book1-unit2/lesson7/lesson_words.mp3",
          "localAudioPath": "data/ocr/audio-cache/lesson7/lesson_words.mp3",
          "itemIndex": 2,
          "text": "コーラ",
          "label": "コーラ",
          "start": 2.582,
          "end": 3.196,
          "duration": 0.614,
          "speechUnitCount": 1,
          "method": "ffmpeg-silencedetect-order",
          "confidence": "high"
        }
      },
      {
        "id": "l7-v003",
        "kana": "おちゃ",
        "writing": "お茶",
        "meaningZh": [
          "茶"
        ],
        "partOfSpeech": "名",
        "rawText": "おちゃ（お茶）[名] 茶",
        "confidence": "high",
        "audioSegment": {
          "id": "l7-v003",
          "trackId": "lesson_words",
          "sourceUrl": "https://japaflow-audio-bucket.oss-cn-shanghai.aliyuncs.com/textbook-audio/book1-unit2/lesson7/lesson_words.mp3",
          "localAudioPath": "data/ocr/audio-cache/lesson7/lesson_words.mp3",
          "itemIndex": 3,
          "text": "おちゃ",
          "label": "お茶",
          "start": 4.057,
          "end": 4.621,
          "duration": 0.564,
          "speechUnitCount": 1,
          "method": "ffmpeg-silencedetect-order",
          "confidence": "high"
        }
      },
      {
        "id": "l7-v004",
        "kana": "ワイン",
        "writing": "ワイン",
        "meaningZh": [
          "葡萄酒"
        ],
        "partOfSpeech": "名",
        "rawText": "ワイン [名] 葡萄酒",
        "confidence": "high",
        "audioSegment": {
          "id": "l7-v004",
          "trackId": "lesson_words",
          "sourceUrl": "https://japaflow-audio-bucket.oss-cn-shanghai.aliyuncs.com/textbook-audio/book1-unit2/lesson7/lesson_words.mp3",
          "localAudioPath": "data/ocr/audio-cache/lesson7/lesson_words.mp3",
          "itemIndex": 4,
          "text": "ワイン",
          "label": "ワイン",
          "start": 5.722,
          "end": 6.441,
          "duration": 0.719,
          "speechUnitCount": 1,
          "method": "ffmpeg-silencedetect-order",
          "confidence": "high"
        }
      },
      {
        "id": "l7-v005",
        "kana": "パン",
        "writing": "パン",
        "meaningZh": [
          "面包"
        ],
        "partOfSpeech": "名",
        "rawText": "パン [名] 面包",
        "confidence": "high",
        "audioSegment": {
          "id": "l7-v005",
          "trackId": "lesson_words",
          "sourceUrl": "https://japaflow-audio-bucket.oss-cn-shanghai.aliyuncs.com/textbook-audio/book1-unit2/lesson7/lesson_words.mp3",
          "localAudioPath": "data/ocr/audio-cache/lesson7/lesson_words.mp3",
          "itemIndex": 5,
          "text": "パン",
          "label": "パン",
          "start": 7.037,
          "end": 7.443,
          "duration": 0.406,
          "speechUnitCount": 1,
          "method": "ffmpeg-silencedetect-order",
          "confidence": "high"
        }
      },
      {
        "id": "l7-v006",
        "kana": "ケーキ",
        "writing": "ケーキ",
        "meaningZh": [
          "蛋糕"
        ],
        "partOfSpeech": "名",
        "rawText": "ケーキ [名] 蛋糕",
        "confidence": "high",
        "audioSegment": {
          "id": "l7-v006",
          "trackId": "lesson_words",
          "sourceUrl": "https://japaflow-audio-bucket.oss-cn-shanghai.aliyuncs.com/textbook-audio/book1-unit2/lesson7/lesson_words.mp3",
          "localAudioPath": "data/ocr/audio-cache/lesson7/lesson_words.mp3",
          "itemIndex": 6,
          "text": "ケーキ",
          "label": "ケーキ",
          "start": 8.585,
          "end": 9.272,
          "duration": 0.687,
          "speechUnitCount": 1,
          "method": "ffmpeg-silencedetect-order",
          "confidence": "high"
        }
      },
      {
        "id": "l7-v007",
        "kana": "おかゆ",
        "writing": "お粥",
        "meaningZh": [
          "粥"
        ],
        "partOfSpeech": "名",
        "rawText": "おかゆ（お粥）[名] 粥",
        "confidence": "high",
        "audioSegment": {
          "id": "l7-v007",
          "trackId": "lesson_words",
          "sourceUrl": "https://japaflow-audio-bucket.oss-cn-shanghai.aliyuncs.com/textbook-audio/book1-unit2/lesson7/lesson_words.mp3",
          "localAudioPath": "data/ocr/audio-cache/lesson7/lesson_words.mp3",
          "itemIndex": 7,
          "text": "おかゆ",
          "label": "お粥",
          "start": 10.055,
          "end": 10.791,
          "duration": 0.736,
          "speechUnitCount": 1,
          "method": "ffmpeg-silencedetect-order",
          "confidence": "high"
        }
      },
      {
        "id": "l7-v008",
        "kana": "ひるごはん",
        "writing": "昼ご飯",
        "meaningZh": [
          "午饭"
        ],
        "partOfSpeech": "名",
        "rawText": "ひるごはん（昼ご飯）[名] 午饭",
        "confidence": "high",
        "audioSegment": {
          "id": "l7-v008",
          "trackId": "lesson_words",
          "sourceUrl": "https://japaflow-audio-bucket.oss-cn-shanghai.aliyuncs.com/textbook-audio/book1-unit2/lesson7/lesson_words.mp3",
          "localAudioPath": "data/ocr/audio-cache/lesson7/lesson_words.mp3",
          "itemIndex": 8,
          "text": "ひるごはん",
          "label": "昼ご飯",
          "start": 11.879,
          "end": 12.798,
          "duration": 0.919,
          "speechUnitCount": 1,
          "method": "ffmpeg-silencedetect-order",
          "confidence": "high"
        }
      },
      {
        "id": "l7-v009",
        "kana": "おべんとう",
        "writing": "お弁当",
        "meaningZh": [
          "盒饭"
        ],
        "partOfSpeech": "名",
        "rawText": "おべんとう（お弁当）[名] 盒饭",
        "confidence": "high",
        "audioSegment": {
          "id": "l7-v009",
          "trackId": "lesson_words",
          "sourceUrl": "https://japaflow-audio-bucket.oss-cn-shanghai.aliyuncs.com/textbook-audio/book1-unit2/lesson7/lesson_words.mp3",
          "localAudioPath": "data/ocr/audio-cache/lesson7/lesson_words.mp3",
          "itemIndex": 9,
          "text": "おべんとう",
          "label": "お弁当",
          "start": 13.527,
          "end": 14.581,
          "duration": 1.054,
          "speechUnitCount": 1,
          "method": "ffmpeg-silencedetect-order",
          "confidence": "high"
        }
      },
      {
        "id": "l7-v010",
        "kana": "そば",
        "writing": "そば",
        "meaningZh": [
          "荞麦面"
        ],
        "partOfSpeech": "名",
        "rawText": "そば [名] 荞麦面",
        "confidence": "high",
        "audioSegment": {
          "id": "l7-v010",
          "trackId": "lesson_words",
          "sourceUrl": "https://japaflow-audio-bucket.oss-cn-shanghai.aliyuncs.com/textbook-audio/book1-unit2/lesson7/lesson_words.mp3",
          "localAudioPath": "data/ocr/audio-cache/lesson7/lesson_words.mp3",
          "itemIndex": 10,
          "text": "そば",
          "label": "そば",
          "start": 15.104,
          "end": 15.668,
          "duration": 0.565,
          "speechUnitCount": 1,
          "method": "ffmpeg-silencedetect-order",
          "confidence": "high"
        }
      },
      {
        "id": "l7-v011",
        "kana": "うどん",
        "writing": "うどん",
        "meaningZh": [
          "面条"
        ],
        "partOfSpeech": "名",
        "rawText": "うどん [名] 面条",
        "confidence": "high",
        "audioSegment": {
          "id": "l7-v011",
          "trackId": "lesson_words",
          "sourceUrl": "https://japaflow-audio-bucket.oss-cn-shanghai.aliyuncs.com/textbook-audio/book1-unit2/lesson7/lesson_words.mp3",
          "localAudioPath": "data/ocr/audio-cache/lesson7/lesson_words.mp3",
          "itemIndex": 11,
          "text": "うどん",
          "label": "うどん",
          "start": 16.54,
          "end": 17.154,
          "duration": 0.615,
          "speechUnitCount": 1,
          "method": "ffmpeg-silencedetect-order",
          "confidence": "high"
        }
      },
      {
        "id": "l7-v012",
        "kana": "おやこどん",
        "writing": "親子丼",
        "meaningZh": [
          "鸡肉鸡蛋盖饭"
        ],
        "partOfSpeech": "名",
        "rawText": "おやこどん（親子丼）[名] 鸡肉鸡蛋盖饭",
        "confidence": "high",
        "audioSegment": {
          "id": "l7-v012",
          "trackId": "lesson_words",
          "sourceUrl": "https://japaflow-audio-bucket.oss-cn-shanghai.aliyuncs.com/textbook-audio/book1-unit2/lesson7/lesson_words.mp3",
          "localAudioPath": "data/ocr/audio-cache/lesson7/lesson_words.mp3",
          "itemIndex": 12,
          "text": "おやこどん",
          "label": "親子丼",
          "start": 18.19,
          "end": 19.17,
          "duration": 0.979,
          "speechUnitCount": 1,
          "method": "ffmpeg-silencedetect-order",
          "confidence": "high"
        }
      },
      {
        "id": "l7-v013",
        "kana": "カレー",
        "writing": "カレー",
        "meaningZh": [
          "咖喱（饭）"
        ],
        "partOfSpeech": "名",
        "rawText": "カレー [名] 咖喱（饭）",
        "confidence": "high",
        "audioSegment": {
          "id": "l7-v013",
          "trackId": "lesson_words",
          "sourceUrl": "https://japaflow-audio-bucket.oss-cn-shanghai.aliyuncs.com/textbook-audio/book1-unit2/lesson7/lesson_words.mp3",
          "localAudioPath": "data/ocr/audio-cache/lesson7/lesson_words.mp3",
          "itemIndex": 13,
          "text": "カレー",
          "label": "カレー",
          "start": 19.879,
          "end": 20.574,
          "duration": 0.695,
          "speechUnitCount": 1,
          "method": "ffmpeg-silencedetect-order",
          "confidence": "high"
        }
      },
      {
        "id": "l7-v014",
        "kana": "たまご",
        "writing": "卵",
        "meaningZh": [
          "鸡蛋"
        ],
        "partOfSpeech": "名",
        "rawText": "たまご（卵）[名] 鸡蛋",
        "confidence": "high",
        "audioSegment": {
          "id": "l7-v014",
          "trackId": "lesson_words",
          "sourceUrl": "https://japaflow-audio-bucket.oss-cn-shanghai.aliyuncs.com/textbook-audio/book1-unit2/lesson7/lesson_words.mp3",
          "localAudioPath": "data/ocr/audio-cache/lesson7/lesson_words.mp3",
          "itemIndex": 14,
          "text": "たまご",
          "label": "卵",
          "start": 21.433,
          "end": 22.094,
          "duration": 0.661,
          "speechUnitCount": 1,
          "method": "ffmpeg-silencedetect-order",
          "confidence": "high"
        }
      },
      {
        "id": "l7-v015",
        "kana": "チーズ",
        "writing": "チーズ",
        "meaningZh": [
          "干酪"
        ],
        "partOfSpeech": "名",
        "rawText": "チーズ [名] 干酪",
        "confidence": "high",
        "audioSegment": {
          "id": "l7-v015",
          "trackId": "lesson_words",
          "sourceUrl": "https://japaflow-audio-bucket.oss-cn-shanghai.aliyuncs.com/textbook-audio/book1-unit2/lesson7/lesson_words.mp3",
          "localAudioPath": "data/ocr/audio-cache/lesson7/lesson_words.mp3",
          "itemIndex": 15,
          "text": "チーズ",
          "label": "チーズ",
          "start": 22.974,
          "end": 23.639,
          "duration": 0.666,
          "speechUnitCount": 1,
          "method": "ffmpeg-silencedetect-order",
          "confidence": "high"
        }
      },
      {
        "id": "l7-v016",
        "kana": "リンゴ",
        "writing": "リンゴ",
        "meaningZh": [
          "苹果"
        ],
        "partOfSpeech": "名",
        "rawText": "リンゴ [名] 苹果",
        "confidence": "high",
        "audioSegment": {
          "id": "l7-v016",
          "trackId": "lesson_words",
          "sourceUrl": "https://japaflow-audio-bucket.oss-cn-shanghai.aliyuncs.com/textbook-audio/book1-unit2/lesson7/lesson_words.mp3",
          "localAudioPath": "data/ocr/audio-cache/lesson7/lesson_words.mp3",
          "itemIndex": 16,
          "text": "リンゴ",
          "label": "リンゴ",
          "start": 24.562,
          "end": 25.247,
          "duration": 0.685,
          "speechUnitCount": 1,
          "method": "ffmpeg-silencedetect-order",
          "confidence": "high"
        }
      },
      {
        "id": "l7-v017",
        "kana": "イチゴ",
        "writing": "イチゴ",
        "meaningZh": [
          "草莓"
        ],
        "partOfSpeech": "名",
        "rawText": "イチゴ [名] 草莓",
        "confidence": "high",
        "audioSegment": {
          "id": "l7-v017",
          "trackId": "lesson_words",
          "sourceUrl": "https://japaflow-audio-bucket.oss-cn-shanghai.aliyuncs.com/textbook-audio/book1-unit2/lesson7/lesson_words.mp3",
          "localAudioPath": "data/ocr/audio-cache/lesson7/lesson_words.mp3",
          "itemIndex": 17,
          "text": "イチゴ",
          "label": "イチゴ",
          "start": 26.134,
          "end": 26.835,
          "duration": 0.701,
          "speechUnitCount": 1,
          "method": "ffmpeg-silencedetect-order",
          "confidence": "high"
        }
      },
      {
        "id": "l7-v018",
        "kana": "そばや",
        "writing": "そば屋",
        "meaningZh": [
          "荞麦面馆"
        ],
        "partOfSpeech": "名",
        "rawText": "そばや（そば屋）[名] 荞麦面馆",
        "confidence": "high",
        "audioSegment": {
          "id": "l7-v018",
          "trackId": "lesson_words",
          "sourceUrl": "https://japaflow-audio-bucket.oss-cn-shanghai.aliyuncs.com/textbook-audio/book1-unit2/lesson7/lesson_words.mp3",
          "localAudioPath": "data/ocr/audio-cache/lesson7/lesson_words.mp3",
          "itemIndex": 18,
          "text": "そばや",
          "label": "そば屋",
          "start": 27.825,
          "end": 28.515,
          "duration": 0.69,
          "speechUnitCount": 1,
          "method": "ffmpeg-silencedetect-order",
          "confidence": "high"
        }
      },
      {
        "id": "l7-v019",
        "kana": "テニス",
        "writing": "テニス",
        "meaningZh": [
          "网球"
        ],
        "partOfSpeech": "名",
        "rawText": "テニス [名] 网球",
        "confidence": "high",
        "audioSegment": {
          "id": "l7-v019",
          "trackId": "lesson_words",
          "sourceUrl": "https://japaflow-audio-bucket.oss-cn-shanghai.aliyuncs.com/textbook-audio/book1-unit2/lesson7/lesson_words.mp3",
          "localAudioPath": "data/ocr/audio-cache/lesson7/lesson_words.mp3",
          "itemIndex": 19,
          "text": "テニス",
          "label": "テニス",
          "start": 29.468,
          "end": 30.125,
          "duration": 0.658,
          "speechUnitCount": 1,
          "method": "ffmpeg-silencedetect-order",
          "confidence": "high"
        }
      },
      {
        "id": "l7-v020",
        "kana": "ジョギング",
        "writing": "ジョギング",
        "meaningZh": [
          "慢跑",
          "跑步"
        ],
        "partOfSpeech": "名",
        "rawText": "ジョギング [名] 慢跑，跑步",
        "confidence": "high",
        "audioSegment": {
          "id": "l7-v020",
          "trackId": "lesson_words",
          "sourceUrl": "https://japaflow-audio-bucket.oss-cn-shanghai.aliyuncs.com/textbook-audio/book1-unit2/lesson7/lesson_words.mp3",
          "localAudioPath": "data/ocr/audio-cache/lesson7/lesson_words.mp3",
          "itemIndex": 20,
          "text": "ジョギング",
          "label": "ジョギング",
          "start": 31.193,
          "end": 32.143,
          "duration": 0.95,
          "speechUnitCount": 1,
          "method": "ffmpeg-silencedetect-order",
          "confidence": "high"
        }
      },
      {
        "id": "l7-v021",
        "kana": "サッカー",
        "writing": "サッカー",
        "meaningZh": [
          "足球"
        ],
        "partOfSpeech": "名",
        "rawText": "サッカー [名] 足球",
        "confidence": "high",
        "audioSegment": {
          "id": "l7-v021",
          "trackId": "lesson_words",
          "sourceUrl": "https://japaflow-audio-bucket.oss-cn-shanghai.aliyuncs.com/textbook-audio/book1-unit2/lesson7/lesson_words.mp3",
          "localAudioPath": "data/ocr/audio-cache/lesson7/lesson_words.mp3",
          "itemIndex": 21,
          "text": "サッカー",
          "label": "サッカー",
          "start": 32.886,
          "end": 33.789,
          "duration": 0.902,
          "speechUnitCount": 1,
          "method": "ffmpeg-silencedetect-order",
          "confidence": "high"
        }
      },
      {
        "id": "l7-v022",
        "kana": "やきゅう",
        "writing": "野球",
        "meaningZh": [
          "棒球"
        ],
        "partOfSpeech": "名",
        "rawText": "やきゅう（野球）[名] 棒球",
        "confidence": "high",
        "audioSegment": {
          "id": "l7-v022",
          "trackId": "lesson_words",
          "sourceUrl": "https://japaflow-audio-bucket.oss-cn-shanghai.aliyuncs.com/textbook-audio/book1-unit2/lesson7/lesson_words.mp3",
          "localAudioPath": "data/ocr/audio-cache/lesson7/lesson_words.mp3",
          "itemIndex": 22,
          "text": "やきゅう",
          "label": "野球",
          "start": 34.89,
          "end": 35.719,
          "duration": 0.829,
          "speechUnitCount": 1,
          "method": "ffmpeg-silencedetect-order",
          "confidence": "high"
        }
      },
      {
        "id": "l7-v023",
        "kana": "もうしこみしょ",
        "writing": "申込書",
        "meaningZh": [
          "申请书"
        ],
        "partOfSpeech": "名",
        "rawText": "もうしこみしょ（申込書）[名] 申请书",
        "confidence": "high",
        "audioSegment": {
          "id": "l7-v023",
          "trackId": "lesson_words",
          "sourceUrl": "https://japaflow-audio-bucket.oss-cn-shanghai.aliyuncs.com/textbook-audio/book1-unit2/lesson7/lesson_words.mp3",
          "localAudioPath": "data/ocr/audio-cache/lesson7/lesson_words.mp3",
          "itemIndex": 23,
          "text": "もうしこみしょ",
          "label": "申込書",
          "start": 36.557,
          "end": 37.683,
          "duration": 1.126,
          "speechUnitCount": 1,
          "method": "ffmpeg-silencedetect-order",
          "confidence": "high"
        }
      },
      {
        "id": "l7-v024",
        "kana": "てがみ",
        "writing": "手紙",
        "meaningZh": [
          "信"
        ],
        "partOfSpeech": "名",
        "rawText": "てがみ（手紙）[名] 信",
        "confidence": "high",
        "audioSegment": {
          "id": "l7-v024",
          "trackId": "lesson_words",
          "sourceUrl": "https://japaflow-audio-bucket.oss-cn-shanghai.aliyuncs.com/textbook-audio/book1-unit2/lesson7/lesson_words.mp3",
          "localAudioPath": "data/ocr/audio-cache/lesson7/lesson_words.mp3",
          "itemIndex": 24,
          "text": "てがみ",
          "label": "手紙",
          "start": 38.437,
          "end": 39.135,
          "duration": 0.698,
          "speechUnitCount": 1,
          "method": "ffmpeg-silencedetect-order",
          "confidence": "high"
        }
      },
      {
        "id": "l7-v025",
        "kana": "シーディー",
        "writing": "CD",
        "meaningZh": [
          "CD"
        ],
        "partOfSpeech": "名",
        "rawText": "シーディー（CD）[名] CD",
        "confidence": "high",
        "audioSegment": {
          "id": "l7-v025",
          "trackId": "lesson_words",
          "sourceUrl": "https://japaflow-audio-bucket.oss-cn-shanghai.aliyuncs.com/textbook-audio/book1-unit2/lesson7/lesson_words.mp3",
          "localAudioPath": "data/ocr/audio-cache/lesson7/lesson_words.mp3",
          "itemIndex": 25,
          "text": "シーディー",
          "label": "CD",
          "start": 40.059,
          "end": 40.975,
          "duration": 0.916,
          "speechUnitCount": 1,
          "method": "ffmpeg-silencedetect-order",
          "confidence": "high"
        }
      },
      {
        "id": "l7-v026",
        "kana": "おんがく",
        "writing": "音楽",
        "meaningZh": [
          "音乐"
        ],
        "partOfSpeech": "名",
        "rawText": "おんがく（音楽）[名] 音乐",
        "confidence": "high",
        "audioSegment": {
          "id": "l7-v026",
          "trackId": "lesson_words",
          "sourceUrl": "https://japaflow-audio-bucket.oss-cn-shanghai.aliyuncs.com/textbook-audio/book1-unit2/lesson7/lesson_words.mp3",
          "localAudioPath": "data/ocr/audio-cache/lesson7/lesson_words.mp3",
          "itemIndex": 26,
          "text": "おんがく",
          "label": "音楽",
          "start": 41.869,
          "end": 42.655,
          "duration": 0.785,
          "speechUnitCount": 1,
          "method": "ffmpeg-silencedetect-order",
          "confidence": "high"
        }
      },
      {
        "id": "l7-v027",
        "kana": "えいが",
        "writing": "映画",
        "meaningZh": [
          "电影"
        ],
        "partOfSpeech": "名",
        "rawText": "えいが（映画）[名] 电影",
        "confidence": "high",
        "audioSegment": {
          "id": "l7-v027",
          "trackId": "lesson_words",
          "sourceUrl": "https://japaflow-audio-bucket.oss-cn-shanghai.aliyuncs.com/textbook-audio/book1-unit2/lesson7/lesson_words.mp3",
          "localAudioPath": "data/ocr/audio-cache/lesson7/lesson_words.mp3",
          "itemIndex": 27,
          "text": "えいが",
          "label": "映画",
          "start": 43.657,
          "end": 44.323,
          "duration": 0.666,
          "speechUnitCount": 1,
          "method": "ffmpeg-silencedetect-order",
          "confidence": "high"
        }
      },
      {
        "id": "l7-v028",
        "kana": "どうぶつえん",
        "writing": "動物園",
        "meaningZh": [
          "动物园"
        ],
        "partOfSpeech": "名",
        "rawText": "どうぶつえん（動物園）[名] 动物园",
        "confidence": "high",
        "audioSegment": {
          "id": "l7-v028",
          "trackId": "lesson_words",
          "sourceUrl": "https://japaflow-audio-bucket.oss-cn-shanghai.aliyuncs.com/textbook-audio/book1-unit2/lesson7/lesson_words.mp3",
          "localAudioPath": "data/ocr/audio-cache/lesson7/lesson_words.mp3",
          "itemIndex": 28,
          "text": "どうぶつえん",
          "label": "動物園",
          "start": 45.386,
          "end": 46.498,
          "duration": 1.112,
          "speechUnitCount": 1,
          "method": "ffmpeg-silencedetect-order",
          "confidence": "high"
        }
      },
      {
        "id": "l7-v029",
        "kana": "パンダ",
        "writing": "パンダ",
        "meaningZh": [
          "熊猫"
        ],
        "partOfSpeech": "名",
        "rawText": "パンダ [名] 熊猫",
        "confidence": "high",
        "audioSegment": {
          "id": "l7-v029",
          "trackId": "lesson_words",
          "sourceUrl": "https://japaflow-audio-bucket.oss-cn-shanghai.aliyuncs.com/textbook-audio/book1-unit2/lesson7/lesson_words.mp3",
          "localAudioPath": "data/ocr/audio-cache/lesson7/lesson_words.mp3",
          "itemIndex": 29,
          "text": "パンダ",
          "label": "パンダ",
          "start": 47.252,
          "end": 47.871,
          "duration": 0.619,
          "speechUnitCount": 1,
          "method": "ffmpeg-silencedetect-order",
          "confidence": "high"
        }
      },
      {
        "id": "l7-v030",
        "kana": "のみます",
        "writing": "飲みます",
        "meaningZh": [
          "喝"
        ],
        "partOfSpeech": "动1",
        "rawText": "のみます（飲みます）[动1] 喝",
        "confidence": "high",
        "audioSegment": {
          "id": "l7-v030",
          "trackId": "lesson_words",
          "sourceUrl": "https://japaflow-audio-bucket.oss-cn-shanghai.aliyuncs.com/textbook-audio/book1-unit2/lesson7/lesson_words.mp3",
          "localAudioPath": "data/ocr/audio-cache/lesson7/lesson_words.mp3",
          "itemIndex": 30,
          "text": "のみます",
          "label": "飲みます",
          "start": 48.831,
          "end": 49.698,
          "duration": 0.868,
          "speechUnitCount": 1,
          "method": "ffmpeg-silencedetect-order",
          "confidence": "high"
        }
      },
      {
        "id": "l7-v031",
        "kana": "かいます",
        "writing": "買います",
        "meaningZh": [
          "买"
        ],
        "partOfSpeech": "动1",
        "rawText": "かいます（買います）[动1] 买",
        "confidence": "high",
        "audioSegment": {
          "id": "l7-v031",
          "trackId": "lesson_words",
          "sourceUrl": "https://japaflow-audio-bucket.oss-cn-shanghai.aliyuncs.com/textbook-audio/book1-unit2/lesson7/lesson_words.mp3",
          "localAudioPath": "data/ocr/audio-cache/lesson7/lesson_words.mp3",
          "itemIndex": 31,
          "text": "かいます",
          "label": "買います",
          "start": 50.545,
          "end": 51.325,
          "duration": 0.781,
          "speechUnitCount": 1,
          "method": "ffmpeg-silencedetect-order",
          "confidence": "high"
        }
      },
      {
        "id": "l7-v032",
        "kana": "とります",
        "writing": "撮ります",
        "meaningZh": [
          "拍照",
          "拍摄"
        ],
        "partOfSpeech": "动1",
        "rawText": "とります（撮ります）[动1] 拍照，拍摄",
        "confidence": "high",
        "audioSegment": {
          "id": "l7-v032",
          "trackId": "lesson_words",
          "sourceUrl": "https://japaflow-audio-bucket.oss-cn-shanghai.aliyuncs.com/textbook-audio/book1-unit2/lesson7/lesson_words.mp3",
          "localAudioPath": "data/ocr/audio-cache/lesson7/lesson_words.mp3",
          "itemIndex": 32,
          "text": "とります",
          "label": "撮ります",
          "start": 51.948,
          "end": 52.79,
          "duration": 0.842,
          "speechUnitCount": 1,
          "method": "ffmpeg-silencedetect-order",
          "confidence": "high"
        }
      },
      {
        "id": "l7-v033",
        "kana": "かきます",
        "writing": "書きます",
        "meaningZh": [
          "写"
        ],
        "partOfSpeech": "动1",
        "rawText": "かきます（書きます）[动1] 写",
        "confidence": "high",
        "audioSegment": {
          "id": "l7-v033",
          "trackId": "lesson_words",
          "sourceUrl": "https://japaflow-audio-bucket.oss-cn-shanghai.aliyuncs.com/textbook-audio/book1-unit2/lesson7/lesson_words.mp3",
          "localAudioPath": "data/ocr/audio-cache/lesson7/lesson_words.mp3",
          "itemIndex": 33,
          "text": "かきます",
          "label": "書きます",
          "start": 53.465,
          "end": 54.342,
          "duration": 0.877,
          "speechUnitCount": 1,
          "method": "ffmpeg-silencedetect-order",
          "confidence": "high"
        }
      },
      {
        "id": "l7-v034",
        "kana": "よみます",
        "writing": "読みます",
        "meaningZh": [
          "读"
        ],
        "partOfSpeech": "动1",
        "rawText": "よみます（読みます）[动1] 读",
        "confidence": "high",
        "audioSegment": {
          "id": "l7-v034",
          "trackId": "lesson_words",
          "sourceUrl": "https://japaflow-audio-bucket.oss-cn-shanghai.aliyuncs.com/textbook-audio/book1-unit2/lesson7/lesson_words.mp3",
          "localAudioPath": "data/ocr/audio-cache/lesson7/lesson_words.mp3",
          "itemIndex": 34,
          "text": "よみます",
          "label": "読みます",
          "start": 55.176,
          "end": 56.033,
          "duration": 0.857,
          "speechUnitCount": 1,
          "method": "ffmpeg-silencedetect-order",
          "confidence": "high"
        }
      },
      {
        "id": "l7-v035",
        "kana": "ききます",
        "writing": "聞きます",
        "meaningZh": [
          "听"
        ],
        "partOfSpeech": "动1",
        "rawText": "ききます（聞きます）[动1] 听",
        "confidence": "high",
        "audioSegment": {
          "id": "l7-v035",
          "trackId": "lesson_words",
          "sourceUrl": "https://japaflow-audio-bucket.oss-cn-shanghai.aliyuncs.com/textbook-audio/book1-unit2/lesson7/lesson_words.mp3",
          "localAudioPath": "data/ocr/audio-cache/lesson7/lesson_words.mp3",
          "itemIndex": 35,
          "text": "ききます",
          "label": "聞きます",
          "start": 56.71,
          "end": 57.607,
          "duration": 0.896,
          "speechUnitCount": 1,
          "method": "ffmpeg-silencedetect-order",
          "confidence": "high"
        }
      },
      {
        "id": "l7-v036",
        "kana": "たべます",
        "writing": "食べます",
        "meaningZh": [
          "吃"
        ],
        "partOfSpeech": "动2",
        "rawText": "たべます（食べます）[动2] 吃",
        "confidence": "high",
        "audioSegment": {
          "id": "l7-v036",
          "trackId": "lesson_words",
          "sourceUrl": "https://japaflow-audio-bucket.oss-cn-shanghai.aliyuncs.com/textbook-audio/book1-unit2/lesson7/lesson_words.mp3",
          "localAudioPath": "data/ocr/audio-cache/lesson7/lesson_words.mp3",
          "itemIndex": 36,
          "text": "たべます",
          "label": "食べます",
          "start": 58.192,
          "end": 59.113,
          "duration": 0.922,
          "speechUnitCount": 1,
          "method": "ffmpeg-silencedetect-order",
          "confidence": "high"
        }
      },
      {
        "id": "l7-v037",
        "kana": "みます",
        "writing": "見ます",
        "meaningZh": [
          "看"
        ],
        "partOfSpeech": "动2",
        "rawText": "みます（見ます）[动2] 看",
        "confidence": "high",
        "audioSegment": {
          "id": "l7-v037",
          "trackId": "lesson_words",
          "sourceUrl": "https://japaflow-audio-bucket.oss-cn-shanghai.aliyuncs.com/textbook-audio/book1-unit2/lesson7/lesson_words.mp3",
          "localAudioPath": "data/ocr/audio-cache/lesson7/lesson_words.mp3",
          "itemIndex": 37,
          "text": "みます",
          "label": "見ます",
          "start": 59.555,
          "end": 60.294,
          "duration": 0.739,
          "speechUnitCount": 1,
          "method": "ffmpeg-silencedetect-order",
          "confidence": "high"
        }
      },
      {
        "id": "l7-v038",
        "kana": "します",
        "writing": "します",
        "meaningZh": [
          "干",
          "做"
        ],
        "partOfSpeech": "动3",
        "rawText": "します [动3] 干，做",
        "confidence": "high",
        "audioSegment": {
          "id": "l7-v038",
          "trackId": "lesson_words",
          "sourceUrl": "https://japaflow-audio-bucket.oss-cn-shanghai.aliyuncs.com/textbook-audio/book1-unit2/lesson7/lesson_words.mp3",
          "localAudioPath": "data/ocr/audio-cache/lesson7/lesson_words.mp3",
          "itemIndex": 38,
          "text": "します",
          "label": "します",
          "start": 60.948,
          "end": 61.781,
          "duration": 0.834,
          "speechUnitCount": 1,
          "method": "ffmpeg-silencedetect-order",
          "confidence": "high"
        }
      },
      {
        "id": "l7-v039",
        "kana": "そうじします",
        "writing": "掃除します",
        "meaningZh": [
          "打扫",
          "扫除"
        ],
        "partOfSpeech": "动3",
        "rawText": "そうじします（掃除～）[动3] 打扫，扫除",
        "confidence": "high",
        "audioSegment": {
          "id": "l7-v039",
          "trackId": "lesson_words",
          "sourceUrl": "https://japaflow-audio-bucket.oss-cn-shanghai.aliyuncs.com/textbook-audio/book1-unit2/lesson7/lesson_words.mp3",
          "localAudioPath": "data/ocr/audio-cache/lesson7/lesson_words.mp3",
          "itemIndex": 39,
          "text": "そうじします",
          "label": "掃除します",
          "start": 62.674,
          "end": 63.839,
          "duration": 1.165,
          "speechUnitCount": 1,
          "method": "ffmpeg-silencedetect-order",
          "confidence": "high"
        }
      },
      {
        "id": "l7-v040",
        "kana": "これから",
        "writing": "これから",
        "meaningZh": [
          "从现在起",
          "今后"
        ],
        "partOfSpeech": "副",
        "rawText": "これから [副] 从现在起，今后",
        "confidence": "high",
        "audioSegment": {
          "id": "l7-v040",
          "trackId": "lesson_words",
          "sourceUrl": "https://japaflow-audio-bucket.oss-cn-shanghai.aliyuncs.com/textbook-audio/book1-unit2/lesson7/lesson_words.mp3",
          "localAudioPath": "data/ocr/audio-cache/lesson7/lesson_words.mp3",
          "itemIndex": 40,
          "text": "これから",
          "label": "これから",
          "start": 64.71,
          "end": 65.522,
          "duration": 0.813,
          "speechUnitCount": 1,
          "method": "ffmpeg-silencedetect-order",
          "confidence": "high"
        }
      },
      {
        "id": "l7-v041",
        "kana": "じゃあ／では",
        "writing": "じゃあ／では",
        "meaningZh": [
          "那么"
        ],
        "partOfSpeech": "连",
        "rawText": "じゃあ／では [连] 那么",
        "confidence": "high",
        "audioSegment": {
          "id": "l7-v041",
          "trackId": "lesson_words",
          "sourceUrl": "https://japaflow-audio-bucket.oss-cn-shanghai.aliyuncs.com/textbook-audio/book1-unit2/lesson7/lesson_words.mp3",
          "localAudioPath": "data/ocr/audio-cache/lesson7/lesson_words.mp3",
          "itemIndex": 41,
          "text": "じゃあ／では",
          "label": "じゃあ／では",
          "start": 66.508,
          "end": 68.273,
          "duration": 1.765,
          "speechUnitCount": 2,
          "method": "ffmpeg-silencedetect-order",
          "confidence": "high"
        }
      },
      {
        "id": "l7-v042",
        "kana": "いらっしゃいませ",
        "writing": "いらっしゃいませ",
        "meaningZh": [
          "欢迎光临"
        ],
        "partOfSpeech": null,
        "rawText": "いらっしゃいませ 欢迎光临",
        "confidence": "high",
        "audioSegment": {
          "id": "l7-v042",
          "trackId": "lesson_words",
          "sourceUrl": "https://japaflow-audio-bucket.oss-cn-shanghai.aliyuncs.com/textbook-audio/book1-unit2/lesson7/lesson_words.mp3",
          "localAudioPath": "data/ocr/audio-cache/lesson7/lesson_words.mp3",
          "itemIndex": 42,
          "text": "いらっしゃいませ",
          "label": "いらっしゃいませ",
          "start": 69.558,
          "end": 70.622,
          "duration": 1.064,
          "speechUnitCount": 1,
          "method": "ffmpeg-silencedetect-order",
          "confidence": "high"
        }
      },
      {
        "id": "l7-v043",
        "kana": "しつれいします",
        "writing": "失礼します",
        "meaningZh": [
          "告辞了",
          "我走了"
        ],
        "partOfSpeech": null,
        "rawText": "しつれいします（失礼します）告辞了，我走了",
        "confidence": "high",
        "audioSegment": {
          "id": "l7-v043",
          "trackId": "lesson_words",
          "sourceUrl": "https://japaflow-audio-bucket.oss-cn-shanghai.aliyuncs.com/textbook-audio/book1-unit2/lesson7/lesson_words.mp3",
          "localAudioPath": "data/ocr/audio-cache/lesson7/lesson_words.mp3",
          "itemIndex": 43,
          "text": "しつれいします",
          "label": "失礼します",
          "start": 71.639,
          "end": 72.727,
          "duration": 1.088,
          "speechUnitCount": 1,
          "method": "ffmpeg-silencedetect-order",
          "confidence": "high"
        }
      },
      {
        "id": "l7-v044",
        "kana": "しつれいしました",
        "writing": "失礼しました",
        "meaningZh": [
          "打搅了",
          "失礼了"
        ],
        "partOfSpeech": null,
        "rawText": "しつれいしました（失礼しました）打搅了，失礼了",
        "confidence": "high",
        "audioSegment": {
          "id": "l7-v044",
          "trackId": "lesson_words",
          "sourceUrl": "https://japaflow-audio-bucket.oss-cn-shanghai.aliyuncs.com/textbook-audio/book1-unit2/lesson7/lesson_words.mp3",
          "localAudioPath": "data/ocr/audio-cache/lesson7/lesson_words.mp3",
          "itemIndex": 44,
          "text": "しつれいしました",
          "label": "失礼しました",
          "start": 73.998,
          "end": 75.224,
          "duration": 1.226,
          "speechUnitCount": 1,
          "method": "ffmpeg-silencedetect-order",
          "confidence": "high"
        }
      },
      {
        "id": "l7-v045",
        "kana": "いってまいります",
        "writing": "いってまいります",
        "meaningZh": [
          "我走了"
        ],
        "partOfSpeech": null,
        "rawText": "いってまいります 我走了",
        "confidence": "high",
        "audioSegment": {
          "id": "l7-v045",
          "trackId": "lesson_words",
          "sourceUrl": "https://japaflow-audio-bucket.oss-cn-shanghai.aliyuncs.com/textbook-audio/book1-unit2/lesson7/lesson_words.mp3",
          "localAudioPath": "data/ocr/audio-cache/lesson7/lesson_words.mp3",
          "itemIndex": 45,
          "text": "いってまいります",
          "label": "いってまいります",
          "start": 76.263,
          "end": 77.526,
          "duration": 1.263,
          "speechUnitCount": 1,
          "method": "ffmpeg-silencedetect-order",
          "confidence": "high"
        }
      },
      {
        "id": "l7-v046",
        "kana": "いってきます",
        "writing": "いってきます",
        "meaningZh": [
          "我走了"
        ],
        "partOfSpeech": null,
        "rawText": "いってきます 我走了",
        "confidence": "high",
        "audioSegment": {
          "id": "l7-v046",
          "trackId": "lesson_words",
          "sourceUrl": "https://japaflow-audio-bucket.oss-cn-shanghai.aliyuncs.com/textbook-audio/book1-unit2/lesson7/lesson_words.mp3",
          "localAudioPath": "data/ocr/audio-cache/lesson7/lesson_words.mp3",
          "itemIndex": 46,
          "text": "いってきます",
          "label": "いってきます",
          "start": 78.458,
          "end": 79.518,
          "duration": 1.06,
          "speechUnitCount": 1,
          "method": "ffmpeg-silencedetect-order",
          "confidence": "high"
        }
      },
      {
        "id": "l7-v047",
        "kana": "いってらっしゃい",
        "writing": "いってらっしゃい",
        "meaningZh": [
          "你走好"
        ],
        "partOfSpeech": null,
        "rawText": "いってらっしゃい 你走好",
        "confidence": "high",
        "audioSegment": {
          "id": "l7-v047",
          "trackId": "lesson_words",
          "sourceUrl": "https://japaflow-audio-bucket.oss-cn-shanghai.aliyuncs.com/textbook-audio/book1-unit2/lesson7/lesson_words.mp3",
          "localAudioPath": "data/ocr/audio-cache/lesson7/lesson_words.mp3",
          "itemIndex": 47,
          "text": "いってらっしゃい",
          "label": "いってらっしゃい",
          "start": 80.498,
          "end": 81.553,
          "duration": 1.055,
          "speechUnitCount": 1,
          "method": "ffmpeg-silencedetect-order",
          "confidence": "high"
        }
      },
      {
        "id": "l7-v048",
        "kana": "ただいま",
        "writing": "ただいま",
        "meaningZh": [
          "我回来了"
        ],
        "partOfSpeech": null,
        "rawText": "ただいま 我回来了",
        "confidence": "high",
        "audioSegment": {
          "id": "l7-v048",
          "trackId": "lesson_words",
          "sourceUrl": "https://japaflow-audio-bucket.oss-cn-shanghai.aliyuncs.com/textbook-audio/book1-unit2/lesson7/lesson_words.mp3",
          "localAudioPath": "data/ocr/audio-cache/lesson7/lesson_words.mp3",
          "itemIndex": 48,
          "text": "ただいま",
          "label": "ただいま",
          "start": 82.982,
          "end": 83.698,
          "duration": 0.716,
          "speechUnitCount": 1,
          "method": "ffmpeg-silencedetect-order",
          "confidence": "high"
        }
      },
      {
        "id": "l7-v049",
        "kana": "おかえりなさい",
        "writing": "お帰りなさい",
        "meaningZh": [
          "你回来了"
        ],
        "partOfSpeech": null,
        "rawText": "おかえりなさい（お帰りなさい）你回来了",
        "confidence": "high",
        "audioSegment": {
          "id": "l7-v049",
          "trackId": "lesson_words",
          "sourceUrl": "https://japaflow-audio-bucket.oss-cn-shanghai.aliyuncs.com/textbook-audio/book1-unit2/lesson7/lesson_words.mp3",
          "localAudioPath": "data/ocr/audio-cache/lesson7/lesson_words.mp3",
          "itemIndex": 49,
          "text": "おかえりなさい",
          "label": "お帰りなさい",
          "start": 84.653,
          "end": 85.621,
          "duration": 0.968,
          "speechUnitCount": 1,
          "method": "ffmpeg-silencedetect-order",
          "confidence": "high"
        }
      },
      {
        "id": "l7-v050",
        "kana": "かしこまりました",
        "writing": "かしこまりました",
        "meaningZh": [
          "我知道了"
        ],
        "partOfSpeech": null,
        "rawText": "かしこまりました 我知道了",
        "confidence": "high",
        "audioSegment": {
          "id": "l7-v050",
          "trackId": "lesson_words",
          "sourceUrl": "https://japaflow-audio-bucket.oss-cn-shanghai.aliyuncs.com/textbook-audio/book1-unit2/lesson7/lesson_words.mp3",
          "localAudioPath": "data/ocr/audio-cache/lesson7/lesson_words.mp3",
          "itemIndex": 50,
          "text": "かしこまりました",
          "label": "かしこまりました",
          "start": 87.21,
          "end": 88.259,
          "duration": 1.049,
          "speechUnitCount": 1,
          "method": "ffmpeg-silencedetect-order",
          "confidence": "high"
        }
      },
      {
        "id": "l7-v051",
        "kana": "おじゃまします",
        "writing": "お邪魔します",
        "meaningZh": [
          "打扰了"
        ],
        "partOfSpeech": null,
        "rawText": "おじゃまします（お邪魔します）打扰了",
        "confidence": "high",
        "audioSegment": {
          "id": "l7-v051",
          "trackId": "lesson_words",
          "sourceUrl": "https://japaflow-audio-bucket.oss-cn-shanghai.aliyuncs.com/textbook-audio/book1-unit2/lesson7/lesson_words.mp3",
          "localAudioPath": "data/ocr/audio-cache/lesson7/lesson_words.mp3",
          "itemIndex": 51,
          "text": "おじゃまします",
          "label": "お邪魔します",
          "start": 89.421,
          "end": 90.459,
          "duration": 1.038,
          "speechUnitCount": 1,
          "method": "ffmpeg-silencedetect-order",
          "confidence": "high"
        }
      },
      {
        "id": "l7-v052",
        "kana": "ください",
        "writing": "ください",
        "meaningZh": [
          "给我"
        ],
        "partOfSpeech": null,
        "rawText": "ください 给我",
        "confidence": "high",
        "audioSegment": {
          "id": "l7-v052",
          "trackId": "lesson_words",
          "sourceUrl": "https://japaflow-audio-bucket.oss-cn-shanghai.aliyuncs.com/textbook-audio/book1-unit2/lesson7/lesson_words.mp3",
          "localAudioPath": "data/ocr/audio-cache/lesson7/lesson_words.mp3",
          "itemIndex": 52,
          "text": "ください",
          "label": "ください",
          "start": 91.725,
          "end": 92.362,
          "duration": 0.637,
          "speechUnitCount": 1,
          "method": "ffmpeg-silencedetect-order",
          "confidence": "high"
        }
      },
      {
        "id": "l7-v053",
        "kana": "ごぜんちゅう",
        "writing": "午前中",
        "meaningZh": [
          "上午"
        ],
        "partOfSpeech": null,
        "rawText": "ごぜんちゅう（午前中）上午",
        "confidence": "high",
        "audioSegment": {
          "id": "l7-v053",
          "trackId": "lesson_words",
          "sourceUrl": "https://japaflow-audio-bucket.oss-cn-shanghai.aliyuncs.com/textbook-audio/book1-unit2/lesson7/lesson_words.mp3",
          "localAudioPath": "data/ocr/audio-cache/lesson7/lesson_words.mp3",
          "itemIndex": 53,
          "text": "ごぜんちゅう",
          "label": "午前中",
          "start": 93.572,
          "end": 94.623,
          "duration": 1.051,
          "speechUnitCount": 1,
          "method": "ffmpeg-silencedetect-order",
          "confidence": "high"
        }
      }
    ],
    "warnings": [],
    "audioAlignment": {
      "generatedAt": "2026-08-05T08:45:14.733Z",
      "method": "ffmpeg-silencedetect-order",
      "tracks": {
        "lesson_words": {
          "trackId": "lesson_words",
          "sourceUrl": "https://japaflow-audio-bucket.oss-cn-shanghai.aliyuncs.com/textbook-audio/book1-unit2/lesson7/lesson_words.mp3",
          "localAudioPath": "data/ocr/audio-cache/lesson7/lesson_words.mp3",
          "outputPath": "data/ocr/lesson7-vocabulary-audio.json",
          "duration": 95.5,
          "expectedItems": 53,
          "expectedSpeechUnits": 54,
          "skippedSpeechUnits": 0,
          "detectedSpeechIntervals": 54,
          "mappedSegments": 53,
          "selectedProfile": {
            "noiseDb": -40,
            "minSilence": 0.24
          },
          "warnings": [],
          "segments": [
            {
              "id": "l7-v001",
              "trackId": "lesson_words",
              "sourceUrl": "https://japaflow-audio-bucket.oss-cn-shanghai.aliyuncs.com/textbook-audio/book1-unit2/lesson7/lesson_words.mp3",
              "localAudioPath": "data/ocr/audio-cache/lesson7/lesson_words.mp3",
              "itemIndex": 1,
              "text": "コーヒー",
              "label": "コーヒー",
              "start": 0.782,
              "end": 1.538,
              "duration": 0.756,
              "speechUnitCount": 1,
              "method": "ffmpeg-silencedetect-order",
              "confidence": "high"
            },
            {
              "id": "l7-v002",
              "trackId": "lesson_words",
              "sourceUrl": "https://japaflow-audio-bucket.oss-cn-shanghai.aliyuncs.com/textbook-audio/book1-unit2/lesson7/lesson_words.mp3",
              "localAudioPath": "data/ocr/audio-cache/lesson7/lesson_words.mp3",
              "itemIndex": 2,
              "text": "コーラ",
              "label": "コーラ",
              "start": 2.582,
              "end": 3.196,
              "duration": 0.614,
              "speechUnitCount": 1,
              "method": "ffmpeg-silencedetect-order",
              "confidence": "high"
            },
            {
              "id": "l7-v003",
              "trackId": "lesson_words",
              "sourceUrl": "https://japaflow-audio-bucket.oss-cn-shanghai.aliyuncs.com/textbook-audio/book1-unit2/lesson7/lesson_words.mp3",
              "localAudioPath": "data/ocr/audio-cache/lesson7/lesson_words.mp3",
              "itemIndex": 3,
              "text": "おちゃ",
              "label": "お茶",
              "start": 4.057,
              "end": 4.621,
              "duration": 0.564,
              "speechUnitCount": 1,
              "method": "ffmpeg-silencedetect-order",
              "confidence": "high"
            },
            {
              "id": "l7-v004",
              "trackId": "lesson_words",
              "sourceUrl": "https://japaflow-audio-bucket.oss-cn-shanghai.aliyuncs.com/textbook-audio/book1-unit2/lesson7/lesson_words.mp3",
              "localAudioPath": "data/ocr/audio-cache/lesson7/lesson_words.mp3",
              "itemIndex": 4,
              "text": "ワイン",
              "label": "ワイン",
              "start": 5.722,
              "end": 6.441,
              "duration": 0.719,
              "speechUnitCount": 1,
              "method": "ffmpeg-silencedetect-order",
              "confidence": "high"
            },
            {
              "id": "l7-v005",
              "trackId": "lesson_words",
              "sourceUrl": "https://japaflow-audio-bucket.oss-cn-shanghai.aliyuncs.com/textbook-audio/book1-unit2/lesson7/lesson_words.mp3",
              "localAudioPath": "data/ocr/audio-cache/lesson7/lesson_words.mp3",
              "itemIndex": 5,
              "text": "パン",
              "label": "パン",
              "start": 7.037,
              "end": 7.443,
              "duration": 0.406,
              "speechUnitCount": 1,
              "method": "ffmpeg-silencedetect-order",
              "confidence": "high"
            },
            {
              "id": "l7-v006",
              "trackId": "lesson_words",
              "sourceUrl": "https://japaflow-audio-bucket.oss-cn-shanghai.aliyuncs.com/textbook-audio/book1-unit2/lesson7/lesson_words.mp3",
              "localAudioPath": "data/ocr/audio-cache/lesson7/lesson_words.mp3",
              "itemIndex": 6,
              "text": "ケーキ",
              "label": "ケーキ",
              "start": 8.585,
              "end": 9.272,
              "duration": 0.687,
              "speechUnitCount": 1,
              "method": "ffmpeg-silencedetect-order",
              "confidence": "high"
            },
            {
              "id": "l7-v007",
              "trackId": "lesson_words",
              "sourceUrl": "https://japaflow-audio-bucket.oss-cn-shanghai.aliyuncs.com/textbook-audio/book1-unit2/lesson7/lesson_words.mp3",
              "localAudioPath": "data/ocr/audio-cache/lesson7/lesson_words.mp3",
              "itemIndex": 7,
              "text": "おかゆ",
              "label": "お粥",
              "start": 10.055,
              "end": 10.791,
              "duration": 0.736,
              "speechUnitCount": 1,
              "method": "ffmpeg-silencedetect-order",
              "confidence": "high"
            },
            {
              "id": "l7-v008",
              "trackId": "lesson_words",
              "sourceUrl": "https://japaflow-audio-bucket.oss-cn-shanghai.aliyuncs.com/textbook-audio/book1-unit2/lesson7/lesson_words.mp3",
              "localAudioPath": "data/ocr/audio-cache/lesson7/lesson_words.mp3",
              "itemIndex": 8,
              "text": "ひるごはん",
              "label": "昼ご飯",
              "start": 11.879,
              "end": 12.798,
              "duration": 0.919,
              "speechUnitCount": 1,
              "method": "ffmpeg-silencedetect-order",
              "confidence": "high"
            },
            {
              "id": "l7-v009",
              "trackId": "lesson_words",
              "sourceUrl": "https://japaflow-audio-bucket.oss-cn-shanghai.aliyuncs.com/textbook-audio/book1-unit2/lesson7/lesson_words.mp3",
              "localAudioPath": "data/ocr/audio-cache/lesson7/lesson_words.mp3",
              "itemIndex": 9,
              "text": "おべんとう",
              "label": "お弁当",
              "start": 13.527,
              "end": 14.581,
              "duration": 1.054,
              "speechUnitCount": 1,
              "method": "ffmpeg-silencedetect-order",
              "confidence": "high"
            },
            {
              "id": "l7-v010",
              "trackId": "lesson_words",
              "sourceUrl": "https://japaflow-audio-bucket.oss-cn-shanghai.aliyuncs.com/textbook-audio/book1-unit2/lesson7/lesson_words.mp3",
              "localAudioPath": "data/ocr/audio-cache/lesson7/lesson_words.mp3",
              "itemIndex": 10,
              "text": "そば",
              "label": "そば",
              "start": 15.104,
              "end": 15.668,
              "duration": 0.565,
              "speechUnitCount": 1,
              "method": "ffmpeg-silencedetect-order",
              "confidence": "high"
            },
            {
              "id": "l7-v011",
              "trackId": "lesson_words",
              "sourceUrl": "https://japaflow-audio-bucket.oss-cn-shanghai.aliyuncs.com/textbook-audio/book1-unit2/lesson7/lesson_words.mp3",
              "localAudioPath": "data/ocr/audio-cache/lesson7/lesson_words.mp3",
              "itemIndex": 11,
              "text": "うどん",
              "label": "うどん",
              "start": 16.54,
              "end": 17.154,
              "duration": 0.615,
              "speechUnitCount": 1,
              "method": "ffmpeg-silencedetect-order",
              "confidence": "high"
            },
            {
              "id": "l7-v012",
              "trackId": "lesson_words",
              "sourceUrl": "https://japaflow-audio-bucket.oss-cn-shanghai.aliyuncs.com/textbook-audio/book1-unit2/lesson7/lesson_words.mp3",
              "localAudioPath": "data/ocr/audio-cache/lesson7/lesson_words.mp3",
              "itemIndex": 12,
              "text": "おやこどん",
              "label": "親子丼",
              "start": 18.19,
              "end": 19.17,
              "duration": 0.979,
              "speechUnitCount": 1,
              "method": "ffmpeg-silencedetect-order",
              "confidence": "high"
            },
            {
              "id": "l7-v013",
              "trackId": "lesson_words",
              "sourceUrl": "https://japaflow-audio-bucket.oss-cn-shanghai.aliyuncs.com/textbook-audio/book1-unit2/lesson7/lesson_words.mp3",
              "localAudioPath": "data/ocr/audio-cache/lesson7/lesson_words.mp3",
              "itemIndex": 13,
              "text": "カレー",
              "label": "カレー",
              "start": 19.879,
              "end": 20.574,
              "duration": 0.695,
              "speechUnitCount": 1,
              "method": "ffmpeg-silencedetect-order",
              "confidence": "high"
            },
            {
              "id": "l7-v014",
              "trackId": "lesson_words",
              "sourceUrl": "https://japaflow-audio-bucket.oss-cn-shanghai.aliyuncs.com/textbook-audio/book1-unit2/lesson7/lesson_words.mp3",
              "localAudioPath": "data/ocr/audio-cache/lesson7/lesson_words.mp3",
              "itemIndex": 14,
              "text": "たまご",
              "label": "卵",
              "start": 21.433,
              "end": 22.094,
              "duration": 0.661,
              "speechUnitCount": 1,
              "method": "ffmpeg-silencedetect-order",
              "confidence": "high"
            },
            {
              "id": "l7-v015",
              "trackId": "lesson_words",
              "sourceUrl": "https://japaflow-audio-bucket.oss-cn-shanghai.aliyuncs.com/textbook-audio/book1-unit2/lesson7/lesson_words.mp3",
              "localAudioPath": "data/ocr/audio-cache/lesson7/lesson_words.mp3",
              "itemIndex": 15,
              "text": "チーズ",
              "label": "チーズ",
              "start": 22.974,
              "end": 23.639,
              "duration": 0.666,
              "speechUnitCount": 1,
              "method": "ffmpeg-silencedetect-order",
              "confidence": "high"
            },
            {
              "id": "l7-v016",
              "trackId": "lesson_words",
              "sourceUrl": "https://japaflow-audio-bucket.oss-cn-shanghai.aliyuncs.com/textbook-audio/book1-unit2/lesson7/lesson_words.mp3",
              "localAudioPath": "data/ocr/audio-cache/lesson7/lesson_words.mp3",
              "itemIndex": 16,
              "text": "リンゴ",
              "label": "リンゴ",
              "start": 24.562,
              "end": 25.247,
              "duration": 0.685,
              "speechUnitCount": 1,
              "method": "ffmpeg-silencedetect-order",
              "confidence": "high"
            },
            {
              "id": "l7-v017",
              "trackId": "lesson_words",
              "sourceUrl": "https://japaflow-audio-bucket.oss-cn-shanghai.aliyuncs.com/textbook-audio/book1-unit2/lesson7/lesson_words.mp3",
              "localAudioPath": "data/ocr/audio-cache/lesson7/lesson_words.mp3",
              "itemIndex": 17,
              "text": "イチゴ",
              "label": "イチゴ",
              "start": 26.134,
              "end": 26.835,
              "duration": 0.701,
              "speechUnitCount": 1,
              "method": "ffmpeg-silencedetect-order",
              "confidence": "high"
            },
            {
              "id": "l7-v018",
              "trackId": "lesson_words",
              "sourceUrl": "https://japaflow-audio-bucket.oss-cn-shanghai.aliyuncs.com/textbook-audio/book1-unit2/lesson7/lesson_words.mp3",
              "localAudioPath": "data/ocr/audio-cache/lesson7/lesson_words.mp3",
              "itemIndex": 18,
              "text": "そばや",
              "label": "そば屋",
              "start": 27.825,
              "end": 28.515,
              "duration": 0.69,
              "speechUnitCount": 1,
              "method": "ffmpeg-silencedetect-order",
              "confidence": "high"
            },
            {
              "id": "l7-v019",
              "trackId": "lesson_words",
              "sourceUrl": "https://japaflow-audio-bucket.oss-cn-shanghai.aliyuncs.com/textbook-audio/book1-unit2/lesson7/lesson_words.mp3",
              "localAudioPath": "data/ocr/audio-cache/lesson7/lesson_words.mp3",
              "itemIndex": 19,
              "text": "テニス",
              "label": "テニス",
              "start": 29.468,
              "end": 30.125,
              "duration": 0.658,
              "speechUnitCount": 1,
              "method": "ffmpeg-silencedetect-order",
              "confidence": "high"
            },
            {
              "id": "l7-v020",
              "trackId": "lesson_words",
              "sourceUrl": "https://japaflow-audio-bucket.oss-cn-shanghai.aliyuncs.com/textbook-audio/book1-unit2/lesson7/lesson_words.mp3",
              "localAudioPath": "data/ocr/audio-cache/lesson7/lesson_words.mp3",
              "itemIndex": 20,
              "text": "ジョギング",
              "label": "ジョギング",
              "start": 31.193,
              "end": 32.143,
              "duration": 0.95,
              "speechUnitCount": 1,
              "method": "ffmpeg-silencedetect-order",
              "confidence": "high"
            },
            {
              "id": "l7-v021",
              "trackId": "lesson_words",
              "sourceUrl": "https://japaflow-audio-bucket.oss-cn-shanghai.aliyuncs.com/textbook-audio/book1-unit2/lesson7/lesson_words.mp3",
              "localAudioPath": "data/ocr/audio-cache/lesson7/lesson_words.mp3",
              "itemIndex": 21,
              "text": "サッカー",
              "label": "サッカー",
              "start": 32.886,
              "end": 33.789,
              "duration": 0.902,
              "speechUnitCount": 1,
              "method": "ffmpeg-silencedetect-order",
              "confidence": "high"
            },
            {
              "id": "l7-v022",
              "trackId": "lesson_words",
              "sourceUrl": "https://japaflow-audio-bucket.oss-cn-shanghai.aliyuncs.com/textbook-audio/book1-unit2/lesson7/lesson_words.mp3",
              "localAudioPath": "data/ocr/audio-cache/lesson7/lesson_words.mp3",
              "itemIndex": 22,
              "text": "やきゅう",
              "label": "野球",
              "start": 34.89,
              "end": 35.719,
              "duration": 0.829,
              "speechUnitCount": 1,
              "method": "ffmpeg-silencedetect-order",
              "confidence": "high"
            },
            {
              "id": "l7-v023",
              "trackId": "lesson_words",
              "sourceUrl": "https://japaflow-audio-bucket.oss-cn-shanghai.aliyuncs.com/textbook-audio/book1-unit2/lesson7/lesson_words.mp3",
              "localAudioPath": "data/ocr/audio-cache/lesson7/lesson_words.mp3",
              "itemIndex": 23,
              "text": "もうしこみしょ",
              "label": "申込書",
              "start": 36.557,
              "end": 37.683,
              "duration": 1.126,
              "speechUnitCount": 1,
              "method": "ffmpeg-silencedetect-order",
              "confidence": "high"
            },
            {
              "id": "l7-v024",
              "trackId": "lesson_words",
              "sourceUrl": "https://japaflow-audio-bucket.oss-cn-shanghai.aliyuncs.com/textbook-audio/book1-unit2/lesson7/lesson_words.mp3",
              "localAudioPath": "data/ocr/audio-cache/lesson7/lesson_words.mp3",
              "itemIndex": 24,
              "text": "てがみ",
              "label": "手紙",
              "start": 38.437,
              "end": 39.135,
              "duration": 0.698,
              "speechUnitCount": 1,
              "method": "ffmpeg-silencedetect-order",
              "confidence": "high"
            },
            {
              "id": "l7-v025",
              "trackId": "lesson_words",
              "sourceUrl": "https://japaflow-audio-bucket.oss-cn-shanghai.aliyuncs.com/textbook-audio/book1-unit2/lesson7/lesson_words.mp3",
              "localAudioPath": "data/ocr/audio-cache/lesson7/lesson_words.mp3",
              "itemIndex": 25,
              "text": "シーディー",
              "label": "CD",
              "start": 40.059,
              "end": 40.975,
              "duration": 0.916,
              "speechUnitCount": 1,
              "method": "ffmpeg-silencedetect-order",
              "confidence": "high"
            },
            {
              "id": "l7-v026",
              "trackId": "lesson_words",
              "sourceUrl": "https://japaflow-audio-bucket.oss-cn-shanghai.aliyuncs.com/textbook-audio/book1-unit2/lesson7/lesson_words.mp3",
              "localAudioPath": "data/ocr/audio-cache/lesson7/lesson_words.mp3",
              "itemIndex": 26,
              "text": "おんがく",
              "label": "音楽",
              "start": 41.869,
              "end": 42.655,
              "duration": 0.785,
              "speechUnitCount": 1,
              "method": "ffmpeg-silencedetect-order",
              "confidence": "high"
            },
            {
              "id": "l7-v027",
              "trackId": "lesson_words",
              "sourceUrl": "https://japaflow-audio-bucket.oss-cn-shanghai.aliyuncs.com/textbook-audio/book1-unit2/lesson7/lesson_words.mp3",
              "localAudioPath": "data/ocr/audio-cache/lesson7/lesson_words.mp3",
              "itemIndex": 27,
              "text": "えいが",
              "label": "映画",
              "start": 43.657,
              "end": 44.323,
              "duration": 0.666,
              "speechUnitCount": 1,
              "method": "ffmpeg-silencedetect-order",
              "confidence": "high"
            },
            {
              "id": "l7-v028",
              "trackId": "lesson_words",
              "sourceUrl": "https://japaflow-audio-bucket.oss-cn-shanghai.aliyuncs.com/textbook-audio/book1-unit2/lesson7/lesson_words.mp3",
              "localAudioPath": "data/ocr/audio-cache/lesson7/lesson_words.mp3",
              "itemIndex": 28,
              "text": "どうぶつえん",
              "label": "動物園",
              "start": 45.386,
              "end": 46.498,
              "duration": 1.112,
              "speechUnitCount": 1,
              "method": "ffmpeg-silencedetect-order",
              "confidence": "high"
            },
            {
              "id": "l7-v029",
              "trackId": "lesson_words",
              "sourceUrl": "https://japaflow-audio-bucket.oss-cn-shanghai.aliyuncs.com/textbook-audio/book1-unit2/lesson7/lesson_words.mp3",
              "localAudioPath": "data/ocr/audio-cache/lesson7/lesson_words.mp3",
              "itemIndex": 29,
              "text": "パンダ",
              "label": "パンダ",
              "start": 47.252,
              "end": 47.871,
              "duration": 0.619,
              "speechUnitCount": 1,
              "method": "ffmpeg-silencedetect-order",
              "confidence": "high"
            },
            {
              "id": "l7-v030",
              "trackId": "lesson_words",
              "sourceUrl": "https://japaflow-audio-bucket.oss-cn-shanghai.aliyuncs.com/textbook-audio/book1-unit2/lesson7/lesson_words.mp3",
              "localAudioPath": "data/ocr/audio-cache/lesson7/lesson_words.mp3",
              "itemIndex": 30,
              "text": "のみます",
              "label": "飲みます",
              "start": 48.831,
              "end": 49.698,
              "duration": 0.868,
              "speechUnitCount": 1,
              "method": "ffmpeg-silencedetect-order",
              "confidence": "high"
            },
            {
              "id": "l7-v031",
              "trackId": "lesson_words",
              "sourceUrl": "https://japaflow-audio-bucket.oss-cn-shanghai.aliyuncs.com/textbook-audio/book1-unit2/lesson7/lesson_words.mp3",
              "localAudioPath": "data/ocr/audio-cache/lesson7/lesson_words.mp3",
              "itemIndex": 31,
              "text": "かいます",
              "label": "買います",
              "start": 50.545,
              "end": 51.325,
              "duration": 0.781,
              "speechUnitCount": 1,
              "method": "ffmpeg-silencedetect-order",
              "confidence": "high"
            },
            {
              "id": "l7-v032",
              "trackId": "lesson_words",
              "sourceUrl": "https://japaflow-audio-bucket.oss-cn-shanghai.aliyuncs.com/textbook-audio/book1-unit2/lesson7/lesson_words.mp3",
              "localAudioPath": "data/ocr/audio-cache/lesson7/lesson_words.mp3",
              "itemIndex": 32,
              "text": "とります",
              "label": "撮ります",
              "start": 51.948,
              "end": 52.79,
              "duration": 0.842,
              "speechUnitCount": 1,
              "method": "ffmpeg-silencedetect-order",
              "confidence": "high"
            },
            {
              "id": "l7-v033",
              "trackId": "lesson_words",
              "sourceUrl": "https://japaflow-audio-bucket.oss-cn-shanghai.aliyuncs.com/textbook-audio/book1-unit2/lesson7/lesson_words.mp3",
              "localAudioPath": "data/ocr/audio-cache/lesson7/lesson_words.mp3",
              "itemIndex": 33,
              "text": "かきます",
              "label": "書きます",
              "start": 53.465,
              "end": 54.342,
              "duration": 0.877,
              "speechUnitCount": 1,
              "method": "ffmpeg-silencedetect-order",
              "confidence": "high"
            },
            {
              "id": "l7-v034",
              "trackId": "lesson_words",
              "sourceUrl": "https://japaflow-audio-bucket.oss-cn-shanghai.aliyuncs.com/textbook-audio/book1-unit2/lesson7/lesson_words.mp3",
              "localAudioPath": "data/ocr/audio-cache/lesson7/lesson_words.mp3",
              "itemIndex": 34,
              "text": "よみます",
              "label": "読みます",
              "start": 55.176,
              "end": 56.033,
              "duration": 0.857,
              "speechUnitCount": 1,
              "method": "ffmpeg-silencedetect-order",
              "confidence": "high"
            },
            {
              "id": "l7-v035",
              "trackId": "lesson_words",
              "sourceUrl": "https://japaflow-audio-bucket.oss-cn-shanghai.aliyuncs.com/textbook-audio/book1-unit2/lesson7/lesson_words.mp3",
              "localAudioPath": "data/ocr/audio-cache/lesson7/lesson_words.mp3",
              "itemIndex": 35,
              "text": "ききます",
              "label": "聞きます",
              "start": 56.71,
              "end": 57.607,
              "duration": 0.896,
              "speechUnitCount": 1,
              "method": "ffmpeg-silencedetect-order",
              "confidence": "high"
            },
            {
              "id": "l7-v036",
              "trackId": "lesson_words",
              "sourceUrl": "https://japaflow-audio-bucket.oss-cn-shanghai.aliyuncs.com/textbook-audio/book1-unit2/lesson7/lesson_words.mp3",
              "localAudioPath": "data/ocr/audio-cache/lesson7/lesson_words.mp3",
              "itemIndex": 36,
              "text": "たべます",
              "label": "食べます",
              "start": 58.192,
              "end": 59.113,
              "duration": 0.922,
              "speechUnitCount": 1,
              "method": "ffmpeg-silencedetect-order",
              "confidence": "high"
            },
            {
              "id": "l7-v037",
              "trackId": "lesson_words",
              "sourceUrl": "https://japaflow-audio-bucket.oss-cn-shanghai.aliyuncs.com/textbook-audio/book1-unit2/lesson7/lesson_words.mp3",
              "localAudioPath": "data/ocr/audio-cache/lesson7/lesson_words.mp3",
              "itemIndex": 37,
              "text": "みます",
              "label": "見ます",
              "start": 59.555,
              "end": 60.294,
              "duration": 0.739,
              "speechUnitCount": 1,
              "method": "ffmpeg-silencedetect-order",
              "confidence": "high"
            },
            {
              "id": "l7-v038",
              "trackId": "lesson_words",
              "sourceUrl": "https://japaflow-audio-bucket.oss-cn-shanghai.aliyuncs.com/textbook-audio/book1-unit2/lesson7/lesson_words.mp3",
              "localAudioPath": "data/ocr/audio-cache/lesson7/lesson_words.mp3",
              "itemIndex": 38,
              "text": "します",
              "label": "します",
              "start": 60.948,
              "end": 61.781,
              "duration": 0.834,
              "speechUnitCount": 1,
              "method": "ffmpeg-silencedetect-order",
              "confidence": "high"
            },
            {
              "id": "l7-v039",
              "trackId": "lesson_words",
              "sourceUrl": "https://japaflow-audio-bucket.oss-cn-shanghai.aliyuncs.com/textbook-audio/book1-unit2/lesson7/lesson_words.mp3",
              "localAudioPath": "data/ocr/audio-cache/lesson7/lesson_words.mp3",
              "itemIndex": 39,
              "text": "そうじします",
              "label": "掃除します",
              "start": 62.674,
              "end": 63.839,
              "duration": 1.165,
              "speechUnitCount": 1,
              "method": "ffmpeg-silencedetect-order",
              "confidence": "high"
            },
            {
              "id": "l7-v040",
              "trackId": "lesson_words",
              "sourceUrl": "https://japaflow-audio-bucket.oss-cn-shanghai.aliyuncs.com/textbook-audio/book1-unit2/lesson7/lesson_words.mp3",
              "localAudioPath": "data/ocr/audio-cache/lesson7/lesson_words.mp3",
              "itemIndex": 40,
              "text": "これから",
              "label": "これから",
              "start": 64.71,
              "end": 65.522,
              "duration": 0.813,
              "speechUnitCount": 1,
              "method": "ffmpeg-silencedetect-order",
              "confidence": "high"
            },
            {
              "id": "l7-v041",
              "trackId": "lesson_words",
              "sourceUrl": "https://japaflow-audio-bucket.oss-cn-shanghai.aliyuncs.com/textbook-audio/book1-unit2/lesson7/lesson_words.mp3",
              "localAudioPath": "data/ocr/audio-cache/lesson7/lesson_words.mp3",
              "itemIndex": 41,
              "text": "じゃあ／では",
              "label": "じゃあ／では",
              "start": 66.508,
              "end": 68.273,
              "duration": 1.765,
              "speechUnitCount": 2,
              "method": "ffmpeg-silencedetect-order",
              "confidence": "high"
            },
            {
              "id": "l7-v042",
              "trackId": "lesson_words",
              "sourceUrl": "https://japaflow-audio-bucket.oss-cn-shanghai.aliyuncs.com/textbook-audio/book1-unit2/lesson7/lesson_words.mp3",
              "localAudioPath": "data/ocr/audio-cache/lesson7/lesson_words.mp3",
              "itemIndex": 42,
              "text": "いらっしゃいませ",
              "label": "いらっしゃいませ",
              "start": 69.558,
              "end": 70.622,
              "duration": 1.064,
              "speechUnitCount": 1,
              "method": "ffmpeg-silencedetect-order",
              "confidence": "high"
            },
            {
              "id": "l7-v043",
              "trackId": "lesson_words",
              "sourceUrl": "https://japaflow-audio-bucket.oss-cn-shanghai.aliyuncs.com/textbook-audio/book1-unit2/lesson7/lesson_words.mp3",
              "localAudioPath": "data/ocr/audio-cache/lesson7/lesson_words.mp3",
              "itemIndex": 43,
              "text": "しつれいします",
              "label": "失礼します",
              "start": 71.639,
              "end": 72.727,
              "duration": 1.088,
              "speechUnitCount": 1,
              "method": "ffmpeg-silencedetect-order",
              "confidence": "high"
            },
            {
              "id": "l7-v044",
              "trackId": "lesson_words",
              "sourceUrl": "https://japaflow-audio-bucket.oss-cn-shanghai.aliyuncs.com/textbook-audio/book1-unit2/lesson7/lesson_words.mp3",
              "localAudioPath": "data/ocr/audio-cache/lesson7/lesson_words.mp3",
              "itemIndex": 44,
              "text": "しつれいしました",
              "label": "失礼しました",
              "start": 73.998,
              "end": 75.224,
              "duration": 1.226,
              "speechUnitCount": 1,
              "method": "ffmpeg-silencedetect-order",
              "confidence": "high"
            },
            {
              "id": "l7-v045",
              "trackId": "lesson_words",
              "sourceUrl": "https://japaflow-audio-bucket.oss-cn-shanghai.aliyuncs.com/textbook-audio/book1-unit2/lesson7/lesson_words.mp3",
              "localAudioPath": "data/ocr/audio-cache/lesson7/lesson_words.mp3",
              "itemIndex": 45,
              "text": "いってまいります",
              "label": "いってまいります",
              "start": 76.263,
              "end": 77.526,
              "duration": 1.263,
              "speechUnitCount": 1,
              "method": "ffmpeg-silencedetect-order",
              "confidence": "high"
            },
            {
              "id": "l7-v046",
              "trackId": "lesson_words",
              "sourceUrl": "https://japaflow-audio-bucket.oss-cn-shanghai.aliyuncs.com/textbook-audio/book1-unit2/lesson7/lesson_words.mp3",
              "localAudioPath": "data/ocr/audio-cache/lesson7/lesson_words.mp3",
              "itemIndex": 46,
              "text": "いってきます",
              "label": "いってきます",
              "start": 78.458,
              "end": 79.518,
              "duration": 1.06,
              "speechUnitCount": 1,
              "method": "ffmpeg-silencedetect-order",
              "confidence": "high"
            },
            {
              "id": "l7-v047",
              "trackId": "lesson_words",
              "sourceUrl": "https://japaflow-audio-bucket.oss-cn-shanghai.aliyuncs.com/textbook-audio/book1-unit2/lesson7/lesson_words.mp3",
              "localAudioPath": "data/ocr/audio-cache/lesson7/lesson_words.mp3",
              "itemIndex": 47,
              "text": "いってらっしゃい",
              "label": "いってらっしゃい",
              "start": 80.498,
              "end": 81.553,
              "duration": 1.055,
              "speechUnitCount": 1,
              "method": "ffmpeg-silencedetect-order",
              "confidence": "high"
            },
            {
              "id": "l7-v048",
              "trackId": "lesson_words",
              "sourceUrl": "https://japaflow-audio-bucket.oss-cn-shanghai.aliyuncs.com/textbook-audio/book1-unit2/lesson7/lesson_words.mp3",
              "localAudioPath": "data/ocr/audio-cache/lesson7/lesson_words.mp3",
              "itemIndex": 48,
              "text": "ただいま",
              "label": "ただいま",
              "start": 82.982,
              "end": 83.698,
              "duration": 0.716,
              "speechUnitCount": 1,
              "method": "ffmpeg-silencedetect-order",
              "confidence": "high"
            },
            {
              "id": "l7-v049",
              "trackId": "lesson_words",
              "sourceUrl": "https://japaflow-audio-bucket.oss-cn-shanghai.aliyuncs.com/textbook-audio/book1-unit2/lesson7/lesson_words.mp3",
              "localAudioPath": "data/ocr/audio-cache/lesson7/lesson_words.mp3",
              "itemIndex": 49,
              "text": "おかえりなさい",
              "label": "お帰りなさい",
              "start": 84.653,
              "end": 85.621,
              "duration": 0.968,
              "speechUnitCount": 1,
              "method": "ffmpeg-silencedetect-order",
              "confidence": "high"
            },
            {
              "id": "l7-v050",
              "trackId": "lesson_words",
              "sourceUrl": "https://japaflow-audio-bucket.oss-cn-shanghai.aliyuncs.com/textbook-audio/book1-unit2/lesson7/lesson_words.mp3",
              "localAudioPath": "data/ocr/audio-cache/lesson7/lesson_words.mp3",
              "itemIndex": 50,
              "text": "かしこまりました",
              "label": "かしこまりました",
              "start": 87.21,
              "end": 88.259,
              "duration": 1.049,
              "speechUnitCount": 1,
              "method": "ffmpeg-silencedetect-order",
              "confidence": "high"
            },
            {
              "id": "l7-v051",
              "trackId": "lesson_words",
              "sourceUrl": "https://japaflow-audio-bucket.oss-cn-shanghai.aliyuncs.com/textbook-audio/book1-unit2/lesson7/lesson_words.mp3",
              "localAudioPath": "data/ocr/audio-cache/lesson7/lesson_words.mp3",
              "itemIndex": 51,
              "text": "おじゃまします",
              "label": "お邪魔します",
              "start": 89.421,
              "end": 90.459,
              "duration": 1.038,
              "speechUnitCount": 1,
              "method": "ffmpeg-silencedetect-order",
              "confidence": "high"
            },
            {
              "id": "l7-v052",
              "trackId": "lesson_words",
              "sourceUrl": "https://japaflow-audio-bucket.oss-cn-shanghai.aliyuncs.com/textbook-audio/book1-unit2/lesson7/lesson_words.mp3",
              "localAudioPath": "data/ocr/audio-cache/lesson7/lesson_words.mp3",
              "itemIndex": 52,
              "text": "ください",
              "label": "ください",
              "start": 91.725,
              "end": 92.362,
              "duration": 0.637,
              "speechUnitCount": 1,
              "method": "ffmpeg-silencedetect-order",
              "confidence": "high"
            },
            {
              "id": "l7-v053",
              "trackId": "lesson_words",
              "sourceUrl": "https://japaflow-audio-bucket.oss-cn-shanghai.aliyuncs.com/textbook-audio/book1-unit2/lesson7/lesson_words.mp3",
              "localAudioPath": "data/ocr/audio-cache/lesson7/lesson_words.mp3",
              "itemIndex": 53,
              "text": "ごぜんちゅう",
              "label": "午前中",
              "start": 93.572,
              "end": 94.623,
              "duration": 1.051,
              "speechUnitCount": 1,
              "method": "ffmpeg-silencedetect-order",
              "confidence": "high"
            }
          ]
        }
      }
    }
  }
}
