{
  "lessonId": 2,
  "target": "vocabulary",
  "generatedAt": "2026-08-05T11:00:12.971Z",
  "outputs": {
    "vocabulary": "data/ocr/lesson2-vocabulary-audio.json"
  },
  "summaries": [
    {
      "trackId": "lesson_words",
      "sourceUrl": "https://japaflow-audio-bucket.oss-cn-shanghai.aliyuncs.com/textbook-audio/book1-unit1/lesson2/lesson_words.mp3",
      "duration": 101.79,
      "expectedItems": 55,
      "expectedSpeechUnits": 56,
      "skippedSpeechUnits": 0,
      "detectedSpeechIntervals": 56,
      "mappedSegments": 55,
      "selectedProfile": {
        "noiseDb": -34,
        "minSilence": 0.18
      },
      "warnings": []
    }
  ],
  "vocabularyData": {
    "lessonId": "lesson2",
    "sourceImages": [
      {
        "path": "course-assets/by-lesson/lesson2/page41.webp",
        "pageNo": 41
      }
    ],
    "vocabulary": [
      {
        "id": "l2-v001",
        "kana": "ほん",
        "writing": "本",
        "meaningZh": [
          "书"
        ],
        "partOfSpeech": "名",
        "rawText": "ほん（本）[名] 书",
        "confidence": "high",
        "audioSegment": {
          "id": "l2-v001",
          "trackId": "lesson_words",
          "sourceUrl": "https://japaflow-audio-bucket.oss-cn-shanghai.aliyuncs.com/textbook-audio/book1-unit1/lesson2/lesson_words.mp3",
          "localAudioPath": "data/ocr/audio-cache/lesson2/lesson_words.mp3",
          "itemIndex": 1,
          "text": "ほん",
          "label": "本",
          "start": 0.521,
          "end": 0.921,
          "duration": 0.4,
          "speechUnitCount": 1,
          "method": "ffmpeg-silencedetect-order",
          "confidence": "high"
        }
      },
      {
        "id": "l2-v002",
        "kana": "かばん",
        "writing": "かばん",
        "meaningZh": [
          "包",
          "公文包"
        ],
        "partOfSpeech": "名",
        "rawText": "かばん [名] 包，公文包",
        "confidence": "high",
        "audioSegment": {
          "id": "l2-v002",
          "trackId": "lesson_words",
          "sourceUrl": "https://japaflow-audio-bucket.oss-cn-shanghai.aliyuncs.com/textbook-audio/book1-unit1/lesson2/lesson_words.mp3",
          "localAudioPath": "data/ocr/audio-cache/lesson2/lesson_words.mp3",
          "itemIndex": 2,
          "text": "かばん",
          "label": "かばん",
          "start": 2.082,
          "end": 2.733,
          "duration": 0.651,
          "speechUnitCount": 1,
          "method": "ffmpeg-silencedetect-order",
          "confidence": "high"
        }
      },
      {
        "id": "l2-v003",
        "kana": "ノート",
        "writing": "ノート",
        "meaningZh": [
          "笔记本",
          "本子"
        ],
        "partOfSpeech": "名",
        "rawText": "ノート [名] 笔记本，本子",
        "confidence": "high",
        "audioSegment": {
          "id": "l2-v003",
          "trackId": "lesson_words",
          "sourceUrl": "https://japaflow-audio-bucket.oss-cn-shanghai.aliyuncs.com/textbook-audio/book1-unit1/lesson2/lesson_words.mp3",
          "localAudioPath": "data/ocr/audio-cache/lesson2/lesson_words.mp3",
          "itemIndex": 3,
          "text": "ノート",
          "label": "ノート",
          "start": 3.637,
          "end": 4.26,
          "duration": 0.623,
          "speechUnitCount": 1,
          "method": "ffmpeg-silencedetect-order",
          "confidence": "high"
        }
      },
      {
        "id": "l2-v004",
        "kana": "えんぴつ",
        "writing": "鉛筆",
        "meaningZh": [
          "铅笔"
        ],
        "partOfSpeech": "名",
        "rawText": "えんぴつ（鉛筆）[名] 铅笔",
        "confidence": "high",
        "audioSegment": {
          "id": "l2-v004",
          "trackId": "lesson_words",
          "sourceUrl": "https://japaflow-audio-bucket.oss-cn-shanghai.aliyuncs.com/textbook-audio/book1-unit1/lesson2/lesson_words.mp3",
          "localAudioPath": "data/ocr/audio-cache/lesson2/lesson_words.mp3",
          "itemIndex": 4,
          "text": "えんぴつ",
          "label": "鉛筆",
          "start": 5.207,
          "end": 6.054,
          "duration": 0.846,
          "speechUnitCount": 1,
          "method": "ffmpeg-silencedetect-order",
          "confidence": "high"
        }
      },
      {
        "id": "l2-v005",
        "kana": "かさ",
        "writing": "傘",
        "meaningZh": [
          "伞"
        ],
        "partOfSpeech": "名",
        "rawText": "かさ（傘）[名] 伞",
        "confidence": "high",
        "audioSegment": {
          "id": "l2-v005",
          "trackId": "lesson_words",
          "sourceUrl": "https://japaflow-audio-bucket.oss-cn-shanghai.aliyuncs.com/textbook-audio/book1-unit1/lesson2/lesson_words.mp3",
          "localAudioPath": "data/ocr/audio-cache/lesson2/lesson_words.mp3",
          "itemIndex": 5,
          "text": "かさ",
          "label": "傘",
          "start": 6.876,
          "end": 7.337,
          "duration": 0.461,
          "speechUnitCount": 1,
          "method": "ffmpeg-silencedetect-order",
          "confidence": "high"
        }
      },
      {
        "id": "l2-v006",
        "kana": "くつ",
        "writing": "靴",
        "meaningZh": [
          "鞋"
        ],
        "partOfSpeech": "名",
        "rawText": "くつ（靴）[名] 鞋",
        "confidence": "high",
        "audioSegment": {
          "id": "l2-v006",
          "trackId": "lesson_words",
          "sourceUrl": "https://japaflow-audio-bucket.oss-cn-shanghai.aliyuncs.com/textbook-audio/book1-unit1/lesson2/lesson_words.mp3",
          "localAudioPath": "data/ocr/audio-cache/lesson2/lesson_words.mp3",
          "itemIndex": 6,
          "text": "くつ",
          "label": "靴",
          "start": 8.525,
          "end": 9.02,
          "duration": 0.495,
          "speechUnitCount": 1,
          "method": "ffmpeg-silencedetect-order",
          "confidence": "high"
        }
      },
      {
        "id": "l2-v007",
        "kana": "しんぶん",
        "writing": "新聞",
        "meaningZh": [
          "报纸"
        ],
        "partOfSpeech": "名",
        "rawText": "しんぶん（新聞）[名] 报纸",
        "confidence": "high",
        "audioSegment": {
          "id": "l2-v007",
          "trackId": "lesson_words",
          "sourceUrl": "https://japaflow-audio-bucket.oss-cn-shanghai.aliyuncs.com/textbook-audio/book1-unit1/lesson2/lesson_words.mp3",
          "localAudioPath": "data/ocr/audio-cache/lesson2/lesson_words.mp3",
          "itemIndex": 7,
          "text": "しんぶん",
          "label": "新聞",
          "start": 9.983,
          "end": 10.802,
          "duration": 0.819,
          "speechUnitCount": 1,
          "method": "ffmpeg-silencedetect-order",
          "confidence": "high"
        }
      },
      {
        "id": "l2-v008",
        "kana": "ざっし",
        "writing": "雑誌",
        "meaningZh": [
          "杂志"
        ],
        "partOfSpeech": "名",
        "rawText": "ざっし（雑誌）[名] 杂志",
        "confidence": "high",
        "audioSegment": {
          "id": "l2-v008",
          "trackId": "lesson_words",
          "sourceUrl": "https://japaflow-audio-bucket.oss-cn-shanghai.aliyuncs.com/textbook-audio/book1-unit1/lesson2/lesson_words.mp3",
          "localAudioPath": "data/ocr/audio-cache/lesson2/lesson_words.mp3",
          "itemIndex": 8,
          "text": "ざっし",
          "label": "雑誌",
          "start": 11.841,
          "end": 12.622,
          "duration": 0.781,
          "speechUnitCount": 1,
          "method": "ffmpeg-silencedetect-order",
          "confidence": "high"
        }
      },
      {
        "id": "l2-v009",
        "kana": "じしょ",
        "writing": "辞書",
        "meaningZh": [
          "词典"
        ],
        "partOfSpeech": "名",
        "rawText": "じしょ（辞書）[名] 词典",
        "confidence": "high",
        "audioSegment": {
          "id": "l2-v009",
          "trackId": "lesson_words",
          "sourceUrl": "https://japaflow-audio-bucket.oss-cn-shanghai.aliyuncs.com/textbook-audio/book1-unit1/lesson2/lesson_words.mp3",
          "localAudioPath": "data/ocr/audio-cache/lesson2/lesson_words.mp3",
          "itemIndex": 9,
          "text": "じしょ",
          "label": "辞書",
          "start": 13.48,
          "end": 14.012,
          "duration": 0.532,
          "speechUnitCount": 1,
          "method": "ffmpeg-silencedetect-order",
          "confidence": "high"
        }
      },
      {
        "id": "l2-v010",
        "kana": "カメラ",
        "writing": "カメラ",
        "meaningZh": [
          "照相机"
        ],
        "partOfSpeech": "名",
        "rawText": "カメラ [名] 照相机",
        "confidence": "high",
        "audioSegment": {
          "id": "l2-v010",
          "trackId": "lesson_words",
          "sourceUrl": "https://japaflow-audio-bucket.oss-cn-shanghai.aliyuncs.com/textbook-audio/book1-unit1/lesson2/lesson_words.mp3",
          "localAudioPath": "data/ocr/audio-cache/lesson2/lesson_words.mp3",
          "itemIndex": 10,
          "text": "カメラ",
          "label": "カメラ",
          "start": 15.217,
          "end": 15.82,
          "duration": 0.603,
          "speechUnitCount": 1,
          "method": "ffmpeg-silencedetect-order",
          "confidence": "high"
        }
      },
      {
        "id": "l2-v011",
        "kana": "テレビ",
        "writing": "テレビ",
        "meaningZh": [
          "电视机"
        ],
        "partOfSpeech": "名",
        "rawText": "テレビ [名] 电视机",
        "confidence": "high",
        "audioSegment": {
          "id": "l2-v011",
          "trackId": "lesson_words",
          "sourceUrl": "https://japaflow-audio-bucket.oss-cn-shanghai.aliyuncs.com/textbook-audio/book1-unit1/lesson2/lesson_words.mp3",
          "localAudioPath": "data/ocr/audio-cache/lesson2/lesson_words.mp3",
          "itemIndex": 11,
          "text": "テレビ",
          "label": "テレビ",
          "start": 16.93,
          "end": 17.484,
          "duration": 0.554,
          "speechUnitCount": 1,
          "method": "ffmpeg-silencedetect-order",
          "confidence": "high"
        }
      },
      {
        "id": "l2-v012",
        "kana": "パソコン",
        "writing": "パソコン",
        "meaningZh": [
          "个人电脑"
        ],
        "partOfSpeech": "名",
        "rawText": "パソコン [名] 个人电脑",
        "confidence": "high",
        "audioSegment": {
          "id": "l2-v012",
          "trackId": "lesson_words",
          "sourceUrl": "https://japaflow-audio-bucket.oss-cn-shanghai.aliyuncs.com/textbook-audio/book1-unit1/lesson2/lesson_words.mp3",
          "localAudioPath": "data/ocr/audio-cache/lesson2/lesson_words.mp3",
          "itemIndex": 12,
          "text": "パソコン",
          "label": "パソコン",
          "start": 18.513,
          "end": 19.363,
          "duration": 0.85,
          "speechUnitCount": 1,
          "method": "ffmpeg-silencedetect-order",
          "confidence": "high"
        }
      },
      {
        "id": "l2-v013",
        "kana": "ラジオ",
        "writing": "ラジオ",
        "meaningZh": [
          "收音机"
        ],
        "partOfSpeech": "名",
        "rawText": "ラジオ [名] 收音机",
        "confidence": "high",
        "audioSegment": {
          "id": "l2-v013",
          "trackId": "lesson_words",
          "sourceUrl": "https://japaflow-audio-bucket.oss-cn-shanghai.aliyuncs.com/textbook-audio/book1-unit1/lesson2/lesson_words.mp3",
          "localAudioPath": "data/ocr/audio-cache/lesson2/lesson_words.mp3",
          "itemIndex": 13,
          "text": "ラジオ",
          "label": "ラジオ",
          "start": 20.302,
          "end": 20.867,
          "duration": 0.565,
          "speechUnitCount": 1,
          "method": "ffmpeg-silencedetect-order",
          "confidence": "high"
        }
      },
      {
        "id": "l2-v014",
        "kana": "でんわ",
        "writing": "電話",
        "meaningZh": [
          "电话"
        ],
        "partOfSpeech": "名",
        "rawText": "でんわ（電話）[名] 电话",
        "confidence": "high",
        "audioSegment": {
          "id": "l2-v014",
          "trackId": "lesson_words",
          "sourceUrl": "https://japaflow-audio-bucket.oss-cn-shanghai.aliyuncs.com/textbook-audio/book1-unit1/lesson2/lesson_words.mp3",
          "localAudioPath": "data/ocr/audio-cache/lesson2/lesson_words.mp3",
          "itemIndex": 14,
          "text": "でんわ",
          "label": "電話",
          "start": 21.982,
          "end": 22.674,
          "duration": 0.692,
          "speechUnitCount": 1,
          "method": "ffmpeg-silencedetect-order",
          "confidence": "high"
        }
      },
      {
        "id": "l2-v015",
        "kana": "つくえ",
        "writing": "机",
        "meaningZh": [
          "桌子",
          "书桌"
        ],
        "partOfSpeech": "名",
        "rawText": "つくえ（机）[名] 桌子，书桌",
        "confidence": "high",
        "audioSegment": {
          "id": "l2-v015",
          "trackId": "lesson_words",
          "sourceUrl": "https://japaflow-audio-bucket.oss-cn-shanghai.aliyuncs.com/textbook-audio/book1-unit1/lesson2/lesson_words.mp3",
          "localAudioPath": "data/ocr/audio-cache/lesson2/lesson_words.mp3",
          "itemIndex": 15,
          "text": "つくえ",
          "label": "机",
          "start": 23.576,
          "end": 24.261,
          "duration": 0.685,
          "speechUnitCount": 1,
          "method": "ffmpeg-silencedetect-order",
          "confidence": "high"
        }
      },
      {
        "id": "l2-v016",
        "kana": "いす",
        "writing": "いす",
        "meaningZh": [
          "椅子"
        ],
        "partOfSpeech": "名",
        "rawText": "いす [名] 椅子",
        "confidence": "high",
        "audioSegment": {
          "id": "l2-v016",
          "trackId": "lesson_words",
          "sourceUrl": "https://japaflow-audio-bucket.oss-cn-shanghai.aliyuncs.com/textbook-audio/book1-unit1/lesson2/lesson_words.mp3",
          "localAudioPath": "data/ocr/audio-cache/lesson2/lesson_words.mp3",
          "itemIndex": 16,
          "text": "いす",
          "label": "いす",
          "start": 25.464,
          "end": 25.997,
          "duration": 0.533,
          "speechUnitCount": 1,
          "method": "ffmpeg-silencedetect-order",
          "confidence": "high"
        }
      },
      {
        "id": "l2-v017",
        "kana": "かぎ",
        "writing": "かぎ",
        "meaningZh": [
          "钥匙",
          "锁"
        ],
        "partOfSpeech": "名",
        "rawText": "かぎ [名] 钥匙，锁",
        "confidence": "high",
        "audioSegment": {
          "id": "l2-v017",
          "trackId": "lesson_words",
          "sourceUrl": "https://japaflow-audio-bucket.oss-cn-shanghai.aliyuncs.com/textbook-audio/book1-unit1/lesson2/lesson_words.mp3",
          "localAudioPath": "data/ocr/audio-cache/lesson2/lesson_words.mp3",
          "itemIndex": 17,
          "text": "かぎ",
          "label": "かぎ",
          "start": 27.155,
          "end": 27.656,
          "duration": 0.501,
          "speechUnitCount": 1,
          "method": "ffmpeg-silencedetect-order",
          "confidence": "high"
        }
      },
      {
        "id": "l2-v018",
        "kana": "とけい",
        "writing": "時計",
        "meaningZh": [
          "钟",
          "表"
        ],
        "partOfSpeech": "名",
        "rawText": "とけい（時計）[名] 钟，表",
        "confidence": "high",
        "audioSegment": {
          "id": "l2-v018",
          "trackId": "lesson_words",
          "sourceUrl": "https://japaflow-audio-bucket.oss-cn-shanghai.aliyuncs.com/textbook-audio/book1-unit1/lesson2/lesson_words.mp3",
          "localAudioPath": "data/ocr/audio-cache/lesson2/lesson_words.mp3",
          "itemIndex": 18,
          "text": "とけい",
          "label": "時計",
          "start": 28.779,
          "end": 29.495,
          "duration": 0.716,
          "speechUnitCount": 1,
          "method": "ffmpeg-silencedetect-order",
          "confidence": "high"
        }
      },
      {
        "id": "l2-v019",
        "kana": "てちょう",
        "writing": "手帳",
        "meaningZh": [
          "记事本"
        ],
        "partOfSpeech": "名",
        "rawText": "てちょう（手帳）[名] 记事本",
        "confidence": "high",
        "audioSegment": {
          "id": "l2-v019",
          "trackId": "lesson_words",
          "sourceUrl": "https://japaflow-audio-bucket.oss-cn-shanghai.aliyuncs.com/textbook-audio/book1-unit1/lesson2/lesson_words.mp3",
          "localAudioPath": "data/ocr/audio-cache/lesson2/lesson_words.mp3",
          "itemIndex": 19,
          "text": "てちょう",
          "label": "手帳",
          "start": 30.475,
          "end": 31.226,
          "duration": 0.751,
          "speechUnitCount": 1,
          "method": "ffmpeg-silencedetect-order",
          "confidence": "high"
        }
      },
      {
        "id": "l2-v020",
        "kana": "しゃしん",
        "writing": "写真",
        "meaningZh": [
          "照片"
        ],
        "partOfSpeech": "名",
        "rawText": "しゃしん（写真）[名] 照片",
        "confidence": "high",
        "audioSegment": {
          "id": "l2-v020",
          "trackId": "lesson_words",
          "sourceUrl": "https://japaflow-audio-bucket.oss-cn-shanghai.aliyuncs.com/textbook-audio/book1-unit1/lesson2/lesson_words.mp3",
          "localAudioPath": "data/ocr/audio-cache/lesson2/lesson_words.mp3",
          "itemIndex": 20,
          "text": "しゃしん",
          "label": "写真",
          "start": 32.221,
          "end": 33.086,
          "duration": 0.865,
          "speechUnitCount": 1,
          "method": "ffmpeg-silencedetect-order",
          "confidence": "high"
        }
      },
      {
        "id": "l2-v021",
        "kana": "くるま",
        "writing": "車",
        "meaningZh": [
          "车"
        ],
        "partOfSpeech": "名",
        "rawText": "くるま（車）[名] 车",
        "confidence": "high",
        "audioSegment": {
          "id": "l2-v021",
          "trackId": "lesson_words",
          "sourceUrl": "https://japaflow-audio-bucket.oss-cn-shanghai.aliyuncs.com/textbook-audio/book1-unit1/lesson2/lesson_words.mp3",
          "localAudioPath": "data/ocr/audio-cache/lesson2/lesson_words.mp3",
          "itemIndex": 21,
          "text": "くるま",
          "label": "車",
          "start": 34.268,
          "end": 34.922,
          "duration": 0.654,
          "speechUnitCount": 1,
          "method": "ffmpeg-silencedetect-order",
          "confidence": "high"
        }
      },
      {
        "id": "l2-v022",
        "kana": "じてんしゃ",
        "writing": "自転車",
        "meaningZh": [
          "自行车"
        ],
        "partOfSpeech": "名",
        "rawText": "じてんしゃ（自転車）[名] 自行车",
        "confidence": "high",
        "audioSegment": {
          "id": "l2-v022",
          "trackId": "lesson_words",
          "sourceUrl": "https://japaflow-audio-bucket.oss-cn-shanghai.aliyuncs.com/textbook-audio/book1-unit1/lesson2/lesson_words.mp3",
          "localAudioPath": "data/ocr/audio-cache/lesson2/lesson_words.mp3",
          "itemIndex": 22,
          "text": "じてんしゃ",
          "label": "自転車",
          "start": 36.004,
          "end": 36.881,
          "duration": 0.876,
          "speechUnitCount": 1,
          "method": "ffmpeg-silencedetect-order",
          "confidence": "high"
        }
      },
      {
        "id": "l2-v023",
        "kana": "おみやげ",
        "writing": "お土産",
        "meaningZh": [
          "礼物"
        ],
        "partOfSpeech": "名",
        "rawText": "おみやげ（お土産）[名] 礼物",
        "confidence": "high",
        "audioSegment": {
          "id": "l2-v023",
          "trackId": "lesson_words",
          "sourceUrl": "https://japaflow-audio-bucket.oss-cn-shanghai.aliyuncs.com/textbook-audio/book1-unit1/lesson2/lesson_words.mp3",
          "localAudioPath": "data/ocr/audio-cache/lesson2/lesson_words.mp3",
          "itemIndex": 23,
          "text": "おみやげ",
          "label": "お土産",
          "start": 37.943,
          "end": 38.728,
          "duration": 0.785,
          "speechUnitCount": 1,
          "method": "ffmpeg-silencedetect-order",
          "confidence": "high"
        }
      },
      {
        "id": "l2-v024",
        "kana": "めいさんひん",
        "writing": "名産品",
        "meaningZh": [
          "特产",
          "名产"
        ],
        "partOfSpeech": "名",
        "rawText": "めいさんひん（名産品）[名] 特产，名产",
        "confidence": "high",
        "audioSegment": {
          "id": "l2-v024",
          "trackId": "lesson_words",
          "sourceUrl": "https://japaflow-audio-bucket.oss-cn-shanghai.aliyuncs.com/textbook-audio/book1-unit1/lesson2/lesson_words.mp3",
          "localAudioPath": "data/ocr/audio-cache/lesson2/lesson_words.mp3",
          "itemIndex": 24,
          "text": "めいさんひん",
          "label": "名産品",
          "start": 40.197,
          "end": 41.386,
          "duration": 1.19,
          "speechUnitCount": 1,
          "method": "ffmpeg-silencedetect-order",
          "confidence": "high"
        }
      },
      {
        "id": "l2-v025",
        "kana": "シルク",
        "writing": "シルク",
        "meaningZh": [
          "丝绸"
        ],
        "partOfSpeech": "名",
        "rawText": "シルク [名] 丝绸",
        "confidence": "high",
        "audioSegment": {
          "id": "l2-v025",
          "trackId": "lesson_words",
          "sourceUrl": "https://japaflow-audio-bucket.oss-cn-shanghai.aliyuncs.com/textbook-audio/book1-unit1/lesson2/lesson_words.mp3",
          "localAudioPath": "data/ocr/audio-cache/lesson2/lesson_words.mp3",
          "itemIndex": 25,
          "text": "シルク",
          "label": "シルク",
          "start": 42.109,
          "end": 42.791,
          "duration": 0.682,
          "speechUnitCount": 1,
          "method": "ffmpeg-silencedetect-order",
          "confidence": "high"
        }
      },
      {
        "id": "l2-v026",
        "kana": "ハンカチ",
        "writing": "ハンカチ",
        "meaningZh": [
          "手绢"
        ],
        "partOfSpeech": "名",
        "rawText": "ハンカチ [名] 手绢",
        "confidence": "high",
        "audioSegment": {
          "id": "l2-v026",
          "trackId": "lesson_words",
          "sourceUrl": "https://japaflow-audio-bucket.oss-cn-shanghai.aliyuncs.com/textbook-audio/book1-unit1/lesson2/lesson_words.mp3",
          "localAudioPath": "data/ocr/audio-cache/lesson2/lesson_words.mp3",
          "itemIndex": 26,
          "text": "ハンカチ",
          "label": "ハンカチ",
          "start": 44.101,
          "end": 44.972,
          "duration": 0.871,
          "speechUnitCount": 1,
          "method": "ffmpeg-silencedetect-order",
          "confidence": "high"
        }
      },
      {
        "id": "l2-v027",
        "kana": "かいしゃ",
        "writing": "会社",
        "meaningZh": [
          "公司"
        ],
        "partOfSpeech": "名",
        "rawText": "かいしゃ（会社）[名] 公司",
        "confidence": "high",
        "audioSegment": {
          "id": "l2-v027",
          "trackId": "lesson_words",
          "sourceUrl": "https://japaflow-audio-bucket.oss-cn-shanghai.aliyuncs.com/textbook-audio/book1-unit1/lesson2/lesson_words.mp3",
          "localAudioPath": "data/ocr/audio-cache/lesson2/lesson_words.mp3",
          "itemIndex": 27,
          "text": "かいしゃ",
          "label": "会社",
          "start": 45.872,
          "end": 46.549,
          "duration": 0.677,
          "speechUnitCount": 1,
          "method": "ffmpeg-silencedetect-order",
          "confidence": "high"
        }
      },
      {
        "id": "l2-v028",
        "kana": "かた",
        "writing": "方",
        "meaningZh": [
          "（敬称）位",
          "人"
        ],
        "partOfSpeech": "名",
        "rawText": "かた（方）[名] （敬称）位，人",
        "confidence": "high",
        "audioSegment": {
          "id": "l2-v028",
          "trackId": "lesson_words",
          "sourceUrl": "https://japaflow-audio-bucket.oss-cn-shanghai.aliyuncs.com/textbook-audio/book1-unit1/lesson2/lesson_words.mp3",
          "localAudioPath": "data/ocr/audio-cache/lesson2/lesson_words.mp3",
          "itemIndex": 28,
          "text": "かた",
          "label": "方",
          "start": 47.974,
          "end": 48.477,
          "duration": 0.502,
          "speechUnitCount": 1,
          "method": "ffmpeg-silencedetect-order",
          "confidence": "high"
        }
      },
      {
        "id": "l2-v029",
        "kana": "ひと",
        "writing": "人",
        "meaningZh": [
          "人"
        ],
        "partOfSpeech": "名",
        "rawText": "ひと（人）[名] 人",
        "confidence": "high",
        "audioSegment": {
          "id": "l2-v029",
          "trackId": "lesson_words",
          "sourceUrl": "https://japaflow-audio-bucket.oss-cn-shanghai.aliyuncs.com/textbook-audio/book1-unit1/lesson2/lesson_words.mp3",
          "localAudioPath": "data/ocr/audio-cache/lesson2/lesson_words.mp3",
          "itemIndex": 29,
          "text": "ひと",
          "label": "人",
          "start": 49.797,
          "end": 50.292,
          "duration": 0.495,
          "speechUnitCount": 1,
          "method": "ffmpeg-silencedetect-order",
          "confidence": "high"
        }
      },
      {
        "id": "l2-v030",
        "kana": "かぞく",
        "writing": "家族",
        "meaningZh": [
          "家人",
          "家属"
        ],
        "partOfSpeech": "名",
        "rawText": "かぞく（家族）[名] 家人，家属",
        "confidence": "high",
        "audioSegment": {
          "id": "l2-v030",
          "trackId": "lesson_words",
          "sourceUrl": "https://japaflow-audio-bucket.oss-cn-shanghai.aliyuncs.com/textbook-audio/book1-unit1/lesson2/lesson_words.mp3",
          "localAudioPath": "data/ocr/audio-cache/lesson2/lesson_words.mp3",
          "itemIndex": 30,
          "text": "かぞく",
          "label": "家族",
          "start": 51.684,
          "end": 52.377,
          "duration": 0.693,
          "speechUnitCount": 1,
          "method": "ffmpeg-silencedetect-order",
          "confidence": "high"
        }
      },
      {
        "id": "l2-v031",
        "kana": "はは",
        "writing": "母",
        "meaningZh": [
          "（我）母亲"
        ],
        "partOfSpeech": "名",
        "rawText": "はは（母）[名] （我）母亲",
        "confidence": "high",
        "audioSegment": {
          "id": "l2-v031",
          "trackId": "lesson_words",
          "sourceUrl": "https://japaflow-audio-bucket.oss-cn-shanghai.aliyuncs.com/textbook-audio/book1-unit1/lesson2/lesson_words.mp3",
          "localAudioPath": "data/ocr/audio-cache/lesson2/lesson_words.mp3",
          "itemIndex": 31,
          "text": "はは",
          "label": "母",
          "start": 53.238,
          "end": 53.707,
          "duration": 0.47,
          "speechUnitCount": 1,
          "method": "ffmpeg-silencedetect-order",
          "confidence": "high"
        }
      },
      {
        "id": "l2-v032",
        "kana": "おかあさん",
        "writing": "お母さん",
        "meaningZh": [
          "母亲"
        ],
        "partOfSpeech": "名",
        "rawText": "おかあさん（お母さん）[名] 母亲",
        "confidence": "high",
        "audioSegment": {
          "id": "l2-v032",
          "trackId": "lesson_words",
          "sourceUrl": "https://japaflow-audio-bucket.oss-cn-shanghai.aliyuncs.com/textbook-audio/book1-unit1/lesson2/lesson_words.mp3",
          "localAudioPath": "data/ocr/audio-cache/lesson2/lesson_words.mp3",
          "itemIndex": 32,
          "text": "おかあさん",
          "label": "お母さん",
          "start": 54.681,
          "end": 55.583,
          "duration": 0.902,
          "speechUnitCount": 1,
          "method": "ffmpeg-silencedetect-order",
          "confidence": "high"
        }
      },
      {
        "id": "l2-v033",
        "kana": "にほんご",
        "writing": "日本語",
        "meaningZh": [
          "日语"
        ],
        "partOfSpeech": "名",
        "rawText": "にほんご（日本語）[名] 日语",
        "confidence": "high",
        "audioSegment": {
          "id": "l2-v033",
          "trackId": "lesson_words",
          "sourceUrl": "https://japaflow-audio-bucket.oss-cn-shanghai.aliyuncs.com/textbook-audio/book1-unit1/lesson2/lesson_words.mp3",
          "localAudioPath": "data/ocr/audio-cache/lesson2/lesson_words.mp3",
          "itemIndex": 33,
          "text": "にほんご",
          "label": "日本語",
          "start": 56.474,
          "end": 57.367,
          "duration": 0.893,
          "speechUnitCount": 1,
          "method": "ffmpeg-silencedetect-order",
          "confidence": "high"
        }
      },
      {
        "id": "l2-v034",
        "kana": "ちゅうごくご",
        "writing": "中国語",
        "meaningZh": [
          "汉语",
          "中文"
        ],
        "partOfSpeech": "名",
        "rawText": "ちゅうごくご（中国語）[名] 汉语，中文",
        "confidence": "high",
        "audioSegment": {
          "id": "l2-v034",
          "trackId": "lesson_words",
          "sourceUrl": "https://japaflow-audio-bucket.oss-cn-shanghai.aliyuncs.com/textbook-audio/book1-unit1/lesson2/lesson_words.mp3",
          "localAudioPath": "data/ocr/audio-cache/lesson2/lesson_words.mp3",
          "itemIndex": 34,
          "text": "ちゅうごくご",
          "label": "中国語",
          "start": 58.386,
          "end": 59.467,
          "duration": 1.081,
          "speechUnitCount": 1,
          "method": "ffmpeg-silencedetect-order",
          "confidence": "high"
        }
      },
      {
        "id": "l2-v035",
        "kana": "これ",
        "writing": "これ",
        "meaningZh": [
          "这",
          "这个"
        ],
        "partOfSpeech": "代",
        "rawText": "これ [代] 这，这个",
        "confidence": "high",
        "audioSegment": {
          "id": "l2-v035",
          "trackId": "lesson_words",
          "sourceUrl": "https://japaflow-audio-bucket.oss-cn-shanghai.aliyuncs.com/textbook-audio/book1-unit1/lesson2/lesson_words.mp3",
          "localAudioPath": "data/ocr/audio-cache/lesson2/lesson_words.mp3",
          "itemIndex": 35,
          "text": "これ",
          "label": "これ",
          "start": 60.439,
          "end": 60.885,
          "duration": 0.446,
          "speechUnitCount": 1,
          "method": "ffmpeg-silencedetect-order",
          "confidence": "high"
        }
      },
      {
        "id": "l2-v036",
        "kana": "それ",
        "writing": "それ",
        "meaningZh": [
          "那",
          "那个"
        ],
        "partOfSpeech": "代",
        "rawText": "それ [代] 那，那个",
        "confidence": "high",
        "audioSegment": {
          "id": "l2-v036",
          "trackId": "lesson_words",
          "sourceUrl": "https://japaflow-audio-bucket.oss-cn-shanghai.aliyuncs.com/textbook-audio/book1-unit1/lesson2/lesson_words.mp3",
          "localAudioPath": "data/ocr/audio-cache/lesson2/lesson_words.mp3",
          "itemIndex": 36,
          "text": "それ",
          "label": "それ",
          "start": 62.079,
          "end": 62.574,
          "duration": 0.495,
          "speechUnitCount": 1,
          "method": "ffmpeg-silencedetect-order",
          "confidence": "high"
        }
      },
      {
        "id": "l2-v037",
        "kana": "あれ",
        "writing": "あれ",
        "meaningZh": [
          "那",
          "那个"
        ],
        "partOfSpeech": "代",
        "rawText": "あれ [代] 那，那个",
        "confidence": "high",
        "audioSegment": {
          "id": "l2-v037",
          "trackId": "lesson_words",
          "sourceUrl": "https://japaflow-audio-bucket.oss-cn-shanghai.aliyuncs.com/textbook-audio/book1-unit1/lesson2/lesson_words.mp3",
          "localAudioPath": "data/ocr/audio-cache/lesson2/lesson_words.mp3",
          "itemIndex": 37,
          "text": "あれ",
          "label": "あれ",
          "start": 63.49,
          "end": 63.933,
          "duration": 0.443,
          "speechUnitCount": 1,
          "method": "ffmpeg-silencedetect-order",
          "confidence": "high"
        }
      },
      {
        "id": "l2-v038",
        "kana": "どれ",
        "writing": "どれ",
        "meaningZh": [
          "哪个"
        ],
        "partOfSpeech": "疑",
        "rawText": "どれ [疑] 哪个",
        "confidence": "high",
        "audioSegment": {
          "id": "l2-v038",
          "trackId": "lesson_words",
          "sourceUrl": "https://japaflow-audio-bucket.oss-cn-shanghai.aliyuncs.com/textbook-audio/book1-unit1/lesson2/lesson_words.mp3",
          "localAudioPath": "data/ocr/audio-cache/lesson2/lesson_words.mp3",
          "itemIndex": 38,
          "text": "どれ",
          "label": "どれ",
          "start": 64.926,
          "end": 65.414,
          "duration": 0.489,
          "speechUnitCount": 1,
          "method": "ffmpeg-silencedetect-order",
          "confidence": "high"
        }
      },
      {
        "id": "l2-v039",
        "kana": "なん",
        "writing": "何",
        "meaningZh": [
          "什么"
        ],
        "partOfSpeech": "疑",
        "rawText": "なん（何）[疑] 什么",
        "confidence": "high",
        "audioSegment": {
          "id": "l2-v039",
          "trackId": "lesson_words",
          "sourceUrl": "https://japaflow-audio-bucket.oss-cn-shanghai.aliyuncs.com/textbook-audio/book1-unit1/lesson2/lesson_words.mp3",
          "localAudioPath": "data/ocr/audio-cache/lesson2/lesson_words.mp3",
          "itemIndex": 39,
          "text": "なん",
          "label": "何",
          "start": 66.417,
          "end": 66.887,
          "duration": 0.47,
          "speechUnitCount": 1,
          "method": "ffmpeg-silencedetect-order",
          "confidence": "high"
        }
      },
      {
        "id": "l2-v040",
        "kana": "だれ",
        "writing": "だれ",
        "meaningZh": [
          "谁"
        ],
        "partOfSpeech": "疑",
        "rawText": "だれ [疑] 谁",
        "confidence": "high",
        "audioSegment": {
          "id": "l2-v040",
          "trackId": "lesson_words",
          "sourceUrl": "https://japaflow-audio-bucket.oss-cn-shanghai.aliyuncs.com/textbook-audio/book1-unit1/lesson2/lesson_words.mp3",
          "localAudioPath": "data/ocr/audio-cache/lesson2/lesson_words.mp3",
          "itemIndex": 40,
          "text": "だれ",
          "label": "だれ",
          "start": 67.814,
          "end": 68.339,
          "duration": 0.525,
          "speechUnitCount": 1,
          "method": "ffmpeg-silencedetect-order",
          "confidence": "high"
        }
      },
      {
        "id": "l2-v041",
        "kana": "どなた",
        "writing": "どなた",
        "meaningZh": [
          "哪位"
        ],
        "partOfSpeech": "疑",
        "rawText": "どなた [疑] 哪位",
        "confidence": "high",
        "audioSegment": {
          "id": "l2-v041",
          "trackId": "lesson_words",
          "sourceUrl": "https://japaflow-audio-bucket.oss-cn-shanghai.aliyuncs.com/textbook-audio/book1-unit1/lesson2/lesson_words.mp3",
          "localAudioPath": "data/ocr/audio-cache/lesson2/lesson_words.mp3",
          "itemIndex": 41,
          "text": "どなた",
          "label": "どなた",
          "start": 69.425,
          "end": 70.099,
          "duration": 0.674,
          "speechUnitCount": 1,
          "method": "ffmpeg-silencedetect-order",
          "confidence": "high"
        }
      },
      {
        "id": "l2-v042",
        "kana": "この",
        "writing": "この",
        "meaningZh": [
          "这",
          "这个"
        ],
        "partOfSpeech": "连体",
        "rawText": "この [连体] 这，这个",
        "confidence": "high",
        "audioSegment": {
          "id": "l2-v042",
          "trackId": "lesson_words",
          "sourceUrl": "https://japaflow-audio-bucket.oss-cn-shanghai.aliyuncs.com/textbook-audio/book1-unit1/lesson2/lesson_words.mp3",
          "localAudioPath": "data/ocr/audio-cache/lesson2/lesson_words.mp3",
          "itemIndex": 42,
          "text": "この",
          "label": "この",
          "start": 71.282,
          "end": 71.748,
          "duration": 0.466,
          "speechUnitCount": 1,
          "method": "ffmpeg-silencedetect-order",
          "confidence": "high"
        }
      },
      {
        "id": "l2-v043",
        "kana": "その",
        "writing": "その",
        "meaningZh": [
          "那",
          "那个"
        ],
        "partOfSpeech": "连体",
        "rawText": "その [连体] 那，那个",
        "confidence": "high",
        "audioSegment": {
          "id": "l2-v043",
          "trackId": "lesson_words",
          "sourceUrl": "https://japaflow-audio-bucket.oss-cn-shanghai.aliyuncs.com/textbook-audio/book1-unit1/lesson2/lesson_words.mp3",
          "localAudioPath": "data/ocr/audio-cache/lesson2/lesson_words.mp3",
          "itemIndex": 43,
          "text": "その",
          "label": "その",
          "start": 72.815,
          "end": 73.412,
          "duration": 0.597,
          "speechUnitCount": 1,
          "method": "ffmpeg-silencedetect-order",
          "confidence": "high"
        }
      },
      {
        "id": "l2-v044",
        "kana": "あの",
        "writing": "あの",
        "meaningZh": [
          "那",
          "那个"
        ],
        "partOfSpeech": "连体",
        "rawText": "あの [连体] 那，那个",
        "confidence": "high",
        "audioSegment": {
          "id": "l2-v044",
          "trackId": "lesson_words",
          "sourceUrl": "https://japaflow-audio-bucket.oss-cn-shanghai.aliyuncs.com/textbook-audio/book1-unit1/lesson2/lesson_words.mp3",
          "localAudioPath": "data/ocr/audio-cache/lesson2/lesson_words.mp3",
          "itemIndex": 44,
          "text": "あの",
          "label": "あの",
          "start": 74.675,
          "end": 75.156,
          "duration": 0.481,
          "speechUnitCount": 1,
          "method": "ffmpeg-silencedetect-order",
          "confidence": "high"
        }
      },
      {
        "id": "l2-v045",
        "kana": "どの",
        "writing": "どの",
        "meaningZh": [
          "哪个"
        ],
        "partOfSpeech": "连体",
        "rawText": "どの [连体] 哪个",
        "confidence": "high",
        "audioSegment": {
          "id": "l2-v045",
          "trackId": "lesson_words",
          "sourceUrl": "https://japaflow-audio-bucket.oss-cn-shanghai.aliyuncs.com/textbook-audio/book1-unit1/lesson2/lesson_words.mp3",
          "localAudioPath": "data/ocr/audio-cache/lesson2/lesson_words.mp3",
          "itemIndex": 45,
          "text": "どの",
          "label": "どの",
          "start": 76.13,
          "end": 76.646,
          "duration": 0.516,
          "speechUnitCount": 1,
          "method": "ffmpeg-silencedetect-order",
          "confidence": "high"
        }
      },
      {
        "id": "l2-v046",
        "kana": "えっ",
        "writing": "えっ",
        "meaningZh": [
          "啊"
        ],
        "partOfSpeech": "叹",
        "rawText": "えっ [叹] 啊",
        "confidence": "high",
        "audioSegment": {
          "id": "l2-v046",
          "trackId": "lesson_words",
          "sourceUrl": "https://japaflow-audio-bucket.oss-cn-shanghai.aliyuncs.com/textbook-audio/book1-unit1/lesson2/lesson_words.mp3",
          "localAudioPath": "data/ocr/audio-cache/lesson2/lesson_words.mp3",
          "itemIndex": 46,
          "text": "えっ",
          "label": "えっ",
          "start": 78.367,
          "end": 78.604,
          "duration": 0.237,
          "speechUnitCount": 1,
          "method": "ffmpeg-silencedetect-order",
          "confidence": "high"
        }
      },
      {
        "id": "l2-v047",
        "kana": "わあ",
        "writing": "わあ",
        "meaningZh": [
          "哇"
        ],
        "partOfSpeech": "叹",
        "rawText": "わあ [叹] 哇",
        "confidence": "high",
        "audioSegment": {
          "id": "l2-v047",
          "trackId": "lesson_words",
          "sourceUrl": "https://japaflow-audio-bucket.oss-cn-shanghai.aliyuncs.com/textbook-audio/book1-unit1/lesson2/lesson_words.mp3",
          "localAudioPath": "data/ocr/audio-cache/lesson2/lesson_words.mp3",
          "itemIndex": 47,
          "text": "わあ",
          "label": "わあ",
          "start": 79.713,
          "end": 80.117,
          "duration": 0.404,
          "speechUnitCount": 1,
          "method": "ffmpeg-silencedetect-order",
          "confidence": "high"
        }
      },
      {
        "id": "l2-v048",
        "kana": "ええ",
        "writing": "ええ",
        "meaningZh": [
          "（应答）嗯",
          "是"
        ],
        "partOfSpeech": "叹",
        "rawText": "ええ [叹] （应答）嗯，是",
        "confidence": "high",
        "audioSegment": {
          "id": "l2-v048",
          "trackId": "lesson_words",
          "sourceUrl": "https://japaflow-audio-bucket.oss-cn-shanghai.aliyuncs.com/textbook-audio/book1-unit1/lesson2/lesson_words.mp3",
          "localAudioPath": "data/ocr/audio-cache/lesson2/lesson_words.mp3",
          "itemIndex": 48,
          "text": "ええ",
          "label": "ええ",
          "start": 81.506,
          "end": 82.06,
          "duration": 0.554,
          "speechUnitCount": 1,
          "method": "ffmpeg-silencedetect-order",
          "confidence": "high"
        }
      },
      {
        "id": "l2-v049",
        "kana": "ながしま",
        "writing": "長島",
        "meaningZh": [
          "长岛"
        ],
        "partOfSpeech": "专",
        "rawText": "ながしま（長島）[专] 长岛",
        "confidence": "high",
        "audioSegment": {
          "id": "l2-v049",
          "trackId": "lesson_words",
          "sourceUrl": "https://japaflow-audio-bucket.oss-cn-shanghai.aliyuncs.com/textbook-audio/book1-unit1/lesson2/lesson_words.mp3",
          "localAudioPath": "data/ocr/audio-cache/lesson2/lesson_words.mp3",
          "itemIndex": 49,
          "text": "ながしま",
          "label": "長島",
          "start": 83.172,
          "end": 83.99,
          "duration": 0.818,
          "speechUnitCount": 1,
          "method": "ffmpeg-silencedetect-order",
          "confidence": "high"
        }
      },
      {
        "id": "l2-v050",
        "kana": "にほん",
        "writing": "日本",
        "meaningZh": [
          "日本"
        ],
        "partOfSpeech": "专",
        "rawText": "にほん（日本）[专] 日本",
        "confidence": "high",
        "audioSegment": {
          "id": "l2-v050",
          "trackId": "lesson_words",
          "sourceUrl": "https://japaflow-audio-bucket.oss-cn-shanghai.aliyuncs.com/textbook-audio/book1-unit1/lesson2/lesson_words.mp3",
          "localAudioPath": "data/ocr/audio-cache/lesson2/lesson_words.mp3",
          "itemIndex": 50,
          "text": "にほん",
          "label": "日本",
          "start": 85.083,
          "end": 85.685,
          "duration": 0.601,
          "speechUnitCount": 1,
          "method": "ffmpeg-silencedetect-order",
          "confidence": "high"
        }
      },
      {
        "id": "l2-v051",
        "kana": "スワトウ",
        "writing": "スワトウ",
        "meaningZh": [
          "汕头"
        ],
        "partOfSpeech": "专",
        "rawText": "スワトウ [专] 汕头",
        "confidence": "high",
        "audioSegment": {
          "id": "l2-v051",
          "trackId": "lesson_words",
          "sourceUrl": "https://japaflow-audio-bucket.oss-cn-shanghai.aliyuncs.com/textbook-audio/book1-unit1/lesson2/lesson_words.mp3",
          "localAudioPath": "data/ocr/audio-cache/lesson2/lesson_words.mp3",
          "itemIndex": 51,
          "text": "スワトウ",
          "label": "スワトウ",
          "start": 86.615,
          "end": 87.467,
          "duration": 0.852,
          "speechUnitCount": 1,
          "method": "ffmpeg-silencedetect-order",
          "confidence": "high"
        }
      },
      {
        "id": "l2-v052",
        "kana": "ロンドン",
        "writing": "ロンドン",
        "meaningZh": [
          "伦敦"
        ],
        "partOfSpeech": "专",
        "rawText": "ロンドン [专] 伦敦",
        "confidence": "high",
        "audioSegment": {
          "id": "l2-v052",
          "trackId": "lesson_words",
          "sourceUrl": "https://japaflow-audio-bucket.oss-cn-shanghai.aliyuncs.com/textbook-audio/book1-unit1/lesson2/lesson_words.mp3",
          "localAudioPath": "data/ocr/audio-cache/lesson2/lesson_words.mp3",
          "itemIndex": 52,
          "text": "ロンドン",
          "label": "ロンドン",
          "start": 88.411,
          "end": 89.179,
          "duration": 0.767,
          "speechUnitCount": 1,
          "method": "ffmpeg-silencedetect-order",
          "confidence": "high"
        }
      },
      {
        "id": "l2-v053",
        "kana": "ありがとうございます",
        "writing": "ありがとうございます",
        "meaningZh": [
          "谢谢"
        ],
        "partOfSpeech": null,
        "rawText": "ありがとうございます 谢谢",
        "confidence": "high",
        "audioSegment": {
          "id": "l2-v053",
          "trackId": "lesson_words",
          "sourceUrl": "https://japaflow-audio-bucket.oss-cn-shanghai.aliyuncs.com/textbook-audio/book1-unit1/lesson2/lesson_words.mp3",
          "localAudioPath": "data/ocr/audio-cache/lesson2/lesson_words.mp3",
          "itemIndex": 53,
          "text": "ありがとうございます",
          "label": "ありがとうございます",
          "start": 90.18,
          "end": 91.715,
          "duration": 1.535,
          "speechUnitCount": 1,
          "method": "ffmpeg-silencedetect-order",
          "confidence": "high"
        }
      },
      {
        "id": "l2-v054",
        "kana": "おいくつ",
        "writing": "おいくつ",
        "meaningZh": [
          "多大"
        ],
        "partOfSpeech": null,
        "rawText": "おいくつ 多大",
        "confidence": "high",
        "audioSegment": {
          "id": "l2-v054",
          "trackId": "lesson_words",
          "sourceUrl": "https://japaflow-audio-bucket.oss-cn-shanghai.aliyuncs.com/textbook-audio/book1-unit1/lesson2/lesson_words.mp3",
          "localAudioPath": "data/ocr/audio-cache/lesson2/lesson_words.mp3",
          "itemIndex": 54,
          "text": "おいくつ",
          "label": "おいくつ",
          "start": 93.083,
          "end": 93.797,
          "duration": 0.714,
          "speechUnitCount": 1,
          "method": "ffmpeg-silencedetect-order",
          "confidence": "high"
        }
      },
      {
        "id": "l2-v055",
        "kana": "なん〜さい",
        "writing": "何〜歳",
        "meaningZh": [
          "几岁"
        ],
        "partOfSpeech": null,
        "rawText": "何〜／〜歳",
        "confidence": "high",
        "audioSegment": {
          "id": "l2-v055",
          "trackId": "lesson_words",
          "sourceUrl": "https://japaflow-audio-bucket.oss-cn-shanghai.aliyuncs.com/textbook-audio/book1-unit1/lesson2/lesson_words.mp3",
          "localAudioPath": "data/ocr/audio-cache/lesson2/lesson_words.mp3",
          "itemIndex": 55,
          "text": "なん〜さい",
          "label": "何〜歳",
          "start": 95.189,
          "end": 97.483,
          "duration": 2.294,
          "speechUnitCount": 2,
          "method": "ffmpeg-silencedetect-order",
          "confidence": "high"
        }
      }
    ],
    "warnings": [],
    "audioAlignment": {
      "generatedAt": "2026-08-05T11:00:12.971Z",
      "method": "ffmpeg-silencedetect-order",
      "tracks": {
        "lesson_words": {
          "trackId": "lesson_words",
          "sourceUrl": "https://japaflow-audio-bucket.oss-cn-shanghai.aliyuncs.com/textbook-audio/book1-unit1/lesson2/lesson_words.mp3",
          "localAudioPath": "data/ocr/audio-cache/lesson2/lesson_words.mp3",
          "outputPath": "data/ocr/lesson2-vocabulary-audio.json",
          "duration": 101.79,
          "expectedItems": 55,
          "expectedSpeechUnits": 56,
          "skippedSpeechUnits": 0,
          "detectedSpeechIntervals": 56,
          "mappedSegments": 55,
          "selectedProfile": {
            "noiseDb": -34,
            "minSilence": 0.18
          },
          "warnings": [],
          "segments": [
            {
              "id": "l2-v001",
              "trackId": "lesson_words",
              "sourceUrl": "https://japaflow-audio-bucket.oss-cn-shanghai.aliyuncs.com/textbook-audio/book1-unit1/lesson2/lesson_words.mp3",
              "localAudioPath": "data/ocr/audio-cache/lesson2/lesson_words.mp3",
              "itemIndex": 1,
              "text": "ほん",
              "label": "本",
              "start": 0.521,
              "end": 0.921,
              "duration": 0.4,
              "speechUnitCount": 1,
              "method": "ffmpeg-silencedetect-order",
              "confidence": "high"
            },
            {
              "id": "l2-v002",
              "trackId": "lesson_words",
              "sourceUrl": "https://japaflow-audio-bucket.oss-cn-shanghai.aliyuncs.com/textbook-audio/book1-unit1/lesson2/lesson_words.mp3",
              "localAudioPath": "data/ocr/audio-cache/lesson2/lesson_words.mp3",
              "itemIndex": 2,
              "text": "かばん",
              "label": "かばん",
              "start": 2.082,
              "end": 2.733,
              "duration": 0.651,
              "speechUnitCount": 1,
              "method": "ffmpeg-silencedetect-order",
              "confidence": "high"
            },
            {
              "id": "l2-v003",
              "trackId": "lesson_words",
              "sourceUrl": "https://japaflow-audio-bucket.oss-cn-shanghai.aliyuncs.com/textbook-audio/book1-unit1/lesson2/lesson_words.mp3",
              "localAudioPath": "data/ocr/audio-cache/lesson2/lesson_words.mp3",
              "itemIndex": 3,
              "text": "ノート",
              "label": "ノート",
              "start": 3.637,
              "end": 4.26,
              "duration": 0.623,
              "speechUnitCount": 1,
              "method": "ffmpeg-silencedetect-order",
              "confidence": "high"
            },
            {
              "id": "l2-v004",
              "trackId": "lesson_words",
              "sourceUrl": "https://japaflow-audio-bucket.oss-cn-shanghai.aliyuncs.com/textbook-audio/book1-unit1/lesson2/lesson_words.mp3",
              "localAudioPath": "data/ocr/audio-cache/lesson2/lesson_words.mp3",
              "itemIndex": 4,
              "text": "えんぴつ",
              "label": "鉛筆",
              "start": 5.207,
              "end": 6.054,
              "duration": 0.846,
              "speechUnitCount": 1,
              "method": "ffmpeg-silencedetect-order",
              "confidence": "high"
            },
            {
              "id": "l2-v005",
              "trackId": "lesson_words",
              "sourceUrl": "https://japaflow-audio-bucket.oss-cn-shanghai.aliyuncs.com/textbook-audio/book1-unit1/lesson2/lesson_words.mp3",
              "localAudioPath": "data/ocr/audio-cache/lesson2/lesson_words.mp3",
              "itemIndex": 5,
              "text": "かさ",
              "label": "傘",
              "start": 6.876,
              "end": 7.337,
              "duration": 0.461,
              "speechUnitCount": 1,
              "method": "ffmpeg-silencedetect-order",
              "confidence": "high"
            },
            {
              "id": "l2-v006",
              "trackId": "lesson_words",
              "sourceUrl": "https://japaflow-audio-bucket.oss-cn-shanghai.aliyuncs.com/textbook-audio/book1-unit1/lesson2/lesson_words.mp3",
              "localAudioPath": "data/ocr/audio-cache/lesson2/lesson_words.mp3",
              "itemIndex": 6,
              "text": "くつ",
              "label": "靴",
              "start": 8.525,
              "end": 9.02,
              "duration": 0.495,
              "speechUnitCount": 1,
              "method": "ffmpeg-silencedetect-order",
              "confidence": "high"
            },
            {
              "id": "l2-v007",
              "trackId": "lesson_words",
              "sourceUrl": "https://japaflow-audio-bucket.oss-cn-shanghai.aliyuncs.com/textbook-audio/book1-unit1/lesson2/lesson_words.mp3",
              "localAudioPath": "data/ocr/audio-cache/lesson2/lesson_words.mp3",
              "itemIndex": 7,
              "text": "しんぶん",
              "label": "新聞",
              "start": 9.983,
              "end": 10.802,
              "duration": 0.819,
              "speechUnitCount": 1,
              "method": "ffmpeg-silencedetect-order",
              "confidence": "high"
            },
            {
              "id": "l2-v008",
              "trackId": "lesson_words",
              "sourceUrl": "https://japaflow-audio-bucket.oss-cn-shanghai.aliyuncs.com/textbook-audio/book1-unit1/lesson2/lesson_words.mp3",
              "localAudioPath": "data/ocr/audio-cache/lesson2/lesson_words.mp3",
              "itemIndex": 8,
              "text": "ざっし",
              "label": "雑誌",
              "start": 11.841,
              "end": 12.622,
              "duration": 0.781,
              "speechUnitCount": 1,
              "method": "ffmpeg-silencedetect-order",
              "confidence": "high"
            },
            {
              "id": "l2-v009",
              "trackId": "lesson_words",
              "sourceUrl": "https://japaflow-audio-bucket.oss-cn-shanghai.aliyuncs.com/textbook-audio/book1-unit1/lesson2/lesson_words.mp3",
              "localAudioPath": "data/ocr/audio-cache/lesson2/lesson_words.mp3",
              "itemIndex": 9,
              "text": "じしょ",
              "label": "辞書",
              "start": 13.48,
              "end": 14.012,
              "duration": 0.532,
              "speechUnitCount": 1,
              "method": "ffmpeg-silencedetect-order",
              "confidence": "high"
            },
            {
              "id": "l2-v010",
              "trackId": "lesson_words",
              "sourceUrl": "https://japaflow-audio-bucket.oss-cn-shanghai.aliyuncs.com/textbook-audio/book1-unit1/lesson2/lesson_words.mp3",
              "localAudioPath": "data/ocr/audio-cache/lesson2/lesson_words.mp3",
              "itemIndex": 10,
              "text": "カメラ",
              "label": "カメラ",
              "start": 15.217,
              "end": 15.82,
              "duration": 0.603,
              "speechUnitCount": 1,
              "method": "ffmpeg-silencedetect-order",
              "confidence": "high"
            },
            {
              "id": "l2-v011",
              "trackId": "lesson_words",
              "sourceUrl": "https://japaflow-audio-bucket.oss-cn-shanghai.aliyuncs.com/textbook-audio/book1-unit1/lesson2/lesson_words.mp3",
              "localAudioPath": "data/ocr/audio-cache/lesson2/lesson_words.mp3",
              "itemIndex": 11,
              "text": "テレビ",
              "label": "テレビ",
              "start": 16.93,
              "end": 17.484,
              "duration": 0.554,
              "speechUnitCount": 1,
              "method": "ffmpeg-silencedetect-order",
              "confidence": "high"
            },
            {
              "id": "l2-v012",
              "trackId": "lesson_words",
              "sourceUrl": "https://japaflow-audio-bucket.oss-cn-shanghai.aliyuncs.com/textbook-audio/book1-unit1/lesson2/lesson_words.mp3",
              "localAudioPath": "data/ocr/audio-cache/lesson2/lesson_words.mp3",
              "itemIndex": 12,
              "text": "パソコン",
              "label": "パソコン",
              "start": 18.513,
              "end": 19.363,
              "duration": 0.85,
              "speechUnitCount": 1,
              "method": "ffmpeg-silencedetect-order",
              "confidence": "high"
            },
            {
              "id": "l2-v013",
              "trackId": "lesson_words",
              "sourceUrl": "https://japaflow-audio-bucket.oss-cn-shanghai.aliyuncs.com/textbook-audio/book1-unit1/lesson2/lesson_words.mp3",
              "localAudioPath": "data/ocr/audio-cache/lesson2/lesson_words.mp3",
              "itemIndex": 13,
              "text": "ラジオ",
              "label": "ラジオ",
              "start": 20.302,
              "end": 20.867,
              "duration": 0.565,
              "speechUnitCount": 1,
              "method": "ffmpeg-silencedetect-order",
              "confidence": "high"
            },
            {
              "id": "l2-v014",
              "trackId": "lesson_words",
              "sourceUrl": "https://japaflow-audio-bucket.oss-cn-shanghai.aliyuncs.com/textbook-audio/book1-unit1/lesson2/lesson_words.mp3",
              "localAudioPath": "data/ocr/audio-cache/lesson2/lesson_words.mp3",
              "itemIndex": 14,
              "text": "でんわ",
              "label": "電話",
              "start": 21.982,
              "end": 22.674,
              "duration": 0.692,
              "speechUnitCount": 1,
              "method": "ffmpeg-silencedetect-order",
              "confidence": "high"
            },
            {
              "id": "l2-v015",
              "trackId": "lesson_words",
              "sourceUrl": "https://japaflow-audio-bucket.oss-cn-shanghai.aliyuncs.com/textbook-audio/book1-unit1/lesson2/lesson_words.mp3",
              "localAudioPath": "data/ocr/audio-cache/lesson2/lesson_words.mp3",
              "itemIndex": 15,
              "text": "つくえ",
              "label": "机",
              "start": 23.576,
              "end": 24.261,
              "duration": 0.685,
              "speechUnitCount": 1,
              "method": "ffmpeg-silencedetect-order",
              "confidence": "high"
            },
            {
              "id": "l2-v016",
              "trackId": "lesson_words",
              "sourceUrl": "https://japaflow-audio-bucket.oss-cn-shanghai.aliyuncs.com/textbook-audio/book1-unit1/lesson2/lesson_words.mp3",
              "localAudioPath": "data/ocr/audio-cache/lesson2/lesson_words.mp3",
              "itemIndex": 16,
              "text": "いす",
              "label": "いす",
              "start": 25.464,
              "end": 25.997,
              "duration": 0.533,
              "speechUnitCount": 1,
              "method": "ffmpeg-silencedetect-order",
              "confidence": "high"
            },
            {
              "id": "l2-v017",
              "trackId": "lesson_words",
              "sourceUrl": "https://japaflow-audio-bucket.oss-cn-shanghai.aliyuncs.com/textbook-audio/book1-unit1/lesson2/lesson_words.mp3",
              "localAudioPath": "data/ocr/audio-cache/lesson2/lesson_words.mp3",
              "itemIndex": 17,
              "text": "かぎ",
              "label": "かぎ",
              "start": 27.155,
              "end": 27.656,
              "duration": 0.501,
              "speechUnitCount": 1,
              "method": "ffmpeg-silencedetect-order",
              "confidence": "high"
            },
            {
              "id": "l2-v018",
              "trackId": "lesson_words",
              "sourceUrl": "https://japaflow-audio-bucket.oss-cn-shanghai.aliyuncs.com/textbook-audio/book1-unit1/lesson2/lesson_words.mp3",
              "localAudioPath": "data/ocr/audio-cache/lesson2/lesson_words.mp3",
              "itemIndex": 18,
              "text": "とけい",
              "label": "時計",
              "start": 28.779,
              "end": 29.495,
              "duration": 0.716,
              "speechUnitCount": 1,
              "method": "ffmpeg-silencedetect-order",
              "confidence": "high"
            },
            {
              "id": "l2-v019",
              "trackId": "lesson_words",
              "sourceUrl": "https://japaflow-audio-bucket.oss-cn-shanghai.aliyuncs.com/textbook-audio/book1-unit1/lesson2/lesson_words.mp3",
              "localAudioPath": "data/ocr/audio-cache/lesson2/lesson_words.mp3",
              "itemIndex": 19,
              "text": "てちょう",
              "label": "手帳",
              "start": 30.475,
              "end": 31.226,
              "duration": 0.751,
              "speechUnitCount": 1,
              "method": "ffmpeg-silencedetect-order",
              "confidence": "high"
            },
            {
              "id": "l2-v020",
              "trackId": "lesson_words",
              "sourceUrl": "https://japaflow-audio-bucket.oss-cn-shanghai.aliyuncs.com/textbook-audio/book1-unit1/lesson2/lesson_words.mp3",
              "localAudioPath": "data/ocr/audio-cache/lesson2/lesson_words.mp3",
              "itemIndex": 20,
              "text": "しゃしん",
              "label": "写真",
              "start": 32.221,
              "end": 33.086,
              "duration": 0.865,
              "speechUnitCount": 1,
              "method": "ffmpeg-silencedetect-order",
              "confidence": "high"
            },
            {
              "id": "l2-v021",
              "trackId": "lesson_words",
              "sourceUrl": "https://japaflow-audio-bucket.oss-cn-shanghai.aliyuncs.com/textbook-audio/book1-unit1/lesson2/lesson_words.mp3",
              "localAudioPath": "data/ocr/audio-cache/lesson2/lesson_words.mp3",
              "itemIndex": 21,
              "text": "くるま",
              "label": "車",
              "start": 34.268,
              "end": 34.922,
              "duration": 0.654,
              "speechUnitCount": 1,
              "method": "ffmpeg-silencedetect-order",
              "confidence": "high"
            },
            {
              "id": "l2-v022",
              "trackId": "lesson_words",
              "sourceUrl": "https://japaflow-audio-bucket.oss-cn-shanghai.aliyuncs.com/textbook-audio/book1-unit1/lesson2/lesson_words.mp3",
              "localAudioPath": "data/ocr/audio-cache/lesson2/lesson_words.mp3",
              "itemIndex": 22,
              "text": "じてんしゃ",
              "label": "自転車",
              "start": 36.004,
              "end": 36.881,
              "duration": 0.876,
              "speechUnitCount": 1,
              "method": "ffmpeg-silencedetect-order",
              "confidence": "high"
            },
            {
              "id": "l2-v023",
              "trackId": "lesson_words",
              "sourceUrl": "https://japaflow-audio-bucket.oss-cn-shanghai.aliyuncs.com/textbook-audio/book1-unit1/lesson2/lesson_words.mp3",
              "localAudioPath": "data/ocr/audio-cache/lesson2/lesson_words.mp3",
              "itemIndex": 23,
              "text": "おみやげ",
              "label": "お土産",
              "start": 37.943,
              "end": 38.728,
              "duration": 0.785,
              "speechUnitCount": 1,
              "method": "ffmpeg-silencedetect-order",
              "confidence": "high"
            },
            {
              "id": "l2-v024",
              "trackId": "lesson_words",
              "sourceUrl": "https://japaflow-audio-bucket.oss-cn-shanghai.aliyuncs.com/textbook-audio/book1-unit1/lesson2/lesson_words.mp3",
              "localAudioPath": "data/ocr/audio-cache/lesson2/lesson_words.mp3",
              "itemIndex": 24,
              "text": "めいさんひん",
              "label": "名産品",
              "start": 40.197,
              "end": 41.386,
              "duration": 1.19,
              "speechUnitCount": 1,
              "method": "ffmpeg-silencedetect-order",
              "confidence": "high"
            },
            {
              "id": "l2-v025",
              "trackId": "lesson_words",
              "sourceUrl": "https://japaflow-audio-bucket.oss-cn-shanghai.aliyuncs.com/textbook-audio/book1-unit1/lesson2/lesson_words.mp3",
              "localAudioPath": "data/ocr/audio-cache/lesson2/lesson_words.mp3",
              "itemIndex": 25,
              "text": "シルク",
              "label": "シルク",
              "start": 42.109,
              "end": 42.791,
              "duration": 0.682,
              "speechUnitCount": 1,
              "method": "ffmpeg-silencedetect-order",
              "confidence": "high"
            },
            {
              "id": "l2-v026",
              "trackId": "lesson_words",
              "sourceUrl": "https://japaflow-audio-bucket.oss-cn-shanghai.aliyuncs.com/textbook-audio/book1-unit1/lesson2/lesson_words.mp3",
              "localAudioPath": "data/ocr/audio-cache/lesson2/lesson_words.mp3",
              "itemIndex": 26,
              "text": "ハンカチ",
              "label": "ハンカチ",
              "start": 44.101,
              "end": 44.972,
              "duration": 0.871,
              "speechUnitCount": 1,
              "method": "ffmpeg-silencedetect-order",
              "confidence": "high"
            },
            {
              "id": "l2-v027",
              "trackId": "lesson_words",
              "sourceUrl": "https://japaflow-audio-bucket.oss-cn-shanghai.aliyuncs.com/textbook-audio/book1-unit1/lesson2/lesson_words.mp3",
              "localAudioPath": "data/ocr/audio-cache/lesson2/lesson_words.mp3",
              "itemIndex": 27,
              "text": "かいしゃ",
              "label": "会社",
              "start": 45.872,
              "end": 46.549,
              "duration": 0.677,
              "speechUnitCount": 1,
              "method": "ffmpeg-silencedetect-order",
              "confidence": "high"
            },
            {
              "id": "l2-v028",
              "trackId": "lesson_words",
              "sourceUrl": "https://japaflow-audio-bucket.oss-cn-shanghai.aliyuncs.com/textbook-audio/book1-unit1/lesson2/lesson_words.mp3",
              "localAudioPath": "data/ocr/audio-cache/lesson2/lesson_words.mp3",
              "itemIndex": 28,
              "text": "かた",
              "label": "方",
              "start": 47.974,
              "end": 48.477,
              "duration": 0.502,
              "speechUnitCount": 1,
              "method": "ffmpeg-silencedetect-order",
              "confidence": "high"
            },
            {
              "id": "l2-v029",
              "trackId": "lesson_words",
              "sourceUrl": "https://japaflow-audio-bucket.oss-cn-shanghai.aliyuncs.com/textbook-audio/book1-unit1/lesson2/lesson_words.mp3",
              "localAudioPath": "data/ocr/audio-cache/lesson2/lesson_words.mp3",
              "itemIndex": 29,
              "text": "ひと",
              "label": "人",
              "start": 49.797,
              "end": 50.292,
              "duration": 0.495,
              "speechUnitCount": 1,
              "method": "ffmpeg-silencedetect-order",
              "confidence": "high"
            },
            {
              "id": "l2-v030",
              "trackId": "lesson_words",
              "sourceUrl": "https://japaflow-audio-bucket.oss-cn-shanghai.aliyuncs.com/textbook-audio/book1-unit1/lesson2/lesson_words.mp3",
              "localAudioPath": "data/ocr/audio-cache/lesson2/lesson_words.mp3",
              "itemIndex": 30,
              "text": "かぞく",
              "label": "家族",
              "start": 51.684,
              "end": 52.377,
              "duration": 0.693,
              "speechUnitCount": 1,
              "method": "ffmpeg-silencedetect-order",
              "confidence": "high"
            },
            {
              "id": "l2-v031",
              "trackId": "lesson_words",
              "sourceUrl": "https://japaflow-audio-bucket.oss-cn-shanghai.aliyuncs.com/textbook-audio/book1-unit1/lesson2/lesson_words.mp3",
              "localAudioPath": "data/ocr/audio-cache/lesson2/lesson_words.mp3",
              "itemIndex": 31,
              "text": "はは",
              "label": "母",
              "start": 53.238,
              "end": 53.707,
              "duration": 0.47,
              "speechUnitCount": 1,
              "method": "ffmpeg-silencedetect-order",
              "confidence": "high"
            },
            {
              "id": "l2-v032",
              "trackId": "lesson_words",
              "sourceUrl": "https://japaflow-audio-bucket.oss-cn-shanghai.aliyuncs.com/textbook-audio/book1-unit1/lesson2/lesson_words.mp3",
              "localAudioPath": "data/ocr/audio-cache/lesson2/lesson_words.mp3",
              "itemIndex": 32,
              "text": "おかあさん",
              "label": "お母さん",
              "start": 54.681,
              "end": 55.583,
              "duration": 0.902,
              "speechUnitCount": 1,
              "method": "ffmpeg-silencedetect-order",
              "confidence": "high"
            },
            {
              "id": "l2-v033",
              "trackId": "lesson_words",
              "sourceUrl": "https://japaflow-audio-bucket.oss-cn-shanghai.aliyuncs.com/textbook-audio/book1-unit1/lesson2/lesson_words.mp3",
              "localAudioPath": "data/ocr/audio-cache/lesson2/lesson_words.mp3",
              "itemIndex": 33,
              "text": "にほんご",
              "label": "日本語",
              "start": 56.474,
              "end": 57.367,
              "duration": 0.893,
              "speechUnitCount": 1,
              "method": "ffmpeg-silencedetect-order",
              "confidence": "high"
            },
            {
              "id": "l2-v034",
              "trackId": "lesson_words",
              "sourceUrl": "https://japaflow-audio-bucket.oss-cn-shanghai.aliyuncs.com/textbook-audio/book1-unit1/lesson2/lesson_words.mp3",
              "localAudioPath": "data/ocr/audio-cache/lesson2/lesson_words.mp3",
              "itemIndex": 34,
              "text": "ちゅうごくご",
              "label": "中国語",
              "start": 58.386,
              "end": 59.467,
              "duration": 1.081,
              "speechUnitCount": 1,
              "method": "ffmpeg-silencedetect-order",
              "confidence": "high"
            },
            {
              "id": "l2-v035",
              "trackId": "lesson_words",
              "sourceUrl": "https://japaflow-audio-bucket.oss-cn-shanghai.aliyuncs.com/textbook-audio/book1-unit1/lesson2/lesson_words.mp3",
              "localAudioPath": "data/ocr/audio-cache/lesson2/lesson_words.mp3",
              "itemIndex": 35,
              "text": "これ",
              "label": "これ",
              "start": 60.439,
              "end": 60.885,
              "duration": 0.446,
              "speechUnitCount": 1,
              "method": "ffmpeg-silencedetect-order",
              "confidence": "high"
            },
            {
              "id": "l2-v036",
              "trackId": "lesson_words",
              "sourceUrl": "https://japaflow-audio-bucket.oss-cn-shanghai.aliyuncs.com/textbook-audio/book1-unit1/lesson2/lesson_words.mp3",
              "localAudioPath": "data/ocr/audio-cache/lesson2/lesson_words.mp3",
              "itemIndex": 36,
              "text": "それ",
              "label": "それ",
              "start": 62.079,
              "end": 62.574,
              "duration": 0.495,
              "speechUnitCount": 1,
              "method": "ffmpeg-silencedetect-order",
              "confidence": "high"
            },
            {
              "id": "l2-v037",
              "trackId": "lesson_words",
              "sourceUrl": "https://japaflow-audio-bucket.oss-cn-shanghai.aliyuncs.com/textbook-audio/book1-unit1/lesson2/lesson_words.mp3",
              "localAudioPath": "data/ocr/audio-cache/lesson2/lesson_words.mp3",
              "itemIndex": 37,
              "text": "あれ",
              "label": "あれ",
              "start": 63.49,
              "end": 63.933,
              "duration": 0.443,
              "speechUnitCount": 1,
              "method": "ffmpeg-silencedetect-order",
              "confidence": "high"
            },
            {
              "id": "l2-v038",
              "trackId": "lesson_words",
              "sourceUrl": "https://japaflow-audio-bucket.oss-cn-shanghai.aliyuncs.com/textbook-audio/book1-unit1/lesson2/lesson_words.mp3",
              "localAudioPath": "data/ocr/audio-cache/lesson2/lesson_words.mp3",
              "itemIndex": 38,
              "text": "どれ",
              "label": "どれ",
              "start": 64.926,
              "end": 65.414,
              "duration": 0.489,
              "speechUnitCount": 1,
              "method": "ffmpeg-silencedetect-order",
              "confidence": "high"
            },
            {
              "id": "l2-v039",
              "trackId": "lesson_words",
              "sourceUrl": "https://japaflow-audio-bucket.oss-cn-shanghai.aliyuncs.com/textbook-audio/book1-unit1/lesson2/lesson_words.mp3",
              "localAudioPath": "data/ocr/audio-cache/lesson2/lesson_words.mp3",
              "itemIndex": 39,
              "text": "なん",
              "label": "何",
              "start": 66.417,
              "end": 66.887,
              "duration": 0.47,
              "speechUnitCount": 1,
              "method": "ffmpeg-silencedetect-order",
              "confidence": "high"
            },
            {
              "id": "l2-v040",
              "trackId": "lesson_words",
              "sourceUrl": "https://japaflow-audio-bucket.oss-cn-shanghai.aliyuncs.com/textbook-audio/book1-unit1/lesson2/lesson_words.mp3",
              "localAudioPath": "data/ocr/audio-cache/lesson2/lesson_words.mp3",
              "itemIndex": 40,
              "text": "だれ",
              "label": "だれ",
              "start": 67.814,
              "end": 68.339,
              "duration": 0.525,
              "speechUnitCount": 1,
              "method": "ffmpeg-silencedetect-order",
              "confidence": "high"
            },
            {
              "id": "l2-v041",
              "trackId": "lesson_words",
              "sourceUrl": "https://japaflow-audio-bucket.oss-cn-shanghai.aliyuncs.com/textbook-audio/book1-unit1/lesson2/lesson_words.mp3",
              "localAudioPath": "data/ocr/audio-cache/lesson2/lesson_words.mp3",
              "itemIndex": 41,
              "text": "どなた",
              "label": "どなた",
              "start": 69.425,
              "end": 70.099,
              "duration": 0.674,
              "speechUnitCount": 1,
              "method": "ffmpeg-silencedetect-order",
              "confidence": "high"
            },
            {
              "id": "l2-v042",
              "trackId": "lesson_words",
              "sourceUrl": "https://japaflow-audio-bucket.oss-cn-shanghai.aliyuncs.com/textbook-audio/book1-unit1/lesson2/lesson_words.mp3",
              "localAudioPath": "data/ocr/audio-cache/lesson2/lesson_words.mp3",
              "itemIndex": 42,
              "text": "この",
              "label": "この",
              "start": 71.282,
              "end": 71.748,
              "duration": 0.466,
              "speechUnitCount": 1,
              "method": "ffmpeg-silencedetect-order",
              "confidence": "high"
            },
            {
              "id": "l2-v043",
              "trackId": "lesson_words",
              "sourceUrl": "https://japaflow-audio-bucket.oss-cn-shanghai.aliyuncs.com/textbook-audio/book1-unit1/lesson2/lesson_words.mp3",
              "localAudioPath": "data/ocr/audio-cache/lesson2/lesson_words.mp3",
              "itemIndex": 43,
              "text": "その",
              "label": "その",
              "start": 72.815,
              "end": 73.412,
              "duration": 0.597,
              "speechUnitCount": 1,
              "method": "ffmpeg-silencedetect-order",
              "confidence": "high"
            },
            {
              "id": "l2-v044",
              "trackId": "lesson_words",
              "sourceUrl": "https://japaflow-audio-bucket.oss-cn-shanghai.aliyuncs.com/textbook-audio/book1-unit1/lesson2/lesson_words.mp3",
              "localAudioPath": "data/ocr/audio-cache/lesson2/lesson_words.mp3",
              "itemIndex": 44,
              "text": "あの",
              "label": "あの",
              "start": 74.675,
              "end": 75.156,
              "duration": 0.481,
              "speechUnitCount": 1,
              "method": "ffmpeg-silencedetect-order",
              "confidence": "high"
            },
            {
              "id": "l2-v045",
              "trackId": "lesson_words",
              "sourceUrl": "https://japaflow-audio-bucket.oss-cn-shanghai.aliyuncs.com/textbook-audio/book1-unit1/lesson2/lesson_words.mp3",
              "localAudioPath": "data/ocr/audio-cache/lesson2/lesson_words.mp3",
              "itemIndex": 45,
              "text": "どの",
              "label": "どの",
              "start": 76.13,
              "end": 76.646,
              "duration": 0.516,
              "speechUnitCount": 1,
              "method": "ffmpeg-silencedetect-order",
              "confidence": "high"
            },
            {
              "id": "l2-v046",
              "trackId": "lesson_words",
              "sourceUrl": "https://japaflow-audio-bucket.oss-cn-shanghai.aliyuncs.com/textbook-audio/book1-unit1/lesson2/lesson_words.mp3",
              "localAudioPath": "data/ocr/audio-cache/lesson2/lesson_words.mp3",
              "itemIndex": 46,
              "text": "えっ",
              "label": "えっ",
              "start": 78.367,
              "end": 78.604,
              "duration": 0.237,
              "speechUnitCount": 1,
              "method": "ffmpeg-silencedetect-order",
              "confidence": "high"
            },
            {
              "id": "l2-v047",
              "trackId": "lesson_words",
              "sourceUrl": "https://japaflow-audio-bucket.oss-cn-shanghai.aliyuncs.com/textbook-audio/book1-unit1/lesson2/lesson_words.mp3",
              "localAudioPath": "data/ocr/audio-cache/lesson2/lesson_words.mp3",
              "itemIndex": 47,
              "text": "わあ",
              "label": "わあ",
              "start": 79.713,
              "end": 80.117,
              "duration": 0.404,
              "speechUnitCount": 1,
              "method": "ffmpeg-silencedetect-order",
              "confidence": "high"
            },
            {
              "id": "l2-v048",
              "trackId": "lesson_words",
              "sourceUrl": "https://japaflow-audio-bucket.oss-cn-shanghai.aliyuncs.com/textbook-audio/book1-unit1/lesson2/lesson_words.mp3",
              "localAudioPath": "data/ocr/audio-cache/lesson2/lesson_words.mp3",
              "itemIndex": 48,
              "text": "ええ",
              "label": "ええ",
              "start": 81.506,
              "end": 82.06,
              "duration": 0.554,
              "speechUnitCount": 1,
              "method": "ffmpeg-silencedetect-order",
              "confidence": "high"
            },
            {
              "id": "l2-v049",
              "trackId": "lesson_words",
              "sourceUrl": "https://japaflow-audio-bucket.oss-cn-shanghai.aliyuncs.com/textbook-audio/book1-unit1/lesson2/lesson_words.mp3",
              "localAudioPath": "data/ocr/audio-cache/lesson2/lesson_words.mp3",
              "itemIndex": 49,
              "text": "ながしま",
              "label": "長島",
              "start": 83.172,
              "end": 83.99,
              "duration": 0.818,
              "speechUnitCount": 1,
              "method": "ffmpeg-silencedetect-order",
              "confidence": "high"
            },
            {
              "id": "l2-v050",
              "trackId": "lesson_words",
              "sourceUrl": "https://japaflow-audio-bucket.oss-cn-shanghai.aliyuncs.com/textbook-audio/book1-unit1/lesson2/lesson_words.mp3",
              "localAudioPath": "data/ocr/audio-cache/lesson2/lesson_words.mp3",
              "itemIndex": 50,
              "text": "にほん",
              "label": "日本",
              "start": 85.083,
              "end": 85.685,
              "duration": 0.601,
              "speechUnitCount": 1,
              "method": "ffmpeg-silencedetect-order",
              "confidence": "high"
            },
            {
              "id": "l2-v051",
              "trackId": "lesson_words",
              "sourceUrl": "https://japaflow-audio-bucket.oss-cn-shanghai.aliyuncs.com/textbook-audio/book1-unit1/lesson2/lesson_words.mp3",
              "localAudioPath": "data/ocr/audio-cache/lesson2/lesson_words.mp3",
              "itemIndex": 51,
              "text": "スワトウ",
              "label": "スワトウ",
              "start": 86.615,
              "end": 87.467,
              "duration": 0.852,
              "speechUnitCount": 1,
              "method": "ffmpeg-silencedetect-order",
              "confidence": "high"
            },
            {
              "id": "l2-v052",
              "trackId": "lesson_words",
              "sourceUrl": "https://japaflow-audio-bucket.oss-cn-shanghai.aliyuncs.com/textbook-audio/book1-unit1/lesson2/lesson_words.mp3",
              "localAudioPath": "data/ocr/audio-cache/lesson2/lesson_words.mp3",
              "itemIndex": 52,
              "text": "ロンドン",
              "label": "ロンドン",
              "start": 88.411,
              "end": 89.179,
              "duration": 0.767,
              "speechUnitCount": 1,
              "method": "ffmpeg-silencedetect-order",
              "confidence": "high"
            },
            {
              "id": "l2-v053",
              "trackId": "lesson_words",
              "sourceUrl": "https://japaflow-audio-bucket.oss-cn-shanghai.aliyuncs.com/textbook-audio/book1-unit1/lesson2/lesson_words.mp3",
              "localAudioPath": "data/ocr/audio-cache/lesson2/lesson_words.mp3",
              "itemIndex": 53,
              "text": "ありがとうございます",
              "label": "ありがとうございます",
              "start": 90.18,
              "end": 91.715,
              "duration": 1.535,
              "speechUnitCount": 1,
              "method": "ffmpeg-silencedetect-order",
              "confidence": "high"
            },
            {
              "id": "l2-v054",
              "trackId": "lesson_words",
              "sourceUrl": "https://japaflow-audio-bucket.oss-cn-shanghai.aliyuncs.com/textbook-audio/book1-unit1/lesson2/lesson_words.mp3",
              "localAudioPath": "data/ocr/audio-cache/lesson2/lesson_words.mp3",
              "itemIndex": 54,
              "text": "おいくつ",
              "label": "おいくつ",
              "start": 93.083,
              "end": 93.797,
              "duration": 0.714,
              "speechUnitCount": 1,
              "method": "ffmpeg-silencedetect-order",
              "confidence": "high"
            },
            {
              "id": "l2-v055",
              "trackId": "lesson_words",
              "sourceUrl": "https://japaflow-audio-bucket.oss-cn-shanghai.aliyuncs.com/textbook-audio/book1-unit1/lesson2/lesson_words.mp3",
              "localAudioPath": "data/ocr/audio-cache/lesson2/lesson_words.mp3",
              "itemIndex": 55,
              "text": "なん〜さい",
              "label": "何〜歳",
              "start": 95.189,
              "end": 97.483,
              "duration": 2.294,
              "speechUnitCount": 2,
              "method": "ffmpeg-silencedetect-order",
              "confidence": "high"
            }
          ]
        }
      }
    }
  }
}
