{
  "lessonId": 44,
  "target": "vocabulary",
  "generatedAt": "2026-08-05T08:46:32.851Z",
  "outputs": {
    "vocabulary": "data/ocr/lesson44-vocabulary-audio.json"
  },
  "summaries": [
    {
      "trackId": "lesson_words",
      "sourceUrl": "https://japaflow-audio-bucket.oss-cn-shanghai.aliyuncs.com/textbook-audio/book1-unit11/lesson44/lesson_words.mp3",
      "duration": 128.13,
      "expectedItems": 65,
      "expectedSpeechUnits": 67,
      "skippedSpeechUnits": 0,
      "detectedSpeechIntervals": 67,
      "mappedSegments": 65,
      "selectedProfile": {
        "noiseDb": -44,
        "minSilence": 0.28
      },
      "warnings": []
    }
  ],
  "vocabularyData": {
    "lessonId": "lesson44",
    "sourceImages": [
      {
        "path": "course-assets/by-lesson/lesson44/page227.webp",
        "pageNo": 227
      }
    ],
    "vocabulary": [
      {
        "id": "l44-v001",
        "kana": "しゃいんりょこう",
        "writing": "社員旅行",
        "meaningZh": [
          "员工旅行"
        ],
        "partOfSpeech": "名",
        "rawText": "しゃいんりょこう（社員旅行） [名] 员工旅行",
        "confidence": "high",
        "audioSegment": {
          "id": "l44-v001",
          "trackId": "lesson_words",
          "sourceUrl": "https://japaflow-audio-bucket.oss-cn-shanghai.aliyuncs.com/textbook-audio/book1-unit11/lesson44/lesson_words.mp3",
          "localAudioPath": "data/ocr/audio-cache/lesson44/lesson_words.mp3",
          "itemIndex": 1,
          "text": "しゃいんりょこう",
          "label": "社員旅行",
          "start": 1.088,
          "end": 2.376,
          "duration": 1.288,
          "speechUnitCount": 1,
          "method": "ffmpeg-silencedetect-order",
          "confidence": "high"
        }
      },
      {
        "id": "l44-v002",
        "kana": "しんにゅうしゃいん",
        "writing": "新入社員",
        "meaningZh": [
          "新来的职员"
        ],
        "partOfSpeech": "名",
        "rawText": "しんにゅうしゃいん（新入社員） [名] 新来的职员",
        "confidence": "high",
        "audioSegment": {
          "id": "l44-v002",
          "trackId": "lesson_words",
          "sourceUrl": "https://japaflow-audio-bucket.oss-cn-shanghai.aliyuncs.com/textbook-audio/book1-unit11/lesson44/lesson_words.mp3",
          "localAudioPath": "data/ocr/audio-cache/lesson44/lesson_words.mp3",
          "itemIndex": 2,
          "text": "しんにゅうしゃいん",
          "label": "新入社員",
          "start": 3.473,
          "end": 4.776,
          "duration": 1.303,
          "speechUnitCount": 1,
          "method": "ffmpeg-silencedetect-order",
          "confidence": "high"
        }
      },
      {
        "id": "l44-v003",
        "kana": "かいぎじょう",
        "writing": "会議場",
        "meaningZh": [
          "会场"
        ],
        "partOfSpeech": "名",
        "rawText": "かいぎじょう（会議場） [名] 会场",
        "confidence": "high",
        "audioSegment": {
          "id": "l44-v003",
          "trackId": "lesson_words",
          "sourceUrl": "https://japaflow-audio-bucket.oss-cn-shanghai.aliyuncs.com/textbook-audio/book1-unit11/lesson44/lesson_words.mp3",
          "localAudioPath": "data/ocr/audio-cache/lesson44/lesson_words.mp3",
          "itemIndex": 3,
          "text": "かいぎじょう",
          "label": "会議場",
          "start": 5.482,
          "end": 6.474,
          "duration": 0.992,
          "speechUnitCount": 1,
          "method": "ffmpeg-silencedetect-order",
          "confidence": "high"
        }
      },
      {
        "id": "l44-v004",
        "kana": "こくさいかいぎ",
        "writing": "国際会議",
        "meaningZh": [
          "国际会议"
        ],
        "partOfSpeech": "名",
        "rawText": "こくさいかいぎ（国際会議） [名] 国际会议",
        "confidence": "high",
        "audioSegment": {
          "id": "l44-v004",
          "trackId": "lesson_words",
          "sourceUrl": "https://japaflow-audio-bucket.oss-cn-shanghai.aliyuncs.com/textbook-audio/book1-unit11/lesson44/lesson_words.mp3",
          "localAudioPath": "data/ocr/audio-cache/lesson44/lesson_words.mp3",
          "itemIndex": 4,
          "text": "こくさいかいぎ",
          "label": "国際会議",
          "start": 7.367,
          "end": 8.559,
          "duration": 1.193,
          "speechUnitCount": 1,
          "method": "ffmpeg-silencedetect-order",
          "confidence": "high"
        }
      },
      {
        "id": "l44-v005",
        "kana": "ビアガーデン",
        "writing": "ビアガーデン",
        "meaningZh": [
          "庭院式的啤酒店"
        ],
        "partOfSpeech": "名",
        "rawText": "ビアガーデン [名] 庭院式的啤酒店",
        "confidence": "high",
        "audioSegment": {
          "id": "l44-v005",
          "trackId": "lesson_words",
          "sourceUrl": "https://japaflow-audio-bucket.oss-cn-shanghai.aliyuncs.com/textbook-audio/book1-unit11/lesson44/lesson_words.mp3",
          "localAudioPath": "data/ocr/audio-cache/lesson44/lesson_words.mp3",
          "itemIndex": 5,
          "text": "ビアガーデン",
          "label": "ビアガーデン",
          "start": 9.067,
          "end": 10.128,
          "duration": 1.061,
          "speechUnitCount": 1,
          "method": "ffmpeg-silencedetect-order",
          "confidence": "high"
        }
      },
      {
        "id": "l44-v006",
        "kana": "おおがたスーパー",
        "writing": "大型スーパー",
        "meaningZh": [
          "大型超市"
        ],
        "partOfSpeech": "名",
        "rawText": "おおがたスーパー（大型〜） [名] 大型超市",
        "confidence": "high",
        "audioSegment": {
          "id": "l44-v006",
          "trackId": "lesson_words",
          "sourceUrl": "https://japaflow-audio-bucket.oss-cn-shanghai.aliyuncs.com/textbook-audio/book1-unit11/lesson44/lesson_words.mp3",
          "localAudioPath": "data/ocr/audio-cache/lesson44/lesson_words.mp3",
          "itemIndex": 6,
          "text": "おおがたスーパー",
          "label": "大型スーパー",
          "start": 11.201,
          "end": 12.736,
          "duration": 1.534,
          "speechUnitCount": 1,
          "method": "ffmpeg-silencedetect-order",
          "confidence": "high"
        }
      },
      {
        "id": "l44-v007",
        "kana": "みずうみ",
        "writing": "湖",
        "meaningZh": [
          "湖"
        ],
        "partOfSpeech": "名",
        "rawText": "みずうみ（湖） [名] 湖",
        "confidence": "high",
        "audioSegment": {
          "id": "l44-v007",
          "trackId": "lesson_words",
          "sourceUrl": "https://japaflow-audio-bucket.oss-cn-shanghai.aliyuncs.com/textbook-audio/book1-unit11/lesson44/lesson_words.mp3",
          "localAudioPath": "data/ocr/audio-cache/lesson44/lesson_words.mp3",
          "itemIndex": 7,
          "text": "みずうみ",
          "label": "湖",
          "start": 13.883,
          "end": 14.678,
          "duration": 0.794,
          "speechUnitCount": 1,
          "method": "ffmpeg-silencedetect-order",
          "confidence": "high"
        }
      },
      {
        "id": "l44-v008",
        "kana": "パトカー",
        "writing": "パトカー",
        "meaningZh": [
          "警车",
          "巡逻车"
        ],
        "partOfSpeech": "名",
        "rawText": "パトカー [名] 警车，巡逻车",
        "confidence": "high",
        "audioSegment": {
          "id": "l44-v008",
          "trackId": "lesson_words",
          "sourceUrl": "https://japaflow-audio-bucket.oss-cn-shanghai.aliyuncs.com/textbook-audio/book1-unit11/lesson44/lesson_words.mp3",
          "localAudioPath": "data/ocr/audio-cache/lesson44/lesson_words.mp3",
          "itemIndex": 8,
          "text": "パトカー",
          "label": "パトカー",
          "start": 16.152,
          "end": 17.05,
          "duration": 0.898,
          "speechUnitCount": 1,
          "method": "ffmpeg-silencedetect-order",
          "confidence": "high"
        }
      },
      {
        "id": "l44-v009",
        "kana": "サイレン",
        "writing": "サイレン",
        "meaningZh": [
          "警笛",
          "警报器"
        ],
        "partOfSpeech": "名",
        "rawText": "サイレン [名] 警笛，警报器",
        "confidence": "high",
        "audioSegment": {
          "id": "l44-v009",
          "trackId": "lesson_words",
          "sourceUrl": "https://japaflow-audio-bucket.oss-cn-shanghai.aliyuncs.com/textbook-audio/book1-unit11/lesson44/lesson_words.mp3",
          "localAudioPath": "data/ocr/audio-cache/lesson44/lesson_words.mp3",
          "itemIndex": 9,
          "text": "サイレン",
          "label": "サイレン",
          "start": 17.878,
          "end": 18.686,
          "duration": 0.808,
          "speechUnitCount": 1,
          "method": "ffmpeg-silencedetect-order",
          "confidence": "high"
        }
      },
      {
        "id": "l44-v010",
        "kana": "アニメ",
        "writing": "アニメ",
        "meaningZh": [
          "动画片"
        ],
        "partOfSpeech": "名",
        "rawText": "アニメ [名] 动画片",
        "confidence": "high",
        "audioSegment": {
          "id": "l44-v010",
          "trackId": "lesson_words",
          "sourceUrl": "https://japaflow-audio-bucket.oss-cn-shanghai.aliyuncs.com/textbook-audio/book1-unit11/lesson44/lesson_words.mp3",
          "localAudioPath": "data/ocr/audio-cache/lesson44/lesson_words.mp3",
          "itemIndex": 10,
          "text": "アニメ",
          "label": "アニメ",
          "start": 19.512,
          "end": 20.129,
          "duration": 0.617,
          "speechUnitCount": 1,
          "method": "ffmpeg-silencedetect-order",
          "confidence": "high"
        }
      },
      {
        "id": "l44-v011",
        "kana": "パワー",
        "writing": "パワー",
        "meaningZh": [
          "能力",
          "力量"
        ],
        "partOfSpeech": "名",
        "rawText": "パワー [名] 能力，力量",
        "confidence": "high",
        "audioSegment": {
          "id": "l44-v011",
          "trackId": "lesson_words",
          "sourceUrl": "https://japaflow-audio-bucket.oss-cn-shanghai.aliyuncs.com/textbook-audio/book1-unit11/lesson44/lesson_words.mp3",
          "localAudioPath": "data/ocr/audio-cache/lesson44/lesson_words.mp3",
          "itemIndex": 11,
          "text": "パワー",
          "label": "パワー",
          "start": 20.953,
          "end": 21.635,
          "duration": 0.681,
          "speechUnitCount": 1,
          "method": "ffmpeg-silencedetect-order",
          "confidence": "high"
        }
      },
      {
        "id": "l44-v012",
        "kana": "こころ",
        "writing": "心",
        "meaningZh": [
          "心"
        ],
        "partOfSpeech": "名",
        "rawText": "こころ（心） [名] 心",
        "confidence": "high",
        "audioSegment": {
          "id": "l44-v012",
          "trackId": "lesson_words",
          "sourceUrl": "https://japaflow-audio-bucket.oss-cn-shanghai.aliyuncs.com/textbook-audio/book1-unit11/lesson44/lesson_words.mp3",
          "localAudioPath": "data/ocr/audio-cache/lesson44/lesson_words.mp3",
          "itemIndex": 12,
          "text": "こころ",
          "label": "心",
          "start": 22.54,
          "end": 23.169,
          "duration": 0.629,
          "speechUnitCount": 1,
          "method": "ffmpeg-silencedetect-order",
          "confidence": "high"
        }
      },
      {
        "id": "l44-v013",
        "kana": "たいど",
        "writing": "態度",
        "meaningZh": [
          "态度"
        ],
        "partOfSpeech": "名",
        "rawText": "たいど（態度） [名] 态度",
        "confidence": "high",
        "audioSegment": {
          "id": "l44-v013",
          "trackId": "lesson_words",
          "sourceUrl": "https://japaflow-audio-bucket.oss-cn-shanghai.aliyuncs.com/textbook-audio/book1-unit11/lesson44/lesson_words.mp3",
          "localAudioPath": "data/ocr/audio-cache/lesson44/lesson_words.mp3",
          "itemIndex": 13,
          "text": "たいど",
          "label": "態度",
          "start": 24.14,
          "end": 24.783,
          "duration": 0.643,
          "speechUnitCount": 1,
          "method": "ffmpeg-silencedetect-order",
          "confidence": "high"
        }
      },
      {
        "id": "l44-v014",
        "kana": "せいかく",
        "writing": "性格",
        "meaningZh": [
          "性格"
        ],
        "partOfSpeech": "名",
        "rawText": "せいかく（性格） [名] 性格",
        "confidence": "high",
        "audioSegment": {
          "id": "l44-v014",
          "trackId": "lesson_words",
          "sourceUrl": "https://japaflow-audio-bucket.oss-cn-shanghai.aliyuncs.com/textbook-audio/book1-unit11/lesson44/lesson_words.mp3",
          "localAudioPath": "data/ocr/audio-cache/lesson44/lesson_words.mp3",
          "itemIndex": 14,
          "text": "せいかく",
          "label": "性格",
          "start": 25.622,
          "end": 26.633,
          "duration": 1.011,
          "speechUnitCount": 1,
          "method": "ffmpeg-silencedetect-order",
          "confidence": "high"
        }
      },
      {
        "id": "l44-v015",
        "kana": "ひょうばん",
        "writing": "評判",
        "meaningZh": [
          "评价",
          "评论"
        ],
        "partOfSpeech": "名",
        "rawText": "ひょうばん（評判） [名] 评价，评论",
        "confidence": "high",
        "audioSegment": {
          "id": "l44-v015",
          "trackId": "lesson_words",
          "sourceUrl": "https://japaflow-audio-bucket.oss-cn-shanghai.aliyuncs.com/textbook-audio/book1-unit11/lesson44/lesson_words.mp3",
          "localAudioPath": "data/ocr/audio-cache/lesson44/lesson_words.mp3",
          "itemIndex": 15,
          "text": "ひょうばん",
          "label": "評判",
          "start": 27.275,
          "end": 28.033,
          "duration": 0.758,
          "speechUnitCount": 1,
          "method": "ffmpeg-silencedetect-order",
          "confidence": "high"
        }
      },
      {
        "id": "l44-v016",
        "kana": "ぎょうれつ",
        "writing": "行列",
        "meaningZh": [
          "行列",
          "队伍"
        ],
        "partOfSpeech": "名",
        "rawText": "ぎょうれつ（行列） [名] 行列，队伍",
        "confidence": "high",
        "audioSegment": {
          "id": "l44-v016",
          "trackId": "lesson_words",
          "sourceUrl": "https://japaflow-audio-bucket.oss-cn-shanghai.aliyuncs.com/textbook-audio/book1-unit11/lesson44/lesson_words.mp3",
          "localAudioPath": "data/ocr/audio-cache/lesson44/lesson_words.mp3",
          "itemIndex": 16,
          "text": "ぎょうれつ",
          "label": "行列",
          "start": 29.332,
          "end": 30.294,
          "duration": 0.961,
          "speechUnitCount": 1,
          "method": "ffmpeg-silencedetect-order",
          "confidence": "high"
        }
      },
      {
        "id": "l44-v017",
        "kana": "ようき",
        "writing": "容器",
        "meaningZh": [
          "容器"
        ],
        "partOfSpeech": "名",
        "rawText": "ようき（容器） [名] 容器",
        "confidence": "high",
        "audioSegment": {
          "id": "l44-v017",
          "trackId": "lesson_words",
          "sourceUrl": "https://japaflow-audio-bucket.oss-cn-shanghai.aliyuncs.com/textbook-audio/book1-unit11/lesson44/lesson_words.mp3",
          "localAudioPath": "data/ocr/audio-cache/lesson44/lesson_words.mp3",
          "itemIndex": 17,
          "text": "ようき",
          "label": "容器",
          "start": 30.877,
          "end": 31.536,
          "duration": 0.66,
          "speechUnitCount": 1,
          "method": "ffmpeg-silencedetect-order",
          "confidence": "high"
        }
      },
      {
        "id": "l44-v018",
        "kana": "ないよう",
        "writing": "内容",
        "meaningZh": [
          "内容"
        ],
        "partOfSpeech": "名",
        "rawText": "ないよう（内容） [名] 内容",
        "confidence": "high",
        "audioSegment": {
          "id": "l44-v018",
          "trackId": "lesson_words",
          "sourceUrl": "https://japaflow-audio-bucket.oss-cn-shanghai.aliyuncs.com/textbook-audio/book1-unit11/lesson44/lesson_words.mp3",
          "localAudioPath": "data/ocr/audio-cache/lesson44/lesson_words.mp3",
          "itemIndex": 18,
          "text": "ないよう",
          "label": "内容",
          "start": 32.625,
          "end": 33.586,
          "duration": 0.961,
          "speechUnitCount": 1,
          "method": "ffmpeg-silencedetect-order",
          "confidence": "high"
        }
      },
      {
        "id": "l44-v019",
        "kana": "うれゆき",
        "writing": "売れ行き",
        "meaningZh": [
          "销路",
          "销售情况"
        ],
        "partOfSpeech": "名",
        "rawText": "うれゆき（売れ行き） [名] 销路，销售（情况）",
        "confidence": "high",
        "audioSegment": {
          "id": "l44-v019",
          "trackId": "lesson_words",
          "sourceUrl": "https://japaflow-audio-bucket.oss-cn-shanghai.aliyuncs.com/textbook-audio/book1-unit11/lesson44/lesson_words.mp3",
          "localAudioPath": "data/ocr/audio-cache/lesson44/lesson_words.mp3",
          "itemIndex": 19,
          "text": "うれゆき",
          "label": "売れ行き",
          "start": 34.159,
          "end": 34.956,
          "duration": 0.797,
          "speechUnitCount": 1,
          "method": "ffmpeg-silencedetect-order",
          "confidence": "high"
        }
      },
      {
        "id": "l44-v020",
        "kana": "のりもの",
        "writing": "乗り物",
        "meaningZh": [
          "交通工具"
        ],
        "partOfSpeech": "名",
        "rawText": "のりもの（乗り物） [名] 交通工具",
        "confidence": "high",
        "audioSegment": {
          "id": "l44-v020",
          "trackId": "lesson_words",
          "sourceUrl": "https://japaflow-audio-bucket.oss-cn-shanghai.aliyuncs.com/textbook-audio/book1-unit11/lesson44/lesson_words.mp3",
          "localAudioPath": "data/ocr/audio-cache/lesson44/lesson_words.mp3",
          "itemIndex": 20,
          "text": "のりもの",
          "label": "乗り物",
          "start": 35.845,
          "end": 36.772,
          "duration": 0.927,
          "speechUnitCount": 1,
          "method": "ffmpeg-silencedetect-order",
          "confidence": "high"
        }
      },
      {
        "id": "l44-v021",
        "kana": "あせ",
        "writing": "汗",
        "meaningZh": [
          "汗"
        ],
        "partOfSpeech": "名",
        "rawText": "あせ（汗） [名] 汗",
        "confidence": "high",
        "audioSegment": {
          "id": "l44-v021",
          "trackId": "lesson_words",
          "sourceUrl": "https://japaflow-audio-bucket.oss-cn-shanghai.aliyuncs.com/textbook-audio/book1-unit11/lesson44/lesson_words.mp3",
          "localAudioPath": "data/ocr/audio-cache/lesson44/lesson_words.mp3",
          "itemIndex": 21,
          "text": "あせ",
          "label": "汗",
          "start": 37.419,
          "end": 37.906,
          "duration": 0.487,
          "speechUnitCount": 1,
          "method": "ffmpeg-silencedetect-order",
          "confidence": "high"
        }
      },
      {
        "id": "l44-v022",
        "kana": "はい",
        "writing": "倍",
        "meaningZh": [
          "倍",
          "加倍"
        ],
        "partOfSpeech": "名",
        "rawText": "はい（倍） [名] 倍，加倍",
        "confidence": "high",
        "audioSegment": {
          "id": "l44-v022",
          "trackId": "lesson_words",
          "sourceUrl": "https://japaflow-audio-bucket.oss-cn-shanghai.aliyuncs.com/textbook-audio/book1-unit11/lesson44/lesson_words.mp3",
          "localAudioPath": "data/ocr/audio-cache/lesson44/lesson_words.mp3",
          "itemIndex": 22,
          "text": "はい",
          "label": "倍",
          "start": 39.426,
          "end": 39.904,
          "duration": 0.478,
          "speechUnitCount": 1,
          "method": "ffmpeg-silencedetect-order",
          "confidence": "high"
        }
      },
      {
        "id": "l44-v023",
        "kana": "たて",
        "writing": "縦",
        "meaningZh": [
          "纵",
          "竖"
        ],
        "partOfSpeech": "名",
        "rawText": "たて（縦） [名] 纵，竖",
        "confidence": "high",
        "audioSegment": {
          "id": "l44-v023",
          "trackId": "lesson_words",
          "sourceUrl": "https://japaflow-audio-bucket.oss-cn-shanghai.aliyuncs.com/textbook-audio/book1-unit11/lesson44/lesson_words.mp3",
          "localAudioPath": "data/ocr/audio-cache/lesson44/lesson_words.mp3",
          "itemIndex": 23,
          "text": "たて",
          "label": "縦",
          "start": 40.641,
          "end": 41.118,
          "duration": 0.476,
          "speechUnitCount": 1,
          "method": "ffmpeg-silencedetect-order",
          "confidence": "high"
        }
      },
      {
        "id": "l44-v024",
        "kana": "ちゅうごくぜんど",
        "writing": "中国全土",
        "meaningZh": [
          "全国"
        ],
        "partOfSpeech": "名",
        "rawText": "ちゅうごくぜんど（中国全土） [名] 全国",
        "confidence": "high",
        "audioSegment": {
          "id": "l44-v024",
          "trackId": "lesson_words",
          "sourceUrl": "https://japaflow-audio-bucket.oss-cn-shanghai.aliyuncs.com/textbook-audio/book1-unit11/lesson44/lesson_words.mp3",
          "localAudioPath": "data/ocr/audio-cache/lesson44/lesson_words.mp3",
          "itemIndex": 24,
          "text": "ちゅうごくぜんど",
          "label": "中国全土",
          "start": 43.065,
          "end": 44.573,
          "duration": 1.508,
          "speechUnitCount": 1,
          "method": "ffmpeg-silencedetect-order",
          "confidence": "high"
        }
      },
      {
        "id": "l44-v025",
        "kana": "ちょうきよほう",
        "writing": "長期予報",
        "meaningZh": [
          "长期预报"
        ],
        "partOfSpeech": "名",
        "rawText": "ちょうきよほう（長期予報） [名] 长期预报",
        "confidence": "high",
        "audioSegment": {
          "id": "l44-v025",
          "trackId": "lesson_words",
          "sourceUrl": "https://japaflow-audio-bucket.oss-cn-shanghai.aliyuncs.com/textbook-audio/book1-unit11/lesson44/lesson_words.mp3",
          "localAudioPath": "data/ocr/audio-cache/lesson44/lesson_words.mp3",
          "itemIndex": 25,
          "text": "ちょうきよほう",
          "label": "長期予報",
          "start": 45.717,
          "end": 46.909,
          "duration": 1.191,
          "speechUnitCount": 1,
          "method": "ffmpeg-silencedetect-order",
          "confidence": "high"
        }
      },
      {
        "id": "l44-v026",
        "kana": "わらい",
        "writing": "笑い",
        "meaningZh": [
          "笑"
        ],
        "partOfSpeech": "名",
        "rawText": "わらい（笑い） [名] 笑",
        "confidence": "high",
        "audioSegment": {
          "id": "l44-v026",
          "trackId": "lesson_words",
          "sourceUrl": "https://japaflow-audio-bucket.oss-cn-shanghai.aliyuncs.com/textbook-audio/book1-unit11/lesson44/lesson_words.mp3",
          "localAudioPath": "data/ocr/audio-cache/lesson44/lesson_words.mp3",
          "itemIndex": 26,
          "text": "わらい",
          "label": "笑い",
          "start": 47.812,
          "end": 48.486,
          "duration": 0.674,
          "speechUnitCount": 1,
          "method": "ffmpeg-silencedetect-order",
          "confidence": "high"
        }
      },
      {
        "id": "l44-v027",
        "kana": "あつさ",
        "writing": "暑さ",
        "meaningZh": [
          "暑热",
          "暑气"
        ],
        "partOfSpeech": "名",
        "rawText": "あつさ（暑さ） [名] 暑热，暑气",
        "confidence": "high",
        "audioSegment": {
          "id": "l44-v027",
          "trackId": "lesson_words",
          "sourceUrl": "https://japaflow-audio-bucket.oss-cn-shanghai.aliyuncs.com/textbook-audio/book1-unit11/lesson44/lesson_words.mp3",
          "localAudioPath": "data/ocr/audio-cache/lesson44/lesson_words.mp3",
          "itemIndex": 27,
          "text": "あつさ",
          "label": "暑さ",
          "start": 49.883,
          "end": 50.527,
          "duration": 0.643,
          "speechUnitCount": 1,
          "method": "ffmpeg-silencedetect-order",
          "confidence": "high"
        }
      },
      {
        "id": "l44-v028",
        "kana": "うつくしさ",
        "writing": "美しさ",
        "meaningZh": [
          "美好",
          "美丽程度"
        ],
        "partOfSpeech": "名",
        "rawText": "うつくしさ（美しさ） [名] 美好，美丽程度",
        "confidence": "high",
        "audioSegment": {
          "id": "l44-v028",
          "trackId": "lesson_words",
          "sourceUrl": "https://japaflow-audio-bucket.oss-cn-shanghai.aliyuncs.com/textbook-audio/book1-unit11/lesson44/lesson_words.mp3",
          "localAudioPath": "data/ocr/audio-cache/lesson44/lesson_words.mp3",
          "itemIndex": 28,
          "text": "うつくしさ",
          "label": "美しさ",
          "start": 51.495,
          "end": 52.388,
          "duration": 0.893,
          "speechUnitCount": 1,
          "method": "ffmpeg-silencedetect-order",
          "confidence": "high"
        }
      },
      {
        "id": "l44-v029",
        "kana": "おもしろさ",
        "writing": "おもしろさ",
        "meaningZh": [
          "趣味",
          "有趣程度"
        ],
        "partOfSpeech": "名",
        "rawText": "おもしろさ [名] 趣味，有趣程度",
        "confidence": "high",
        "audioSegment": {
          "id": "l44-v029",
          "trackId": "lesson_words",
          "sourceUrl": "https://japaflow-audio-bucket.oss-cn-shanghai.aliyuncs.com/textbook-audio/book1-unit11/lesson44/lesson_words.mp3",
          "localAudioPath": "data/ocr/audio-cache/lesson44/lesson_words.mp3",
          "itemIndex": 29,
          "text": "おもしろさ",
          "label": "おもしろさ",
          "start": 53.213,
          "end": 54.04,
          "duration": 0.827,
          "speechUnitCount": 1,
          "method": "ffmpeg-silencedetect-order",
          "confidence": "high"
        }
      },
      {
        "id": "l44-v030",
        "kana": "おおきさ",
        "writing": "大きさ",
        "meaningZh": [
          "大小"
        ],
        "partOfSpeech": "名",
        "rawText": "おおきさ（大きさ） [名] 大小",
        "confidence": "high",
        "audioSegment": {
          "id": "l44-v030",
          "trackId": "lesson_words",
          "sourceUrl": "https://japaflow-audio-bucket.oss-cn-shanghai.aliyuncs.com/textbook-audio/book1-unit11/lesson44/lesson_words.mp3",
          "localAudioPath": "data/ocr/audio-cache/lesson44/lesson_words.mp3",
          "itemIndex": 30,
          "text": "おおきさ",
          "label": "大きさ",
          "start": 55.043,
          "end": 55.884,
          "duration": 0.841,
          "speechUnitCount": 1,
          "method": "ffmpeg-silencedetect-order",
          "confidence": "high"
        }
      },
      {
        "id": "l44-v031",
        "kana": "たかさ",
        "writing": "高さ",
        "meaningZh": [
          "高度"
        ],
        "partOfSpeech": "名",
        "rawText": "たかさ（高さ） [名] 高度",
        "confidence": "high",
        "audioSegment": {
          "id": "l44-v031",
          "trackId": "lesson_words",
          "sourceUrl": "https://japaflow-audio-bucket.oss-cn-shanghai.aliyuncs.com/textbook-audio/book1-unit11/lesson44/lesson_words.mp3",
          "localAudioPath": "data/ocr/audio-cache/lesson44/lesson_words.mp3",
          "itemIndex": 31,
          "text": "たかさ",
          "label": "高さ",
          "start": 56.665,
          "end": 57.296,
          "duration": 0.631,
          "speechUnitCount": 1,
          "method": "ffmpeg-silencedetect-order",
          "confidence": "high"
        }
      },
      {
        "id": "l44-v032",
        "kana": "ふかさ",
        "writing": "深さ",
        "meaningZh": [
          "深度"
        ],
        "partOfSpeech": "名",
        "rawText": "ふかさ（深さ） [名] 深度",
        "confidence": "high",
        "audioSegment": {
          "id": "l44-v032",
          "trackId": "lesson_words",
          "sourceUrl": "https://japaflow-audio-bucket.oss-cn-shanghai.aliyuncs.com/textbook-audio/book1-unit11/lesson44/lesson_words.mp3",
          "localAudioPath": "data/ocr/audio-cache/lesson44/lesson_words.mp3",
          "itemIndex": 32,
          "text": "ふかさ",
          "label": "深さ",
          "start": 58.442,
          "end": 59.111,
          "duration": 0.669,
          "speechUnitCount": 1,
          "method": "ffmpeg-silencedetect-order",
          "confidence": "high"
        }
      },
      {
        "id": "l44-v033",
        "kana": "ながさ",
        "writing": "長さ",
        "meaningZh": [
          "长度"
        ],
        "partOfSpeech": "名",
        "rawText": "ながさ（長さ） [名] 长度",
        "confidence": "high",
        "audioSegment": {
          "id": "l44-v033",
          "trackId": "lesson_words",
          "sourceUrl": "https://japaflow-audio-bucket.oss-cn-shanghai.aliyuncs.com/textbook-audio/book1-unit11/lesson44/lesson_words.mp3",
          "localAudioPath": "data/ocr/audio-cache/lesson44/lesson_words.mp3",
          "itemIndex": 33,
          "text": "ながさ",
          "label": "長さ",
          "start": 60.428,
          "end": 61.102,
          "duration": 0.674,
          "speechUnitCount": 1,
          "method": "ffmpeg-silencedetect-order",
          "confidence": "high"
        }
      },
      {
        "id": "l44-v034",
        "kana": "ひろさ",
        "writing": "広さ",
        "meaningZh": [
          "面积"
        ],
        "partOfSpeech": "名",
        "rawText": "ひろさ（広さ） [名] 面积",
        "confidence": "high",
        "audioSegment": {
          "id": "l44-v034",
          "trackId": "lesson_words",
          "sourceUrl": "https://japaflow-audio-bucket.oss-cn-shanghai.aliyuncs.com/textbook-audio/book1-unit11/lesson44/lesson_words.mp3",
          "localAudioPath": "data/ocr/audio-cache/lesson44/lesson_words.mp3",
          "itemIndex": 34,
          "text": "ひろさ",
          "label": "広さ",
          "start": 62.071,
          "end": 62.813,
          "duration": 0.742,
          "speechUnitCount": 1,
          "method": "ffmpeg-silencedetect-order",
          "confidence": "high"
        }
      },
      {
        "id": "l44-v035",
        "kana": "ふとさ",
        "writing": "太さ",
        "meaningZh": [
          "粗(度)"
        ],
        "partOfSpeech": "名",
        "rawText": "ふとさ（太さ） [名] 粗(度)",
        "confidence": "high",
        "audioSegment": {
          "id": "l44-v035",
          "trackId": "lesson_words",
          "sourceUrl": "https://japaflow-audio-bucket.oss-cn-shanghai.aliyuncs.com/textbook-audio/book1-unit11/lesson44/lesson_words.mp3",
          "localAudioPath": "data/ocr/audio-cache/lesson44/lesson_words.mp3",
          "itemIndex": 35,
          "text": "ふとさ",
          "label": "太さ",
          "start": 63.676,
          "end": 64.285,
          "duration": 0.609,
          "speechUnitCount": 1,
          "method": "ffmpeg-silencedetect-order",
          "confidence": "high"
        }
      },
      {
        "id": "l44-v036",
        "kana": "おもさ",
        "writing": "重さ",
        "meaningZh": [
          "重量"
        ],
        "partOfSpeech": "名",
        "rawText": "おもさ（重さ） [名] 重量",
        "confidence": "high",
        "audioSegment": {
          "id": "l44-v036",
          "trackId": "lesson_words",
          "sourceUrl": "https://japaflow-audio-bucket.oss-cn-shanghai.aliyuncs.com/textbook-audio/book1-unit11/lesson44/lesson_words.mp3",
          "localAudioPath": "data/ocr/audio-cache/lesson44/lesson_words.mp3",
          "itemIndex": 36,
          "text": "おもさ",
          "label": "重さ",
          "start": 65.348,
          "end": 66.086,
          "duration": 0.738,
          "speechUnitCount": 1,
          "method": "ffmpeg-silencedetect-order",
          "confidence": "high"
        }
      },
      {
        "id": "l44-v037",
        "kana": "あつさ",
        "writing": "厚さ",
        "meaningZh": [
          "厚度"
        ],
        "partOfSpeech": "名",
        "rawText": "あつさ（厚さ） [名] 厚度",
        "confidence": "high",
        "audioSegment": {
          "id": "l44-v037",
          "trackId": "lesson_words",
          "sourceUrl": "https://japaflow-audio-bucket.oss-cn-shanghai.aliyuncs.com/textbook-audio/book1-unit11/lesson44/lesson_words.mp3",
          "localAudioPath": "data/ocr/audio-cache/lesson44/lesson_words.mp3",
          "itemIndex": 37,
          "text": "あつさ",
          "label": "厚さ",
          "start": 66.928,
          "end": 67.642,
          "duration": 0.715,
          "speechUnitCount": 1,
          "method": "ffmpeg-silencedetect-order",
          "confidence": "high"
        }
      },
      {
        "id": "l44-v038",
        "kana": "はやさ",
        "writing": "速さ",
        "meaningZh": [
          "速度"
        ],
        "partOfSpeech": "名",
        "rawText": "はやさ（速さ） [名] 速度",
        "confidence": "high",
        "audioSegment": {
          "id": "l44-v038",
          "trackId": "lesson_words",
          "sourceUrl": "https://japaflow-audio-bucket.oss-cn-shanghai.aliyuncs.com/textbook-audio/book1-unit11/lesson44/lesson_words.mp3",
          "localAudioPath": "data/ocr/audio-cache/lesson44/lesson_words.mp3",
          "itemIndex": 38,
          "text": "はやさ",
          "label": "速さ",
          "start": 68.631,
          "end": 69.351,
          "duration": 0.72,
          "speechUnitCount": 1,
          "method": "ffmpeg-silencedetect-order",
          "confidence": "high"
        }
      },
      {
        "id": "l44-v039",
        "kana": "べんりさ",
        "writing": "便利さ",
        "meaningZh": [
          "方便程度"
        ],
        "partOfSpeech": "名",
        "rawText": "べんりさ（便利さ） [名] 方便程度",
        "confidence": "high",
        "audioSegment": {
          "id": "l44-v039",
          "trackId": "lesson_words",
          "sourceUrl": "https://japaflow-audio-bucket.oss-cn-shanghai.aliyuncs.com/textbook-audio/book1-unit11/lesson44/lesson_words.mp3",
          "localAudioPath": "data/ocr/audio-cache/lesson44/lesson_words.mp3",
          "itemIndex": 39,
          "text": "べんりさ",
          "label": "便利さ",
          "start": 70.167,
          "end": 70.976,
          "duration": 0.808,
          "speechUnitCount": 1,
          "method": "ffmpeg-silencedetect-order",
          "confidence": "high"
        }
      },
      {
        "id": "l44-v040",
        "kana": "ふくざつさ",
        "writing": "複雑さ",
        "meaningZh": [
          "复杂程度"
        ],
        "partOfSpeech": "名",
        "rawText": "ふくざつさ（複雑さ） [名] 复杂程度",
        "confidence": "high",
        "audioSegment": {
          "id": "l44-v040",
          "trackId": "lesson_words",
          "sourceUrl": "https://japaflow-audio-bucket.oss-cn-shanghai.aliyuncs.com/textbook-audio/book1-unit11/lesson44/lesson_words.mp3",
          "localAudioPath": "data/ocr/audio-cache/lesson44/lesson_words.mp3",
          "itemIndex": 40,
          "text": "ふくざつさ",
          "label": "複雑さ",
          "start": 72.504,
          "end": 73.522,
          "duration": 1.018,
          "speechUnitCount": 1,
          "method": "ffmpeg-silencedetect-order",
          "confidence": "high"
        }
      },
      {
        "id": "l44-v041",
        "kana": "おいしさ",
        "writing": "おいしさ",
        "meaningZh": [
          "美味",
          "好吃程度"
        ],
        "partOfSpeech": "名",
        "rawText": "おいしさ [名] 美味，好吃程度",
        "confidence": "high",
        "audioSegment": {
          "id": "l44-v041",
          "trackId": "lesson_words",
          "sourceUrl": "https://japaflow-audio-bucket.oss-cn-shanghai.aliyuncs.com/textbook-audio/book1-unit11/lesson44/lesson_words.mp3",
          "localAudioPath": "data/ocr/audio-cache/lesson44/lesson_words.mp3",
          "itemIndex": 41,
          "text": "おいしさ",
          "label": "おいしさ",
          "start": 74.3,
          "end": 75.166,
          "duration": 0.866,
          "speechUnitCount": 1,
          "method": "ffmpeg-silencedetect-order",
          "confidence": "high"
        }
      },
      {
        "id": "l44-v042",
        "kana": "じゅうようさ",
        "writing": "重要さ",
        "meaningZh": [
          "重要性",
          "重要程度"
        ],
        "partOfSpeech": "名",
        "rawText": "じゅうようさ（重要さ） [名] 重要性，重要程度",
        "confidence": "high",
        "audioSegment": {
          "id": "l44-v042",
          "trackId": "lesson_words",
          "sourceUrl": "https://japaflow-audio-bucket.oss-cn-shanghai.aliyuncs.com/textbook-audio/book1-unit11/lesson44/lesson_words.mp3",
          "localAudioPath": "data/ocr/audio-cache/lesson44/lesson_words.mp3",
          "itemIndex": 42,
          "text": "じゅうようさ",
          "label": "重要さ",
          "start": 76.571,
          "end": 77.608,
          "duration": 1.038,
          "speechUnitCount": 1,
          "method": "ffmpeg-silencedetect-order",
          "confidence": "high"
        }
      },
      {
        "id": "l44-v043",
        "kana": "あまさ",
        "writing": "甘さ",
        "meaningZh": [
          "甜度"
        ],
        "partOfSpeech": "名",
        "rawText": "あまさ（甘さ） [名] 甜度",
        "confidence": "high",
        "audioSegment": {
          "id": "l44-v043",
          "trackId": "lesson_words",
          "sourceUrl": "https://japaflow-audio-bucket.oss-cn-shanghai.aliyuncs.com/textbook-audio/book1-unit11/lesson44/lesson_words.mp3",
          "localAudioPath": "data/ocr/audio-cache/lesson44/lesson_words.mp3",
          "itemIndex": 43,
          "text": "あまさ",
          "label": "甘さ",
          "start": 78.749,
          "end": 79.461,
          "duration": 0.712,
          "speechUnitCount": 1,
          "method": "ffmpeg-silencedetect-order",
          "confidence": "high"
        }
      },
      {
        "id": "l44-v044",
        "kana": "ひろがります",
        "writing": "広がります",
        "meaningZh": [
          "蔓延",
          "拓宽"
        ],
        "partOfSpeech": "动1",
        "rawText": "ひろがります（広がります） [动1] 蔓延，拓宽",
        "confidence": "high",
        "audioSegment": {
          "id": "l44-v044",
          "trackId": "lesson_words",
          "sourceUrl": "https://japaflow-audio-bucket.oss-cn-shanghai.aliyuncs.com/textbook-audio/book1-unit11/lesson44/lesson_words.mp3",
          "localAudioPath": "data/ocr/audio-cache/lesson44/lesson_words.mp3",
          "itemIndex": 44,
          "text": "ひろがります",
          "label": "広がります",
          "start": 80.892,
          "end": 82.167,
          "duration": 1.275,
          "speechUnitCount": 1,
          "method": "ffmpeg-silencedetect-order",
          "confidence": "high"
        }
      },
      {
        "id": "l44-v045",
        "kana": "もどります",
        "writing": "戻ります",
        "meaningZh": [
          "返回",
          "回到"
        ],
        "partOfSpeech": "动1",
        "rawText": "もどります（戻ります） [动1] 返回，回到",
        "confidence": "high",
        "audioSegment": {
          "id": "l44-v045",
          "trackId": "lesson_words",
          "sourceUrl": "https://japaflow-audio-bucket.oss-cn-shanghai.aliyuncs.com/textbook-audio/book1-unit11/lesson44/lesson_words.mp3",
          "localAudioPath": "data/ocr/audio-cache/lesson44/lesson_words.mp3",
          "itemIndex": 45,
          "text": "もどります",
          "label": "戻ります",
          "start": 82.504,
          "end": 83.575,
          "duration": 1.071,
          "speechUnitCount": 1,
          "method": "ffmpeg-silencedetect-order",
          "confidence": "high"
        }
      },
      {
        "id": "l44-v046",
        "kana": "おどろきます",
        "writing": "驚きます",
        "meaningZh": [
          "惊讶",
          "吃惊"
        ],
        "partOfSpeech": "动1",
        "rawText": "おどろきます（驚きます） [动1] 惊讶，吃惊",
        "confidence": "high",
        "audioSegment": {
          "id": "l44-v046",
          "trackId": "lesson_words",
          "sourceUrl": "https://japaflow-audio-bucket.oss-cn-shanghai.aliyuncs.com/textbook-audio/book1-unit11/lesson44/lesson_words.mp3",
          "localAudioPath": "data/ocr/audio-cache/lesson44/lesson_words.mp3",
          "itemIndex": 46,
          "text": "おどろきます",
          "label": "驚きます",
          "start": 83.912,
          "end": 85.088,
          "duration": 1.176,
          "speechUnitCount": 1,
          "method": "ffmpeg-silencedetect-order",
          "confidence": "high"
        }
      },
      {
        "id": "l44-v047",
        "kana": "しゃれます",
        "writing": "しゃれます",
        "meaningZh": [
          "别致，风趣",
          "打扮得漂亮"
        ],
        "partOfSpeech": "动2",
        "rawText": "しゃれます [动2] 别致，风趣；打扮得漂亮",
        "confidence": "high",
        "audioSegment": {
          "id": "l44-v047",
          "trackId": "lesson_words",
          "sourceUrl": "https://japaflow-audio-bucket.oss-cn-shanghai.aliyuncs.com/textbook-audio/book1-unit11/lesson44/lesson_words.mp3",
          "localAudioPath": "data/ocr/audio-cache/lesson44/lesson_words.mp3",
          "itemIndex": 47,
          "text": "しゃれます",
          "label": "しゃれます",
          "start": 85.403,
          "end": 86.437,
          "duration": 1.034,
          "speechUnitCount": 1,
          "method": "ffmpeg-silencedetect-order",
          "confidence": "high"
        }
      },
      {
        "id": "l44-v048",
        "kana": "じっかんします",
        "writing": "実感します",
        "meaningZh": [
          "切实感受",
          "真切感受"
        ],
        "partOfSpeech": "动3",
        "rawText": "じっかんします（実感〜） [动3] 切实感受，真切感受",
        "confidence": "high",
        "audioSegment": {
          "id": "l44-v048",
          "trackId": "lesson_words",
          "sourceUrl": "https://japaflow-audio-bucket.oss-cn-shanghai.aliyuncs.com/textbook-audio/book1-unit11/lesson44/lesson_words.mp3",
          "localAudioPath": "data/ocr/audio-cache/lesson44/lesson_words.mp3",
          "itemIndex": 48,
          "text": "じっかんします",
          "label": "実感します",
          "start": 87.11,
          "end": 88.634,
          "duration": 1.524,
          "speechUnitCount": 1,
          "method": "ffmpeg-silencedetect-order",
          "confidence": "high"
        }
      },
      {
        "id": "l44-v049",
        "kana": "ふかい",
        "writing": "深い",
        "meaningZh": [
          "深"
        ],
        "partOfSpeech": "形1",
        "rawText": "ふかい（深い） [形1] 深",
        "confidence": "high",
        "audioSegment": {
          "id": "l44-v049",
          "trackId": "lesson_words",
          "sourceUrl": "https://japaflow-audio-bucket.oss-cn-shanghai.aliyuncs.com/textbook-audio/book1-unit11/lesson44/lesson_words.mp3",
          "localAudioPath": "data/ocr/audio-cache/lesson44/lesson_words.mp3",
          "itemIndex": 49,
          "text": "ふかい",
          "label": "深い",
          "start": 89.237,
          "end": 89.807,
          "duration": 0.569,
          "speechUnitCount": 1,
          "method": "ffmpeg-silencedetect-order",
          "confidence": "high"
        }
      },
      {
        "id": "l44-v050",
        "kana": "おとなしい",
        "writing": "おとなしい",
        "meaningZh": [
          "温顺",
          "老实"
        ],
        "partOfSpeech": "形1",
        "rawText": "おとなしい [形1] 温顺，老实",
        "confidence": "high",
        "audioSegment": {
          "id": "l44-v050",
          "trackId": "lesson_words",
          "sourceUrl": "https://japaflow-audio-bucket.oss-cn-shanghai.aliyuncs.com/textbook-audio/book1-unit11/lesson44/lesson_words.mp3",
          "localAudioPath": "data/ocr/audio-cache/lesson44/lesson_words.mp3",
          "itemIndex": 50,
          "text": "おとなしい",
          "label": "おとなしい",
          "start": 90.951,
          "end": 91.921,
          "duration": 0.97,
          "speechUnitCount": 1,
          "method": "ffmpeg-silencedetect-order",
          "confidence": "high"
        }
      },
      {
        "id": "l44-v051",
        "kana": "はずかしい",
        "writing": "恥ずかしい",
        "meaningZh": [
          "害羞",
          "难为情"
        ],
        "partOfSpeech": "形1",
        "rawText": "はずかしい（恥ずかしい） [形1] 害羞，难为情",
        "confidence": "high",
        "audioSegment": {
          "id": "l44-v051",
          "trackId": "lesson_words",
          "sourceUrl": "https://japaflow-audio-bucket.oss-cn-shanghai.aliyuncs.com/textbook-audio/book1-unit11/lesson44/lesson_words.mp3",
          "localAudioPath": "data/ocr/audio-cache/lesson44/lesson_words.mp3",
          "itemIndex": 51,
          "text": "はずかしい",
          "label": "恥ずかしい",
          "start": 92.558,
          "end": 93.557,
          "duration": 0.999,
          "speechUnitCount": 1,
          "method": "ffmpeg-silencedetect-order",
          "confidence": "high"
        }
      },
      {
        "id": "l44-v052",
        "kana": "めずらしい",
        "writing": "珍しい",
        "meaningZh": [
          "珍奇",
          "新奇"
        ],
        "partOfSpeech": "形1",
        "rawText": "めずらしい（珍しい） [形1] 珍奇，新奇",
        "confidence": "high",
        "audioSegment": {
          "id": "l44-v052",
          "trackId": "lesson_words",
          "sourceUrl": "https://japaflow-audio-bucket.oss-cn-shanghai.aliyuncs.com/textbook-audio/book1-unit11/lesson44/lesson_words.mp3",
          "localAudioPath": "data/ocr/audio-cache/lesson44/lesson_words.mp3",
          "itemIndex": 52,
          "text": "めずらしい",
          "label": "珍しい",
          "start": 94.329,
          "end": 95.407,
          "duration": 1.079,
          "speechUnitCount": 1,
          "method": "ffmpeg-silencedetect-order",
          "confidence": "high"
        }
      },
      {
        "id": "l44-v053",
        "kana": "ごうか",
        "writing": "豪華",
        "meaningZh": [
          "豪华",
          "奢华"
        ],
        "partOfSpeech": "形2",
        "rawText": "ごうか（豪華） [形2] 豪华，奢华",
        "confidence": "high",
        "audioSegment": {
          "id": "l44-v053",
          "trackId": "lesson_words",
          "sourceUrl": "https://japaflow-audio-bucket.oss-cn-shanghai.aliyuncs.com/textbook-audio/book1-unit11/lesson44/lesson_words.mp3",
          "localAudioPath": "data/ocr/audio-cache/lesson44/lesson_words.mp3",
          "itemIndex": 53,
          "text": "ごうか",
          "label": "豪華",
          "start": 96.013,
          "end": 96.665,
          "duration": 0.652,
          "speechUnitCount": 1,
          "method": "ffmpeg-silencedetect-order",
          "confidence": "high"
        }
      },
      {
        "id": "l44-v054",
        "kana": "こうちょう",
        "writing": "好調",
        "meaningZh": [
          "顺利",
          "情况良好"
        ],
        "partOfSpeech": "形2",
        "rawText": "こうちょう（好調） [形2] 顺利，情况良好",
        "confidence": "high",
        "audioSegment": {
          "id": "l44-v054",
          "trackId": "lesson_words",
          "sourceUrl": "https://japaflow-audio-bucket.oss-cn-shanghai.aliyuncs.com/textbook-audio/book1-unit11/lesson44/lesson_words.mp3",
          "localAudioPath": "data/ocr/audio-cache/lesson44/lesson_words.mp3",
          "itemIndex": 54,
          "text": "こうちょう",
          "label": "好調",
          "start": 97.792,
          "end": 98.772,
          "duration": 0.98,
          "speechUnitCount": 1,
          "method": "ffmpeg-silencedetect-order",
          "confidence": "high"
        }
      },
      {
        "id": "l44-v055",
        "kana": "ひかえめ",
        "writing": "控えめ",
        "meaningZh": [
          "分量少",
          "节制",
          "控制",
          "拘谨"
        ],
        "partOfSpeech": "形2",
        "rawText": "ひかえめ（控えめ） [形2] 分量少，节制，控制；拘谨",
        "confidence": "high",
        "audioSegment": {
          "id": "l44-v055",
          "trackId": "lesson_words",
          "sourceUrl": "https://japaflow-audio-bucket.oss-cn-shanghai.aliyuncs.com/textbook-audio/book1-unit11/lesson44/lesson_words.mp3",
          "localAudioPath": "data/ocr/audio-cache/lesson44/lesson_words.mp3",
          "itemIndex": 55,
          "text": "ひかえめ",
          "label": "控えめ",
          "start": 99.339,
          "end": 100.173,
          "duration": 0.834,
          "speechUnitCount": 1,
          "method": "ffmpeg-silencedetect-order",
          "confidence": "high"
        }
      },
      {
        "id": "l44-v056",
        "kana": "こうひょう",
        "writing": "好評",
        "meaningZh": [
          "好评",
          "称赞"
        ],
        "partOfSpeech": "形2",
        "rawText": "こうひょう（好評） [形2] 好评，称赞",
        "confidence": "high",
        "audioSegment": {
          "id": "l44-v056",
          "trackId": "lesson_words",
          "sourceUrl": "https://japaflow-audio-bucket.oss-cn-shanghai.aliyuncs.com/textbook-audio/book1-unit11/lesson44/lesson_words.mp3",
          "localAudioPath": "data/ocr/audio-cache/lesson44/lesson_words.mp3",
          "itemIndex": 56,
          "text": "こうひょう",
          "label": "好評",
          "start": 101.59,
          "end": 102.55,
          "duration": 0.96,
          "speechUnitCount": 1,
          "method": "ffmpeg-silencedetect-order",
          "confidence": "high"
        }
      },
      {
        "id": "l44-v057",
        "kana": "だいじ",
        "writing": "大事",
        "meaningZh": [
          "重要",
          "宝贵"
        ],
        "partOfSpeech": "形2",
        "rawText": "だいじ（大事） [形2] 重要，宝贵",
        "confidence": "high",
        "audioSegment": {
          "id": "l44-v057",
          "trackId": "lesson_words",
          "sourceUrl": "https://japaflow-audio-bucket.oss-cn-shanghai.aliyuncs.com/textbook-audio/book1-unit11/lesson44/lesson_words.mp3",
          "localAudioPath": "data/ocr/audio-cache/lesson44/lesson_words.mp3",
          "itemIndex": 57,
          "text": "だいじ",
          "label": "大事",
          "start": 103.199,
          "end": 103.905,
          "duration": 0.706,
          "speechUnitCount": 1,
          "method": "ffmpeg-silencedetect-order",
          "confidence": "high"
        }
      },
      {
        "id": "l44-v058",
        "kana": "かなり",
        "writing": "かなり",
        "meaningZh": [
          "颇",
          "相当"
        ],
        "partOfSpeech": "副",
        "rawText": "かなり [副] 颇，相当",
        "confidence": "high",
        "audioSegment": {
          "id": "l44-v058",
          "trackId": "lesson_words",
          "sourceUrl": "https://japaflow-audio-bucket.oss-cn-shanghai.aliyuncs.com/textbook-audio/book1-unit11/lesson44/lesson_words.mp3",
          "localAudioPath": "data/ocr/audio-cache/lesson44/lesson_words.mp3",
          "itemIndex": 58,
          "text": "かなり",
          "label": "かなり",
          "start": 104.803,
          "end": 105.413,
          "duration": 0.61,
          "speechUnitCount": 1,
          "method": "ffmpeg-silencedetect-order",
          "confidence": "high"
        }
      },
      {
        "id": "l44-v059",
        "kana": "けっこう",
        "writing": "けっこう",
        "meaningZh": [
          "很",
          "相当"
        ],
        "partOfSpeech": "副",
        "rawText": "けっこう [副] 很，相当",
        "confidence": "high",
        "audioSegment": {
          "id": "l44-v059",
          "trackId": "lesson_words",
          "sourceUrl": "https://japaflow-audio-bucket.oss-cn-shanghai.aliyuncs.com/textbook-audio/book1-unit11/lesson44/lesson_words.mp3",
          "localAudioPath": "data/ocr/audio-cache/lesson44/lesson_words.mp3",
          "itemIndex": 59,
          "text": "けっこう",
          "label": "けっこう",
          "start": 106.265,
          "end": 107.175,
          "duration": 0.91,
          "speechUnitCount": 1,
          "method": "ffmpeg-silencedetect-order",
          "confidence": "high"
        }
      },
      {
        "id": "l44-v060",
        "kana": "ささき",
        "writing": "佐々木",
        "meaningZh": [
          "佐佐木"
        ],
        "partOfSpeech": "专",
        "rawText": "ささき（佐々木） [专] 佐佐木",
        "confidence": "high",
        "audioSegment": {
          "id": "l44-v060",
          "trackId": "lesson_words",
          "sourceUrl": "https://japaflow-audio-bucket.oss-cn-shanghai.aliyuncs.com/textbook-audio/book1-unit11/lesson44/lesson_words.mp3",
          "localAudioPath": "data/ocr/audio-cache/lesson44/lesson_words.mp3",
          "itemIndex": 60,
          "text": "ささき",
          "label": "佐々木",
          "start": 108.093,
          "end": 108.953,
          "duration": 0.86,
          "speechUnitCount": 1,
          "method": "ffmpeg-silencedetect-order",
          "confidence": "high"
        }
      },
      {
        "id": "l44-v061",
        "kana": "ひわこ",
        "writing": "琵琶湖",
        "meaningZh": [
          "琵琶湖"
        ],
        "partOfSpeech": "专",
        "rawText": "ひわこ（琵琶湖） [专] 琵琶湖",
        "confidence": "high",
        "audioSegment": {
          "id": "l44-v061",
          "trackId": "lesson_words",
          "sourceUrl": "https://japaflow-audio-bucket.oss-cn-shanghai.aliyuncs.com/textbook-audio/book1-unit11/lesson44/lesson_words.mp3",
          "localAudioPath": "data/ocr/audio-cache/lesson44/lesson_words.mp3",
          "itemIndex": 61,
          "text": "ひわこ",
          "label": "琵琶湖",
          "start": 109.925,
          "end": 110.669,
          "duration": 0.744,
          "speechUnitCount": 1,
          "method": "ffmpeg-silencedetect-order",
          "confidence": "high"
        }
      },
      {
        "id": "l44-v062",
        "kana": "のぞみ",
        "writing": "のぞみ",
        "meaningZh": [
          "“希望号”",
          "新干线的名称"
        ],
        "partOfSpeech": "专",
        "rawText": "のぞみ [专] “希望号”[新干线的名称]",
        "confidence": "high",
        "audioSegment": {
          "id": "l44-v062",
          "trackId": "lesson_words",
          "sourceUrl": "https://japaflow-audio-bucket.oss-cn-shanghai.aliyuncs.com/textbook-audio/book1-unit11/lesson44/lesson_words.mp3",
          "localAudioPath": "data/ocr/audio-cache/lesson44/lesson_words.mp3",
          "itemIndex": 62,
          "text": "のぞみ",
          "label": "のぞみ",
          "start": 111.802,
          "end": 112.598,
          "duration": 0.796,
          "speechUnitCount": 1,
          "method": "ffmpeg-silencedetect-order",
          "confidence": "high"
        }
      },
      {
        "id": "l44-v063",
        "kana": "おかげさまで",
        "writing": "おかげさまで",
        "meaningZh": [
          "托您的福"
        ],
        "partOfSpeech": null,
        "rawText": "おかげさまで",
        "confidence": "high",
        "audioSegment": {
          "id": "l44-v063",
          "trackId": "lesson_words",
          "sourceUrl": "https://japaflow-audio-bucket.oss-cn-shanghai.aliyuncs.com/textbook-audio/book1-unit11/lesson44/lesson_words.mp3",
          "localAudioPath": "data/ocr/audio-cache/lesson44/lesson_words.mp3",
          "itemIndex": 63,
          "text": "おかげさまで",
          "label": "おかげさまで",
          "start": 113.637,
          "end": 114.635,
          "duration": 0.998,
          "speechUnitCount": 1,
          "method": "ffmpeg-silencedetect-order",
          "confidence": "high"
        }
      },
      {
        "id": "l44-v064",
        "kana": "なんといっても",
        "writing": "なんといっても",
        "meaningZh": [
          "首先，无论如何"
        ],
        "partOfSpeech": null,
        "rawText": "なんといっても（何と言っても） 首先，无论如何",
        "confidence": "high",
        "audioSegment": {
          "id": "l44-v064",
          "trackId": "lesson_words",
          "sourceUrl": "https://japaflow-audio-bucket.oss-cn-shanghai.aliyuncs.com/textbook-audio/book1-unit11/lesson44/lesson_words.mp3",
          "localAudioPath": "data/ocr/audio-cache/lesson44/lesson_words.mp3",
          "itemIndex": 64,
          "text": "なんといっても",
          "label": "なんといっても",
          "start": 116.119,
          "end": 117.338,
          "duration": 1.219,
          "speechUnitCount": 1,
          "method": "ffmpeg-silencedetect-order",
          "confidence": "high"
        }
      },
      {
        "id": "l44-v065",
        "kana": "～キロ/〜キログラム/〜センチ",
        "writing": "～キロ/〜キログラム/〜センチ",
        "meaningZh": [],
        "partOfSpeech": null,
        "rawText": "～キロ/〜キログラム/〜センチ",
        "confidence": "low",
        "audioSegment": {
          "id": "l44-v065",
          "trackId": "lesson_words",
          "sourceUrl": "https://japaflow-audio-bucket.oss-cn-shanghai.aliyuncs.com/textbook-audio/book1-unit11/lesson44/lesson_words.mp3",
          "localAudioPath": "data/ocr/audio-cache/lesson44/lesson_words.mp3",
          "itemIndex": 65,
          "text": "～キロ/〜キログラム/〜センチ",
          "label": "～キロ/〜キログラム/〜センチ",
          "start": 118.859,
          "end": 123.417,
          "duration": 4.558,
          "speechUnitCount": 3,
          "method": "ffmpeg-silencedetect-order",
          "confidence": "high"
        }
      }
    ],
    "warnings": [],
    "audioAlignment": {
      "generatedAt": "2026-08-05T08:46:32.851Z",
      "method": "ffmpeg-silencedetect-order",
      "tracks": {
        "lesson_words": {
          "trackId": "lesson_words",
          "sourceUrl": "https://japaflow-audio-bucket.oss-cn-shanghai.aliyuncs.com/textbook-audio/book1-unit11/lesson44/lesson_words.mp3",
          "localAudioPath": "data/ocr/audio-cache/lesson44/lesson_words.mp3",
          "outputPath": "data/ocr/lesson44-vocabulary-audio.json",
          "duration": 128.13,
          "expectedItems": 65,
          "expectedSpeechUnits": 67,
          "skippedSpeechUnits": 0,
          "detectedSpeechIntervals": 67,
          "mappedSegments": 65,
          "selectedProfile": {
            "noiseDb": -44,
            "minSilence": 0.28
          },
          "warnings": [],
          "segments": [
            {
              "id": "l44-v001",
              "trackId": "lesson_words",
              "sourceUrl": "https://japaflow-audio-bucket.oss-cn-shanghai.aliyuncs.com/textbook-audio/book1-unit11/lesson44/lesson_words.mp3",
              "localAudioPath": "data/ocr/audio-cache/lesson44/lesson_words.mp3",
              "itemIndex": 1,
              "text": "しゃいんりょこう",
              "label": "社員旅行",
              "start": 1.088,
              "end": 2.376,
              "duration": 1.288,
              "speechUnitCount": 1,
              "method": "ffmpeg-silencedetect-order",
              "confidence": "high"
            },
            {
              "id": "l44-v002",
              "trackId": "lesson_words",
              "sourceUrl": "https://japaflow-audio-bucket.oss-cn-shanghai.aliyuncs.com/textbook-audio/book1-unit11/lesson44/lesson_words.mp3",
              "localAudioPath": "data/ocr/audio-cache/lesson44/lesson_words.mp3",
              "itemIndex": 2,
              "text": "しんにゅうしゃいん",
              "label": "新入社員",
              "start": 3.473,
              "end": 4.776,
              "duration": 1.303,
              "speechUnitCount": 1,
              "method": "ffmpeg-silencedetect-order",
              "confidence": "high"
            },
            {
              "id": "l44-v003",
              "trackId": "lesson_words",
              "sourceUrl": "https://japaflow-audio-bucket.oss-cn-shanghai.aliyuncs.com/textbook-audio/book1-unit11/lesson44/lesson_words.mp3",
              "localAudioPath": "data/ocr/audio-cache/lesson44/lesson_words.mp3",
              "itemIndex": 3,
              "text": "かいぎじょう",
              "label": "会議場",
              "start": 5.482,
              "end": 6.474,
              "duration": 0.992,
              "speechUnitCount": 1,
              "method": "ffmpeg-silencedetect-order",
              "confidence": "high"
            },
            {
              "id": "l44-v004",
              "trackId": "lesson_words",
              "sourceUrl": "https://japaflow-audio-bucket.oss-cn-shanghai.aliyuncs.com/textbook-audio/book1-unit11/lesson44/lesson_words.mp3",
              "localAudioPath": "data/ocr/audio-cache/lesson44/lesson_words.mp3",
              "itemIndex": 4,
              "text": "こくさいかいぎ",
              "label": "国際会議",
              "start": 7.367,
              "end": 8.559,
              "duration": 1.193,
              "speechUnitCount": 1,
              "method": "ffmpeg-silencedetect-order",
              "confidence": "high"
            },
            {
              "id": "l44-v005",
              "trackId": "lesson_words",
              "sourceUrl": "https://japaflow-audio-bucket.oss-cn-shanghai.aliyuncs.com/textbook-audio/book1-unit11/lesson44/lesson_words.mp3",
              "localAudioPath": "data/ocr/audio-cache/lesson44/lesson_words.mp3",
              "itemIndex": 5,
              "text": "ビアガーデン",
              "label": "ビアガーデン",
              "start": 9.067,
              "end": 10.128,
              "duration": 1.061,
              "speechUnitCount": 1,
              "method": "ffmpeg-silencedetect-order",
              "confidence": "high"
            },
            {
              "id": "l44-v006",
              "trackId": "lesson_words",
              "sourceUrl": "https://japaflow-audio-bucket.oss-cn-shanghai.aliyuncs.com/textbook-audio/book1-unit11/lesson44/lesson_words.mp3",
              "localAudioPath": "data/ocr/audio-cache/lesson44/lesson_words.mp3",
              "itemIndex": 6,
              "text": "おおがたスーパー",
              "label": "大型スーパー",
              "start": 11.201,
              "end": 12.736,
              "duration": 1.534,
              "speechUnitCount": 1,
              "method": "ffmpeg-silencedetect-order",
              "confidence": "high"
            },
            {
              "id": "l44-v007",
              "trackId": "lesson_words",
              "sourceUrl": "https://japaflow-audio-bucket.oss-cn-shanghai.aliyuncs.com/textbook-audio/book1-unit11/lesson44/lesson_words.mp3",
              "localAudioPath": "data/ocr/audio-cache/lesson44/lesson_words.mp3",
              "itemIndex": 7,
              "text": "みずうみ",
              "label": "湖",
              "start": 13.883,
              "end": 14.678,
              "duration": 0.794,
              "speechUnitCount": 1,
              "method": "ffmpeg-silencedetect-order",
              "confidence": "high"
            },
            {
              "id": "l44-v008",
              "trackId": "lesson_words",
              "sourceUrl": "https://japaflow-audio-bucket.oss-cn-shanghai.aliyuncs.com/textbook-audio/book1-unit11/lesson44/lesson_words.mp3",
              "localAudioPath": "data/ocr/audio-cache/lesson44/lesson_words.mp3",
              "itemIndex": 8,
              "text": "パトカー",
              "label": "パトカー",
              "start": 16.152,
              "end": 17.05,
              "duration": 0.898,
              "speechUnitCount": 1,
              "method": "ffmpeg-silencedetect-order",
              "confidence": "high"
            },
            {
              "id": "l44-v009",
              "trackId": "lesson_words",
              "sourceUrl": "https://japaflow-audio-bucket.oss-cn-shanghai.aliyuncs.com/textbook-audio/book1-unit11/lesson44/lesson_words.mp3",
              "localAudioPath": "data/ocr/audio-cache/lesson44/lesson_words.mp3",
              "itemIndex": 9,
              "text": "サイレン",
              "label": "サイレン",
              "start": 17.878,
              "end": 18.686,
              "duration": 0.808,
              "speechUnitCount": 1,
              "method": "ffmpeg-silencedetect-order",
              "confidence": "high"
            },
            {
              "id": "l44-v010",
              "trackId": "lesson_words",
              "sourceUrl": "https://japaflow-audio-bucket.oss-cn-shanghai.aliyuncs.com/textbook-audio/book1-unit11/lesson44/lesson_words.mp3",
              "localAudioPath": "data/ocr/audio-cache/lesson44/lesson_words.mp3",
              "itemIndex": 10,
              "text": "アニメ",
              "label": "アニメ",
              "start": 19.512,
              "end": 20.129,
              "duration": 0.617,
              "speechUnitCount": 1,
              "method": "ffmpeg-silencedetect-order",
              "confidence": "high"
            },
            {
              "id": "l44-v011",
              "trackId": "lesson_words",
              "sourceUrl": "https://japaflow-audio-bucket.oss-cn-shanghai.aliyuncs.com/textbook-audio/book1-unit11/lesson44/lesson_words.mp3",
              "localAudioPath": "data/ocr/audio-cache/lesson44/lesson_words.mp3",
              "itemIndex": 11,
              "text": "パワー",
              "label": "パワー",
              "start": 20.953,
              "end": 21.635,
              "duration": 0.681,
              "speechUnitCount": 1,
              "method": "ffmpeg-silencedetect-order",
              "confidence": "high"
            },
            {
              "id": "l44-v012",
              "trackId": "lesson_words",
              "sourceUrl": "https://japaflow-audio-bucket.oss-cn-shanghai.aliyuncs.com/textbook-audio/book1-unit11/lesson44/lesson_words.mp3",
              "localAudioPath": "data/ocr/audio-cache/lesson44/lesson_words.mp3",
              "itemIndex": 12,
              "text": "こころ",
              "label": "心",
              "start": 22.54,
              "end": 23.169,
              "duration": 0.629,
              "speechUnitCount": 1,
              "method": "ffmpeg-silencedetect-order",
              "confidence": "high"
            },
            {
              "id": "l44-v013",
              "trackId": "lesson_words",
              "sourceUrl": "https://japaflow-audio-bucket.oss-cn-shanghai.aliyuncs.com/textbook-audio/book1-unit11/lesson44/lesson_words.mp3",
              "localAudioPath": "data/ocr/audio-cache/lesson44/lesson_words.mp3",
              "itemIndex": 13,
              "text": "たいど",
              "label": "態度",
              "start": 24.14,
              "end": 24.783,
              "duration": 0.643,
              "speechUnitCount": 1,
              "method": "ffmpeg-silencedetect-order",
              "confidence": "high"
            },
            {
              "id": "l44-v014",
              "trackId": "lesson_words",
              "sourceUrl": "https://japaflow-audio-bucket.oss-cn-shanghai.aliyuncs.com/textbook-audio/book1-unit11/lesson44/lesson_words.mp3",
              "localAudioPath": "data/ocr/audio-cache/lesson44/lesson_words.mp3",
              "itemIndex": 14,
              "text": "せいかく",
              "label": "性格",
              "start": 25.622,
              "end": 26.633,
              "duration": 1.011,
              "speechUnitCount": 1,
              "method": "ffmpeg-silencedetect-order",
              "confidence": "high"
            },
            {
              "id": "l44-v015",
              "trackId": "lesson_words",
              "sourceUrl": "https://japaflow-audio-bucket.oss-cn-shanghai.aliyuncs.com/textbook-audio/book1-unit11/lesson44/lesson_words.mp3",
              "localAudioPath": "data/ocr/audio-cache/lesson44/lesson_words.mp3",
              "itemIndex": 15,
              "text": "ひょうばん",
              "label": "評判",
              "start": 27.275,
              "end": 28.033,
              "duration": 0.758,
              "speechUnitCount": 1,
              "method": "ffmpeg-silencedetect-order",
              "confidence": "high"
            },
            {
              "id": "l44-v016",
              "trackId": "lesson_words",
              "sourceUrl": "https://japaflow-audio-bucket.oss-cn-shanghai.aliyuncs.com/textbook-audio/book1-unit11/lesson44/lesson_words.mp3",
              "localAudioPath": "data/ocr/audio-cache/lesson44/lesson_words.mp3",
              "itemIndex": 16,
              "text": "ぎょうれつ",
              "label": "行列",
              "start": 29.332,
              "end": 30.294,
              "duration": 0.961,
              "speechUnitCount": 1,
              "method": "ffmpeg-silencedetect-order",
              "confidence": "high"
            },
            {
              "id": "l44-v017",
              "trackId": "lesson_words",
              "sourceUrl": "https://japaflow-audio-bucket.oss-cn-shanghai.aliyuncs.com/textbook-audio/book1-unit11/lesson44/lesson_words.mp3",
              "localAudioPath": "data/ocr/audio-cache/lesson44/lesson_words.mp3",
              "itemIndex": 17,
              "text": "ようき",
              "label": "容器",
              "start": 30.877,
              "end": 31.536,
              "duration": 0.66,
              "speechUnitCount": 1,
              "method": "ffmpeg-silencedetect-order",
              "confidence": "high"
            },
            {
              "id": "l44-v018",
              "trackId": "lesson_words",
              "sourceUrl": "https://japaflow-audio-bucket.oss-cn-shanghai.aliyuncs.com/textbook-audio/book1-unit11/lesson44/lesson_words.mp3",
              "localAudioPath": "data/ocr/audio-cache/lesson44/lesson_words.mp3",
              "itemIndex": 18,
              "text": "ないよう",
              "label": "内容",
              "start": 32.625,
              "end": 33.586,
              "duration": 0.961,
              "speechUnitCount": 1,
              "method": "ffmpeg-silencedetect-order",
              "confidence": "high"
            },
            {
              "id": "l44-v019",
              "trackId": "lesson_words",
              "sourceUrl": "https://japaflow-audio-bucket.oss-cn-shanghai.aliyuncs.com/textbook-audio/book1-unit11/lesson44/lesson_words.mp3",
              "localAudioPath": "data/ocr/audio-cache/lesson44/lesson_words.mp3",
              "itemIndex": 19,
              "text": "うれゆき",
              "label": "売れ行き",
              "start": 34.159,
              "end": 34.956,
              "duration": 0.797,
              "speechUnitCount": 1,
              "method": "ffmpeg-silencedetect-order",
              "confidence": "high"
            },
            {
              "id": "l44-v020",
              "trackId": "lesson_words",
              "sourceUrl": "https://japaflow-audio-bucket.oss-cn-shanghai.aliyuncs.com/textbook-audio/book1-unit11/lesson44/lesson_words.mp3",
              "localAudioPath": "data/ocr/audio-cache/lesson44/lesson_words.mp3",
              "itemIndex": 20,
              "text": "のりもの",
              "label": "乗り物",
              "start": 35.845,
              "end": 36.772,
              "duration": 0.927,
              "speechUnitCount": 1,
              "method": "ffmpeg-silencedetect-order",
              "confidence": "high"
            },
            {
              "id": "l44-v021",
              "trackId": "lesson_words",
              "sourceUrl": "https://japaflow-audio-bucket.oss-cn-shanghai.aliyuncs.com/textbook-audio/book1-unit11/lesson44/lesson_words.mp3",
              "localAudioPath": "data/ocr/audio-cache/lesson44/lesson_words.mp3",
              "itemIndex": 21,
              "text": "あせ",
              "label": "汗",
              "start": 37.419,
              "end": 37.906,
              "duration": 0.487,
              "speechUnitCount": 1,
              "method": "ffmpeg-silencedetect-order",
              "confidence": "high"
            },
            {
              "id": "l44-v022",
              "trackId": "lesson_words",
              "sourceUrl": "https://japaflow-audio-bucket.oss-cn-shanghai.aliyuncs.com/textbook-audio/book1-unit11/lesson44/lesson_words.mp3",
              "localAudioPath": "data/ocr/audio-cache/lesson44/lesson_words.mp3",
              "itemIndex": 22,
              "text": "はい",
              "label": "倍",
              "start": 39.426,
              "end": 39.904,
              "duration": 0.478,
              "speechUnitCount": 1,
              "method": "ffmpeg-silencedetect-order",
              "confidence": "high"
            },
            {
              "id": "l44-v023",
              "trackId": "lesson_words",
              "sourceUrl": "https://japaflow-audio-bucket.oss-cn-shanghai.aliyuncs.com/textbook-audio/book1-unit11/lesson44/lesson_words.mp3",
              "localAudioPath": "data/ocr/audio-cache/lesson44/lesson_words.mp3",
              "itemIndex": 23,
              "text": "たて",
              "label": "縦",
              "start": 40.641,
              "end": 41.118,
              "duration": 0.476,
              "speechUnitCount": 1,
              "method": "ffmpeg-silencedetect-order",
              "confidence": "high"
            },
            {
              "id": "l44-v024",
              "trackId": "lesson_words",
              "sourceUrl": "https://japaflow-audio-bucket.oss-cn-shanghai.aliyuncs.com/textbook-audio/book1-unit11/lesson44/lesson_words.mp3",
              "localAudioPath": "data/ocr/audio-cache/lesson44/lesson_words.mp3",
              "itemIndex": 24,
              "text": "ちゅうごくぜんど",
              "label": "中国全土",
              "start": 43.065,
              "end": 44.573,
              "duration": 1.508,
              "speechUnitCount": 1,
              "method": "ffmpeg-silencedetect-order",
              "confidence": "high"
            },
            {
              "id": "l44-v025",
              "trackId": "lesson_words",
              "sourceUrl": "https://japaflow-audio-bucket.oss-cn-shanghai.aliyuncs.com/textbook-audio/book1-unit11/lesson44/lesson_words.mp3",
              "localAudioPath": "data/ocr/audio-cache/lesson44/lesson_words.mp3",
              "itemIndex": 25,
              "text": "ちょうきよほう",
              "label": "長期予報",
              "start": 45.717,
              "end": 46.909,
              "duration": 1.191,
              "speechUnitCount": 1,
              "method": "ffmpeg-silencedetect-order",
              "confidence": "high"
            },
            {
              "id": "l44-v026",
              "trackId": "lesson_words",
              "sourceUrl": "https://japaflow-audio-bucket.oss-cn-shanghai.aliyuncs.com/textbook-audio/book1-unit11/lesson44/lesson_words.mp3",
              "localAudioPath": "data/ocr/audio-cache/lesson44/lesson_words.mp3",
              "itemIndex": 26,
              "text": "わらい",
              "label": "笑い",
              "start": 47.812,
              "end": 48.486,
              "duration": 0.674,
              "speechUnitCount": 1,
              "method": "ffmpeg-silencedetect-order",
              "confidence": "high"
            },
            {
              "id": "l44-v027",
              "trackId": "lesson_words",
              "sourceUrl": "https://japaflow-audio-bucket.oss-cn-shanghai.aliyuncs.com/textbook-audio/book1-unit11/lesson44/lesson_words.mp3",
              "localAudioPath": "data/ocr/audio-cache/lesson44/lesson_words.mp3",
              "itemIndex": 27,
              "text": "あつさ",
              "label": "暑さ",
              "start": 49.883,
              "end": 50.527,
              "duration": 0.643,
              "speechUnitCount": 1,
              "method": "ffmpeg-silencedetect-order",
              "confidence": "high"
            },
            {
              "id": "l44-v028",
              "trackId": "lesson_words",
              "sourceUrl": "https://japaflow-audio-bucket.oss-cn-shanghai.aliyuncs.com/textbook-audio/book1-unit11/lesson44/lesson_words.mp3",
              "localAudioPath": "data/ocr/audio-cache/lesson44/lesson_words.mp3",
              "itemIndex": 28,
              "text": "うつくしさ",
              "label": "美しさ",
              "start": 51.495,
              "end": 52.388,
              "duration": 0.893,
              "speechUnitCount": 1,
              "method": "ffmpeg-silencedetect-order",
              "confidence": "high"
            },
            {
              "id": "l44-v029",
              "trackId": "lesson_words",
              "sourceUrl": "https://japaflow-audio-bucket.oss-cn-shanghai.aliyuncs.com/textbook-audio/book1-unit11/lesson44/lesson_words.mp3",
              "localAudioPath": "data/ocr/audio-cache/lesson44/lesson_words.mp3",
              "itemIndex": 29,
              "text": "おもしろさ",
              "label": "おもしろさ",
              "start": 53.213,
              "end": 54.04,
              "duration": 0.827,
              "speechUnitCount": 1,
              "method": "ffmpeg-silencedetect-order",
              "confidence": "high"
            },
            {
              "id": "l44-v030",
              "trackId": "lesson_words",
              "sourceUrl": "https://japaflow-audio-bucket.oss-cn-shanghai.aliyuncs.com/textbook-audio/book1-unit11/lesson44/lesson_words.mp3",
              "localAudioPath": "data/ocr/audio-cache/lesson44/lesson_words.mp3",
              "itemIndex": 30,
              "text": "おおきさ",
              "label": "大きさ",
              "start": 55.043,
              "end": 55.884,
              "duration": 0.841,
              "speechUnitCount": 1,
              "method": "ffmpeg-silencedetect-order",
              "confidence": "high"
            },
            {
              "id": "l44-v031",
              "trackId": "lesson_words",
              "sourceUrl": "https://japaflow-audio-bucket.oss-cn-shanghai.aliyuncs.com/textbook-audio/book1-unit11/lesson44/lesson_words.mp3",
              "localAudioPath": "data/ocr/audio-cache/lesson44/lesson_words.mp3",
              "itemIndex": 31,
              "text": "たかさ",
              "label": "高さ",
              "start": 56.665,
              "end": 57.296,
              "duration": 0.631,
              "speechUnitCount": 1,
              "method": "ffmpeg-silencedetect-order",
              "confidence": "high"
            },
            {
              "id": "l44-v032",
              "trackId": "lesson_words",
              "sourceUrl": "https://japaflow-audio-bucket.oss-cn-shanghai.aliyuncs.com/textbook-audio/book1-unit11/lesson44/lesson_words.mp3",
              "localAudioPath": "data/ocr/audio-cache/lesson44/lesson_words.mp3",
              "itemIndex": 32,
              "text": "ふかさ",
              "label": "深さ",
              "start": 58.442,
              "end": 59.111,
              "duration": 0.669,
              "speechUnitCount": 1,
              "method": "ffmpeg-silencedetect-order",
              "confidence": "high"
            },
            {
              "id": "l44-v033",
              "trackId": "lesson_words",
              "sourceUrl": "https://japaflow-audio-bucket.oss-cn-shanghai.aliyuncs.com/textbook-audio/book1-unit11/lesson44/lesson_words.mp3",
              "localAudioPath": "data/ocr/audio-cache/lesson44/lesson_words.mp3",
              "itemIndex": 33,
              "text": "ながさ",
              "label": "長さ",
              "start": 60.428,
              "end": 61.102,
              "duration": 0.674,
              "speechUnitCount": 1,
              "method": "ffmpeg-silencedetect-order",
              "confidence": "high"
            },
            {
              "id": "l44-v034",
              "trackId": "lesson_words",
              "sourceUrl": "https://japaflow-audio-bucket.oss-cn-shanghai.aliyuncs.com/textbook-audio/book1-unit11/lesson44/lesson_words.mp3",
              "localAudioPath": "data/ocr/audio-cache/lesson44/lesson_words.mp3",
              "itemIndex": 34,
              "text": "ひろさ",
              "label": "広さ",
              "start": 62.071,
              "end": 62.813,
              "duration": 0.742,
              "speechUnitCount": 1,
              "method": "ffmpeg-silencedetect-order",
              "confidence": "high"
            },
            {
              "id": "l44-v035",
              "trackId": "lesson_words",
              "sourceUrl": "https://japaflow-audio-bucket.oss-cn-shanghai.aliyuncs.com/textbook-audio/book1-unit11/lesson44/lesson_words.mp3",
              "localAudioPath": "data/ocr/audio-cache/lesson44/lesson_words.mp3",
              "itemIndex": 35,
              "text": "ふとさ",
              "label": "太さ",
              "start": 63.676,
              "end": 64.285,
              "duration": 0.609,
              "speechUnitCount": 1,
              "method": "ffmpeg-silencedetect-order",
              "confidence": "high"
            },
            {
              "id": "l44-v036",
              "trackId": "lesson_words",
              "sourceUrl": "https://japaflow-audio-bucket.oss-cn-shanghai.aliyuncs.com/textbook-audio/book1-unit11/lesson44/lesson_words.mp3",
              "localAudioPath": "data/ocr/audio-cache/lesson44/lesson_words.mp3",
              "itemIndex": 36,
              "text": "おもさ",
              "label": "重さ",
              "start": 65.348,
              "end": 66.086,
              "duration": 0.738,
              "speechUnitCount": 1,
              "method": "ffmpeg-silencedetect-order",
              "confidence": "high"
            },
            {
              "id": "l44-v037",
              "trackId": "lesson_words",
              "sourceUrl": "https://japaflow-audio-bucket.oss-cn-shanghai.aliyuncs.com/textbook-audio/book1-unit11/lesson44/lesson_words.mp3",
              "localAudioPath": "data/ocr/audio-cache/lesson44/lesson_words.mp3",
              "itemIndex": 37,
              "text": "あつさ",
              "label": "厚さ",
              "start": 66.928,
              "end": 67.642,
              "duration": 0.715,
              "speechUnitCount": 1,
              "method": "ffmpeg-silencedetect-order",
              "confidence": "high"
            },
            {
              "id": "l44-v038",
              "trackId": "lesson_words",
              "sourceUrl": "https://japaflow-audio-bucket.oss-cn-shanghai.aliyuncs.com/textbook-audio/book1-unit11/lesson44/lesson_words.mp3",
              "localAudioPath": "data/ocr/audio-cache/lesson44/lesson_words.mp3",
              "itemIndex": 38,
              "text": "はやさ",
              "label": "速さ",
              "start": 68.631,
              "end": 69.351,
              "duration": 0.72,
              "speechUnitCount": 1,
              "method": "ffmpeg-silencedetect-order",
              "confidence": "high"
            },
            {
              "id": "l44-v039",
              "trackId": "lesson_words",
              "sourceUrl": "https://japaflow-audio-bucket.oss-cn-shanghai.aliyuncs.com/textbook-audio/book1-unit11/lesson44/lesson_words.mp3",
              "localAudioPath": "data/ocr/audio-cache/lesson44/lesson_words.mp3",
              "itemIndex": 39,
              "text": "べんりさ",
              "label": "便利さ",
              "start": 70.167,
              "end": 70.976,
              "duration": 0.808,
              "speechUnitCount": 1,
              "method": "ffmpeg-silencedetect-order",
              "confidence": "high"
            },
            {
              "id": "l44-v040",
              "trackId": "lesson_words",
              "sourceUrl": "https://japaflow-audio-bucket.oss-cn-shanghai.aliyuncs.com/textbook-audio/book1-unit11/lesson44/lesson_words.mp3",
              "localAudioPath": "data/ocr/audio-cache/lesson44/lesson_words.mp3",
              "itemIndex": 40,
              "text": "ふくざつさ",
              "label": "複雑さ",
              "start": 72.504,
              "end": 73.522,
              "duration": 1.018,
              "speechUnitCount": 1,
              "method": "ffmpeg-silencedetect-order",
              "confidence": "high"
            },
            {
              "id": "l44-v041",
              "trackId": "lesson_words",
              "sourceUrl": "https://japaflow-audio-bucket.oss-cn-shanghai.aliyuncs.com/textbook-audio/book1-unit11/lesson44/lesson_words.mp3",
              "localAudioPath": "data/ocr/audio-cache/lesson44/lesson_words.mp3",
              "itemIndex": 41,
              "text": "おいしさ",
              "label": "おいしさ",
              "start": 74.3,
              "end": 75.166,
              "duration": 0.866,
              "speechUnitCount": 1,
              "method": "ffmpeg-silencedetect-order",
              "confidence": "high"
            },
            {
              "id": "l44-v042",
              "trackId": "lesson_words",
              "sourceUrl": "https://japaflow-audio-bucket.oss-cn-shanghai.aliyuncs.com/textbook-audio/book1-unit11/lesson44/lesson_words.mp3",
              "localAudioPath": "data/ocr/audio-cache/lesson44/lesson_words.mp3",
              "itemIndex": 42,
              "text": "じゅうようさ",
              "label": "重要さ",
              "start": 76.571,
              "end": 77.608,
              "duration": 1.038,
              "speechUnitCount": 1,
              "method": "ffmpeg-silencedetect-order",
              "confidence": "high"
            },
            {
              "id": "l44-v043",
              "trackId": "lesson_words",
              "sourceUrl": "https://japaflow-audio-bucket.oss-cn-shanghai.aliyuncs.com/textbook-audio/book1-unit11/lesson44/lesson_words.mp3",
              "localAudioPath": "data/ocr/audio-cache/lesson44/lesson_words.mp3",
              "itemIndex": 43,
              "text": "あまさ",
              "label": "甘さ",
              "start": 78.749,
              "end": 79.461,
              "duration": 0.712,
              "speechUnitCount": 1,
              "method": "ffmpeg-silencedetect-order",
              "confidence": "high"
            },
            {
              "id": "l44-v044",
              "trackId": "lesson_words",
              "sourceUrl": "https://japaflow-audio-bucket.oss-cn-shanghai.aliyuncs.com/textbook-audio/book1-unit11/lesson44/lesson_words.mp3",
              "localAudioPath": "data/ocr/audio-cache/lesson44/lesson_words.mp3",
              "itemIndex": 44,
              "text": "ひろがります",
              "label": "広がります",
              "start": 80.892,
              "end": 82.167,
              "duration": 1.275,
              "speechUnitCount": 1,
              "method": "ffmpeg-silencedetect-order",
              "confidence": "high"
            },
            {
              "id": "l44-v045",
              "trackId": "lesson_words",
              "sourceUrl": "https://japaflow-audio-bucket.oss-cn-shanghai.aliyuncs.com/textbook-audio/book1-unit11/lesson44/lesson_words.mp3",
              "localAudioPath": "data/ocr/audio-cache/lesson44/lesson_words.mp3",
              "itemIndex": 45,
              "text": "もどります",
              "label": "戻ります",
              "start": 82.504,
              "end": 83.575,
              "duration": 1.071,
              "speechUnitCount": 1,
              "method": "ffmpeg-silencedetect-order",
              "confidence": "high"
            },
            {
              "id": "l44-v046",
              "trackId": "lesson_words",
              "sourceUrl": "https://japaflow-audio-bucket.oss-cn-shanghai.aliyuncs.com/textbook-audio/book1-unit11/lesson44/lesson_words.mp3",
              "localAudioPath": "data/ocr/audio-cache/lesson44/lesson_words.mp3",
              "itemIndex": 46,
              "text": "おどろきます",
              "label": "驚きます",
              "start": 83.912,
              "end": 85.088,
              "duration": 1.176,
              "speechUnitCount": 1,
              "method": "ffmpeg-silencedetect-order",
              "confidence": "high"
            },
            {
              "id": "l44-v047",
              "trackId": "lesson_words",
              "sourceUrl": "https://japaflow-audio-bucket.oss-cn-shanghai.aliyuncs.com/textbook-audio/book1-unit11/lesson44/lesson_words.mp3",
              "localAudioPath": "data/ocr/audio-cache/lesson44/lesson_words.mp3",
              "itemIndex": 47,
              "text": "しゃれます",
              "label": "しゃれます",
              "start": 85.403,
              "end": 86.437,
              "duration": 1.034,
              "speechUnitCount": 1,
              "method": "ffmpeg-silencedetect-order",
              "confidence": "high"
            },
            {
              "id": "l44-v048",
              "trackId": "lesson_words",
              "sourceUrl": "https://japaflow-audio-bucket.oss-cn-shanghai.aliyuncs.com/textbook-audio/book1-unit11/lesson44/lesson_words.mp3",
              "localAudioPath": "data/ocr/audio-cache/lesson44/lesson_words.mp3",
              "itemIndex": 48,
              "text": "じっかんします",
              "label": "実感します",
              "start": 87.11,
              "end": 88.634,
              "duration": 1.524,
              "speechUnitCount": 1,
              "method": "ffmpeg-silencedetect-order",
              "confidence": "high"
            },
            {
              "id": "l44-v049",
              "trackId": "lesson_words",
              "sourceUrl": "https://japaflow-audio-bucket.oss-cn-shanghai.aliyuncs.com/textbook-audio/book1-unit11/lesson44/lesson_words.mp3",
              "localAudioPath": "data/ocr/audio-cache/lesson44/lesson_words.mp3",
              "itemIndex": 49,
              "text": "ふかい",
              "label": "深い",
              "start": 89.237,
              "end": 89.807,
              "duration": 0.569,
              "speechUnitCount": 1,
              "method": "ffmpeg-silencedetect-order",
              "confidence": "high"
            },
            {
              "id": "l44-v050",
              "trackId": "lesson_words",
              "sourceUrl": "https://japaflow-audio-bucket.oss-cn-shanghai.aliyuncs.com/textbook-audio/book1-unit11/lesson44/lesson_words.mp3",
              "localAudioPath": "data/ocr/audio-cache/lesson44/lesson_words.mp3",
              "itemIndex": 50,
              "text": "おとなしい",
              "label": "おとなしい",
              "start": 90.951,
              "end": 91.921,
              "duration": 0.97,
              "speechUnitCount": 1,
              "method": "ffmpeg-silencedetect-order",
              "confidence": "high"
            },
            {
              "id": "l44-v051",
              "trackId": "lesson_words",
              "sourceUrl": "https://japaflow-audio-bucket.oss-cn-shanghai.aliyuncs.com/textbook-audio/book1-unit11/lesson44/lesson_words.mp3",
              "localAudioPath": "data/ocr/audio-cache/lesson44/lesson_words.mp3",
              "itemIndex": 51,
              "text": "はずかしい",
              "label": "恥ずかしい",
              "start": 92.558,
              "end": 93.557,
              "duration": 0.999,
              "speechUnitCount": 1,
              "method": "ffmpeg-silencedetect-order",
              "confidence": "high"
            },
            {
              "id": "l44-v052",
              "trackId": "lesson_words",
              "sourceUrl": "https://japaflow-audio-bucket.oss-cn-shanghai.aliyuncs.com/textbook-audio/book1-unit11/lesson44/lesson_words.mp3",
              "localAudioPath": "data/ocr/audio-cache/lesson44/lesson_words.mp3",
              "itemIndex": 52,
              "text": "めずらしい",
              "label": "珍しい",
              "start": 94.329,
              "end": 95.407,
              "duration": 1.079,
              "speechUnitCount": 1,
              "method": "ffmpeg-silencedetect-order",
              "confidence": "high"
            },
            {
              "id": "l44-v053",
              "trackId": "lesson_words",
              "sourceUrl": "https://japaflow-audio-bucket.oss-cn-shanghai.aliyuncs.com/textbook-audio/book1-unit11/lesson44/lesson_words.mp3",
              "localAudioPath": "data/ocr/audio-cache/lesson44/lesson_words.mp3",
              "itemIndex": 53,
              "text": "ごうか",
              "label": "豪華",
              "start": 96.013,
              "end": 96.665,
              "duration": 0.652,
              "speechUnitCount": 1,
              "method": "ffmpeg-silencedetect-order",
              "confidence": "high"
            },
            {
              "id": "l44-v054",
              "trackId": "lesson_words",
              "sourceUrl": "https://japaflow-audio-bucket.oss-cn-shanghai.aliyuncs.com/textbook-audio/book1-unit11/lesson44/lesson_words.mp3",
              "localAudioPath": "data/ocr/audio-cache/lesson44/lesson_words.mp3",
              "itemIndex": 54,
              "text": "こうちょう",
              "label": "好調",
              "start": 97.792,
              "end": 98.772,
              "duration": 0.98,
              "speechUnitCount": 1,
              "method": "ffmpeg-silencedetect-order",
              "confidence": "high"
            },
            {
              "id": "l44-v055",
              "trackId": "lesson_words",
              "sourceUrl": "https://japaflow-audio-bucket.oss-cn-shanghai.aliyuncs.com/textbook-audio/book1-unit11/lesson44/lesson_words.mp3",
              "localAudioPath": "data/ocr/audio-cache/lesson44/lesson_words.mp3",
              "itemIndex": 55,
              "text": "ひかえめ",
              "label": "控えめ",
              "start": 99.339,
              "end": 100.173,
              "duration": 0.834,
              "speechUnitCount": 1,
              "method": "ffmpeg-silencedetect-order",
              "confidence": "high"
            },
            {
              "id": "l44-v056",
              "trackId": "lesson_words",
              "sourceUrl": "https://japaflow-audio-bucket.oss-cn-shanghai.aliyuncs.com/textbook-audio/book1-unit11/lesson44/lesson_words.mp3",
              "localAudioPath": "data/ocr/audio-cache/lesson44/lesson_words.mp3",
              "itemIndex": 56,
              "text": "こうひょう",
              "label": "好評",
              "start": 101.59,
              "end": 102.55,
              "duration": 0.96,
              "speechUnitCount": 1,
              "method": "ffmpeg-silencedetect-order",
              "confidence": "high"
            },
            {
              "id": "l44-v057",
              "trackId": "lesson_words",
              "sourceUrl": "https://japaflow-audio-bucket.oss-cn-shanghai.aliyuncs.com/textbook-audio/book1-unit11/lesson44/lesson_words.mp3",
              "localAudioPath": "data/ocr/audio-cache/lesson44/lesson_words.mp3",
              "itemIndex": 57,
              "text": "だいじ",
              "label": "大事",
              "start": 103.199,
              "end": 103.905,
              "duration": 0.706,
              "speechUnitCount": 1,
              "method": "ffmpeg-silencedetect-order",
              "confidence": "high"
            },
            {
              "id": "l44-v058",
              "trackId": "lesson_words",
              "sourceUrl": "https://japaflow-audio-bucket.oss-cn-shanghai.aliyuncs.com/textbook-audio/book1-unit11/lesson44/lesson_words.mp3",
              "localAudioPath": "data/ocr/audio-cache/lesson44/lesson_words.mp3",
              "itemIndex": 58,
              "text": "かなり",
              "label": "かなり",
              "start": 104.803,
              "end": 105.413,
              "duration": 0.61,
              "speechUnitCount": 1,
              "method": "ffmpeg-silencedetect-order",
              "confidence": "high"
            },
            {
              "id": "l44-v059",
              "trackId": "lesson_words",
              "sourceUrl": "https://japaflow-audio-bucket.oss-cn-shanghai.aliyuncs.com/textbook-audio/book1-unit11/lesson44/lesson_words.mp3",
              "localAudioPath": "data/ocr/audio-cache/lesson44/lesson_words.mp3",
              "itemIndex": 59,
              "text": "けっこう",
              "label": "けっこう",
              "start": 106.265,
              "end": 107.175,
              "duration": 0.91,
              "speechUnitCount": 1,
              "method": "ffmpeg-silencedetect-order",
              "confidence": "high"
            },
            {
              "id": "l44-v060",
              "trackId": "lesson_words",
              "sourceUrl": "https://japaflow-audio-bucket.oss-cn-shanghai.aliyuncs.com/textbook-audio/book1-unit11/lesson44/lesson_words.mp3",
              "localAudioPath": "data/ocr/audio-cache/lesson44/lesson_words.mp3",
              "itemIndex": 60,
              "text": "ささき",
              "label": "佐々木",
              "start": 108.093,
              "end": 108.953,
              "duration": 0.86,
              "speechUnitCount": 1,
              "method": "ffmpeg-silencedetect-order",
              "confidence": "high"
            },
            {
              "id": "l44-v061",
              "trackId": "lesson_words",
              "sourceUrl": "https://japaflow-audio-bucket.oss-cn-shanghai.aliyuncs.com/textbook-audio/book1-unit11/lesson44/lesson_words.mp3",
              "localAudioPath": "data/ocr/audio-cache/lesson44/lesson_words.mp3",
              "itemIndex": 61,
              "text": "ひわこ",
              "label": "琵琶湖",
              "start": 109.925,
              "end": 110.669,
              "duration": 0.744,
              "speechUnitCount": 1,
              "method": "ffmpeg-silencedetect-order",
              "confidence": "high"
            },
            {
              "id": "l44-v062",
              "trackId": "lesson_words",
              "sourceUrl": "https://japaflow-audio-bucket.oss-cn-shanghai.aliyuncs.com/textbook-audio/book1-unit11/lesson44/lesson_words.mp3",
              "localAudioPath": "data/ocr/audio-cache/lesson44/lesson_words.mp3",
              "itemIndex": 62,
              "text": "のぞみ",
              "label": "のぞみ",
              "start": 111.802,
              "end": 112.598,
              "duration": 0.796,
              "speechUnitCount": 1,
              "method": "ffmpeg-silencedetect-order",
              "confidence": "high"
            },
            {
              "id": "l44-v063",
              "trackId": "lesson_words",
              "sourceUrl": "https://japaflow-audio-bucket.oss-cn-shanghai.aliyuncs.com/textbook-audio/book1-unit11/lesson44/lesson_words.mp3",
              "localAudioPath": "data/ocr/audio-cache/lesson44/lesson_words.mp3",
              "itemIndex": 63,
              "text": "おかげさまで",
              "label": "おかげさまで",
              "start": 113.637,
              "end": 114.635,
              "duration": 0.998,
              "speechUnitCount": 1,
              "method": "ffmpeg-silencedetect-order",
              "confidence": "high"
            },
            {
              "id": "l44-v064",
              "trackId": "lesson_words",
              "sourceUrl": "https://japaflow-audio-bucket.oss-cn-shanghai.aliyuncs.com/textbook-audio/book1-unit11/lesson44/lesson_words.mp3",
              "localAudioPath": "data/ocr/audio-cache/lesson44/lesson_words.mp3",
              "itemIndex": 64,
              "text": "なんといっても",
              "label": "なんといっても",
              "start": 116.119,
              "end": 117.338,
              "duration": 1.219,
              "speechUnitCount": 1,
              "method": "ffmpeg-silencedetect-order",
              "confidence": "high"
            },
            {
              "id": "l44-v065",
              "trackId": "lesson_words",
              "sourceUrl": "https://japaflow-audio-bucket.oss-cn-shanghai.aliyuncs.com/textbook-audio/book1-unit11/lesson44/lesson_words.mp3",
              "localAudioPath": "data/ocr/audio-cache/lesson44/lesson_words.mp3",
              "itemIndex": 65,
              "text": "～キロ/〜キログラム/〜センチ",
              "label": "～キロ/〜キログラム/〜センチ",
              "start": 118.859,
              "end": 123.417,
              "duration": 4.558,
              "speechUnitCount": 3,
              "method": "ffmpeg-silencedetect-order",
              "confidence": "high"
            }
          ]
        }
      }
    }
  }
}
