{
  "lessonId": 14,
  "target": "vocabulary",
  "generatedAt": "2026-08-05T08:45:32.741Z",
  "outputs": {
    "vocabulary": "data/ocr/lesson14-vocabulary-audio.json"
  },
  "summaries": [
    {
      "trackId": "lesson_words",
      "sourceUrl": "https://japaflow-audio-bucket.oss-cn-shanghai.aliyuncs.com/textbook-audio/book1-unit4/lesson14/lesson_words.mp3",
      "duration": 93.51,
      "expectedItems": 53,
      "expectedSpeechUnits": 54,
      "skippedSpeechUnits": 0,
      "detectedSpeechIntervals": 54,
      "mappedSegments": 53,
      "selectedProfile": {
        "noiseDb": -34,
        "minSilence": 0.18
      },
      "warnings": []
    }
  ],
  "vocabularyData": {
    "lessonId": "lesson14",
    "sourceImages": [
      {
        "path": "course-assets/by-lesson/lesson14/page179.webp",
        "pageNo": 179
      }
    ],
    "vocabulary": [
      {
        "id": "l14-v001",
        "kana": "ふなびん",
        "writing": "船便",
        "meaningZh": [
          "海运"
        ],
        "partOfSpeech": "名",
        "rawText": "ふなびん（船便）[名] 海运",
        "confidence": "high",
        "audioSegment": {
          "id": "l14-v001",
          "trackId": "lesson_words",
          "sourceUrl": "https://japaflow-audio-bucket.oss-cn-shanghai.aliyuncs.com/textbook-audio/book1-unit4/lesson14/lesson_words.mp3",
          "localAudioPath": "data/ocr/audio-cache/lesson14/lesson_words.mp3",
          "itemIndex": 1,
          "text": "ふなびん",
          "label": "船便",
          "start": 1.033,
          "end": 1.825,
          "duration": 0.792,
          "speechUnitCount": 1,
          "method": "ffmpeg-silencedetect-order",
          "confidence": "high"
        }
      },
      {
        "id": "l14-v002",
        "kana": "しょるい",
        "writing": "書類",
        "meaningZh": [
          "文件",
          "文稿"
        ],
        "partOfSpeech": "名",
        "rawText": "しょるい（書類）[名] 文件，文稿",
        "confidence": "high",
        "audioSegment": {
          "id": "l14-v002",
          "trackId": "lesson_words",
          "sourceUrl": "https://japaflow-audio-bucket.oss-cn-shanghai.aliyuncs.com/textbook-audio/book1-unit4/lesson14/lesson_words.mp3",
          "localAudioPath": "data/ocr/audio-cache/lesson14/lesson_words.mp3",
          "itemIndex": 2,
          "text": "しょるい",
          "label": "書類",
          "start": 2.64,
          "end": 3.379,
          "duration": 0.739,
          "speechUnitCount": 1,
          "method": "ffmpeg-silencedetect-order",
          "confidence": "high"
        }
      },
      {
        "id": "l14-v003",
        "kana": "げんこう",
        "writing": "原稿",
        "meaningZh": [
          "稿子",
          "原稿"
        ],
        "partOfSpeech": "名",
        "rawText": "げんこう（原稿）[名] 稿子，原稿",
        "confidence": "high",
        "audioSegment": {
          "id": "l14-v003",
          "trackId": "lesson_words",
          "sourceUrl": "https://japaflow-audio-bucket.oss-cn-shanghai.aliyuncs.com/textbook-audio/book1-unit4/lesson14/lesson_words.mp3",
          "localAudioPath": "data/ocr/audio-cache/lesson14/lesson_words.mp3",
          "itemIndex": 3,
          "text": "げんこう",
          "label": "原稿",
          "start": 4.099,
          "end": 5.104,
          "duration": 1.005,
          "speechUnitCount": 1,
          "method": "ffmpeg-silencedetect-order",
          "confidence": "high"
        }
      },
      {
        "id": "l14-v004",
        "kana": "きじ",
        "writing": "記事",
        "meaningZh": [
          "报道"
        ],
        "partOfSpeech": "名",
        "rawText": "きじ（記事）[名] 报道",
        "confidence": "high",
        "audioSegment": {
          "id": "l14-v004",
          "trackId": "lesson_words",
          "sourceUrl": "https://japaflow-audio-bucket.oss-cn-shanghai.aliyuncs.com/textbook-audio/book1-unit4/lesson14/lesson_words.mp3",
          "localAudioPath": "data/ocr/audio-cache/lesson14/lesson_words.mp3",
          "itemIndex": 4,
          "text": "きじ",
          "label": "記事",
          "start": 5.87,
          "end": 6.322,
          "duration": 0.452,
          "speechUnitCount": 1,
          "method": "ffmpeg-silencedetect-order",
          "confidence": "high"
        }
      },
      {
        "id": "l14-v005",
        "kana": "メモ",
        "writing": "メモ",
        "meaningZh": [
          "记录"
        ],
        "partOfSpeech": "名",
        "rawText": "メモ [名] 记录",
        "confidence": "high",
        "audioSegment": {
          "id": "l14-v005",
          "trackId": "lesson_words",
          "sourceUrl": "https://japaflow-audio-bucket.oss-cn-shanghai.aliyuncs.com/textbook-audio/book1-unit4/lesson14/lesson_words.mp3",
          "localAudioPath": "data/ocr/audio-cache/lesson14/lesson_words.mp3",
          "itemIndex": 5,
          "text": "メモ",
          "label": "メモ",
          "start": 7.179,
          "end": 7.631,
          "duration": 0.451,
          "speechUnitCount": 1,
          "method": "ffmpeg-silencedetect-order",
          "confidence": "high"
        }
      },
      {
        "id": "l14-v006",
        "kana": "えきまえ",
        "writing": "駅前",
        "meaningZh": [
          "车站一带"
        ],
        "partOfSpeech": "名",
        "rawText": "えきまえ（駅前）[名] 车站一带",
        "confidence": "high",
        "audioSegment": {
          "id": "l14-v006",
          "trackId": "lesson_words",
          "sourceUrl": "https://japaflow-audio-bucket.oss-cn-shanghai.aliyuncs.com/textbook-audio/book1-unit4/lesson14/lesson_words.mp3",
          "localAudioPath": "data/ocr/audio-cache/lesson14/lesson_words.mp3",
          "itemIndex": 6,
          "text": "えきまえ",
          "label": "駅前",
          "start": 8.89,
          "end": 9.672,
          "duration": 0.782,
          "speechUnitCount": 1,
          "method": "ffmpeg-silencedetect-order",
          "confidence": "high"
        }
      },
      {
        "id": "l14-v007",
        "kana": "はし",
        "writing": "橋",
        "meaningZh": [
          "桥",
          "桥梁"
        ],
        "partOfSpeech": "名",
        "rawText": "はし（橋）[名] 桥，桥梁",
        "confidence": "high",
        "audioSegment": {
          "id": "l14-v007",
          "trackId": "lesson_words",
          "sourceUrl": "https://japaflow-audio-bucket.oss-cn-shanghai.aliyuncs.com/textbook-audio/book1-unit4/lesson14/lesson_words.mp3",
          "localAudioPath": "data/ocr/audio-cache/lesson14/lesson_words.mp3",
          "itemIndex": 7,
          "text": "はし",
          "label": "橋",
          "start": 10.999,
          "end": 11.526,
          "duration": 0.527,
          "speechUnitCount": 1,
          "method": "ffmpeg-silencedetect-order",
          "confidence": "high"
        }
      },
      {
        "id": "l14-v008",
        "kana": "かど",
        "writing": "角",
        "meaningZh": [
          "拐角"
        ],
        "partOfSpeech": "名",
        "rawText": "かど（角）[名] 拐角",
        "confidence": "high",
        "audioSegment": {
          "id": "l14-v008",
          "trackId": "lesson_words",
          "sourceUrl": "https://japaflow-audio-bucket.oss-cn-shanghai.aliyuncs.com/textbook-audio/book1-unit4/lesson14/lesson_words.mp3",
          "localAudioPath": "data/ocr/audio-cache/lesson14/lesson_words.mp3",
          "itemIndex": 8,
          "text": "かど",
          "label": "角",
          "start": 12.295,
          "end": 12.773,
          "duration": 0.478,
          "speechUnitCount": 1,
          "method": "ffmpeg-silencedetect-order",
          "confidence": "high"
        }
      },
      {
        "id": "l14-v009",
        "kana": "おうだんほどう",
        "writing": "横断歩道",
        "meaningZh": [
          "人行横道"
        ],
        "partOfSpeech": "名",
        "rawText": "おうだんほどう（横断歩道）[名] 人行横道",
        "confidence": "high",
        "audioSegment": {
          "id": "l14-v009",
          "trackId": "lesson_words",
          "sourceUrl": "https://japaflow-audio-bucket.oss-cn-shanghai.aliyuncs.com/textbook-audio/book1-unit4/lesson14/lesson_words.mp3",
          "localAudioPath": "data/ocr/audio-cache/lesson14/lesson_words.mp3",
          "itemIndex": 9,
          "text": "おうだんほどう",
          "label": "横断歩道",
          "start": 13.541,
          "end": 14.731,
          "duration": 1.19,
          "speechUnitCount": 1,
          "method": "ffmpeg-silencedetect-order",
          "confidence": "high"
        }
      },
      {
        "id": "l14-v010",
        "kana": "みぎ",
        "writing": "右",
        "meaningZh": [
          "右",
          "右边"
        ],
        "partOfSpeech": "名",
        "rawText": "みぎ（右）[名] 右，右边",
        "confidence": "high",
        "audioSegment": {
          "id": "l14-v010",
          "trackId": "lesson_words",
          "sourceUrl": "https://japaflow-audio-bucket.oss-cn-shanghai.aliyuncs.com/textbook-audio/book1-unit4/lesson14/lesson_words.mp3",
          "localAudioPath": "data/ocr/audio-cache/lesson14/lesson_words.mp3",
          "itemIndex": 10,
          "text": "みぎ",
          "label": "右",
          "start": 15.429,
          "end": 15.978,
          "duration": 0.549,
          "speechUnitCount": 1,
          "method": "ffmpeg-silencedetect-order",
          "confidence": "high"
        }
      },
      {
        "id": "l14-v011",
        "kana": "ひだり",
        "writing": "左",
        "meaningZh": [
          "左",
          "左边"
        ],
        "partOfSpeech": "名",
        "rawText": "ひだり（左）[名] 左，左边",
        "confidence": "high",
        "audioSegment": {
          "id": "l14-v011",
          "trackId": "lesson_words",
          "sourceUrl": "https://japaflow-audio-bucket.oss-cn-shanghai.aliyuncs.com/textbook-audio/book1-unit4/lesson14/lesson_words.mp3",
          "localAudioPath": "data/ocr/audio-cache/lesson14/lesson_words.mp3",
          "itemIndex": 11,
          "text": "ひだり",
          "label": "左",
          "start": 16.74,
          "end": 17.369,
          "duration": 0.629,
          "speechUnitCount": 1,
          "method": "ffmpeg-silencedetect-order",
          "confidence": "high"
        }
      },
      {
        "id": "l14-v012",
        "kana": "こうさてん",
        "writing": "交差点",
        "meaningZh": [
          "十字路口"
        ],
        "partOfSpeech": "名",
        "rawText": "こうさてん（交差点）[名] 十字路口",
        "confidence": "high",
        "audioSegment": {
          "id": "l14-v012",
          "trackId": "lesson_words",
          "sourceUrl": "https://japaflow-audio-bucket.oss-cn-shanghai.aliyuncs.com/textbook-audio/book1-unit4/lesson14/lesson_words.mp3",
          "localAudioPath": "data/ocr/audio-cache/lesson14/lesson_words.mp3",
          "itemIndex": 12,
          "text": "こうさてん",
          "label": "交差点",
          "start": 18.29,
          "end": 19.346,
          "duration": 1.056,
          "speechUnitCount": 1,
          "method": "ffmpeg-silencedetect-order",
          "confidence": "high"
        }
      },
      {
        "id": "l14-v013",
        "kana": "みち",
        "writing": "道",
        "meaningZh": [
          "路",
          "道路"
        ],
        "partOfSpeech": "名",
        "rawText": "みち（道）[名] 路，道路",
        "confidence": "high",
        "audioSegment": {
          "id": "l14-v013",
          "trackId": "lesson_words",
          "sourceUrl": "https://japaflow-audio-bucket.oss-cn-shanghai.aliyuncs.com/textbook-audio/book1-unit4/lesson14/lesson_words.mp3",
          "localAudioPath": "data/ocr/audio-cache/lesson14/lesson_words.mp3",
          "itemIndex": 13,
          "text": "みち",
          "label": "道",
          "start": 19.747,
          "end": 20.402,
          "duration": 0.654,
          "speechUnitCount": 1,
          "method": "ffmpeg-silencedetect-order",
          "confidence": "high"
        }
      },
      {
        "id": "l14-v014",
        "kana": "ドア",
        "writing": "ドア",
        "meaningZh": [
          "门"
        ],
        "partOfSpeech": "名",
        "rawText": "ドア [名] 门",
        "confidence": "high",
        "audioSegment": {
          "id": "l14-v014",
          "trackId": "lesson_words",
          "sourceUrl": "https://japaflow-audio-bucket.oss-cn-shanghai.aliyuncs.com/textbook-audio/book1-unit4/lesson14/lesson_words.mp3",
          "localAudioPath": "data/ocr/audio-cache/lesson14/lesson_words.mp3",
          "itemIndex": 14,
          "text": "ドア",
          "label": "ドア",
          "start": 21.067,
          "end": 21.613,
          "duration": 0.546,
          "speechUnitCount": 1,
          "method": "ffmpeg-silencedetect-order",
          "confidence": "high"
        }
      },
      {
        "id": "l14-v015",
        "kana": "でんき",
        "writing": "電気",
        "meaningZh": [
          "电",
          "电力"
        ],
        "partOfSpeech": "名",
        "rawText": "でんき（電気）[名] 电，电力",
        "confidence": "high",
        "audioSegment": {
          "id": "l14-v015",
          "trackId": "lesson_words",
          "sourceUrl": "https://japaflow-audio-bucket.oss-cn-shanghai.aliyuncs.com/textbook-audio/book1-unit4/lesson14/lesson_words.mp3",
          "localAudioPath": "data/ocr/audio-cache/lesson14/lesson_words.mp3",
          "itemIndex": 15,
          "text": "でんき",
          "label": "電気",
          "start": 22.326,
          "end": 23.072,
          "duration": 0.746,
          "speechUnitCount": 1,
          "method": "ffmpeg-silencedetect-order",
          "confidence": "high"
        }
      },
      {
        "id": "l14-v016",
        "kana": "たいきょくけん",
        "writing": "太極拳",
        "meaningZh": [
          "太极拳"
        ],
        "partOfSpeech": "名",
        "rawText": "たいきょくけん（太極拳）[名] 太极拳",
        "confidence": "high",
        "audioSegment": {
          "id": "l14-v016",
          "trackId": "lesson_words",
          "sourceUrl": "https://japaflow-audio-bucket.oss-cn-shanghai.aliyuncs.com/textbook-audio/book1-unit4/lesson14/lesson_words.mp3",
          "localAudioPath": "data/ocr/audio-cache/lesson14/lesson_words.mp3",
          "itemIndex": 16,
          "text": "たいきょくけん",
          "label": "太極拳",
          "start": 24.311,
          "end": 25.488,
          "duration": 1.177,
          "speechUnitCount": 1,
          "method": "ffmpeg-silencedetect-order",
          "confidence": "high"
        }
      },
      {
        "id": "l14-v017",
        "kana": "あさごはん",
        "writing": "朝ご飯",
        "meaningZh": [
          "早饭"
        ],
        "partOfSpeech": "名",
        "rawText": "あさごはん（朝ご飯）[名] 早饭",
        "confidence": "high",
        "audioSegment": {
          "id": "l14-v017",
          "trackId": "lesson_words",
          "sourceUrl": "https://japaflow-audio-bucket.oss-cn-shanghai.aliyuncs.com/textbook-audio/book1-unit4/lesson14/lesson_words.mp3",
          "localAudioPath": "data/ocr/audio-cache/lesson14/lesson_words.mp3",
          "itemIndex": 17,
          "text": "あさごはん",
          "label": "朝ご飯",
          "start": 26.302,
          "end": 27.161,
          "duration": 0.859,
          "speechUnitCount": 1,
          "method": "ffmpeg-silencedetect-order",
          "confidence": "high"
        }
      },
      {
        "id": "l14-v018",
        "kana": "ばんごはん",
        "writing": "晩ご飯",
        "meaningZh": [
          "晚饭"
        ],
        "partOfSpeech": "名",
        "rawText": "ばんごはん（晩ご飯）[名] 晚饭",
        "confidence": "high",
        "audioSegment": {
          "id": "l14-v018",
          "trackId": "lesson_words",
          "sourceUrl": "https://japaflow-audio-bucket.oss-cn-shanghai.aliyuncs.com/textbook-audio/book1-unit4/lesson14/lesson_words.mp3",
          "localAudioPath": "data/ocr/audio-cache/lesson14/lesson_words.mp3",
          "itemIndex": 18,
          "text": "ばんごはん",
          "label": "晩ご飯",
          "start": 27.933,
          "end": 28.918,
          "duration": 0.985,
          "speechUnitCount": 1,
          "method": "ffmpeg-silencedetect-order",
          "confidence": "high"
        }
      },
      {
        "id": "l14-v019",
        "kana": "バーベキュー",
        "writing": "バーベキュー",
        "meaningZh": [
          "户外烧烤"
        ],
        "partOfSpeech": "名",
        "rawText": "バーベキュー [名] 户外烧烤",
        "confidence": "high",
        "audioSegment": {
          "id": "l14-v019",
          "trackId": "lesson_words",
          "sourceUrl": "https://japaflow-audio-bucket.oss-cn-shanghai.aliyuncs.com/textbook-audio/book1-unit4/lesson14/lesson_words.mp3",
          "localAudioPath": "data/ocr/audio-cache/lesson14/lesson_words.mp3",
          "itemIndex": 19,
          "text": "バーベキュー",
          "label": "バーベキュー",
          "start": 29.705,
          "end": 30.704,
          "duration": 0.999,
          "speechUnitCount": 1,
          "method": "ffmpeg-silencedetect-order",
          "confidence": "high"
        }
      },
      {
        "id": "l14-v020",
        "kana": "とおります",
        "writing": "通ります",
        "meaningZh": [
          "通过",
          "经过"
        ],
        "partOfSpeech": "动1",
        "rawText": "とおります（通ります）[动1] 通过，经过",
        "confidence": "high",
        "audioSegment": {
          "id": "l14-v020",
          "trackId": "lesson_words",
          "sourceUrl": "https://japaflow-audio-bucket.oss-cn-shanghai.aliyuncs.com/textbook-audio/book1-unit4/lesson14/lesson_words.mp3",
          "localAudioPath": "data/ocr/audio-cache/lesson14/lesson_words.mp3",
          "itemIndex": 20,
          "text": "とおります",
          "label": "通ります",
          "start": 31.641,
          "end": 32.625,
          "duration": 0.984,
          "speechUnitCount": 1,
          "method": "ffmpeg-silencedetect-order",
          "confidence": "high"
        }
      },
      {
        "id": "l14-v021",
        "kana": "いそぎます",
        "writing": "急ぎます",
        "meaningZh": [
          "急",
          "匆忙"
        ],
        "partOfSpeech": "动1",
        "rawText": "いそぎます（急ぎます）[动1] 急，匆忙",
        "confidence": "high",
        "audioSegment": {
          "id": "l14-v021",
          "trackId": "lesson_words",
          "sourceUrl": "https://japaflow-audio-bucket.oss-cn-shanghai.aliyuncs.com/textbook-audio/book1-unit4/lesson14/lesson_words.mp3",
          "localAudioPath": "data/ocr/audio-cache/lesson14/lesson_words.mp3",
          "itemIndex": 21,
          "text": "いそぎます",
          "label": "急ぎます",
          "start": 33.362,
          "end": 34.287,
          "duration": 0.924,
          "speechUnitCount": 1,
          "method": "ffmpeg-silencedetect-order",
          "confidence": "high"
        }
      },
      {
        "id": "l14-v022",
        "kana": "とびます",
        "writing": "飛びます",
        "meaningZh": [
          "飞",
          "飞行"
        ],
        "partOfSpeech": "动1",
        "rawText": "とびます（飛びます）[动1] 飞，飞行",
        "confidence": "high",
        "audioSegment": {
          "id": "l14-v022",
          "trackId": "lesson_words",
          "sourceUrl": "https://japaflow-audio-bucket.oss-cn-shanghai.aliyuncs.com/textbook-audio/book1-unit4/lesson14/lesson_words.mp3",
          "localAudioPath": "data/ocr/audio-cache/lesson14/lesson_words.mp3",
          "itemIndex": 22,
          "text": "とびます",
          "label": "飛びます",
          "start": 34.825,
          "end": 35.638,
          "duration": 0.813,
          "speechUnitCount": 1,
          "method": "ffmpeg-silencedetect-order",
          "confidence": "high"
        }
      },
      {
        "id": "l14-v023",
        "kana": "しにます",
        "writing": "死にます",
        "meaningZh": [
          "死",
          "死亡"
        ],
        "partOfSpeech": "动1",
        "rawText": "しにます（死にます）[动1] 死，死亡",
        "confidence": "high",
        "audioSegment": {
          "id": "l14-v023",
          "trackId": "lesson_words",
          "sourceUrl": "https://japaflow-audio-bucket.oss-cn-shanghai.aliyuncs.com/textbook-audio/book1-unit4/lesson14/lesson_words.mp3",
          "localAudioPath": "data/ocr/audio-cache/lesson14/lesson_words.mp3",
          "itemIndex": 23,
          "text": "しにます",
          "label": "死にます",
          "start": 36.174,
          "end": 37.093,
          "duration": 0.919,
          "speechUnitCount": 1,
          "method": "ffmpeg-silencedetect-order",
          "confidence": "high"
        }
      },
      {
        "id": "l14-v024",
        "kana": "まちます",
        "writing": "待ちます",
        "meaningZh": [
          "等待",
          "等候"
        ],
        "partOfSpeech": "动1",
        "rawText": "まちます（待ちます）[动1] 等待，等候",
        "confidence": "high",
        "audioSegment": {
          "id": "l14-v024",
          "trackId": "lesson_words",
          "sourceUrl": "https://japaflow-audio-bucket.oss-cn-shanghai.aliyuncs.com/textbook-audio/book1-unit4/lesson14/lesson_words.mp3",
          "localAudioPath": "data/ocr/audio-cache/lesson14/lesson_words.mp3",
          "itemIndex": 24,
          "text": "まちます",
          "label": "待ちます",
          "start": 37.775,
          "end": 38.681,
          "duration": 0.906,
          "speechUnitCount": 1,
          "method": "ffmpeg-silencedetect-order",
          "confidence": "high"
        }
      },
      {
        "id": "l14-v025",
        "kana": "うります",
        "writing": "売ります",
        "meaningZh": [
          "卖",
          "销售"
        ],
        "partOfSpeech": "动1",
        "rawText": "うります（売ります）[动1] 卖，销售",
        "confidence": "high",
        "audioSegment": {
          "id": "l14-v025",
          "trackId": "lesson_words",
          "sourceUrl": "https://japaflow-audio-bucket.oss-cn-shanghai.aliyuncs.com/textbook-audio/book1-unit4/lesson14/lesson_words.mp3",
          "localAudioPath": "data/ocr/audio-cache/lesson14/lesson_words.mp3",
          "itemIndex": 25,
          "text": "うります",
          "label": "売ります",
          "start": 39.187,
          "end": 40.036,
          "duration": 0.848,
          "speechUnitCount": 1,
          "method": "ffmpeg-silencedetect-order",
          "confidence": "high"
        }
      },
      {
        "id": "l14-v026",
        "kana": "はなします",
        "writing": "話します",
        "meaningZh": [
          "说话",
          "说"
        ],
        "partOfSpeech": "动1",
        "rawText": "はなします（話します）[动1] 说话，说",
        "confidence": "high",
        "audioSegment": {
          "id": "l14-v026",
          "trackId": "lesson_words",
          "sourceUrl": "https://japaflow-audio-bucket.oss-cn-shanghai.aliyuncs.com/textbook-audio/book1-unit4/lesson14/lesson_words.mp3",
          "localAudioPath": "data/ocr/audio-cache/lesson14/lesson_words.mp3",
          "itemIndex": 26,
          "text": "はなします",
          "label": "話します",
          "start": 40.681,
          "end": 41.688,
          "duration": 1.008,
          "speechUnitCount": 1,
          "method": "ffmpeg-silencedetect-order",
          "confidence": "high"
        }
      },
      {
        "id": "l14-v027",
        "kana": "わたります",
        "writing": "渡ります",
        "meaningZh": [
          "过（桥、河）",
          "穿过（马路）"
        ],
        "partOfSpeech": "动1",
        "rawText": "わたります（渡ります）[动1] 过（桥、河），穿过（马路）",
        "confidence": "high",
        "audioSegment": {
          "id": "l14-v027",
          "trackId": "lesson_words",
          "sourceUrl": "https://japaflow-audio-bucket.oss-cn-shanghai.aliyuncs.com/textbook-audio/book1-unit4/lesson14/lesson_words.mp3",
          "localAudioPath": "data/ocr/audio-cache/lesson14/lesson_words.mp3",
          "itemIndex": 27,
          "text": "わたります",
          "label": "渡ります",
          "start": 42.257,
          "end": 43.271,
          "duration": 1.014,
          "speechUnitCount": 1,
          "method": "ffmpeg-silencedetect-order",
          "confidence": "high"
        }
      },
      {
        "id": "l14-v028",
        "kana": "おろします",
        "writing": "下ろします",
        "meaningZh": [
          "取",
          "卸货"
        ],
        "partOfSpeech": "动1",
        "rawText": "おろします（下ろします）[动1] 取，卸货",
        "confidence": "high",
        "audioSegment": {
          "id": "l14-v028",
          "trackId": "lesson_words",
          "sourceUrl": "https://japaflow-audio-bucket.oss-cn-shanghai.aliyuncs.com/textbook-audio/book1-unit4/lesson14/lesson_words.mp3",
          "localAudioPath": "data/ocr/audio-cache/lesson14/lesson_words.mp3",
          "itemIndex": 28,
          "text": "おろします",
          "label": "下ろします",
          "start": 44.456,
          "end": 45.44,
          "duration": 0.984,
          "speechUnitCount": 1,
          "method": "ffmpeg-silencedetect-order",
          "confidence": "high"
        }
      },
      {
        "id": "l14-v029",
        "kana": "えらびます",
        "writing": "選びます",
        "meaningZh": [
          "挑选",
          "选择"
        ],
        "partOfSpeech": "动1",
        "rawText": "えらびます（選びます）[动1] 挑选，选择",
        "confidence": "high",
        "audioSegment": {
          "id": "l14-v029",
          "trackId": "lesson_words",
          "sourceUrl": "https://japaflow-audio-bucket.oss-cn-shanghai.aliyuncs.com/textbook-audio/book1-unit4/lesson14/lesson_words.mp3",
          "localAudioPath": "data/ocr/audio-cache/lesson14/lesson_words.mp3",
          "itemIndex": 29,
          "text": "えらびます",
          "label": "選びます",
          "start": 46.098,
          "end": 47.076,
          "duration": 0.978,
          "speechUnitCount": 1,
          "method": "ffmpeg-silencedetect-order",
          "confidence": "high"
        }
      },
      {
        "id": "l14-v030",
        "kana": "けします",
        "writing": "消します",
        "meaningZh": [
          "关（灯）",
          "消除",
          "去除"
        ],
        "partOfSpeech": "动1",
        "rawText": "けします（消します）[动1] 关（灯），消除，去除",
        "confidence": "high",
        "audioSegment": {
          "id": "l14-v030",
          "trackId": "lesson_words",
          "sourceUrl": "https://japaflow-audio-bucket.oss-cn-shanghai.aliyuncs.com/textbook-audio/book1-unit4/lesson14/lesson_words.mp3",
          "localAudioPath": "data/ocr/audio-cache/lesson14/lesson_words.mp3",
          "itemIndex": 30,
          "text": "けします",
          "label": "消します",
          "start": 47.837,
          "end": 48.75,
          "duration": 0.912,
          "speechUnitCount": 1,
          "method": "ffmpeg-silencedetect-order",
          "confidence": "high"
        }
      },
      {
        "id": "l14-v031",
        "kana": "あるきます",
        "writing": "歩きます",
        "meaningZh": [
          "步行",
          "行走"
        ],
        "partOfSpeech": "动1",
        "rawText": "あるきます（歩きます）[动1] 步行，行走",
        "confidence": "high",
        "audioSegment": {
          "id": "l14-v031",
          "trackId": "lesson_words",
          "sourceUrl": "https://japaflow-audio-bucket.oss-cn-shanghai.aliyuncs.com/textbook-audio/book1-unit4/lesson14/lesson_words.mp3",
          "localAudioPath": "data/ocr/audio-cache/lesson14/lesson_words.mp3",
          "itemIndex": 31,
          "text": "あるきます",
          "label": "歩きます",
          "start": 49.535,
          "end": 50.506,
          "duration": 0.971,
          "speechUnitCount": 1,
          "method": "ffmpeg-silencedetect-order",
          "confidence": "high"
        }
      },
      {
        "id": "l14-v032",
        "kana": "まがります",
        "writing": "曲がります",
        "meaningZh": [
          "拐弯",
          "曲折"
        ],
        "partOfSpeech": "动1",
        "rawText": "まがります（曲がります）[动1] 拐弯，曲折",
        "confidence": "high",
        "audioSegment": {
          "id": "l14-v032",
          "trackId": "lesson_words",
          "sourceUrl": "https://japaflow-audio-bucket.oss-cn-shanghai.aliyuncs.com/textbook-audio/book1-unit4/lesson14/lesson_words.mp3",
          "localAudioPath": "data/ocr/audio-cache/lesson14/lesson_words.mp3",
          "itemIndex": 32,
          "text": "まがります",
          "label": "曲がります",
          "start": 51.416,
          "end": 52.406,
          "duration": 0.99,
          "speechUnitCount": 1,
          "method": "ffmpeg-silencedetect-order",
          "confidence": "high"
        }
      },
      {
        "id": "l14-v033",
        "kana": "あらいます",
        "writing": "洗います",
        "meaningZh": [
          "洗",
          "洗涤"
        ],
        "partOfSpeech": "动1",
        "rawText": "あらいます（洗います）[动1] 洗，洗涤",
        "confidence": "high",
        "audioSegment": {
          "id": "l14-v033",
          "trackId": "lesson_words",
          "sourceUrl": "https://japaflow-audio-bucket.oss-cn-shanghai.aliyuncs.com/textbook-audio/book1-unit4/lesson14/lesson_words.mp3",
          "localAudioPath": "data/ocr/audio-cache/lesson14/lesson_words.mp3",
          "itemIndex": 33,
          "text": "あらいます",
          "label": "洗います",
          "start": 53.123,
          "end": 54.139,
          "duration": 1.016,
          "speechUnitCount": 1,
          "method": "ffmpeg-silencedetect-order",
          "confidence": "high"
        }
      },
      {
        "id": "l14-v034",
        "kana": "でます",
        "writing": "出ます",
        "meaningZh": [
          "离开"
        ],
        "partOfSpeech": "动2",
        "rawText": "でます（出ます）[动2] 离开",
        "confidence": "high",
        "audioSegment": {
          "id": "l14-v034",
          "trackId": "lesson_words",
          "sourceUrl": "https://japaflow-audio-bucket.oss-cn-shanghai.aliyuncs.com/textbook-audio/book1-unit4/lesson14/lesson_words.mp3",
          "localAudioPath": "data/ocr/audio-cache/lesson14/lesson_words.mp3",
          "itemIndex": 34,
          "text": "でます",
          "label": "出ます",
          "start": 54.763,
          "end": 55.45,
          "duration": 0.687,
          "speechUnitCount": 1,
          "method": "ffmpeg-silencedetect-order",
          "confidence": "high"
        }
      },
      {
        "id": "l14-v035",
        "kana": "でかけます",
        "writing": "出かけます",
        "meaningZh": [
          "外出",
          "出门"
        ],
        "partOfSpeech": "动2",
        "rawText": "でかけます（出かけます）[动2] 外出，出门",
        "confidence": "high",
        "audioSegment": {
          "id": "l14-v035",
          "trackId": "lesson_words",
          "sourceUrl": "https://japaflow-audio-bucket.oss-cn-shanghai.aliyuncs.com/textbook-audio/book1-unit4/lesson14/lesson_words.mp3",
          "localAudioPath": "data/ocr/audio-cache/lesson14/lesson_words.mp3",
          "itemIndex": 35,
          "text": "でかけます",
          "label": "出かけます",
          "start": 56.282,
          "end": 57.331,
          "duration": 1.049,
          "speechUnitCount": 1,
          "method": "ffmpeg-silencedetect-order",
          "confidence": "high"
        }
      },
      {
        "id": "l14-v036",
        "kana": "あけます",
        "writing": "開けます",
        "meaningZh": [
          "开",
          "打开",
          "开启"
        ],
        "partOfSpeech": "动2",
        "rawText": "あけます（開けます）[动2] 开，打开，开启",
        "confidence": "high",
        "audioSegment": {
          "id": "l14-v036",
          "trackId": "lesson_words",
          "sourceUrl": "https://japaflow-audio-bucket.oss-cn-shanghai.aliyuncs.com/textbook-audio/book1-unit4/lesson14/lesson_words.mp3",
          "localAudioPath": "data/ocr/audio-cache/lesson14/lesson_words.mp3",
          "itemIndex": 36,
          "text": "あけます",
          "label": "開けます",
          "start": 58.079,
          "end": 58.921,
          "duration": 0.842,
          "speechUnitCount": 1,
          "method": "ffmpeg-silencedetect-order",
          "confidence": "high"
        }
      },
      {
        "id": "l14-v037",
        "kana": "すぎます",
        "writing": "過ぎます",
        "meaningZh": [
          "过"
        ],
        "partOfSpeech": "动2",
        "rawText": "すぎます（過ぎます）[动2] 过",
        "confidence": "high",
        "audioSegment": {
          "id": "l14-v037",
          "trackId": "lesson_words",
          "sourceUrl": "https://japaflow-audio-bucket.oss-cn-shanghai.aliyuncs.com/textbook-audio/book1-unit4/lesson14/lesson_words.mp3",
          "localAudioPath": "data/ocr/audio-cache/lesson14/lesson_words.mp3",
          "itemIndex": 37,
          "text": "すぎます",
          "label": "過ぎます",
          "start": 59.626,
          "end": 60.603,
          "duration": 0.976,
          "speechUnitCount": 1,
          "method": "ffmpeg-silencedetect-order",
          "confidence": "high"
        }
      },
      {
        "id": "l14-v038",
        "kana": "みせます",
        "writing": "見せます",
        "meaningZh": [
          "给～看",
          "出示"
        ],
        "partOfSpeech": "动2",
        "rawText": "みせます（見せます）[动2] 给～看，出示",
        "confidence": "high",
        "audioSegment": {
          "id": "l14-v038",
          "trackId": "lesson_words",
          "sourceUrl": "https://japaflow-audio-bucket.oss-cn-shanghai.aliyuncs.com/textbook-audio/book1-unit4/lesson14/lesson_words.mp3",
          "localAudioPath": "data/ocr/audio-cache/lesson14/lesson_words.mp3",
          "itemIndex": 38,
          "text": "みせます",
          "label": "見せます",
          "start": 61.32,
          "end": 62.162,
          "duration": 0.841,
          "speechUnitCount": 1,
          "method": "ffmpeg-silencedetect-order",
          "confidence": "high"
        }
      },
      {
        "id": "l14-v039",
        "kana": "つけます",
        "writing": "つけます",
        "meaningZh": [
          "开（灯）"
        ],
        "partOfSpeech": "动2",
        "rawText": "つけます [动2] 开（灯）",
        "confidence": "high",
        "audioSegment": {
          "id": "l14-v039",
          "trackId": "lesson_words",
          "sourceUrl": "https://japaflow-audio-bucket.oss-cn-shanghai.aliyuncs.com/textbook-audio/book1-unit4/lesson14/lesson_words.mp3",
          "localAudioPath": "data/ocr/audio-cache/lesson14/lesson_words.mp3",
          "itemIndex": 39,
          "text": "つけます",
          "label": "つけます",
          "start": 62.967,
          "end": 63.89,
          "duration": 0.923,
          "speechUnitCount": 1,
          "method": "ffmpeg-silencedetect-order",
          "confidence": "high"
        }
      },
      {
        "id": "l14-v040",
        "kana": "おります",
        "writing": "降ります",
        "meaningZh": [
          "下（车、山）"
        ],
        "partOfSpeech": "动2",
        "rawText": "おります（降ります）[动2] 下（车、山）",
        "confidence": "high",
        "audioSegment": {
          "id": "l14-v040",
          "trackId": "lesson_words",
          "sourceUrl": "https://japaflow-audio-bucket.oss-cn-shanghai.aliyuncs.com/textbook-audio/book1-unit4/lesson14/lesson_words.mp3",
          "localAudioPath": "data/ocr/audio-cache/lesson14/lesson_words.mp3",
          "itemIndex": 40,
          "text": "おります",
          "label": "降ります",
          "start": 64.67,
          "end": 65.477,
          "duration": 0.807,
          "speechUnitCount": 1,
          "method": "ffmpeg-silencedetect-order",
          "confidence": "high"
        }
      },
      {
        "id": "l14-v041",
        "kana": "かいものします",
        "writing": "買い物します",
        "meaningZh": [
          "买东西"
        ],
        "partOfSpeech": "动3",
        "rawText": "かいものします（買い物〜）[动3] 买东西",
        "confidence": "high",
        "audioSegment": {
          "id": "l14-v041",
          "trackId": "lesson_words",
          "sourceUrl": "https://japaflow-audio-bucket.oss-cn-shanghai.aliyuncs.com/textbook-audio/book1-unit4/lesson14/lesson_words.mp3",
          "localAudioPath": "data/ocr/audio-cache/lesson14/lesson_words.mp3",
          "itemIndex": 41,
          "text": "かいものします",
          "label": "買い物します",
          "start": 66.358,
          "end": 67.694,
          "duration": 1.336,
          "speechUnitCount": 1,
          "method": "ffmpeg-silencedetect-order",
          "confidence": "high"
        }
      },
      {
        "id": "l14-v042",
        "kana": "そつぎょうします",
        "writing": "卒業します",
        "meaningZh": [
          "毕业"
        ],
        "partOfSpeech": "动3",
        "rawText": "そつぎょうします（卒業〜）[动3] 毕业",
        "confidence": "high",
        "audioSegment": {
          "id": "l14-v042",
          "trackId": "lesson_words",
          "sourceUrl": "https://japaflow-audio-bucket.oss-cn-shanghai.aliyuncs.com/textbook-audio/book1-unit4/lesson14/lesson_words.mp3",
          "localAudioPath": "data/ocr/audio-cache/lesson14/lesson_words.mp3",
          "itemIndex": 42,
          "text": "そつぎょうします",
          "label": "卒業します",
          "start": 68.347,
          "end": 69.79,
          "duration": 1.443,
          "speechUnitCount": 1,
          "method": "ffmpeg-silencedetect-order",
          "confidence": "high"
        }
      },
      {
        "id": "l14-v043",
        "kana": "しょくじします",
        "writing": "食事します",
        "meaningZh": [
          "吃饭",
          "用餐"
        ],
        "partOfSpeech": "动3",
        "rawText": "しょくじします（食事〜）[动3] 吃饭，用餐",
        "confidence": "high",
        "audioSegment": {
          "id": "l14-v043",
          "trackId": "lesson_words",
          "sourceUrl": "https://japaflow-audio-bucket.oss-cn-shanghai.aliyuncs.com/textbook-audio/book1-unit4/lesson14/lesson_words.mp3",
          "localAudioPath": "data/ocr/audio-cache/lesson14/lesson_words.mp3",
          "itemIndex": 43,
          "text": "しょくじします",
          "label": "食事します",
          "start": 70.434,
          "end": 71.664,
          "duration": 1.231,
          "speechUnitCount": 1,
          "method": "ffmpeg-silencedetect-order",
          "confidence": "high"
        }
      },
      {
        "id": "l14-v044",
        "kana": "せいりします",
        "writing": "整理します",
        "meaningZh": [
          "整理"
        ],
        "partOfSpeech": "动3",
        "rawText": "せいりします（整理〜）[动3] 整理",
        "confidence": "high",
        "audioSegment": {
          "id": "l14-v044",
          "trackId": "lesson_words",
          "sourceUrl": "https://japaflow-audio-bucket.oss-cn-shanghai.aliyuncs.com/textbook-audio/book1-unit4/lesson14/lesson_words.mp3",
          "localAudioPath": "data/ocr/audio-cache/lesson14/lesson_words.mp3",
          "itemIndex": 44,
          "text": "せいりします",
          "label": "整理します",
          "start": 72.907,
          "end": 74.051,
          "duration": 1.145,
          "speechUnitCount": 1,
          "method": "ffmpeg-silencedetect-order",
          "confidence": "high"
        }
      },
      {
        "id": "l14-v045",
        "kana": "コピーします",
        "writing": "コピーします",
        "meaningZh": [
          "复印"
        ],
        "partOfSpeech": "动3",
        "rawText": "コピーします [动3] 复印",
        "confidence": "high",
        "audioSegment": {
          "id": "l14-v045",
          "trackId": "lesson_words",
          "sourceUrl": "https://japaflow-audio-bucket.oss-cn-shanghai.aliyuncs.com/textbook-audio/book1-unit4/lesson14/lesson_words.mp3",
          "localAudioPath": "data/ocr/audio-cache/lesson14/lesson_words.mp3",
          "itemIndex": 45,
          "text": "コピーします",
          "label": "コピーします",
          "start": 74.804,
          "end": 76.024,
          "duration": 1.221,
          "speechUnitCount": 1,
          "method": "ffmpeg-silencedetect-order",
          "confidence": "high"
        }
      },
      {
        "id": "l14-v046",
        "kana": "くらい",
        "writing": "暗い",
        "meaningZh": [
          "黑暗",
          "昏暗"
        ],
        "partOfSpeech": "形1",
        "rawText": "くらい（暗い）[形1] 黑暗，昏暗",
        "confidence": "high",
        "audioSegment": {
          "id": "l14-v046",
          "trackId": "lesson_words",
          "sourceUrl": "https://japaflow-audio-bucket.oss-cn-shanghai.aliyuncs.com/textbook-audio/book1-unit4/lesson14/lesson_words.mp3",
          "localAudioPath": "data/ocr/audio-cache/lesson14/lesson_words.mp3",
          "itemIndex": 46,
          "text": "くらい",
          "label": "暗い",
          "start": 76.596,
          "end": 77.247,
          "duration": 0.651,
          "speechUnitCount": 1,
          "method": "ffmpeg-silencedetect-order",
          "confidence": "high"
        }
      },
      {
        "id": "l14-v047",
        "kana": "たいへん",
        "writing": "大変",
        "meaningZh": [
          "够受的",
          "不得了"
        ],
        "partOfSpeech": "形2",
        "rawText": "たいへん（大変）[形2] 够受的，不得了",
        "confidence": "high",
        "audioSegment": {
          "id": "l14-v047",
          "trackId": "lesson_words",
          "sourceUrl": "https://japaflow-audio-bucket.oss-cn-shanghai.aliyuncs.com/textbook-audio/book1-unit4/lesson14/lesson_words.mp3",
          "localAudioPath": "data/ocr/audio-cache/lesson14/lesson_words.mp3",
          "itemIndex": 47,
          "text": "たいへん",
          "label": "大変",
          "start": 78.019,
          "end": 78.765,
          "duration": 0.747,
          "speechUnitCount": 1,
          "method": "ffmpeg-silencedetect-order",
          "confidence": "high"
        }
      },
      {
        "id": "l14-v048",
        "kana": "なかなか",
        "writing": "なかなか",
        "meaningZh": [
          "相当",
          "很",
          "非常"
        ],
        "partOfSpeech": "副",
        "rawText": "なかなか [副] 相当，很，非常",
        "confidence": "high",
        "audioSegment": {
          "id": "l14-v048",
          "trackId": "lesson_words",
          "sourceUrl": "https://japaflow-audio-bucket.oss-cn-shanghai.aliyuncs.com/textbook-audio/book1-unit4/lesson14/lesson_words.mp3",
          "localAudioPath": "data/ocr/audio-cache/lesson14/lesson_words.mp3",
          "itemIndex": 48,
          "text": "なかなか",
          "label": "なかなか",
          "start": 79.593,
          "end": 80.504,
          "duration": 0.911,
          "speechUnitCount": 1,
          "method": "ffmpeg-silencedetect-order",
          "confidence": "high"
        }
      },
      {
        "id": "l14-v049",
        "kana": "こう",
        "writing": "こう",
        "meaningZh": [
          "这样",
          "如此"
        ],
        "partOfSpeech": "副",
        "rawText": "こう [副] 这样，如此",
        "confidence": "high",
        "audioSegment": {
          "id": "l14-v049",
          "trackId": "lesson_words",
          "sourceUrl": "https://japaflow-audio-bucket.oss-cn-shanghai.aliyuncs.com/textbook-audio/book1-unit4/lesson14/lesson_words.mp3",
          "localAudioPath": "data/ocr/audio-cache/lesson14/lesson_words.mp3",
          "itemIndex": 49,
          "text": "こう",
          "label": "こう",
          "start": 81.244,
          "end": 81.744,
          "duration": 0.5,
          "speechUnitCount": 1,
          "method": "ffmpeg-silencedetect-order",
          "confidence": "high"
        }
      },
      {
        "id": "l14-v050",
        "kana": "そう／ああ",
        "writing": "そう／ああ",
        "meaningZh": [
          "那样"
        ],
        "partOfSpeech": "副",
        "rawText": "そう／ああ [副] 那样",
        "confidence": "high",
        "audioSegment": {
          "id": "l14-v050",
          "trackId": "lesson_words",
          "sourceUrl": "https://japaflow-audio-bucket.oss-cn-shanghai.aliyuncs.com/textbook-audio/book1-unit4/lesson14/lesson_words.mp3",
          "localAudioPath": "data/ocr/audio-cache/lesson14/lesson_words.mp3",
          "itemIndex": 50,
          "text": "そう／ああ",
          "label": "そう／ああ",
          "start": 83.191,
          "end": 85.756,
          "duration": 2.565,
          "speechUnitCount": 2,
          "method": "ffmpeg-silencedetect-order",
          "confidence": "high"
        }
      },
      {
        "id": "l14-v051",
        "kana": "あとで",
        "writing": "後で",
        "meaningZh": [
          "过会儿"
        ],
        "partOfSpeech": "副",
        "rawText": "あとで（後で）[副] 过会儿",
        "confidence": "high",
        "audioSegment": {
          "id": "l14-v051",
          "trackId": "lesson_words",
          "sourceUrl": "https://japaflow-audio-bucket.oss-cn-shanghai.aliyuncs.com/textbook-audio/book1-unit4/lesson14/lesson_words.mp3",
          "localAudioPath": "data/ocr/audio-cache/lesson14/lesson_words.mp3",
          "itemIndex": 51,
          "text": "あとで",
          "label": "後で",
          "start": 86.946,
          "end": 87.546,
          "duration": 0.6,
          "speechUnitCount": 1,
          "method": "ffmpeg-silencedetect-order",
          "confidence": "high"
        }
      },
      {
        "id": "l14-v052",
        "kana": "それから",
        "writing": "それから",
        "meaningZh": [
          "然后",
          "另外"
        ],
        "partOfSpeech": "连",
        "rawText": "それから [连] 然后；另外",
        "confidence": "high",
        "audioSegment": {
          "id": "l14-v052",
          "trackId": "lesson_words",
          "sourceUrl": "https://japaflow-audio-bucket.oss-cn-shanghai.aliyuncs.com/textbook-audio/book1-unit4/lesson14/lesson_words.mp3",
          "localAudioPath": "data/ocr/audio-cache/lesson14/lesson_words.mp3",
          "itemIndex": 52,
          "text": "それから",
          "label": "それから",
          "start": 88.673,
          "end": 89.554,
          "duration": 0.881,
          "speechUnitCount": 1,
          "method": "ffmpeg-silencedetect-order",
          "confidence": "high"
        }
      },
      {
        "id": "l14-v053",
        "kana": "すみませんが",
        "writing": "すみませんが",
        "meaningZh": [
          "对不起……",
          "劳驾……"
        ],
        "partOfSpeech": null,
        "rawText": "すみませんが 对不起……，劳驾……",
        "confidence": "high",
        "audioSegment": {
          "id": "l14-v053",
          "trackId": "lesson_words",
          "sourceUrl": "https://japaflow-audio-bucket.oss-cn-shanghai.aliyuncs.com/textbook-audio/book1-unit4/lesson14/lesson_words.mp3",
          "localAudioPath": "data/ocr/audio-cache/lesson14/lesson_words.mp3",
          "itemIndex": 53,
          "text": "すみませんが",
          "label": "すみませんが",
          "start": 90.838,
          "end": 91.876,
          "duration": 1.038,
          "speechUnitCount": 1,
          "method": "ffmpeg-silencedetect-order",
          "confidence": "high"
        }
      }
    ],
    "warnings": [],
    "audioAlignment": {
      "generatedAt": "2026-08-05T08:45:32.741Z",
      "method": "ffmpeg-silencedetect-order",
      "tracks": {
        "lesson_words": {
          "trackId": "lesson_words",
          "sourceUrl": "https://japaflow-audio-bucket.oss-cn-shanghai.aliyuncs.com/textbook-audio/book1-unit4/lesson14/lesson_words.mp3",
          "localAudioPath": "data/ocr/audio-cache/lesson14/lesson_words.mp3",
          "outputPath": "data/ocr/lesson14-vocabulary-audio.json",
          "duration": 93.51,
          "expectedItems": 53,
          "expectedSpeechUnits": 54,
          "skippedSpeechUnits": 0,
          "detectedSpeechIntervals": 54,
          "mappedSegments": 53,
          "selectedProfile": {
            "noiseDb": -34,
            "minSilence": 0.18
          },
          "warnings": [],
          "segments": [
            {
              "id": "l14-v001",
              "trackId": "lesson_words",
              "sourceUrl": "https://japaflow-audio-bucket.oss-cn-shanghai.aliyuncs.com/textbook-audio/book1-unit4/lesson14/lesson_words.mp3",
              "localAudioPath": "data/ocr/audio-cache/lesson14/lesson_words.mp3",
              "itemIndex": 1,
              "text": "ふなびん",
              "label": "船便",
              "start": 1.033,
              "end": 1.825,
              "duration": 0.792,
              "speechUnitCount": 1,
              "method": "ffmpeg-silencedetect-order",
              "confidence": "high"
            },
            {
              "id": "l14-v002",
              "trackId": "lesson_words",
              "sourceUrl": "https://japaflow-audio-bucket.oss-cn-shanghai.aliyuncs.com/textbook-audio/book1-unit4/lesson14/lesson_words.mp3",
              "localAudioPath": "data/ocr/audio-cache/lesson14/lesson_words.mp3",
              "itemIndex": 2,
              "text": "しょるい",
              "label": "書類",
              "start": 2.64,
              "end": 3.379,
              "duration": 0.739,
              "speechUnitCount": 1,
              "method": "ffmpeg-silencedetect-order",
              "confidence": "high"
            },
            {
              "id": "l14-v003",
              "trackId": "lesson_words",
              "sourceUrl": "https://japaflow-audio-bucket.oss-cn-shanghai.aliyuncs.com/textbook-audio/book1-unit4/lesson14/lesson_words.mp3",
              "localAudioPath": "data/ocr/audio-cache/lesson14/lesson_words.mp3",
              "itemIndex": 3,
              "text": "げんこう",
              "label": "原稿",
              "start": 4.099,
              "end": 5.104,
              "duration": 1.005,
              "speechUnitCount": 1,
              "method": "ffmpeg-silencedetect-order",
              "confidence": "high"
            },
            {
              "id": "l14-v004",
              "trackId": "lesson_words",
              "sourceUrl": "https://japaflow-audio-bucket.oss-cn-shanghai.aliyuncs.com/textbook-audio/book1-unit4/lesson14/lesson_words.mp3",
              "localAudioPath": "data/ocr/audio-cache/lesson14/lesson_words.mp3",
              "itemIndex": 4,
              "text": "きじ",
              "label": "記事",
              "start": 5.87,
              "end": 6.322,
              "duration": 0.452,
              "speechUnitCount": 1,
              "method": "ffmpeg-silencedetect-order",
              "confidence": "high"
            },
            {
              "id": "l14-v005",
              "trackId": "lesson_words",
              "sourceUrl": "https://japaflow-audio-bucket.oss-cn-shanghai.aliyuncs.com/textbook-audio/book1-unit4/lesson14/lesson_words.mp3",
              "localAudioPath": "data/ocr/audio-cache/lesson14/lesson_words.mp3",
              "itemIndex": 5,
              "text": "メモ",
              "label": "メモ",
              "start": 7.179,
              "end": 7.631,
              "duration": 0.451,
              "speechUnitCount": 1,
              "method": "ffmpeg-silencedetect-order",
              "confidence": "high"
            },
            {
              "id": "l14-v006",
              "trackId": "lesson_words",
              "sourceUrl": "https://japaflow-audio-bucket.oss-cn-shanghai.aliyuncs.com/textbook-audio/book1-unit4/lesson14/lesson_words.mp3",
              "localAudioPath": "data/ocr/audio-cache/lesson14/lesson_words.mp3",
              "itemIndex": 6,
              "text": "えきまえ",
              "label": "駅前",
              "start": 8.89,
              "end": 9.672,
              "duration": 0.782,
              "speechUnitCount": 1,
              "method": "ffmpeg-silencedetect-order",
              "confidence": "high"
            },
            {
              "id": "l14-v007",
              "trackId": "lesson_words",
              "sourceUrl": "https://japaflow-audio-bucket.oss-cn-shanghai.aliyuncs.com/textbook-audio/book1-unit4/lesson14/lesson_words.mp3",
              "localAudioPath": "data/ocr/audio-cache/lesson14/lesson_words.mp3",
              "itemIndex": 7,
              "text": "はし",
              "label": "橋",
              "start": 10.999,
              "end": 11.526,
              "duration": 0.527,
              "speechUnitCount": 1,
              "method": "ffmpeg-silencedetect-order",
              "confidence": "high"
            },
            {
              "id": "l14-v008",
              "trackId": "lesson_words",
              "sourceUrl": "https://japaflow-audio-bucket.oss-cn-shanghai.aliyuncs.com/textbook-audio/book1-unit4/lesson14/lesson_words.mp3",
              "localAudioPath": "data/ocr/audio-cache/lesson14/lesson_words.mp3",
              "itemIndex": 8,
              "text": "かど",
              "label": "角",
              "start": 12.295,
              "end": 12.773,
              "duration": 0.478,
              "speechUnitCount": 1,
              "method": "ffmpeg-silencedetect-order",
              "confidence": "high"
            },
            {
              "id": "l14-v009",
              "trackId": "lesson_words",
              "sourceUrl": "https://japaflow-audio-bucket.oss-cn-shanghai.aliyuncs.com/textbook-audio/book1-unit4/lesson14/lesson_words.mp3",
              "localAudioPath": "data/ocr/audio-cache/lesson14/lesson_words.mp3",
              "itemIndex": 9,
              "text": "おうだんほどう",
              "label": "横断歩道",
              "start": 13.541,
              "end": 14.731,
              "duration": 1.19,
              "speechUnitCount": 1,
              "method": "ffmpeg-silencedetect-order",
              "confidence": "high"
            },
            {
              "id": "l14-v010",
              "trackId": "lesson_words",
              "sourceUrl": "https://japaflow-audio-bucket.oss-cn-shanghai.aliyuncs.com/textbook-audio/book1-unit4/lesson14/lesson_words.mp3",
              "localAudioPath": "data/ocr/audio-cache/lesson14/lesson_words.mp3",
              "itemIndex": 10,
              "text": "みぎ",
              "label": "右",
              "start": 15.429,
              "end": 15.978,
              "duration": 0.549,
              "speechUnitCount": 1,
              "method": "ffmpeg-silencedetect-order",
              "confidence": "high"
            },
            {
              "id": "l14-v011",
              "trackId": "lesson_words",
              "sourceUrl": "https://japaflow-audio-bucket.oss-cn-shanghai.aliyuncs.com/textbook-audio/book1-unit4/lesson14/lesson_words.mp3",
              "localAudioPath": "data/ocr/audio-cache/lesson14/lesson_words.mp3",
              "itemIndex": 11,
              "text": "ひだり",
              "label": "左",
              "start": 16.74,
              "end": 17.369,
              "duration": 0.629,
              "speechUnitCount": 1,
              "method": "ffmpeg-silencedetect-order",
              "confidence": "high"
            },
            {
              "id": "l14-v012",
              "trackId": "lesson_words",
              "sourceUrl": "https://japaflow-audio-bucket.oss-cn-shanghai.aliyuncs.com/textbook-audio/book1-unit4/lesson14/lesson_words.mp3",
              "localAudioPath": "data/ocr/audio-cache/lesson14/lesson_words.mp3",
              "itemIndex": 12,
              "text": "こうさてん",
              "label": "交差点",
              "start": 18.29,
              "end": 19.346,
              "duration": 1.056,
              "speechUnitCount": 1,
              "method": "ffmpeg-silencedetect-order",
              "confidence": "high"
            },
            {
              "id": "l14-v013",
              "trackId": "lesson_words",
              "sourceUrl": "https://japaflow-audio-bucket.oss-cn-shanghai.aliyuncs.com/textbook-audio/book1-unit4/lesson14/lesson_words.mp3",
              "localAudioPath": "data/ocr/audio-cache/lesson14/lesson_words.mp3",
              "itemIndex": 13,
              "text": "みち",
              "label": "道",
              "start": 19.747,
              "end": 20.402,
              "duration": 0.654,
              "speechUnitCount": 1,
              "method": "ffmpeg-silencedetect-order",
              "confidence": "high"
            },
            {
              "id": "l14-v014",
              "trackId": "lesson_words",
              "sourceUrl": "https://japaflow-audio-bucket.oss-cn-shanghai.aliyuncs.com/textbook-audio/book1-unit4/lesson14/lesson_words.mp3",
              "localAudioPath": "data/ocr/audio-cache/lesson14/lesson_words.mp3",
              "itemIndex": 14,
              "text": "ドア",
              "label": "ドア",
              "start": 21.067,
              "end": 21.613,
              "duration": 0.546,
              "speechUnitCount": 1,
              "method": "ffmpeg-silencedetect-order",
              "confidence": "high"
            },
            {
              "id": "l14-v015",
              "trackId": "lesson_words",
              "sourceUrl": "https://japaflow-audio-bucket.oss-cn-shanghai.aliyuncs.com/textbook-audio/book1-unit4/lesson14/lesson_words.mp3",
              "localAudioPath": "data/ocr/audio-cache/lesson14/lesson_words.mp3",
              "itemIndex": 15,
              "text": "でんき",
              "label": "電気",
              "start": 22.326,
              "end": 23.072,
              "duration": 0.746,
              "speechUnitCount": 1,
              "method": "ffmpeg-silencedetect-order",
              "confidence": "high"
            },
            {
              "id": "l14-v016",
              "trackId": "lesson_words",
              "sourceUrl": "https://japaflow-audio-bucket.oss-cn-shanghai.aliyuncs.com/textbook-audio/book1-unit4/lesson14/lesson_words.mp3",
              "localAudioPath": "data/ocr/audio-cache/lesson14/lesson_words.mp3",
              "itemIndex": 16,
              "text": "たいきょくけん",
              "label": "太極拳",
              "start": 24.311,
              "end": 25.488,
              "duration": 1.177,
              "speechUnitCount": 1,
              "method": "ffmpeg-silencedetect-order",
              "confidence": "high"
            },
            {
              "id": "l14-v017",
              "trackId": "lesson_words",
              "sourceUrl": "https://japaflow-audio-bucket.oss-cn-shanghai.aliyuncs.com/textbook-audio/book1-unit4/lesson14/lesson_words.mp3",
              "localAudioPath": "data/ocr/audio-cache/lesson14/lesson_words.mp3",
              "itemIndex": 17,
              "text": "あさごはん",
              "label": "朝ご飯",
              "start": 26.302,
              "end": 27.161,
              "duration": 0.859,
              "speechUnitCount": 1,
              "method": "ffmpeg-silencedetect-order",
              "confidence": "high"
            },
            {
              "id": "l14-v018",
              "trackId": "lesson_words",
              "sourceUrl": "https://japaflow-audio-bucket.oss-cn-shanghai.aliyuncs.com/textbook-audio/book1-unit4/lesson14/lesson_words.mp3",
              "localAudioPath": "data/ocr/audio-cache/lesson14/lesson_words.mp3",
              "itemIndex": 18,
              "text": "ばんごはん",
              "label": "晩ご飯",
              "start": 27.933,
              "end": 28.918,
              "duration": 0.985,
              "speechUnitCount": 1,
              "method": "ffmpeg-silencedetect-order",
              "confidence": "high"
            },
            {
              "id": "l14-v019",
              "trackId": "lesson_words",
              "sourceUrl": "https://japaflow-audio-bucket.oss-cn-shanghai.aliyuncs.com/textbook-audio/book1-unit4/lesson14/lesson_words.mp3",
              "localAudioPath": "data/ocr/audio-cache/lesson14/lesson_words.mp3",
              "itemIndex": 19,
              "text": "バーベキュー",
              "label": "バーベキュー",
              "start": 29.705,
              "end": 30.704,
              "duration": 0.999,
              "speechUnitCount": 1,
              "method": "ffmpeg-silencedetect-order",
              "confidence": "high"
            },
            {
              "id": "l14-v020",
              "trackId": "lesson_words",
              "sourceUrl": "https://japaflow-audio-bucket.oss-cn-shanghai.aliyuncs.com/textbook-audio/book1-unit4/lesson14/lesson_words.mp3",
              "localAudioPath": "data/ocr/audio-cache/lesson14/lesson_words.mp3",
              "itemIndex": 20,
              "text": "とおります",
              "label": "通ります",
              "start": 31.641,
              "end": 32.625,
              "duration": 0.984,
              "speechUnitCount": 1,
              "method": "ffmpeg-silencedetect-order",
              "confidence": "high"
            },
            {
              "id": "l14-v021",
              "trackId": "lesson_words",
              "sourceUrl": "https://japaflow-audio-bucket.oss-cn-shanghai.aliyuncs.com/textbook-audio/book1-unit4/lesson14/lesson_words.mp3",
              "localAudioPath": "data/ocr/audio-cache/lesson14/lesson_words.mp3",
              "itemIndex": 21,
              "text": "いそぎます",
              "label": "急ぎます",
              "start": 33.362,
              "end": 34.287,
              "duration": 0.924,
              "speechUnitCount": 1,
              "method": "ffmpeg-silencedetect-order",
              "confidence": "high"
            },
            {
              "id": "l14-v022",
              "trackId": "lesson_words",
              "sourceUrl": "https://japaflow-audio-bucket.oss-cn-shanghai.aliyuncs.com/textbook-audio/book1-unit4/lesson14/lesson_words.mp3",
              "localAudioPath": "data/ocr/audio-cache/lesson14/lesson_words.mp3",
              "itemIndex": 22,
              "text": "とびます",
              "label": "飛びます",
              "start": 34.825,
              "end": 35.638,
              "duration": 0.813,
              "speechUnitCount": 1,
              "method": "ffmpeg-silencedetect-order",
              "confidence": "high"
            },
            {
              "id": "l14-v023",
              "trackId": "lesson_words",
              "sourceUrl": "https://japaflow-audio-bucket.oss-cn-shanghai.aliyuncs.com/textbook-audio/book1-unit4/lesson14/lesson_words.mp3",
              "localAudioPath": "data/ocr/audio-cache/lesson14/lesson_words.mp3",
              "itemIndex": 23,
              "text": "しにます",
              "label": "死にます",
              "start": 36.174,
              "end": 37.093,
              "duration": 0.919,
              "speechUnitCount": 1,
              "method": "ffmpeg-silencedetect-order",
              "confidence": "high"
            },
            {
              "id": "l14-v024",
              "trackId": "lesson_words",
              "sourceUrl": "https://japaflow-audio-bucket.oss-cn-shanghai.aliyuncs.com/textbook-audio/book1-unit4/lesson14/lesson_words.mp3",
              "localAudioPath": "data/ocr/audio-cache/lesson14/lesson_words.mp3",
              "itemIndex": 24,
              "text": "まちます",
              "label": "待ちます",
              "start": 37.775,
              "end": 38.681,
              "duration": 0.906,
              "speechUnitCount": 1,
              "method": "ffmpeg-silencedetect-order",
              "confidence": "high"
            },
            {
              "id": "l14-v025",
              "trackId": "lesson_words",
              "sourceUrl": "https://japaflow-audio-bucket.oss-cn-shanghai.aliyuncs.com/textbook-audio/book1-unit4/lesson14/lesson_words.mp3",
              "localAudioPath": "data/ocr/audio-cache/lesson14/lesson_words.mp3",
              "itemIndex": 25,
              "text": "うります",
              "label": "売ります",
              "start": 39.187,
              "end": 40.036,
              "duration": 0.848,
              "speechUnitCount": 1,
              "method": "ffmpeg-silencedetect-order",
              "confidence": "high"
            },
            {
              "id": "l14-v026",
              "trackId": "lesson_words",
              "sourceUrl": "https://japaflow-audio-bucket.oss-cn-shanghai.aliyuncs.com/textbook-audio/book1-unit4/lesson14/lesson_words.mp3",
              "localAudioPath": "data/ocr/audio-cache/lesson14/lesson_words.mp3",
              "itemIndex": 26,
              "text": "はなします",
              "label": "話します",
              "start": 40.681,
              "end": 41.688,
              "duration": 1.008,
              "speechUnitCount": 1,
              "method": "ffmpeg-silencedetect-order",
              "confidence": "high"
            },
            {
              "id": "l14-v027",
              "trackId": "lesson_words",
              "sourceUrl": "https://japaflow-audio-bucket.oss-cn-shanghai.aliyuncs.com/textbook-audio/book1-unit4/lesson14/lesson_words.mp3",
              "localAudioPath": "data/ocr/audio-cache/lesson14/lesson_words.mp3",
              "itemIndex": 27,
              "text": "わたります",
              "label": "渡ります",
              "start": 42.257,
              "end": 43.271,
              "duration": 1.014,
              "speechUnitCount": 1,
              "method": "ffmpeg-silencedetect-order",
              "confidence": "high"
            },
            {
              "id": "l14-v028",
              "trackId": "lesson_words",
              "sourceUrl": "https://japaflow-audio-bucket.oss-cn-shanghai.aliyuncs.com/textbook-audio/book1-unit4/lesson14/lesson_words.mp3",
              "localAudioPath": "data/ocr/audio-cache/lesson14/lesson_words.mp3",
              "itemIndex": 28,
              "text": "おろします",
              "label": "下ろします",
              "start": 44.456,
              "end": 45.44,
              "duration": 0.984,
              "speechUnitCount": 1,
              "method": "ffmpeg-silencedetect-order",
              "confidence": "high"
            },
            {
              "id": "l14-v029",
              "trackId": "lesson_words",
              "sourceUrl": "https://japaflow-audio-bucket.oss-cn-shanghai.aliyuncs.com/textbook-audio/book1-unit4/lesson14/lesson_words.mp3",
              "localAudioPath": "data/ocr/audio-cache/lesson14/lesson_words.mp3",
              "itemIndex": 29,
              "text": "えらびます",
              "label": "選びます",
              "start": 46.098,
              "end": 47.076,
              "duration": 0.978,
              "speechUnitCount": 1,
              "method": "ffmpeg-silencedetect-order",
              "confidence": "high"
            },
            {
              "id": "l14-v030",
              "trackId": "lesson_words",
              "sourceUrl": "https://japaflow-audio-bucket.oss-cn-shanghai.aliyuncs.com/textbook-audio/book1-unit4/lesson14/lesson_words.mp3",
              "localAudioPath": "data/ocr/audio-cache/lesson14/lesson_words.mp3",
              "itemIndex": 30,
              "text": "けします",
              "label": "消します",
              "start": 47.837,
              "end": 48.75,
              "duration": 0.912,
              "speechUnitCount": 1,
              "method": "ffmpeg-silencedetect-order",
              "confidence": "high"
            },
            {
              "id": "l14-v031",
              "trackId": "lesson_words",
              "sourceUrl": "https://japaflow-audio-bucket.oss-cn-shanghai.aliyuncs.com/textbook-audio/book1-unit4/lesson14/lesson_words.mp3",
              "localAudioPath": "data/ocr/audio-cache/lesson14/lesson_words.mp3",
              "itemIndex": 31,
              "text": "あるきます",
              "label": "歩きます",
              "start": 49.535,
              "end": 50.506,
              "duration": 0.971,
              "speechUnitCount": 1,
              "method": "ffmpeg-silencedetect-order",
              "confidence": "high"
            },
            {
              "id": "l14-v032",
              "trackId": "lesson_words",
              "sourceUrl": "https://japaflow-audio-bucket.oss-cn-shanghai.aliyuncs.com/textbook-audio/book1-unit4/lesson14/lesson_words.mp3",
              "localAudioPath": "data/ocr/audio-cache/lesson14/lesson_words.mp3",
              "itemIndex": 32,
              "text": "まがります",
              "label": "曲がります",
              "start": 51.416,
              "end": 52.406,
              "duration": 0.99,
              "speechUnitCount": 1,
              "method": "ffmpeg-silencedetect-order",
              "confidence": "high"
            },
            {
              "id": "l14-v033",
              "trackId": "lesson_words",
              "sourceUrl": "https://japaflow-audio-bucket.oss-cn-shanghai.aliyuncs.com/textbook-audio/book1-unit4/lesson14/lesson_words.mp3",
              "localAudioPath": "data/ocr/audio-cache/lesson14/lesson_words.mp3",
              "itemIndex": 33,
              "text": "あらいます",
              "label": "洗います",
              "start": 53.123,
              "end": 54.139,
              "duration": 1.016,
              "speechUnitCount": 1,
              "method": "ffmpeg-silencedetect-order",
              "confidence": "high"
            },
            {
              "id": "l14-v034",
              "trackId": "lesson_words",
              "sourceUrl": "https://japaflow-audio-bucket.oss-cn-shanghai.aliyuncs.com/textbook-audio/book1-unit4/lesson14/lesson_words.mp3",
              "localAudioPath": "data/ocr/audio-cache/lesson14/lesson_words.mp3",
              "itemIndex": 34,
              "text": "でます",
              "label": "出ます",
              "start": 54.763,
              "end": 55.45,
              "duration": 0.687,
              "speechUnitCount": 1,
              "method": "ffmpeg-silencedetect-order",
              "confidence": "high"
            },
            {
              "id": "l14-v035",
              "trackId": "lesson_words",
              "sourceUrl": "https://japaflow-audio-bucket.oss-cn-shanghai.aliyuncs.com/textbook-audio/book1-unit4/lesson14/lesson_words.mp3",
              "localAudioPath": "data/ocr/audio-cache/lesson14/lesson_words.mp3",
              "itemIndex": 35,
              "text": "でかけます",
              "label": "出かけます",
              "start": 56.282,
              "end": 57.331,
              "duration": 1.049,
              "speechUnitCount": 1,
              "method": "ffmpeg-silencedetect-order",
              "confidence": "high"
            },
            {
              "id": "l14-v036",
              "trackId": "lesson_words",
              "sourceUrl": "https://japaflow-audio-bucket.oss-cn-shanghai.aliyuncs.com/textbook-audio/book1-unit4/lesson14/lesson_words.mp3",
              "localAudioPath": "data/ocr/audio-cache/lesson14/lesson_words.mp3",
              "itemIndex": 36,
              "text": "あけます",
              "label": "開けます",
              "start": 58.079,
              "end": 58.921,
              "duration": 0.842,
              "speechUnitCount": 1,
              "method": "ffmpeg-silencedetect-order",
              "confidence": "high"
            },
            {
              "id": "l14-v037",
              "trackId": "lesson_words",
              "sourceUrl": "https://japaflow-audio-bucket.oss-cn-shanghai.aliyuncs.com/textbook-audio/book1-unit4/lesson14/lesson_words.mp3",
              "localAudioPath": "data/ocr/audio-cache/lesson14/lesson_words.mp3",
              "itemIndex": 37,
              "text": "すぎます",
              "label": "過ぎます",
              "start": 59.626,
              "end": 60.603,
              "duration": 0.976,
              "speechUnitCount": 1,
              "method": "ffmpeg-silencedetect-order",
              "confidence": "high"
            },
            {
              "id": "l14-v038",
              "trackId": "lesson_words",
              "sourceUrl": "https://japaflow-audio-bucket.oss-cn-shanghai.aliyuncs.com/textbook-audio/book1-unit4/lesson14/lesson_words.mp3",
              "localAudioPath": "data/ocr/audio-cache/lesson14/lesson_words.mp3",
              "itemIndex": 38,
              "text": "みせます",
              "label": "見せます",
              "start": 61.32,
              "end": 62.162,
              "duration": 0.841,
              "speechUnitCount": 1,
              "method": "ffmpeg-silencedetect-order",
              "confidence": "high"
            },
            {
              "id": "l14-v039",
              "trackId": "lesson_words",
              "sourceUrl": "https://japaflow-audio-bucket.oss-cn-shanghai.aliyuncs.com/textbook-audio/book1-unit4/lesson14/lesson_words.mp3",
              "localAudioPath": "data/ocr/audio-cache/lesson14/lesson_words.mp3",
              "itemIndex": 39,
              "text": "つけます",
              "label": "つけます",
              "start": 62.967,
              "end": 63.89,
              "duration": 0.923,
              "speechUnitCount": 1,
              "method": "ffmpeg-silencedetect-order",
              "confidence": "high"
            },
            {
              "id": "l14-v040",
              "trackId": "lesson_words",
              "sourceUrl": "https://japaflow-audio-bucket.oss-cn-shanghai.aliyuncs.com/textbook-audio/book1-unit4/lesson14/lesson_words.mp3",
              "localAudioPath": "data/ocr/audio-cache/lesson14/lesson_words.mp3",
              "itemIndex": 40,
              "text": "おります",
              "label": "降ります",
              "start": 64.67,
              "end": 65.477,
              "duration": 0.807,
              "speechUnitCount": 1,
              "method": "ffmpeg-silencedetect-order",
              "confidence": "high"
            },
            {
              "id": "l14-v041",
              "trackId": "lesson_words",
              "sourceUrl": "https://japaflow-audio-bucket.oss-cn-shanghai.aliyuncs.com/textbook-audio/book1-unit4/lesson14/lesson_words.mp3",
              "localAudioPath": "data/ocr/audio-cache/lesson14/lesson_words.mp3",
              "itemIndex": 41,
              "text": "かいものします",
              "label": "買い物します",
              "start": 66.358,
              "end": 67.694,
              "duration": 1.336,
              "speechUnitCount": 1,
              "method": "ffmpeg-silencedetect-order",
              "confidence": "high"
            },
            {
              "id": "l14-v042",
              "trackId": "lesson_words",
              "sourceUrl": "https://japaflow-audio-bucket.oss-cn-shanghai.aliyuncs.com/textbook-audio/book1-unit4/lesson14/lesson_words.mp3",
              "localAudioPath": "data/ocr/audio-cache/lesson14/lesson_words.mp3",
              "itemIndex": 42,
              "text": "そつぎょうします",
              "label": "卒業します",
              "start": 68.347,
              "end": 69.79,
              "duration": 1.443,
              "speechUnitCount": 1,
              "method": "ffmpeg-silencedetect-order",
              "confidence": "high"
            },
            {
              "id": "l14-v043",
              "trackId": "lesson_words",
              "sourceUrl": "https://japaflow-audio-bucket.oss-cn-shanghai.aliyuncs.com/textbook-audio/book1-unit4/lesson14/lesson_words.mp3",
              "localAudioPath": "data/ocr/audio-cache/lesson14/lesson_words.mp3",
              "itemIndex": 43,
              "text": "しょくじします",
              "label": "食事します",
              "start": 70.434,
              "end": 71.664,
              "duration": 1.231,
              "speechUnitCount": 1,
              "method": "ffmpeg-silencedetect-order",
              "confidence": "high"
            },
            {
              "id": "l14-v044",
              "trackId": "lesson_words",
              "sourceUrl": "https://japaflow-audio-bucket.oss-cn-shanghai.aliyuncs.com/textbook-audio/book1-unit4/lesson14/lesson_words.mp3",
              "localAudioPath": "data/ocr/audio-cache/lesson14/lesson_words.mp3",
              "itemIndex": 44,
              "text": "せいりします",
              "label": "整理します",
              "start": 72.907,
              "end": 74.051,
              "duration": 1.145,
              "speechUnitCount": 1,
              "method": "ffmpeg-silencedetect-order",
              "confidence": "high"
            },
            {
              "id": "l14-v045",
              "trackId": "lesson_words",
              "sourceUrl": "https://japaflow-audio-bucket.oss-cn-shanghai.aliyuncs.com/textbook-audio/book1-unit4/lesson14/lesson_words.mp3",
              "localAudioPath": "data/ocr/audio-cache/lesson14/lesson_words.mp3",
              "itemIndex": 45,
              "text": "コピーします",
              "label": "コピーします",
              "start": 74.804,
              "end": 76.024,
              "duration": 1.221,
              "speechUnitCount": 1,
              "method": "ffmpeg-silencedetect-order",
              "confidence": "high"
            },
            {
              "id": "l14-v046",
              "trackId": "lesson_words",
              "sourceUrl": "https://japaflow-audio-bucket.oss-cn-shanghai.aliyuncs.com/textbook-audio/book1-unit4/lesson14/lesson_words.mp3",
              "localAudioPath": "data/ocr/audio-cache/lesson14/lesson_words.mp3",
              "itemIndex": 46,
              "text": "くらい",
              "label": "暗い",
              "start": 76.596,
              "end": 77.247,
              "duration": 0.651,
              "speechUnitCount": 1,
              "method": "ffmpeg-silencedetect-order",
              "confidence": "high"
            },
            {
              "id": "l14-v047",
              "trackId": "lesson_words",
              "sourceUrl": "https://japaflow-audio-bucket.oss-cn-shanghai.aliyuncs.com/textbook-audio/book1-unit4/lesson14/lesson_words.mp3",
              "localAudioPath": "data/ocr/audio-cache/lesson14/lesson_words.mp3",
              "itemIndex": 47,
              "text": "たいへん",
              "label": "大変",
              "start": 78.019,
              "end": 78.765,
              "duration": 0.747,
              "speechUnitCount": 1,
              "method": "ffmpeg-silencedetect-order",
              "confidence": "high"
            },
            {
              "id": "l14-v048",
              "trackId": "lesson_words",
              "sourceUrl": "https://japaflow-audio-bucket.oss-cn-shanghai.aliyuncs.com/textbook-audio/book1-unit4/lesson14/lesson_words.mp3",
              "localAudioPath": "data/ocr/audio-cache/lesson14/lesson_words.mp3",
              "itemIndex": 48,
              "text": "なかなか",
              "label": "なかなか",
              "start": 79.593,
              "end": 80.504,
              "duration": 0.911,
              "speechUnitCount": 1,
              "method": "ffmpeg-silencedetect-order",
              "confidence": "high"
            },
            {
              "id": "l14-v049",
              "trackId": "lesson_words",
              "sourceUrl": "https://japaflow-audio-bucket.oss-cn-shanghai.aliyuncs.com/textbook-audio/book1-unit4/lesson14/lesson_words.mp3",
              "localAudioPath": "data/ocr/audio-cache/lesson14/lesson_words.mp3",
              "itemIndex": 49,
              "text": "こう",
              "label": "こう",
              "start": 81.244,
              "end": 81.744,
              "duration": 0.5,
              "speechUnitCount": 1,
              "method": "ffmpeg-silencedetect-order",
              "confidence": "high"
            },
            {
              "id": "l14-v050",
              "trackId": "lesson_words",
              "sourceUrl": "https://japaflow-audio-bucket.oss-cn-shanghai.aliyuncs.com/textbook-audio/book1-unit4/lesson14/lesson_words.mp3",
              "localAudioPath": "data/ocr/audio-cache/lesson14/lesson_words.mp3",
              "itemIndex": 50,
              "text": "そう／ああ",
              "label": "そう／ああ",
              "start": 83.191,
              "end": 85.756,
              "duration": 2.565,
              "speechUnitCount": 2,
              "method": "ffmpeg-silencedetect-order",
              "confidence": "high"
            },
            {
              "id": "l14-v051",
              "trackId": "lesson_words",
              "sourceUrl": "https://japaflow-audio-bucket.oss-cn-shanghai.aliyuncs.com/textbook-audio/book1-unit4/lesson14/lesson_words.mp3",
              "localAudioPath": "data/ocr/audio-cache/lesson14/lesson_words.mp3",
              "itemIndex": 51,
              "text": "あとで",
              "label": "後で",
              "start": 86.946,
              "end": 87.546,
              "duration": 0.6,
              "speechUnitCount": 1,
              "method": "ffmpeg-silencedetect-order",
              "confidence": "high"
            },
            {
              "id": "l14-v052",
              "trackId": "lesson_words",
              "sourceUrl": "https://japaflow-audio-bucket.oss-cn-shanghai.aliyuncs.com/textbook-audio/book1-unit4/lesson14/lesson_words.mp3",
              "localAudioPath": "data/ocr/audio-cache/lesson14/lesson_words.mp3",
              "itemIndex": 52,
              "text": "それから",
              "label": "それから",
              "start": 88.673,
              "end": 89.554,
              "duration": 0.881,
              "speechUnitCount": 1,
              "method": "ffmpeg-silencedetect-order",
              "confidence": "high"
            },
            {
              "id": "l14-v053",
              "trackId": "lesson_words",
              "sourceUrl": "https://japaflow-audio-bucket.oss-cn-shanghai.aliyuncs.com/textbook-audio/book1-unit4/lesson14/lesson_words.mp3",
              "localAudioPath": "data/ocr/audio-cache/lesson14/lesson_words.mp3",
              "itemIndex": 53,
              "text": "すみませんが",
              "label": "すみませんが",
              "start": 90.838,
              "end": 91.876,
              "duration": 1.038,
              "speechUnitCount": 1,
              "method": "ffmpeg-silencedetect-order",
              "confidence": "high"
            }
          ]
        }
      }
    }
  }
}
