{
  "lessonId": 10,
  "target": "vocabulary",
  "generatedAt": "2026-08-05T11:00:21.362Z",
  "outputs": {
    "vocabulary": "data/ocr/lesson10-vocabulary-audio.json"
  },
  "summaries": [
    {
      "trackId": "lesson_words",
      "sourceUrl": "https://japaflow-audio-bucket.oss-cn-shanghai.aliyuncs.com/textbook-audio/book1-unit3/lesson10/lesson_words.mp3",
      "duration": 86.57,
      "expectedItems": 52,
      "expectedSpeechUnits": 52,
      "skippedSpeechUnits": 0,
      "detectedSpeechIntervals": 54,
      "mappedSegments": 52,
      "selectedProfile": {
        "noiseDb": -34,
        "minSilence": 0.18
      },
      "warnings": [
        "lesson_words: detected 54 speech interval(s), mapped to 52 speech unit(s).",
        "lesson_words: interval adjustment = trimmed-tail."
      ]
    }
  ],
  "vocabularyData": {
    "lessonId": "lesson10",
    "sourceImages": [
      {
        "path": "course-assets/by-lesson/lesson10/page133.webp",
        "pageNo": 133
      }
    ],
    "vocabulary": [
      {
        "id": "l10-v001",
        "kana": "もみじ",
        "writing": "紅葉",
        "meaningZh": [
          "红叶"
        ],
        "partOfSpeech": "名",
        "rawText": "もみじ（紅葉）[名] 红叶",
        "confidence": "high",
        "audioSegment": {
          "id": "l10-v001",
          "trackId": "lesson_words",
          "sourceUrl": "https://japaflow-audio-bucket.oss-cn-shanghai.aliyuncs.com/textbook-audio/book1-unit3/lesson10/lesson_words.mp3",
          "localAudioPath": "data/ocr/audio-cache/lesson10/lesson_words.mp3",
          "itemIndex": 1,
          "text": "もみじ",
          "label": "紅葉",
          "start": 0.569,
          "end": 1.176,
          "duration": 0.607,
          "speechUnitCount": 1,
          "method": "ffmpeg-silencedetect-order",
          "confidence": "needs-review"
        }
      },
      {
        "id": "l10-v002",
        "kana": "こきょう",
        "writing": "故郷",
        "meaningZh": [
          "故乡"
        ],
        "partOfSpeech": "名",
        "rawText": "こきょう（故郷）[名] 故乡",
        "confidence": "high",
        "audioSegment": {
          "id": "l10-v002",
          "trackId": "lesson_words",
          "sourceUrl": "https://japaflow-audio-bucket.oss-cn-shanghai.aliyuncs.com/textbook-audio/book1-unit3/lesson10/lesson_words.mp3",
          "localAudioPath": "data/ocr/audio-cache/lesson10/lesson_words.mp3",
          "itemIndex": 2,
          "text": "こきょう",
          "label": "故郷",
          "start": 2.791,
          "end": 3.584,
          "duration": 0.793,
          "speechUnitCount": 1,
          "method": "ffmpeg-silencedetect-order",
          "confidence": "needs-review"
        }
      },
      {
        "id": "l10-v003",
        "kana": "とおり",
        "writing": "通り",
        "meaningZh": [
          "大街"
        ],
        "partOfSpeech": "名",
        "rawText": "とおり（通り）[名] 大街",
        "confidence": "high",
        "audioSegment": {
          "id": "l10-v003",
          "trackId": "lesson_words",
          "sourceUrl": "https://japaflow-audio-bucket.oss-cn-shanghai.aliyuncs.com/textbook-audio/book1-unit3/lesson10/lesson_words.mp3",
          "localAudioPath": "data/ocr/audio-cache/lesson10/lesson_words.mp3",
          "itemIndex": 3,
          "text": "とおり",
          "label": "通り",
          "start": 4.629,
          "end": 5.263,
          "duration": 0.634,
          "speechUnitCount": 1,
          "method": "ffmpeg-silencedetect-order",
          "confidence": "needs-review"
        }
      },
      {
        "id": "l10-v004",
        "kana": "まち",
        "writing": "町",
        "meaningZh": [
          "城市",
          "街道"
        ],
        "partOfSpeech": "名",
        "rawText": "まち（町）[名] 城市，街道",
        "confidence": "high",
        "audioSegment": {
          "id": "l10-v004",
          "trackId": "lesson_words",
          "sourceUrl": "https://japaflow-audio-bucket.oss-cn-shanghai.aliyuncs.com/textbook-audio/book1-unit3/lesson10/lesson_words.mp3",
          "localAudioPath": "data/ocr/audio-cache/lesson10/lesson_words.mp3",
          "itemIndex": 4,
          "text": "まち",
          "label": "町",
          "start": 6.509,
          "end": 7.076,
          "duration": 0.567,
          "speechUnitCount": 1,
          "method": "ffmpeg-silencedetect-order",
          "confidence": "needs-review"
        }
      },
      {
        "id": "l10-v005",
        "kana": "ところ",
        "writing": "所",
        "meaningZh": [
          "场所"
        ],
        "partOfSpeech": "名",
        "rawText": "ところ（所）[名] 场所",
        "confidence": "high",
        "audioSegment": {
          "id": "l10-v005",
          "trackId": "lesson_words",
          "sourceUrl": "https://japaflow-audio-bucket.oss-cn-shanghai.aliyuncs.com/textbook-audio/book1-unit3/lesson10/lesson_words.mp3",
          "localAudioPath": "data/ocr/audio-cache/lesson10/lesson_words.mp3",
          "itemIndex": 5,
          "text": "ところ",
          "label": "所",
          "start": 8.055,
          "end": 8.734,
          "duration": 0.678,
          "speechUnitCount": 1,
          "method": "ffmpeg-silencedetect-order",
          "confidence": "needs-review"
        }
      },
      {
        "id": "l10-v006",
        "kana": "おみせ",
        "writing": "お店",
        "meaningZh": [
          "餐馆",
          "商店"
        ],
        "partOfSpeech": "名",
        "rawText": "おみせ（お店）[名] 餐馆；商店",
        "confidence": "high",
        "audioSegment": {
          "id": "l10-v006",
          "trackId": "lesson_words",
          "sourceUrl": "https://japaflow-audio-bucket.oss-cn-shanghai.aliyuncs.com/textbook-audio/book1-unit3/lesson10/lesson_words.mp3",
          "localAudioPath": "data/ocr/audio-cache/lesson10/lesson_words.mp3",
          "itemIndex": 6,
          "text": "おみせ",
          "label": "お店",
          "start": 9.681,
          "end": 10.395,
          "duration": 0.714,
          "speechUnitCount": 1,
          "method": "ffmpeg-silencedetect-order",
          "confidence": "needs-review"
        }
      },
      {
        "id": "l10-v007",
        "kana": "にんぎょう",
        "writing": "人形",
        "meaningZh": [
          "玩偶"
        ],
        "partOfSpeech": "名",
        "rawText": "にんぎょう（人形）[名] 玩偶",
        "confidence": "high",
        "audioSegment": {
          "id": "l10-v007",
          "trackId": "lesson_words",
          "sourceUrl": "https://japaflow-audio-bucket.oss-cn-shanghai.aliyuncs.com/textbook-audio/book1-unit3/lesson10/lesson_words.mp3",
          "localAudioPath": "data/ocr/audio-cache/lesson10/lesson_words.mp3",
          "itemIndex": 7,
          "text": "にんぎょう",
          "label": "人形",
          "start": 11.12,
          "end": 12.057,
          "duration": 0.937,
          "speechUnitCount": 1,
          "method": "ffmpeg-silencedetect-order",
          "confidence": "needs-review"
        }
      },
      {
        "id": "l10-v008",
        "kana": "さくひん",
        "writing": "作品",
        "meaningZh": [
          "作品"
        ],
        "partOfSpeech": "名",
        "rawText": "さくひん（作品）[名] 作品",
        "confidence": "high",
        "audioSegment": {
          "id": "l10-v008",
          "trackId": "lesson_words",
          "sourceUrl": "https://japaflow-audio-bucket.oss-cn-shanghai.aliyuncs.com/textbook-audio/book1-unit3/lesson10/lesson_words.mp3",
          "localAudioPath": "data/ocr/audio-cache/lesson10/lesson_words.mp3",
          "itemIndex": 8,
          "text": "さくひん",
          "label": "作品",
          "start": 12.56,
          "end": 13.504,
          "duration": 0.944,
          "speechUnitCount": 1,
          "method": "ffmpeg-silencedetect-order",
          "confidence": "needs-review"
        }
      },
      {
        "id": "l10-v009",
        "kana": "ちょうこく",
        "writing": "彫刻",
        "meaningZh": [
          "雕刻"
        ],
        "partOfSpeech": "名",
        "rawText": "ちょうこく（彫刻）[名] 雕刻",
        "confidence": "high",
        "audioSegment": {
          "id": "l10-v009",
          "trackId": "lesson_words",
          "sourceUrl": "https://japaflow-audio-bucket.oss-cn-shanghai.aliyuncs.com/textbook-audio/book1-unit3/lesson10/lesson_words.mp3",
          "localAudioPath": "data/ocr/audio-cache/lesson10/lesson_words.mp3",
          "itemIndex": 9,
          "text": "ちょうこく",
          "label": "彫刻",
          "start": 14.24,
          "end": 15.075,
          "duration": 0.835,
          "speechUnitCount": 1,
          "method": "ffmpeg-silencedetect-order",
          "confidence": "needs-review"
        }
      },
      {
        "id": "l10-v010",
        "kana": "じどうしゃ",
        "writing": "自動車",
        "meaningZh": [
          "汽车"
        ],
        "partOfSpeech": "名",
        "rawText": "じどうしゃ（自動車）[名] 汽车",
        "confidence": "high",
        "audioSegment": {
          "id": "l10-v010",
          "trackId": "lesson_words",
          "sourceUrl": "https://japaflow-audio-bucket.oss-cn-shanghai.aliyuncs.com/textbook-audio/book1-unit3/lesson10/lesson_words.mp3",
          "localAudioPath": "data/ocr/audio-cache/lesson10/lesson_words.mp3",
          "itemIndex": 10,
          "text": "じどうしゃ",
          "label": "自動車",
          "start": 15.942,
          "end": 16.743,
          "duration": 0.802,
          "speechUnitCount": 1,
          "method": "ffmpeg-silencedetect-order",
          "confidence": "needs-review"
        }
      },
      {
        "id": "l10-v011",
        "kana": "どうぐ",
        "writing": "道具",
        "meaningZh": [
          "工具"
        ],
        "partOfSpeech": "名",
        "rawText": "どうぐ（道具）[名] 工具",
        "confidence": "high",
        "audioSegment": {
          "id": "l10-v011",
          "trackId": "lesson_words",
          "sourceUrl": "https://japaflow-audio-bucket.oss-cn-shanghai.aliyuncs.com/textbook-audio/book1-unit3/lesson10/lesson_words.mp3",
          "localAudioPath": "data/ocr/audio-cache/lesson10/lesson_words.mp3",
          "itemIndex": 11,
          "text": "どうぐ",
          "label": "道具",
          "start": 17.484,
          "end": 18.186,
          "duration": 0.702,
          "speechUnitCount": 1,
          "method": "ffmpeg-silencedetect-order",
          "confidence": "needs-review"
        }
      },
      {
        "id": "l10-v012",
        "kana": "さかな",
        "writing": "魚",
        "meaningZh": [
          "鱼"
        ],
        "partOfSpeech": "名",
        "rawText": "さかな（魚）[名] 鱼",
        "confidence": "high",
        "audioSegment": {
          "id": "l10-v012",
          "trackId": "lesson_words",
          "sourceUrl": "https://japaflow-audio-bucket.oss-cn-shanghai.aliyuncs.com/textbook-audio/book1-unit3/lesson10/lesson_words.mp3",
          "localAudioPath": "data/ocr/audio-cache/lesson10/lesson_words.mp3",
          "itemIndex": 12,
          "text": "さかな",
          "label": "魚",
          "start": 18.807,
          "end": 19.573,
          "duration": 0.766,
          "speechUnitCount": 1,
          "method": "ffmpeg-silencedetect-order",
          "confidence": "needs-review"
        }
      },
      {
        "id": "l10-v013",
        "kana": "おかし",
        "writing": "お菓子",
        "meaningZh": [
          "点心"
        ],
        "partOfSpeech": "名",
        "rawText": "おかし（お菓子）[名] 点心",
        "confidence": "high",
        "audioSegment": {
          "id": "l10-v013",
          "trackId": "lesson_words",
          "sourceUrl": "https://japaflow-audio-bucket.oss-cn-shanghai.aliyuncs.com/textbook-audio/book1-unit3/lesson10/lesson_words.mp3",
          "localAudioPath": "data/ocr/audio-cache/lesson10/lesson_words.mp3",
          "itemIndex": 13,
          "text": "おかし",
          "label": "お菓子",
          "start": 20.261,
          "end": 20.938,
          "duration": 0.677,
          "speechUnitCount": 1,
          "method": "ffmpeg-silencedetect-order",
          "confidence": "needs-review"
        }
      },
      {
        "id": "l10-v014",
        "kana": "もの",
        "writing": "物",
        "meaningZh": [
          "物品",
          "东西"
        ],
        "partOfSpeech": "名",
        "rawText": "もの（物）[名] 物品，东西",
        "confidence": "high",
        "audioSegment": {
          "id": "l10-v014",
          "trackId": "lesson_words",
          "sourceUrl": "https://japaflow-audio-bucket.oss-cn-shanghai.aliyuncs.com/textbook-audio/book1-unit3/lesson10/lesson_words.mp3",
          "localAudioPath": "data/ocr/audio-cache/lesson10/lesson_words.mp3",
          "itemIndex": 14,
          "text": "もの",
          "label": "物",
          "start": 21.593,
          "end": 22.122,
          "duration": 0.528,
          "speechUnitCount": 1,
          "method": "ffmpeg-silencedetect-order",
          "confidence": "needs-review"
        }
      },
      {
        "id": "l10-v015",
        "kana": "シーズン",
        "writing": "シーズン",
        "meaningZh": [
          "季节"
        ],
        "partOfSpeech": "名",
        "rawText": "シーズン [名] 季节",
        "confidence": "high",
        "audioSegment": {
          "id": "l10-v015",
          "trackId": "lesson_words",
          "sourceUrl": "https://japaflow-audio-bucket.oss-cn-shanghai.aliyuncs.com/textbook-audio/book1-unit3/lesson10/lesson_words.mp3",
          "localAudioPath": "data/ocr/audio-cache/lesson10/lesson_words.mp3",
          "itemIndex": 15,
          "text": "シーズン",
          "label": "シーズン",
          "start": 22.898,
          "end": 23.719,
          "duration": 0.821,
          "speechUnitCount": 1,
          "method": "ffmpeg-silencedetect-order",
          "confidence": "needs-review"
        }
      },
      {
        "id": "l10-v016",
        "kana": "しゅうがくりょこう",
        "writing": "修学旅行",
        "meaningZh": [
          "修学旅行"
        ],
        "partOfSpeech": "名",
        "rawText": "しゅうがくりょこう（修学旅行）[名] 修学旅行",
        "confidence": "high",
        "audioSegment": {
          "id": "l10-v016",
          "trackId": "lesson_words",
          "sourceUrl": "https://japaflow-audio-bucket.oss-cn-shanghai.aliyuncs.com/textbook-audio/book1-unit3/lesson10/lesson_words.mp3",
          "localAudioPath": "data/ocr/audio-cache/lesson10/lesson_words.mp3",
          "itemIndex": 16,
          "text": "しゅうがくりょこう",
          "label": "修学旅行",
          "start": 25.034,
          "end": 26.462,
          "duration": 1.428,
          "speechUnitCount": 1,
          "method": "ffmpeg-silencedetect-order",
          "confidence": "needs-review"
        }
      },
      {
        "id": "l10-v017",
        "kana": "かんこうきゃく",
        "writing": "観光客",
        "meaningZh": [
          "游客"
        ],
        "partOfSpeech": "名",
        "rawText": "かんこうきゃく（観光客）[名] 游客",
        "confidence": "high",
        "audioSegment": {
          "id": "l10-v017",
          "trackId": "lesson_words",
          "sourceUrl": "https://japaflow-audio-bucket.oss-cn-shanghai.aliyuncs.com/textbook-audio/book1-unit3/lesson10/lesson_words.mp3",
          "localAudioPath": "data/ocr/audio-cache/lesson10/lesson_words.mp3",
          "itemIndex": 17,
          "text": "かんこうきゃく",
          "label": "観光客",
          "start": 27.223,
          "end": 28.284,
          "duration": 1.061,
          "speechUnitCount": 1,
          "method": "ffmpeg-silencedetect-order",
          "confidence": "needs-review"
        }
      },
      {
        "id": "l10-v018",
        "kana": "さっか",
        "writing": "作家",
        "meaningZh": [
          "作家"
        ],
        "partOfSpeech": "名",
        "rawText": "さっか（作家）[名] 作家",
        "confidence": "high",
        "audioSegment": {
          "id": "l10-v018",
          "trackId": "lesson_words",
          "sourceUrl": "https://japaflow-audio-bucket.oss-cn-shanghai.aliyuncs.com/textbook-audio/book1-unit3/lesson10/lesson_words.mp3",
          "localAudioPath": "data/ocr/audio-cache/lesson10/lesson_words.mp3",
          "itemIndex": 18,
          "text": "さっか",
          "label": "作家",
          "start": 29.069,
          "end": 29.383,
          "duration": 0.313,
          "speechUnitCount": 1,
          "method": "ffmpeg-silencedetect-order",
          "confidence": "needs-review"
        }
      },
      {
        "id": "l10-v019",
        "kana": "ぶちょう",
        "writing": "部長",
        "meaningZh": [
          "部长"
        ],
        "partOfSpeech": "名",
        "rawText": "ぶちょう（部長）[名] 部长",
        "confidence": "high",
        "audioSegment": {
          "id": "l10-v019",
          "trackId": "lesson_words",
          "sourceUrl": "https://japaflow-audio-bucket.oss-cn-shanghai.aliyuncs.com/textbook-audio/book1-unit3/lesson10/lesson_words.mp3",
          "localAudioPath": "data/ocr/audio-cache/lesson10/lesson_words.mp3",
          "itemIndex": 19,
          "text": "ぶちょう",
          "label": "部長",
          "start": 29.614,
          "end": 29.873,
          "duration": 0.259,
          "speechUnitCount": 1,
          "method": "ffmpeg-silencedetect-order",
          "confidence": "needs-review"
        }
      },
      {
        "id": "l10-v020",
        "kana": "へいじつ",
        "writing": "平日",
        "meaningZh": [
          "平日",
          "非休息日"
        ],
        "partOfSpeech": "名",
        "rawText": "へいじつ（平日）[名] 平日，非休息日",
        "confidence": "high",
        "audioSegment": {
          "id": "l10-v020",
          "trackId": "lesson_words",
          "sourceUrl": "https://japaflow-audio-bucket.oss-cn-shanghai.aliyuncs.com/textbook-audio/book1-unit3/lesson10/lesson_words.mp3",
          "localAudioPath": "data/ocr/audio-cache/lesson10/lesson_words.mp3",
          "itemIndex": 20,
          "text": "へいじつ",
          "label": "平日",
          "start": 30.548,
          "end": 31.241,
          "duration": 0.693,
          "speechUnitCount": 1,
          "method": "ffmpeg-silencedetect-order",
          "confidence": "needs-review"
        }
      },
      {
        "id": "l10-v021",
        "kana": "ひ",
        "writing": "日",
        "meaningZh": [
          "日子"
        ],
        "partOfSpeech": "名",
        "rawText": "ひ（日）[名] 日子",
        "confidence": "high",
        "audioSegment": {
          "id": "l10-v021",
          "trackId": "lesson_words",
          "sourceUrl": "https://japaflow-audio-bucket.oss-cn-shanghai.aliyuncs.com/textbook-audio/book1-unit3/lesson10/lesson_words.mp3",
          "localAudioPath": "data/ocr/audio-cache/lesson10/lesson_words.mp3",
          "itemIndex": 21,
          "text": "ひ",
          "label": "日",
          "start": 32.103,
          "end": 33.042,
          "duration": 0.939,
          "speechUnitCount": 1,
          "method": "ffmpeg-silencedetect-order",
          "confidence": "needs-review"
        }
      },
      {
        "id": "l10-v022",
        "kana": "せいかつ",
        "writing": "生活",
        "meaningZh": [
          "生活"
        ],
        "partOfSpeech": "名",
        "rawText": "せいかつ（生活）[名] 生活",
        "confidence": "high",
        "audioSegment": {
          "id": "l10-v022",
          "trackId": "lesson_words",
          "sourceUrl": "https://japaflow-audio-bucket.oss-cn-shanghai.aliyuncs.com/textbook-audio/book1-unit3/lesson10/lesson_words.mp3",
          "localAudioPath": "data/ocr/audio-cache/lesson10/lesson_words.mp3",
          "itemIndex": 22,
          "text": "せいかつ",
          "label": "生活",
          "start": 33.629,
          "end": 33.935,
          "duration": 0.306,
          "speechUnitCount": 1,
          "method": "ffmpeg-silencedetect-order",
          "confidence": "needs-review"
        }
      },
      {
        "id": "l10-v023",
        "kana": "せかい",
        "writing": "世界",
        "meaningZh": [
          "世界"
        ],
        "partOfSpeech": "名",
        "rawText": "せかい（世界）[名] 世界",
        "confidence": "high",
        "audioSegment": {
          "id": "l10-v023",
          "trackId": "lesson_words",
          "sourceUrl": "https://japaflow-audio-bucket.oss-cn-shanghai.aliyuncs.com/textbook-audio/book1-unit3/lesson10/lesson_words.mp3",
          "localAudioPath": "data/ocr/audio-cache/lesson10/lesson_words.mp3",
          "itemIndex": 23,
          "text": "せかい",
          "label": "世界",
          "start": 35.161,
          "end": 36.133,
          "duration": 0.972,
          "speechUnitCount": 1,
          "method": "ffmpeg-silencedetect-order",
          "confidence": "needs-review"
        }
      },
      {
        "id": "l10-v024",
        "kana": "はれ",
        "writing": "晴れ",
        "meaningZh": [
          "晴天"
        ],
        "partOfSpeech": "名",
        "rawText": "はれ（晴れ）[名] 晴天",
        "confidence": "high",
        "audioSegment": {
          "id": "l10-v024",
          "trackId": "lesson_words",
          "sourceUrl": "https://japaflow-audio-bucket.oss-cn-shanghai.aliyuncs.com/textbook-audio/book1-unit3/lesson10/lesson_words.mp3",
          "localAudioPath": "data/ocr/audio-cache/lesson10/lesson_words.mp3",
          "itemIndex": 24,
          "text": "はれ",
          "label": "晴れ",
          "start": 36.761,
          "end": 37.344,
          "duration": 0.583,
          "speechUnitCount": 1,
          "method": "ffmpeg-silencedetect-order",
          "confidence": "needs-review"
        }
      },
      {
        "id": "l10-v025",
        "kana": "あめ",
        "writing": "雨",
        "meaningZh": [
          "雨",
          "下雨"
        ],
        "partOfSpeech": "名",
        "rawText": "あめ（雨）[名] 雨，下雨",
        "confidence": "high",
        "audioSegment": {
          "id": "l10-v025",
          "trackId": "lesson_words",
          "sourceUrl": "https://japaflow-audio-bucket.oss-cn-shanghai.aliyuncs.com/textbook-audio/book1-unit3/lesson10/lesson_words.mp3",
          "localAudioPath": "data/ocr/audio-cache/lesson10/lesson_words.mp3",
          "itemIndex": 25,
          "text": "あめ",
          "label": "雨",
          "start": 38.433,
          "end": 38.927,
          "duration": 0.493,
          "speechUnitCount": 1,
          "method": "ffmpeg-silencedetect-order",
          "confidence": "needs-review"
        }
      },
      {
        "id": "l10-v026",
        "kana": "くもり",
        "writing": "曇り",
        "meaningZh": [
          "阴天"
        ],
        "partOfSpeech": "名",
        "rawText": "くもり（曇り）[名] 阴天",
        "confidence": "high",
        "audioSegment": {
          "id": "l10-v026",
          "trackId": "lesson_words",
          "sourceUrl": "https://japaflow-audio-bucket.oss-cn-shanghai.aliyuncs.com/textbook-audio/book1-unit3/lesson10/lesson_words.mp3",
          "localAudioPath": "data/ocr/audio-cache/lesson10/lesson_words.mp3",
          "itemIndex": 26,
          "text": "くもり",
          "label": "曇り",
          "start": 39.749,
          "end": 40.186,
          "duration": 0.437,
          "speechUnitCount": 1,
          "method": "ffmpeg-silencedetect-order",
          "confidence": "needs-review"
        }
      },
      {
        "id": "l10-v027",
        "kana": "ゆき",
        "writing": "雪",
        "meaningZh": [
          "雪"
        ],
        "partOfSpeech": "名",
        "rawText": "ゆき（雪）[名] 雪",
        "confidence": "high",
        "audioSegment": {
          "id": "l10-v027",
          "trackId": "lesson_words",
          "sourceUrl": "https://japaflow-audio-bucket.oss-cn-shanghai.aliyuncs.com/textbook-audio/book1-unit3/lesson10/lesson_words.mp3",
          "localAudioPath": "data/ocr/audio-cache/lesson10/lesson_words.mp3",
          "itemIndex": 27,
          "text": "ゆき",
          "label": "雪",
          "start": 41.141,
          "end": 41.87,
          "duration": 0.729,
          "speechUnitCount": 1,
          "method": "ffmpeg-silencedetect-order",
          "confidence": "needs-review"
        }
      },
      {
        "id": "l10-v028",
        "kana": "きたない",
        "writing": "汚い",
        "meaningZh": [
          "脏"
        ],
        "partOfSpeech": "形1",
        "rawText": "きたない（汚い）[形1] 脏",
        "confidence": "high",
        "audioSegment": {
          "id": "l10-v028",
          "trackId": "lesson_words",
          "sourceUrl": "https://japaflow-audio-bucket.oss-cn-shanghai.aliyuncs.com/textbook-audio/book1-unit3/lesson10/lesson_words.mp3",
          "localAudioPath": "data/ocr/audio-cache/lesson10/lesson_words.mp3",
          "itemIndex": 28,
          "text": "きたない",
          "label": "汚い",
          "start": 42.408,
          "end": 42.972,
          "duration": 0.563,
          "speechUnitCount": 1,
          "method": "ffmpeg-silencedetect-order",
          "confidence": "needs-review"
        }
      },
      {
        "id": "l10-v029",
        "kana": "きれい",
        "writing": "きれい",
        "meaningZh": [
          "漂亮",
          "干净"
        ],
        "partOfSpeech": "形2",
        "rawText": "きれい [形2] 漂亮，干净",
        "confidence": "high",
        "audioSegment": {
          "id": "l10-v029",
          "trackId": "lesson_words",
          "sourceUrl": "https://japaflow-audio-bucket.oss-cn-shanghai.aliyuncs.com/textbook-audio/book1-unit3/lesson10/lesson_words.mp3",
          "localAudioPath": "data/ocr/audio-cache/lesson10/lesson_words.mp3",
          "itemIndex": 29,
          "text": "きれい",
          "label": "きれい",
          "start": 43.975,
          "end": 44.695,
          "duration": 0.72,
          "speechUnitCount": 1,
          "method": "ffmpeg-silencedetect-order",
          "confidence": "needs-review"
        }
      },
      {
        "id": "l10-v030",
        "kana": "ゆうめい",
        "writing": "有名",
        "meaningZh": [
          "有名"
        ],
        "partOfSpeech": "形2",
        "rawText": "ゆうめい（有名）[形2] 有名",
        "confidence": "high",
        "audioSegment": {
          "id": "l10-v030",
          "trackId": "lesson_words",
          "sourceUrl": "https://japaflow-audio-bucket.oss-cn-shanghai.aliyuncs.com/textbook-audio/book1-unit3/lesson10/lesson_words.mp3",
          "localAudioPath": "data/ocr/audio-cache/lesson10/lesson_words.mp3",
          "itemIndex": 30,
          "text": "ゆうめい",
          "label": "有名",
          "start": 45.372,
          "end": 45.991,
          "duration": 0.62,
          "speechUnitCount": 1,
          "method": "ffmpeg-silencedetect-order",
          "confidence": "needs-review"
        }
      },
      {
        "id": "l10-v031",
        "kana": "にぎやか",
        "writing": "にぎやか",
        "meaningZh": [
          "热闹",
          "繁华"
        ],
        "partOfSpeech": "形2",
        "rawText": "にぎやか [形2] 热闹，繁华",
        "confidence": "high",
        "audioSegment": {
          "id": "l10-v031",
          "trackId": "lesson_words",
          "sourceUrl": "https://japaflow-audio-bucket.oss-cn-shanghai.aliyuncs.com/textbook-audio/book1-unit3/lesson10/lesson_words.mp3",
          "localAudioPath": "data/ocr/audio-cache/lesson10/lesson_words.mp3",
          "itemIndex": 31,
          "text": "にぎやか",
          "label": "にぎやか",
          "start": 47.017,
          "end": 47.921,
          "duration": 0.904,
          "speechUnitCount": 1,
          "method": "ffmpeg-silencedetect-order",
          "confidence": "needs-review"
        }
      },
      {
        "id": "l10-v032",
        "kana": "しずか",
        "writing": "静か",
        "meaningZh": [
          "安静"
        ],
        "partOfSpeech": "形2",
        "rawText": "しずか（静か）[形2] 安静",
        "confidence": "high",
        "audioSegment": {
          "id": "l10-v032",
          "trackId": "lesson_words",
          "sourceUrl": "https://japaflow-audio-bucket.oss-cn-shanghai.aliyuncs.com/textbook-audio/book1-unit3/lesson10/lesson_words.mp3",
          "localAudioPath": "data/ocr/audio-cache/lesson10/lesson_words.mp3",
          "itemIndex": 32,
          "text": "しずか",
          "label": "静か",
          "start": 48.275,
          "end": 49.117,
          "duration": 0.842,
          "speechUnitCount": 1,
          "method": "ffmpeg-silencedetect-order",
          "confidence": "needs-review"
        }
      },
      {
        "id": "l10-v033",
        "kana": "ひま",
        "writing": "暇",
        "meaningZh": [
          "空闲"
        ],
        "partOfSpeech": "形2",
        "rawText": "ひま（暇）[形2] 空闲",
        "confidence": "high",
        "audioSegment": {
          "id": "l10-v033",
          "trackId": "lesson_words",
          "sourceUrl": "https://japaflow-audio-bucket.oss-cn-shanghai.aliyuncs.com/textbook-audio/book1-unit3/lesson10/lesson_words.mp3",
          "localAudioPath": "data/ocr/audio-cache/lesson10/lesson_words.mp3",
          "itemIndex": 33,
          "text": "ひま",
          "label": "暇",
          "start": 50.026,
          "end": 50.765,
          "duration": 0.738,
          "speechUnitCount": 1,
          "method": "ffmpeg-silencedetect-order",
          "confidence": "needs-review"
        }
      },
      {
        "id": "l10-v034",
        "kana": "しんせつ",
        "writing": "親切",
        "meaningZh": [
          "热情"
        ],
        "partOfSpeech": "形2",
        "rawText": "しんせつ（親切）[形2] 热情",
        "confidence": "high",
        "audioSegment": {
          "id": "l10-v034",
          "trackId": "lesson_words",
          "sourceUrl": "https://japaflow-audio-bucket.oss-cn-shanghai.aliyuncs.com/textbook-audio/book1-unit3/lesson10/lesson_words.mp3",
          "localAudioPath": "data/ocr/audio-cache/lesson10/lesson_words.mp3",
          "itemIndex": 34,
          "text": "しんせつ",
          "label": "親切",
          "start": 51.308,
          "end": 51.806,
          "duration": 0.498,
          "speechUnitCount": 1,
          "method": "ffmpeg-silencedetect-order",
          "confidence": "needs-review"
        }
      },
      {
        "id": "l10-v035",
        "kana": "すき",
        "writing": "好き",
        "meaningZh": [
          "喜欢"
        ],
        "partOfSpeech": "形2",
        "rawText": "すき（好き）[形2] 喜欢",
        "confidence": "high",
        "audioSegment": {
          "id": "l10-v035",
          "trackId": "lesson_words",
          "sourceUrl": "https://japaflow-audio-bucket.oss-cn-shanghai.aliyuncs.com/textbook-audio/book1-unit3/lesson10/lesson_words.mp3",
          "localAudioPath": "data/ocr/audio-cache/lesson10/lesson_words.mp3",
          "itemIndex": 35,
          "text": "すき",
          "label": "好き",
          "start": 53.059,
          "end": 54.013,
          "duration": 0.954,
          "speechUnitCount": 1,
          "method": "ffmpeg-silencedetect-order",
          "confidence": "needs-review"
        }
      },
      {
        "id": "l10-v036",
        "kana": "きらい",
        "writing": "嫌い",
        "meaningZh": [
          "讨厌"
        ],
        "partOfSpeech": "形2",
        "rawText": "きらい（嫌い）[形2] 讨厌",
        "confidence": "high",
        "audioSegment": {
          "id": "l10-v036",
          "trackId": "lesson_words",
          "sourceUrl": "https://japaflow-audio-bucket.oss-cn-shanghai.aliyuncs.com/textbook-audio/book1-unit3/lesson10/lesson_words.mp3",
          "localAudioPath": "data/ocr/audio-cache/lesson10/lesson_words.mp3",
          "itemIndex": 36,
          "text": "きらい",
          "label": "嫌い",
          "start": 54.418,
          "end": 54.948,
          "duration": 0.53,
          "speechUnitCount": 1,
          "method": "ffmpeg-silencedetect-order",
          "confidence": "needs-review"
        }
      },
      {
        "id": "l10-v037",
        "kana": "べんり",
        "writing": "便利",
        "meaningZh": [
          "方便"
        ],
        "partOfSpeech": "形2",
        "rawText": "べんり（便利）[形2] 方便",
        "confidence": "high",
        "audioSegment": {
          "id": "l10-v037",
          "trackId": "lesson_words",
          "sourceUrl": "https://japaflow-audio-bucket.oss-cn-shanghai.aliyuncs.com/textbook-audio/book1-unit3/lesson10/lesson_words.mp3",
          "localAudioPath": "data/ocr/audio-cache/lesson10/lesson_words.mp3",
          "itemIndex": 37,
          "text": "べんり",
          "label": "便利",
          "start": 55.956,
          "end": 56.651,
          "duration": 0.694,
          "speechUnitCount": 1,
          "method": "ffmpeg-silencedetect-order",
          "confidence": "needs-review"
        }
      },
      {
        "id": "l10-v038",
        "kana": "ふべん",
        "writing": "不便",
        "meaningZh": [
          "不方便"
        ],
        "partOfSpeech": "形2",
        "rawText": "ふべん（不便）[形2] 不方便",
        "confidence": "high",
        "audioSegment": {
          "id": "l10-v038",
          "trackId": "lesson_words",
          "sourceUrl": "https://japaflow-audio-bucket.oss-cn-shanghai.aliyuncs.com/textbook-audio/book1-unit3/lesson10/lesson_words.mp3",
          "localAudioPath": "data/ocr/audio-cache/lesson10/lesson_words.mp3",
          "itemIndex": 38,
          "text": "ふべん",
          "label": "不便",
          "start": 57.302,
          "end": 57.926,
          "duration": 0.624,
          "speechUnitCount": 1,
          "method": "ffmpeg-silencedetect-order",
          "confidence": "needs-review"
        }
      },
      {
        "id": "l10-v039",
        "kana": "げんき",
        "writing": "元気",
        "meaningZh": [
          "健康",
          "有精神"
        ],
        "partOfSpeech": "形2",
        "rawText": "げんき（元気）[形2] 健康，有精神",
        "confidence": "high",
        "audioSegment": {
          "id": "l10-v039",
          "trackId": "lesson_words",
          "sourceUrl": "https://japaflow-audio-bucket.oss-cn-shanghai.aliyuncs.com/textbook-audio/book1-unit3/lesson10/lesson_words.mp3",
          "localAudioPath": "data/ocr/audio-cache/lesson10/lesson_words.mp3",
          "itemIndex": 39,
          "text": "げんき",
          "label": "元気",
          "start": 58.916,
          "end": 59.587,
          "duration": 0.671,
          "speechUnitCount": 1,
          "method": "ffmpeg-silencedetect-order",
          "confidence": "needs-review"
        }
      },
      {
        "id": "l10-v040",
        "kana": "かんたん",
        "writing": "簡単",
        "meaningZh": [
          "简单"
        ],
        "partOfSpeech": "形2",
        "rawText": "かんたん（簡単）[形2] 简单",
        "confidence": "high",
        "audioSegment": {
          "id": "l10-v040",
          "trackId": "lesson_words",
          "sourceUrl": "https://japaflow-audio-bucket.oss-cn-shanghai.aliyuncs.com/textbook-audio/book1-unit3/lesson10/lesson_words.mp3",
          "localAudioPath": "data/ocr/audio-cache/lesson10/lesson_words.mp3",
          "itemIndex": 40,
          "text": "かんたん",
          "label": "簡単",
          "start": 60.335,
          "end": 61.037,
          "duration": 0.701,
          "speechUnitCount": 1,
          "method": "ffmpeg-silencedetect-order",
          "confidence": "needs-review"
        }
      },
      {
        "id": "l10-v041",
        "kana": "ハンサム",
        "writing": "ハンサム",
        "meaningZh": [
          "英俊",
          "帅气"
        ],
        "partOfSpeech": "形2",
        "rawText": "ハンサム [形2] 英俊，帅气",
        "confidence": "high",
        "audioSegment": {
          "id": "l10-v041",
          "trackId": "lesson_words",
          "sourceUrl": "https://japaflow-audio-bucket.oss-cn-shanghai.aliyuncs.com/textbook-audio/book1-unit3/lesson10/lesson_words.mp3",
          "localAudioPath": "data/ocr/audio-cache/lesson10/lesson_words.mp3",
          "itemIndex": 41,
          "text": "ハンサム",
          "label": "ハンサム",
          "start": 62.205,
          "end": 63.208,
          "duration": 1.003,
          "speechUnitCount": 1,
          "method": "ffmpeg-silencedetect-order",
          "confidence": "needs-review"
        }
      },
      {
        "id": "l10-v042",
        "kana": "どんな",
        "writing": "どんな",
        "meaningZh": [
          "什么样的",
          "怎样的"
        ],
        "partOfSpeech": "疑",
        "rawText": "どんな [疑] 什么样的，怎样的",
        "confidence": "high",
        "audioSegment": {
          "id": "l10-v042",
          "trackId": "lesson_words",
          "sourceUrl": "https://japaflow-audio-bucket.oss-cn-shanghai.aliyuncs.com/textbook-audio/book1-unit3/lesson10/lesson_words.mp3",
          "localAudioPath": "data/ocr/audio-cache/lesson10/lesson_words.mp3",
          "itemIndex": 42,
          "text": "どんな",
          "label": "どんな",
          "start": 64.011,
          "end": 64.717,
          "duration": 0.707,
          "speechUnitCount": 1,
          "method": "ffmpeg-silencedetect-order",
          "confidence": "needs-review"
        }
      },
      {
        "id": "l10-v043",
        "kana": "どう",
        "writing": "どう",
        "meaningZh": [
          "怎样",
          "如何"
        ],
        "partOfSpeech": "副",
        "rawText": "どう [副] 怎样，如何",
        "confidence": "high",
        "audioSegment": {
          "id": "l10-v043",
          "trackId": "lesson_words",
          "sourceUrl": "https://japaflow-audio-bucket.oss-cn-shanghai.aliyuncs.com/textbook-audio/book1-unit3/lesson10/lesson_words.mp3",
          "localAudioPath": "data/ocr/audio-cache/lesson10/lesson_words.mp3",
          "itemIndex": 43,
          "text": "どう",
          "label": "どう",
          "start": 65.592,
          "end": 66.265,
          "duration": 0.673,
          "speechUnitCount": 1,
          "method": "ffmpeg-silencedetect-order",
          "confidence": "needs-review"
        }
      },
      {
        "id": "l10-v044",
        "kana": "いかが",
        "writing": "いかが",
        "meaningZh": [
          "如何"
        ],
        "partOfSpeech": "副",
        "rawText": "いかが [副] 如何",
        "confidence": "high",
        "audioSegment": {
          "id": "l10-v044",
          "trackId": "lesson_words",
          "sourceUrl": "https://japaflow-audio-bucket.oss-cn-shanghai.aliyuncs.com/textbook-audio/book1-unit3/lesson10/lesson_words.mp3",
          "localAudioPath": "data/ocr/audio-cache/lesson10/lesson_words.mp3",
          "itemIndex": 44,
          "text": "いかが",
          "label": "いかが",
          "start": 67.018,
          "end": 67.461,
          "duration": 0.442,
          "speechUnitCount": 1,
          "method": "ffmpeg-silencedetect-order",
          "confidence": "needs-review"
        }
      },
      {
        "id": "l10-v045",
        "kana": "いろいろ",
        "writing": "いろいろ",
        "meaningZh": [
          "各种各样"
        ],
        "partOfSpeech": "副",
        "rawText": "いろいろ [副] 各种各样",
        "confidence": "high",
        "audioSegment": {
          "id": "l10-v045",
          "trackId": "lesson_words",
          "sourceUrl": "https://japaflow-audio-bucket.oss-cn-shanghai.aliyuncs.com/textbook-audio/book1-unit3/lesson10/lesson_words.mp3",
          "localAudioPath": "data/ocr/audio-cache/lesson10/lesson_words.mp3",
          "itemIndex": 45,
          "text": "いろいろ",
          "label": "いろいろ",
          "start": 68.418,
          "end": 69.015,
          "duration": 0.597,
          "speechUnitCount": 1,
          "method": "ffmpeg-silencedetect-order",
          "confidence": "needs-review"
        }
      },
      {
        "id": "l10-v046",
        "kana": "でも",
        "writing": "でも",
        "meaningZh": [
          "可是",
          "不过"
        ],
        "partOfSpeech": "连",
        "rawText": "でも [连] 可是，不过",
        "confidence": "high",
        "audioSegment": {
          "id": "l10-v046",
          "trackId": "lesson_words",
          "sourceUrl": "https://japaflow-audio-bucket.oss-cn-shanghai.aliyuncs.com/textbook-audio/book1-unit3/lesson10/lesson_words.mp3",
          "localAudioPath": "data/ocr/audio-cache/lesson10/lesson_words.mp3",
          "itemIndex": 46,
          "text": "でも",
          "label": "でも",
          "start": 69.76,
          "end": 70.491,
          "duration": 0.73,
          "speechUnitCount": 1,
          "method": "ffmpeg-silencedetect-order",
          "confidence": "needs-review"
        }
      },
      {
        "id": "l10-v047",
        "kana": "そして",
        "writing": "そして",
        "meaningZh": [
          "而且",
          "于是"
        ],
        "partOfSpeech": "连",
        "rawText": "そして [连] 而且，于是",
        "confidence": "high",
        "audioSegment": {
          "id": "l10-v047",
          "trackId": "lesson_words",
          "sourceUrl": "https://japaflow-audio-bucket.oss-cn-shanghai.aliyuncs.com/textbook-audio/book1-unit3/lesson10/lesson_words.mp3",
          "localAudioPath": "data/ocr/audio-cache/lesson10/lesson_words.mp3",
          "itemIndex": 47,
          "text": "そして",
          "label": "そして",
          "start": 71.229,
          "end": 71.764,
          "duration": 0.536,
          "speechUnitCount": 1,
          "method": "ffmpeg-silencedetect-order",
          "confidence": "needs-review"
        }
      },
      {
        "id": "l10-v048",
        "kana": "ところで",
        "writing": "ところで",
        "meaningZh": [
          "（转换话题）哎"
        ],
        "partOfSpeech": "连",
        "rawText": "ところで [连] （转换话题）哎",
        "confidence": "high",
        "audioSegment": {
          "id": "l10-v048",
          "trackId": "lesson_words",
          "sourceUrl": "https://japaflow-audio-bucket.oss-cn-shanghai.aliyuncs.com/textbook-audio/book1-unit3/lesson10/lesson_words.mp3",
          "localAudioPath": "data/ocr/audio-cache/lesson10/lesson_words.mp3",
          "itemIndex": 48,
          "text": "ところで",
          "label": "ところで",
          "start": 72.471,
          "end": 73.2,
          "duration": 0.729,
          "speechUnitCount": 1,
          "method": "ffmpeg-silencedetect-order",
          "confidence": "needs-review"
        }
      },
      {
        "id": "l10-v049",
        "kana": "あれえ",
        "writing": "あれえ",
        "meaningZh": [
          "哎"
        ],
        "partOfSpeech": "叹",
        "rawText": "あれえ [叹] 哎",
        "confidence": "high",
        "audioSegment": {
          "id": "l10-v049",
          "trackId": "lesson_words",
          "sourceUrl": "https://japaflow-audio-bucket.oss-cn-shanghai.aliyuncs.com/textbook-audio/book1-unit3/lesson10/lesson_words.mp3",
          "localAudioPath": "data/ocr/audio-cache/lesson10/lesson_words.mp3",
          "itemIndex": 49,
          "text": "あれえ",
          "label": "あれえ",
          "start": 74.146,
          "end": 74.964,
          "duration": 0.818,
          "speechUnitCount": 1,
          "method": "ffmpeg-silencedetect-order",
          "confidence": "needs-review"
        }
      },
      {
        "id": "l10-v050",
        "kana": "なら",
        "writing": "奈良",
        "meaningZh": [
          "奈良"
        ],
        "partOfSpeech": "专",
        "rawText": "なら（奈良）[专] 奈良",
        "confidence": "high",
        "audioSegment": {
          "id": "l10-v050",
          "trackId": "lesson_words",
          "sourceUrl": "https://japaflow-audio-bucket.oss-cn-shanghai.aliyuncs.com/textbook-audio/book1-unit3/lesson10/lesson_words.mp3",
          "localAudioPath": "data/ocr/audio-cache/lesson10/lesson_words.mp3",
          "itemIndex": 50,
          "text": "なら",
          "label": "奈良",
          "start": 75.793,
          "end": 76.311,
          "duration": 0.518,
          "speechUnitCount": 1,
          "method": "ffmpeg-silencedetect-order",
          "confidence": "needs-review"
        }
      },
      {
        "id": "l10-v051",
        "kana": "ふじさん",
        "writing": "富士山",
        "meaningZh": [
          "富士山"
        ],
        "partOfSpeech": "专",
        "rawText": "ふじさん（富士山）[专] 富士山",
        "confidence": "high",
        "audioSegment": {
          "id": "l10-v051",
          "trackId": "lesson_words",
          "sourceUrl": "https://japaflow-audio-bucket.oss-cn-shanghai.aliyuncs.com/textbook-audio/book1-unit3/lesson10/lesson_words.mp3",
          "localAudioPath": "data/ocr/audio-cache/lesson10/lesson_words.mp3",
          "itemIndex": 51,
          "text": "ふじさん",
          "label": "富士山",
          "start": 77.8,
          "end": 78.234,
          "duration": 0.434,
          "speechUnitCount": 1,
          "method": "ffmpeg-silencedetect-order",
          "confidence": "needs-review"
        }
      },
      {
        "id": "l10-v052",
        "kana": "もうすこし",
        "writing": "もう少し",
        "meaningZh": [
          "再一点"
        ],
        "partOfSpeech": null,
        "rawText": "もうすこし（もう少し） 再一点",
        "confidence": "high",
        "audioSegment": {
          "id": "l10-v052",
          "trackId": "lesson_words",
          "sourceUrl": "https://japaflow-audio-bucket.oss-cn-shanghai.aliyuncs.com/textbook-audio/book1-unit3/lesson10/lesson_words.mp3",
          "localAudioPath": "data/ocr/audio-cache/lesson10/lesson_words.mp3",
          "itemIndex": 52,
          "text": "もうすこし",
          "label": "もう少し",
          "start": 79.296,
          "end": 80.002,
          "duration": 0.707,
          "speechUnitCount": 1,
          "method": "ffmpeg-silencedetect-order",
          "confidence": "needs-review"
        }
      }
    ],
    "warnings": [],
    "audioAlignment": {
      "generatedAt": "2026-08-05T11:00:21.362Z",
      "method": "ffmpeg-silencedetect-order",
      "tracks": {
        "lesson_words": {
          "trackId": "lesson_words",
          "sourceUrl": "https://japaflow-audio-bucket.oss-cn-shanghai.aliyuncs.com/textbook-audio/book1-unit3/lesson10/lesson_words.mp3",
          "localAudioPath": "data/ocr/audio-cache/lesson10/lesson_words.mp3",
          "outputPath": "data/ocr/lesson10-vocabulary-audio.json",
          "duration": 86.57,
          "expectedItems": 52,
          "expectedSpeechUnits": 52,
          "skippedSpeechUnits": 0,
          "detectedSpeechIntervals": 54,
          "mappedSegments": 52,
          "selectedProfile": {
            "noiseDb": -34,
            "minSilence": 0.18
          },
          "warnings": [
            "lesson_words: detected 54 speech interval(s), mapped to 52 speech unit(s).",
            "lesson_words: interval adjustment = trimmed-tail."
          ],
          "segments": [
            {
              "id": "l10-v001",
              "trackId": "lesson_words",
              "sourceUrl": "https://japaflow-audio-bucket.oss-cn-shanghai.aliyuncs.com/textbook-audio/book1-unit3/lesson10/lesson_words.mp3",
              "localAudioPath": "data/ocr/audio-cache/lesson10/lesson_words.mp3",
              "itemIndex": 1,
              "text": "もみじ",
              "label": "紅葉",
              "start": 0.569,
              "end": 1.176,
              "duration": 0.607,
              "speechUnitCount": 1,
              "method": "ffmpeg-silencedetect-order",
              "confidence": "needs-review"
            },
            {
              "id": "l10-v002",
              "trackId": "lesson_words",
              "sourceUrl": "https://japaflow-audio-bucket.oss-cn-shanghai.aliyuncs.com/textbook-audio/book1-unit3/lesson10/lesson_words.mp3",
              "localAudioPath": "data/ocr/audio-cache/lesson10/lesson_words.mp3",
              "itemIndex": 2,
              "text": "こきょう",
              "label": "故郷",
              "start": 2.791,
              "end": 3.584,
              "duration": 0.793,
              "speechUnitCount": 1,
              "method": "ffmpeg-silencedetect-order",
              "confidence": "needs-review"
            },
            {
              "id": "l10-v003",
              "trackId": "lesson_words",
              "sourceUrl": "https://japaflow-audio-bucket.oss-cn-shanghai.aliyuncs.com/textbook-audio/book1-unit3/lesson10/lesson_words.mp3",
              "localAudioPath": "data/ocr/audio-cache/lesson10/lesson_words.mp3",
              "itemIndex": 3,
              "text": "とおり",
              "label": "通り",
              "start": 4.629,
              "end": 5.263,
              "duration": 0.634,
              "speechUnitCount": 1,
              "method": "ffmpeg-silencedetect-order",
              "confidence": "needs-review"
            },
            {
              "id": "l10-v004",
              "trackId": "lesson_words",
              "sourceUrl": "https://japaflow-audio-bucket.oss-cn-shanghai.aliyuncs.com/textbook-audio/book1-unit3/lesson10/lesson_words.mp3",
              "localAudioPath": "data/ocr/audio-cache/lesson10/lesson_words.mp3",
              "itemIndex": 4,
              "text": "まち",
              "label": "町",
              "start": 6.509,
              "end": 7.076,
              "duration": 0.567,
              "speechUnitCount": 1,
              "method": "ffmpeg-silencedetect-order",
              "confidence": "needs-review"
            },
            {
              "id": "l10-v005",
              "trackId": "lesson_words",
              "sourceUrl": "https://japaflow-audio-bucket.oss-cn-shanghai.aliyuncs.com/textbook-audio/book1-unit3/lesson10/lesson_words.mp3",
              "localAudioPath": "data/ocr/audio-cache/lesson10/lesson_words.mp3",
              "itemIndex": 5,
              "text": "ところ",
              "label": "所",
              "start": 8.055,
              "end": 8.734,
              "duration": 0.678,
              "speechUnitCount": 1,
              "method": "ffmpeg-silencedetect-order",
              "confidence": "needs-review"
            },
            {
              "id": "l10-v006",
              "trackId": "lesson_words",
              "sourceUrl": "https://japaflow-audio-bucket.oss-cn-shanghai.aliyuncs.com/textbook-audio/book1-unit3/lesson10/lesson_words.mp3",
              "localAudioPath": "data/ocr/audio-cache/lesson10/lesson_words.mp3",
              "itemIndex": 6,
              "text": "おみせ",
              "label": "お店",
              "start": 9.681,
              "end": 10.395,
              "duration": 0.714,
              "speechUnitCount": 1,
              "method": "ffmpeg-silencedetect-order",
              "confidence": "needs-review"
            },
            {
              "id": "l10-v007",
              "trackId": "lesson_words",
              "sourceUrl": "https://japaflow-audio-bucket.oss-cn-shanghai.aliyuncs.com/textbook-audio/book1-unit3/lesson10/lesson_words.mp3",
              "localAudioPath": "data/ocr/audio-cache/lesson10/lesson_words.mp3",
              "itemIndex": 7,
              "text": "にんぎょう",
              "label": "人形",
              "start": 11.12,
              "end": 12.057,
              "duration": 0.937,
              "speechUnitCount": 1,
              "method": "ffmpeg-silencedetect-order",
              "confidence": "needs-review"
            },
            {
              "id": "l10-v008",
              "trackId": "lesson_words",
              "sourceUrl": "https://japaflow-audio-bucket.oss-cn-shanghai.aliyuncs.com/textbook-audio/book1-unit3/lesson10/lesson_words.mp3",
              "localAudioPath": "data/ocr/audio-cache/lesson10/lesson_words.mp3",
              "itemIndex": 8,
              "text": "さくひん",
              "label": "作品",
              "start": 12.56,
              "end": 13.504,
              "duration": 0.944,
              "speechUnitCount": 1,
              "method": "ffmpeg-silencedetect-order",
              "confidence": "needs-review"
            },
            {
              "id": "l10-v009",
              "trackId": "lesson_words",
              "sourceUrl": "https://japaflow-audio-bucket.oss-cn-shanghai.aliyuncs.com/textbook-audio/book1-unit3/lesson10/lesson_words.mp3",
              "localAudioPath": "data/ocr/audio-cache/lesson10/lesson_words.mp3",
              "itemIndex": 9,
              "text": "ちょうこく",
              "label": "彫刻",
              "start": 14.24,
              "end": 15.075,
              "duration": 0.835,
              "speechUnitCount": 1,
              "method": "ffmpeg-silencedetect-order",
              "confidence": "needs-review"
            },
            {
              "id": "l10-v010",
              "trackId": "lesson_words",
              "sourceUrl": "https://japaflow-audio-bucket.oss-cn-shanghai.aliyuncs.com/textbook-audio/book1-unit3/lesson10/lesson_words.mp3",
              "localAudioPath": "data/ocr/audio-cache/lesson10/lesson_words.mp3",
              "itemIndex": 10,
              "text": "じどうしゃ",
              "label": "自動車",
              "start": 15.942,
              "end": 16.743,
              "duration": 0.802,
              "speechUnitCount": 1,
              "method": "ffmpeg-silencedetect-order",
              "confidence": "needs-review"
            },
            {
              "id": "l10-v011",
              "trackId": "lesson_words",
              "sourceUrl": "https://japaflow-audio-bucket.oss-cn-shanghai.aliyuncs.com/textbook-audio/book1-unit3/lesson10/lesson_words.mp3",
              "localAudioPath": "data/ocr/audio-cache/lesson10/lesson_words.mp3",
              "itemIndex": 11,
              "text": "どうぐ",
              "label": "道具",
              "start": 17.484,
              "end": 18.186,
              "duration": 0.702,
              "speechUnitCount": 1,
              "method": "ffmpeg-silencedetect-order",
              "confidence": "needs-review"
            },
            {
              "id": "l10-v012",
              "trackId": "lesson_words",
              "sourceUrl": "https://japaflow-audio-bucket.oss-cn-shanghai.aliyuncs.com/textbook-audio/book1-unit3/lesson10/lesson_words.mp3",
              "localAudioPath": "data/ocr/audio-cache/lesson10/lesson_words.mp3",
              "itemIndex": 12,
              "text": "さかな",
              "label": "魚",
              "start": 18.807,
              "end": 19.573,
              "duration": 0.766,
              "speechUnitCount": 1,
              "method": "ffmpeg-silencedetect-order",
              "confidence": "needs-review"
            },
            {
              "id": "l10-v013",
              "trackId": "lesson_words",
              "sourceUrl": "https://japaflow-audio-bucket.oss-cn-shanghai.aliyuncs.com/textbook-audio/book1-unit3/lesson10/lesson_words.mp3",
              "localAudioPath": "data/ocr/audio-cache/lesson10/lesson_words.mp3",
              "itemIndex": 13,
              "text": "おかし",
              "label": "お菓子",
              "start": 20.261,
              "end": 20.938,
              "duration": 0.677,
              "speechUnitCount": 1,
              "method": "ffmpeg-silencedetect-order",
              "confidence": "needs-review"
            },
            {
              "id": "l10-v014",
              "trackId": "lesson_words",
              "sourceUrl": "https://japaflow-audio-bucket.oss-cn-shanghai.aliyuncs.com/textbook-audio/book1-unit3/lesson10/lesson_words.mp3",
              "localAudioPath": "data/ocr/audio-cache/lesson10/lesson_words.mp3",
              "itemIndex": 14,
              "text": "もの",
              "label": "物",
              "start": 21.593,
              "end": 22.122,
              "duration": 0.528,
              "speechUnitCount": 1,
              "method": "ffmpeg-silencedetect-order",
              "confidence": "needs-review"
            },
            {
              "id": "l10-v015",
              "trackId": "lesson_words",
              "sourceUrl": "https://japaflow-audio-bucket.oss-cn-shanghai.aliyuncs.com/textbook-audio/book1-unit3/lesson10/lesson_words.mp3",
              "localAudioPath": "data/ocr/audio-cache/lesson10/lesson_words.mp3",
              "itemIndex": 15,
              "text": "シーズン",
              "label": "シーズン",
              "start": 22.898,
              "end": 23.719,
              "duration": 0.821,
              "speechUnitCount": 1,
              "method": "ffmpeg-silencedetect-order",
              "confidence": "needs-review"
            },
            {
              "id": "l10-v016",
              "trackId": "lesson_words",
              "sourceUrl": "https://japaflow-audio-bucket.oss-cn-shanghai.aliyuncs.com/textbook-audio/book1-unit3/lesson10/lesson_words.mp3",
              "localAudioPath": "data/ocr/audio-cache/lesson10/lesson_words.mp3",
              "itemIndex": 16,
              "text": "しゅうがくりょこう",
              "label": "修学旅行",
              "start": 25.034,
              "end": 26.462,
              "duration": 1.428,
              "speechUnitCount": 1,
              "method": "ffmpeg-silencedetect-order",
              "confidence": "needs-review"
            },
            {
              "id": "l10-v017",
              "trackId": "lesson_words",
              "sourceUrl": "https://japaflow-audio-bucket.oss-cn-shanghai.aliyuncs.com/textbook-audio/book1-unit3/lesson10/lesson_words.mp3",
              "localAudioPath": "data/ocr/audio-cache/lesson10/lesson_words.mp3",
              "itemIndex": 17,
              "text": "かんこうきゃく",
              "label": "観光客",
              "start": 27.223,
              "end": 28.284,
              "duration": 1.061,
              "speechUnitCount": 1,
              "method": "ffmpeg-silencedetect-order",
              "confidence": "needs-review"
            },
            {
              "id": "l10-v018",
              "trackId": "lesson_words",
              "sourceUrl": "https://japaflow-audio-bucket.oss-cn-shanghai.aliyuncs.com/textbook-audio/book1-unit3/lesson10/lesson_words.mp3",
              "localAudioPath": "data/ocr/audio-cache/lesson10/lesson_words.mp3",
              "itemIndex": 18,
              "text": "さっか",
              "label": "作家",
              "start": 29.069,
              "end": 29.383,
              "duration": 0.313,
              "speechUnitCount": 1,
              "method": "ffmpeg-silencedetect-order",
              "confidence": "needs-review"
            },
            {
              "id": "l10-v019",
              "trackId": "lesson_words",
              "sourceUrl": "https://japaflow-audio-bucket.oss-cn-shanghai.aliyuncs.com/textbook-audio/book1-unit3/lesson10/lesson_words.mp3",
              "localAudioPath": "data/ocr/audio-cache/lesson10/lesson_words.mp3",
              "itemIndex": 19,
              "text": "ぶちょう",
              "label": "部長",
              "start": 29.614,
              "end": 29.873,
              "duration": 0.259,
              "speechUnitCount": 1,
              "method": "ffmpeg-silencedetect-order",
              "confidence": "needs-review"
            },
            {
              "id": "l10-v020",
              "trackId": "lesson_words",
              "sourceUrl": "https://japaflow-audio-bucket.oss-cn-shanghai.aliyuncs.com/textbook-audio/book1-unit3/lesson10/lesson_words.mp3",
              "localAudioPath": "data/ocr/audio-cache/lesson10/lesson_words.mp3",
              "itemIndex": 20,
              "text": "へいじつ",
              "label": "平日",
              "start": 30.548,
              "end": 31.241,
              "duration": 0.693,
              "speechUnitCount": 1,
              "method": "ffmpeg-silencedetect-order",
              "confidence": "needs-review"
            },
            {
              "id": "l10-v021",
              "trackId": "lesson_words",
              "sourceUrl": "https://japaflow-audio-bucket.oss-cn-shanghai.aliyuncs.com/textbook-audio/book1-unit3/lesson10/lesson_words.mp3",
              "localAudioPath": "data/ocr/audio-cache/lesson10/lesson_words.mp3",
              "itemIndex": 21,
              "text": "ひ",
              "label": "日",
              "start": 32.103,
              "end": 33.042,
              "duration": 0.939,
              "speechUnitCount": 1,
              "method": "ffmpeg-silencedetect-order",
              "confidence": "needs-review"
            },
            {
              "id": "l10-v022",
              "trackId": "lesson_words",
              "sourceUrl": "https://japaflow-audio-bucket.oss-cn-shanghai.aliyuncs.com/textbook-audio/book1-unit3/lesson10/lesson_words.mp3",
              "localAudioPath": "data/ocr/audio-cache/lesson10/lesson_words.mp3",
              "itemIndex": 22,
              "text": "せいかつ",
              "label": "生活",
              "start": 33.629,
              "end": 33.935,
              "duration": 0.306,
              "speechUnitCount": 1,
              "method": "ffmpeg-silencedetect-order",
              "confidence": "needs-review"
            },
            {
              "id": "l10-v023",
              "trackId": "lesson_words",
              "sourceUrl": "https://japaflow-audio-bucket.oss-cn-shanghai.aliyuncs.com/textbook-audio/book1-unit3/lesson10/lesson_words.mp3",
              "localAudioPath": "data/ocr/audio-cache/lesson10/lesson_words.mp3",
              "itemIndex": 23,
              "text": "せかい",
              "label": "世界",
              "start": 35.161,
              "end": 36.133,
              "duration": 0.972,
              "speechUnitCount": 1,
              "method": "ffmpeg-silencedetect-order",
              "confidence": "needs-review"
            },
            {
              "id": "l10-v024",
              "trackId": "lesson_words",
              "sourceUrl": "https://japaflow-audio-bucket.oss-cn-shanghai.aliyuncs.com/textbook-audio/book1-unit3/lesson10/lesson_words.mp3",
              "localAudioPath": "data/ocr/audio-cache/lesson10/lesson_words.mp3",
              "itemIndex": 24,
              "text": "はれ",
              "label": "晴れ",
              "start": 36.761,
              "end": 37.344,
              "duration": 0.583,
              "speechUnitCount": 1,
              "method": "ffmpeg-silencedetect-order",
              "confidence": "needs-review"
            },
            {
              "id": "l10-v025",
              "trackId": "lesson_words",
              "sourceUrl": "https://japaflow-audio-bucket.oss-cn-shanghai.aliyuncs.com/textbook-audio/book1-unit3/lesson10/lesson_words.mp3",
              "localAudioPath": "data/ocr/audio-cache/lesson10/lesson_words.mp3",
              "itemIndex": 25,
              "text": "あめ",
              "label": "雨",
              "start": 38.433,
              "end": 38.927,
              "duration": 0.493,
              "speechUnitCount": 1,
              "method": "ffmpeg-silencedetect-order",
              "confidence": "needs-review"
            },
            {
              "id": "l10-v026",
              "trackId": "lesson_words",
              "sourceUrl": "https://japaflow-audio-bucket.oss-cn-shanghai.aliyuncs.com/textbook-audio/book1-unit3/lesson10/lesson_words.mp3",
              "localAudioPath": "data/ocr/audio-cache/lesson10/lesson_words.mp3",
              "itemIndex": 26,
              "text": "くもり",
              "label": "曇り",
              "start": 39.749,
              "end": 40.186,
              "duration": 0.437,
              "speechUnitCount": 1,
              "method": "ffmpeg-silencedetect-order",
              "confidence": "needs-review"
            },
            {
              "id": "l10-v027",
              "trackId": "lesson_words",
              "sourceUrl": "https://japaflow-audio-bucket.oss-cn-shanghai.aliyuncs.com/textbook-audio/book1-unit3/lesson10/lesson_words.mp3",
              "localAudioPath": "data/ocr/audio-cache/lesson10/lesson_words.mp3",
              "itemIndex": 27,
              "text": "ゆき",
              "label": "雪",
              "start": 41.141,
              "end": 41.87,
              "duration": 0.729,
              "speechUnitCount": 1,
              "method": "ffmpeg-silencedetect-order",
              "confidence": "needs-review"
            },
            {
              "id": "l10-v028",
              "trackId": "lesson_words",
              "sourceUrl": "https://japaflow-audio-bucket.oss-cn-shanghai.aliyuncs.com/textbook-audio/book1-unit3/lesson10/lesson_words.mp3",
              "localAudioPath": "data/ocr/audio-cache/lesson10/lesson_words.mp3",
              "itemIndex": 28,
              "text": "きたない",
              "label": "汚い",
              "start": 42.408,
              "end": 42.972,
              "duration": 0.563,
              "speechUnitCount": 1,
              "method": "ffmpeg-silencedetect-order",
              "confidence": "needs-review"
            },
            {
              "id": "l10-v029",
              "trackId": "lesson_words",
              "sourceUrl": "https://japaflow-audio-bucket.oss-cn-shanghai.aliyuncs.com/textbook-audio/book1-unit3/lesson10/lesson_words.mp3",
              "localAudioPath": "data/ocr/audio-cache/lesson10/lesson_words.mp3",
              "itemIndex": 29,
              "text": "きれい",
              "label": "きれい",
              "start": 43.975,
              "end": 44.695,
              "duration": 0.72,
              "speechUnitCount": 1,
              "method": "ffmpeg-silencedetect-order",
              "confidence": "needs-review"
            },
            {
              "id": "l10-v030",
              "trackId": "lesson_words",
              "sourceUrl": "https://japaflow-audio-bucket.oss-cn-shanghai.aliyuncs.com/textbook-audio/book1-unit3/lesson10/lesson_words.mp3",
              "localAudioPath": "data/ocr/audio-cache/lesson10/lesson_words.mp3",
              "itemIndex": 30,
              "text": "ゆうめい",
              "label": "有名",
              "start": 45.372,
              "end": 45.991,
              "duration": 0.62,
              "speechUnitCount": 1,
              "method": "ffmpeg-silencedetect-order",
              "confidence": "needs-review"
            },
            {
              "id": "l10-v031",
              "trackId": "lesson_words",
              "sourceUrl": "https://japaflow-audio-bucket.oss-cn-shanghai.aliyuncs.com/textbook-audio/book1-unit3/lesson10/lesson_words.mp3",
              "localAudioPath": "data/ocr/audio-cache/lesson10/lesson_words.mp3",
              "itemIndex": 31,
              "text": "にぎやか",
              "label": "にぎやか",
              "start": 47.017,
              "end": 47.921,
              "duration": 0.904,
              "speechUnitCount": 1,
              "method": "ffmpeg-silencedetect-order",
              "confidence": "needs-review"
            },
            {
              "id": "l10-v032",
              "trackId": "lesson_words",
              "sourceUrl": "https://japaflow-audio-bucket.oss-cn-shanghai.aliyuncs.com/textbook-audio/book1-unit3/lesson10/lesson_words.mp3",
              "localAudioPath": "data/ocr/audio-cache/lesson10/lesson_words.mp3",
              "itemIndex": 32,
              "text": "しずか",
              "label": "静か",
              "start": 48.275,
              "end": 49.117,
              "duration": 0.842,
              "speechUnitCount": 1,
              "method": "ffmpeg-silencedetect-order",
              "confidence": "needs-review"
            },
            {
              "id": "l10-v033",
              "trackId": "lesson_words",
              "sourceUrl": "https://japaflow-audio-bucket.oss-cn-shanghai.aliyuncs.com/textbook-audio/book1-unit3/lesson10/lesson_words.mp3",
              "localAudioPath": "data/ocr/audio-cache/lesson10/lesson_words.mp3",
              "itemIndex": 33,
              "text": "ひま",
              "label": "暇",
              "start": 50.026,
              "end": 50.765,
              "duration": 0.738,
              "speechUnitCount": 1,
              "method": "ffmpeg-silencedetect-order",
              "confidence": "needs-review"
            },
            {
              "id": "l10-v034",
              "trackId": "lesson_words",
              "sourceUrl": "https://japaflow-audio-bucket.oss-cn-shanghai.aliyuncs.com/textbook-audio/book1-unit3/lesson10/lesson_words.mp3",
              "localAudioPath": "data/ocr/audio-cache/lesson10/lesson_words.mp3",
              "itemIndex": 34,
              "text": "しんせつ",
              "label": "親切",
              "start": 51.308,
              "end": 51.806,
              "duration": 0.498,
              "speechUnitCount": 1,
              "method": "ffmpeg-silencedetect-order",
              "confidence": "needs-review"
            },
            {
              "id": "l10-v035",
              "trackId": "lesson_words",
              "sourceUrl": "https://japaflow-audio-bucket.oss-cn-shanghai.aliyuncs.com/textbook-audio/book1-unit3/lesson10/lesson_words.mp3",
              "localAudioPath": "data/ocr/audio-cache/lesson10/lesson_words.mp3",
              "itemIndex": 35,
              "text": "すき",
              "label": "好き",
              "start": 53.059,
              "end": 54.013,
              "duration": 0.954,
              "speechUnitCount": 1,
              "method": "ffmpeg-silencedetect-order",
              "confidence": "needs-review"
            },
            {
              "id": "l10-v036",
              "trackId": "lesson_words",
              "sourceUrl": "https://japaflow-audio-bucket.oss-cn-shanghai.aliyuncs.com/textbook-audio/book1-unit3/lesson10/lesson_words.mp3",
              "localAudioPath": "data/ocr/audio-cache/lesson10/lesson_words.mp3",
              "itemIndex": 36,
              "text": "きらい",
              "label": "嫌い",
              "start": 54.418,
              "end": 54.948,
              "duration": 0.53,
              "speechUnitCount": 1,
              "method": "ffmpeg-silencedetect-order",
              "confidence": "needs-review"
            },
            {
              "id": "l10-v037",
              "trackId": "lesson_words",
              "sourceUrl": "https://japaflow-audio-bucket.oss-cn-shanghai.aliyuncs.com/textbook-audio/book1-unit3/lesson10/lesson_words.mp3",
              "localAudioPath": "data/ocr/audio-cache/lesson10/lesson_words.mp3",
              "itemIndex": 37,
              "text": "べんり",
              "label": "便利",
              "start": 55.956,
              "end": 56.651,
              "duration": 0.694,
              "speechUnitCount": 1,
              "method": "ffmpeg-silencedetect-order",
              "confidence": "needs-review"
            },
            {
              "id": "l10-v038",
              "trackId": "lesson_words",
              "sourceUrl": "https://japaflow-audio-bucket.oss-cn-shanghai.aliyuncs.com/textbook-audio/book1-unit3/lesson10/lesson_words.mp3",
              "localAudioPath": "data/ocr/audio-cache/lesson10/lesson_words.mp3",
              "itemIndex": 38,
              "text": "ふべん",
              "label": "不便",
              "start": 57.302,
              "end": 57.926,
              "duration": 0.624,
              "speechUnitCount": 1,
              "method": "ffmpeg-silencedetect-order",
              "confidence": "needs-review"
            },
            {
              "id": "l10-v039",
              "trackId": "lesson_words",
              "sourceUrl": "https://japaflow-audio-bucket.oss-cn-shanghai.aliyuncs.com/textbook-audio/book1-unit3/lesson10/lesson_words.mp3",
              "localAudioPath": "data/ocr/audio-cache/lesson10/lesson_words.mp3",
              "itemIndex": 39,
              "text": "げんき",
              "label": "元気",
              "start": 58.916,
              "end": 59.587,
              "duration": 0.671,
              "speechUnitCount": 1,
              "method": "ffmpeg-silencedetect-order",
              "confidence": "needs-review"
            },
            {
              "id": "l10-v040",
              "trackId": "lesson_words",
              "sourceUrl": "https://japaflow-audio-bucket.oss-cn-shanghai.aliyuncs.com/textbook-audio/book1-unit3/lesson10/lesson_words.mp3",
              "localAudioPath": "data/ocr/audio-cache/lesson10/lesson_words.mp3",
              "itemIndex": 40,
              "text": "かんたん",
              "label": "簡単",
              "start": 60.335,
              "end": 61.037,
              "duration": 0.701,
              "speechUnitCount": 1,
              "method": "ffmpeg-silencedetect-order",
              "confidence": "needs-review"
            },
            {
              "id": "l10-v041",
              "trackId": "lesson_words",
              "sourceUrl": "https://japaflow-audio-bucket.oss-cn-shanghai.aliyuncs.com/textbook-audio/book1-unit3/lesson10/lesson_words.mp3",
              "localAudioPath": "data/ocr/audio-cache/lesson10/lesson_words.mp3",
              "itemIndex": 41,
              "text": "ハンサム",
              "label": "ハンサム",
              "start": 62.205,
              "end": 63.208,
              "duration": 1.003,
              "speechUnitCount": 1,
              "method": "ffmpeg-silencedetect-order",
              "confidence": "needs-review"
            },
            {
              "id": "l10-v042",
              "trackId": "lesson_words",
              "sourceUrl": "https://japaflow-audio-bucket.oss-cn-shanghai.aliyuncs.com/textbook-audio/book1-unit3/lesson10/lesson_words.mp3",
              "localAudioPath": "data/ocr/audio-cache/lesson10/lesson_words.mp3",
              "itemIndex": 42,
              "text": "どんな",
              "label": "どんな",
              "start": 64.011,
              "end": 64.717,
              "duration": 0.707,
              "speechUnitCount": 1,
              "method": "ffmpeg-silencedetect-order",
              "confidence": "needs-review"
            },
            {
              "id": "l10-v043",
              "trackId": "lesson_words",
              "sourceUrl": "https://japaflow-audio-bucket.oss-cn-shanghai.aliyuncs.com/textbook-audio/book1-unit3/lesson10/lesson_words.mp3",
              "localAudioPath": "data/ocr/audio-cache/lesson10/lesson_words.mp3",
              "itemIndex": 43,
              "text": "どう",
              "label": "どう",
              "start": 65.592,
              "end": 66.265,
              "duration": 0.673,
              "speechUnitCount": 1,
              "method": "ffmpeg-silencedetect-order",
              "confidence": "needs-review"
            },
            {
              "id": "l10-v044",
              "trackId": "lesson_words",
              "sourceUrl": "https://japaflow-audio-bucket.oss-cn-shanghai.aliyuncs.com/textbook-audio/book1-unit3/lesson10/lesson_words.mp3",
              "localAudioPath": "data/ocr/audio-cache/lesson10/lesson_words.mp3",
              "itemIndex": 44,
              "text": "いかが",
              "label": "いかが",
              "start": 67.018,
              "end": 67.461,
              "duration": 0.442,
              "speechUnitCount": 1,
              "method": "ffmpeg-silencedetect-order",
              "confidence": "needs-review"
            },
            {
              "id": "l10-v045",
              "trackId": "lesson_words",
              "sourceUrl": "https://japaflow-audio-bucket.oss-cn-shanghai.aliyuncs.com/textbook-audio/book1-unit3/lesson10/lesson_words.mp3",
              "localAudioPath": "data/ocr/audio-cache/lesson10/lesson_words.mp3",
              "itemIndex": 45,
              "text": "いろいろ",
              "label": "いろいろ",
              "start": 68.418,
              "end": 69.015,
              "duration": 0.597,
              "speechUnitCount": 1,
              "method": "ffmpeg-silencedetect-order",
              "confidence": "needs-review"
            },
            {
              "id": "l10-v046",
              "trackId": "lesson_words",
              "sourceUrl": "https://japaflow-audio-bucket.oss-cn-shanghai.aliyuncs.com/textbook-audio/book1-unit3/lesson10/lesson_words.mp3",
              "localAudioPath": "data/ocr/audio-cache/lesson10/lesson_words.mp3",
              "itemIndex": 46,
              "text": "でも",
              "label": "でも",
              "start": 69.76,
              "end": 70.491,
              "duration": 0.73,
              "speechUnitCount": 1,
              "method": "ffmpeg-silencedetect-order",
              "confidence": "needs-review"
            },
            {
              "id": "l10-v047",
              "trackId": "lesson_words",
              "sourceUrl": "https://japaflow-audio-bucket.oss-cn-shanghai.aliyuncs.com/textbook-audio/book1-unit3/lesson10/lesson_words.mp3",
              "localAudioPath": "data/ocr/audio-cache/lesson10/lesson_words.mp3",
              "itemIndex": 47,
              "text": "そして",
              "label": "そして",
              "start": 71.229,
              "end": 71.764,
              "duration": 0.536,
              "speechUnitCount": 1,
              "method": "ffmpeg-silencedetect-order",
              "confidence": "needs-review"
            },
            {
              "id": "l10-v048",
              "trackId": "lesson_words",
              "sourceUrl": "https://japaflow-audio-bucket.oss-cn-shanghai.aliyuncs.com/textbook-audio/book1-unit3/lesson10/lesson_words.mp3",
              "localAudioPath": "data/ocr/audio-cache/lesson10/lesson_words.mp3",
              "itemIndex": 48,
              "text": "ところで",
              "label": "ところで",
              "start": 72.471,
              "end": 73.2,
              "duration": 0.729,
              "speechUnitCount": 1,
              "method": "ffmpeg-silencedetect-order",
              "confidence": "needs-review"
            },
            {
              "id": "l10-v049",
              "trackId": "lesson_words",
              "sourceUrl": "https://japaflow-audio-bucket.oss-cn-shanghai.aliyuncs.com/textbook-audio/book1-unit3/lesson10/lesson_words.mp3",
              "localAudioPath": "data/ocr/audio-cache/lesson10/lesson_words.mp3",
              "itemIndex": 49,
              "text": "あれえ",
              "label": "あれえ",
              "start": 74.146,
              "end": 74.964,
              "duration": 0.818,
              "speechUnitCount": 1,
              "method": "ffmpeg-silencedetect-order",
              "confidence": "needs-review"
            },
            {
              "id": "l10-v050",
              "trackId": "lesson_words",
              "sourceUrl": "https://japaflow-audio-bucket.oss-cn-shanghai.aliyuncs.com/textbook-audio/book1-unit3/lesson10/lesson_words.mp3",
              "localAudioPath": "data/ocr/audio-cache/lesson10/lesson_words.mp3",
              "itemIndex": 50,
              "text": "なら",
              "label": "奈良",
              "start": 75.793,
              "end": 76.311,
              "duration": 0.518,
              "speechUnitCount": 1,
              "method": "ffmpeg-silencedetect-order",
              "confidence": "needs-review"
            },
            {
              "id": "l10-v051",
              "trackId": "lesson_words",
              "sourceUrl": "https://japaflow-audio-bucket.oss-cn-shanghai.aliyuncs.com/textbook-audio/book1-unit3/lesson10/lesson_words.mp3",
              "localAudioPath": "data/ocr/audio-cache/lesson10/lesson_words.mp3",
              "itemIndex": 51,
              "text": "ふじさん",
              "label": "富士山",
              "start": 77.8,
              "end": 78.234,
              "duration": 0.434,
              "speechUnitCount": 1,
              "method": "ffmpeg-silencedetect-order",
              "confidence": "needs-review"
            },
            {
              "id": "l10-v052",
              "trackId": "lesson_words",
              "sourceUrl": "https://japaflow-audio-bucket.oss-cn-shanghai.aliyuncs.com/textbook-audio/book1-unit3/lesson10/lesson_words.mp3",
              "localAudioPath": "data/ocr/audio-cache/lesson10/lesson_words.mp3",
              "itemIndex": 52,
              "text": "もうすこし",
              "label": "もう少し",
              "start": 79.296,
              "end": 80.002,
              "duration": 0.707,
              "speechUnitCount": 1,
              "method": "ffmpeg-silencedetect-order",
              "confidence": "needs-review"
            }
          ]
        }
      }
    }
  }
}
